2026-04-23 19:53:48,373 | INFO | Logging initialized. Log file: C:\Projects\uit\diabetes-xai-agreement\logs\pipeline_20260423195348.log
2026-04-23 19:53:48,374 | INFO | ==============================================================================
2026-04-23 19:53:48,374 | INFO | [BOOTSTRAP] DATASET=cdc_brfss_2015_rebuilt MODEL=logistic_regression
2026-04-23 19:53:48,374 | INFO | ==============================================================================
2026-04-23 19:53:48,374 | INFO | ============================================================
2026-04-23 19:53:48,374 | INFO | STEP 01 - LOAD AND INSPECT DATASET
2026-04-23 19:53:48,374 | INFO | ============================================================
2026-04-23 19:53:49,366 | INFO | Dataset rows after sampling: 440658
2026-04-23 19:53:49,366 | INFO | Dataset config: {'path': WindowsPath('C:/Projects/uit/diabetes-xai-agreement/data/processed/cdc_brfss_2015_rebuilt.csv'), 'target': 'Diabetes_binary', 'slug': 'cdc_brfss_2015_rebuilt', 'task': 'classification', 'include_columns': None}
2026-04-23 19:53:49,366 | INFO | Active dataset : cdc_brfss_2015_rebuilt
2026-04-23 19:53:49,366 | INFO | Dataset path   : C:\Projects\uit\diabetes-xai-agreement\data\processed\cdc_brfss_2015_rebuilt.csv
2026-04-23 19:53:49,367 | INFO | Target column  : Diabetes_binary
2026-04-23 19:53:49,367 | INFO | Rows    : 440658
2026-04-23 19:53:49,367 | INFO | Columns : 22
2026-04-23 19:53:49,367 | INFO | Columns: ['Diabetes_binary', 'HighBP', 'HighChol', 'CholCheck', 'BMI', 'Smoker', 'Stroke', 'HeartDiseaseorAttack', 'PhysActivity', 'Fruits', 'Veggies', 'HvyAlcoholConsump', 'AnyHealthcare', 'NoDocbcCost', 'GenHlth', 'MentHlth', 'PhysHlth', 'DiffWalk', 'Sex', 'Age', 'Education', 'Income']
2026-04-23 19:53:49,367 | INFO | 
   Diabetes_binary  HighBP  HighChol  CholCheck  ...  Sex  Age  Education  Income
0                0       1         1          1  ...    2   10          4       3
1                0       1         0          1  ...    2   10          6       1
2                0       1         1          1  ...    2   11          4       6
3                0       1         1          1  ...    2   10          4       6
4                0       1         0          1  ...    2   10          5       6

[5 rows x 22 columns]
2026-04-23 19:53:49,394 | INFO | Target distribution:
2026-04-23 19:53:49,398 | INFO | Diabetes_binary
0    375712
1     64946
Name: count, dtype: int64
2026-04-23 19:53:49,398 | INFO | Target ratio:
2026-04-23 19:53:49,402 | INFO | Diabetes_binary
0    0.852616
1    0.147384
Name: proportion, dtype: float64
2026-04-23 19:53:49,419 | INFO | Missing values:
2026-04-23 19:53:49,419 | INFO | No missing values
2026-04-23 19:53:49,419 | INFO | STEP 01 COMPLETED
2026-04-23 19:53:52,032 | INFO | ============================================================
2026-04-23 19:53:52,032 | INFO | STEP 02 - DATA PREPROCESSING
2026-04-23 19:53:52,032 | INFO | ============================================================
2026-04-23 19:53:52,033 | INFO | Dataset shape: (440658, 22)
2026-04-23 19:53:52,033 | INFO | Number of selected features: 21
2026-04-23 19:53:52,033 | INFO | Categorical features (0): []
2026-04-23 19:53:52,033 | INFO | Numerical features (21): ['HighBP', 'HighChol', 'CholCheck', 'BMI', 'Smoker', 'Stroke', 'HeartDiseaseorAttack', 'PhysActivity', 'Fruits', 'Veggies', 'HvyAlcoholConsump', 'AnyHealthcare', 'NoDocbcCost', 'GenHlth', 'MentHlth', 'PhysHlth', 'DiffWalk', 'Sex', 'Age', 'Education', 'Income']
2026-04-23 19:53:52,235 | INFO | Train size: 352526
2026-04-23 19:53:52,236 | INFO | Test size : 88132
2026-04-23 19:53:52,236 | INFO | STEP 02 COMPLETED
2026-04-23 19:53:52,236 | INFO | ============================================================
2026-04-23 19:53:52,236 | INFO | STEP 03 - BASELINE MODELS
2026-04-23 19:53:52,236 | INFO | ============================================================
2026-04-23 19:53:52,236 | INFO | Training baseline model: logistic_regression
2026-04-23 19:53:52,649 | INFO | Training time for logistic_regression: 0.41s
2026-04-23 19:53:52,649 | INFO | Evaluating model: logistic_regression
2026-04-23 19:53:52,847 | INFO | Saved confusion matrix: C:\Projects\uit\diabetes-xai-agreement\outputs\cdc_brfss_2015_rebuilt\confusion_matrix\logistic_regression_confusion_matrix.png
2026-04-23 19:53:52,847 | INFO | Metrics for logistic_regression: {'model': 'logistic_regression', 'accuracy': 0.7244133799301048, 'f1': 0.4472210842550867, 'roc_auc': 0.8136813573305594, 'sensitivity': np.float64(0.7564092693817845), 'specificity': np.float64(0.7188826637211716), 'training_time_s': 0.41}
2026-04-23 19:53:52,847 | INFO | Training baseline model: decision_tree
2026-04-23 19:53:55,035 | INFO | Training time for decision_tree: 2.19s
2026-04-23 19:53:55,035 | INFO | Evaluating model: decision_tree
2026-04-23 19:53:55,275 | INFO | Saved confusion matrix: C:\Projects\uit\diabetes-xai-agreement\outputs\cdc_brfss_2015_rebuilt\confusion_matrix\decision_tree_confusion_matrix.png
2026-04-23 19:53:55,275 | INFO | Metrics for decision_tree: {'model': 'decision_tree', 'accuracy': 0.7848454590841011, 'f1': 0.2943059173799777, 'roc_auc': 0.5856122672653786, 'sensitivity': np.float64(0.30441142505196706), 'specificity': np.float64(0.8678918861370986), 'training_time_s': 2.19}
2026-04-23 19:53:55,275 | INFO | Training baseline model: random_forest
2026-04-23 20:05:13,602 | INFO | Training time for random_forest: 678.33s
2026-04-23 20:05:13,603 | INFO | Evaluating model: random_forest
2026-04-23 20:05:27,175 | INFO | Saved confusion matrix: C:\Projects\uit\diabetes-xai-agreement\outputs\cdc_brfss_2015_rebuilt\confusion_matrix\random_forest_confusion_matrix.png
2026-04-23 20:05:27,175 | INFO | Metrics for random_forest: {'model': 'random_forest', 'accuracy': 0.8390142059637816, 'f1': 0.25779451768152334, 'roc_auc': 0.7774183100988303, 'sensitivity': np.float64(0.18969897605666333), 'specificity': np.float64(0.9512529443860372), 'training_time_s': 678.33}
2026-04-23 20:05:27,175 | INFO | Training baseline model: knn
2026-04-23 20:05:27,373 | INFO | Training time for knn: 0.2s
2026-04-23 20:05:27,373 | INFO | Evaluating model: knn
2026-04-23 20:06:59,396 | INFO | Saved confusion matrix: C:\Projects\uit\diabetes-xai-agreement\outputs\cdc_brfss_2015_rebuilt\confusion_matrix\knn_confusion_matrix.png
2026-04-23 20:06:59,396 | INFO | Metrics for knn: {'model': 'knn', 'accuracy': 0.8402736803885081, 'f1': 0.2847416289822672, 'roc_auc': 0.7193738108252421, 'sensitivity': np.float64(0.21572099468781278), 'specificity': np.float64(0.9482320375816776), 'training_time_s': 0.2}
2026-04-23 20:06:59,396 | INFO | STEP 03 COMPLETED
2026-04-23 20:06:59,396 | INFO | ============================================================
2026-04-23 20:06:59,396 | INFO | STEP 04 - PROPOSED MODELS
2026-04-23 20:06:59,396 | INFO | ============================================================
2026-04-23 20:06:59,396 | INFO | Training proposed model: ann
2026-04-23 20:09:16,659 | INFO | Training time for ann: 137.26s
2026-04-23 20:09:16,660 | INFO | Evaluating model: ann
2026-04-23 20:09:16,984 | INFO | Saved confusion matrix: C:\Projects\uit\diabetes-xai-agreement\outputs\cdc_brfss_2015_rebuilt\confusion_matrix\ann_confusion_matrix.png
2026-04-23 20:09:16,984 | INFO | Training proposed model: xgboost
2026-04-23 20:09:24,867 | INFO | Training time for xgboost: 7.88s
2026-04-23 20:09:24,867 | INFO | Evaluating model: xgboost
2026-04-23 20:09:25,704 | INFO | Saved confusion matrix: C:\Projects\uit\diabetes-xai-agreement\outputs\cdc_brfss_2015_rebuilt\confusion_matrix\xgboost_confusion_matrix.png
2026-04-23 20:09:25,704 | INFO | Selecting best model...
2026-04-23 20:09:25,704 | INFO | Best model selected: xgboost
2026-04-23 20:09:25,704 | INFO | ROC-AUC: 0.8244
2026-04-23 20:09:25,704 | INFO | STEP 04 COMPLETED
2026-04-23 20:09:25,704 | INFO | Using ACTIVE_MODEL for XAI: logistic_regression
2026-04-23 20:09:25,705 | INFO | XAI model: logistic_regression
2026-04-23 20:09:25,705 | INFO | ============================================================
2026-04-23 20:09:25,705 | INFO | STEP 05 - EXPLAINABILITY (SHAP + PERMUTATION FI)
2026-04-23 20:09:25,705 | INFO | ============================================================
2026-04-23 20:09:25,706 | INFO | Running SHAP analysis for: logistic_regression
2026-04-23 20:09:25,706 | INFO | Running LinearSHAP for model: logistic_regression
2026-04-23 20:09:25,753 | INFO | LinearSHAP computation time: 0.02s
2026-04-23 20:10:00,760 | INFO | Saved: C:\Projects\uit\diabetes-xai-agreement\outputs\cdc_brfss_2015_rebuilt\shap\logistic_regression_shap_feature_importance.csv
2026-04-23 20:10:00,760 | INFO | LinearSHAP analysis completed
2026-04-23 20:10:00,761 | INFO | SHAP analysis completed in 0.02s
2026-04-23 20:10:00,762 | INFO | Running Permutation Importance for: logistic_regression (scoring=roc_auc, n_repeats=10)
2026-04-23 20:10:09,677 | INFO | Permutation FI saved to: C:\Projects\uit\diabetes-xai-agreement\outputs\cdc_brfss_2015_rebuilt\fi\logistic_regression_feature_importance.csv (8.9118s)
2026-04-23 20:10:09,677 | INFO | Permutation FI completed in 8.9118s
2026-04-23 20:10:09,678 | INFO | STEP 05 COMPLETED
2026-04-23 20:10:09,678 | INFO | ============================================================
2026-04-23 20:10:09,678 | INFO | STEP 06 - RESULT VISUALIZATION
2026-04-23 20:10:09,678 | INFO | ============================================================
2026-04-23 20:10:09,933 | INFO | STEP 06 COMPLETED
2026-04-23 20:10:09,933 | INFO | ============================================================
2026-04-23 20:10:09,933 | INFO | STEP 07 - ERROR ANALYSIS + FAIRNESS (EQUALIZED ODDS)
2026-04-23 20:10:09,933 | INFO | ============================================================
2026-04-23 20:10:10,188 | INFO | Saved error analysis outputs to C:\Projects\uit\diabetes-xai-agreement\outputs\cdc_brfss_2015_rebuilt\analysis
2026-04-23 20:10:10,190 | INFO | Running Equalized Odds fairness analysis for: logistic_regression
2026-04-23 20:10:10,284 | INFO |   Saved: C:\Projects\uit\diabetes-xai-agreement\outputs\cdc_brfss_2015_rebuilt\analysis\logistic_regression_fairness_age_detail.csv
2026-04-23 20:10:10,284 | INFO |   Age: dTPR=0.786  dFPR=0.617  EO=0.786  [Nghiem trong]
2026-04-23 20:10:10,308 | INFO |   Saved: C:\Projects\uit\diabetes-xai-agreement\outputs\cdc_brfss_2015_rebuilt\analysis\logistic_regression_fairness_sex_detail.csv
2026-04-23 20:10:10,308 | INFO |   Sex: dTPR=0.014  dFPR=0.023  EO=0.023  [Tot]
2026-04-23 20:10:10,341 | INFO |   Saved: C:\Projects\uit\diabetes-xai-agreement\outputs\cdc_brfss_2015_rebuilt\analysis\logistic_regression_fairness_income_detail.csv
2026-04-23 20:10:10,341 | INFO |   Income: dTPR=0.211  dFPR=0.311  EO=0.311  [Nghiem trong]
2026-04-23 20:10:10,344 | INFO |   Saved summary: C:\Projects\uit\diabetes-xai-agreement\outputs\cdc_brfss_2015_rebuilt\analysis\logistic_regression_fairness_equalized_odds_summary.csv
2026-04-23 20:10:10,344 | INFO | Equalized Odds fairness analysis completed
2026-04-23 20:10:10,347 | INFO | Equalized Odds Summary:
2026-04-23 20:10:10,347 | INFO |   Age     : dTPR=0.786  dFPR=0.617  EO=0.786  [Nghiem trong]
2026-04-23 20:10:10,348 | INFO |   Sex     : dTPR=0.014  dFPR=0.023  EO=0.023  [Tot]
2026-04-23 20:10:10,348 | INFO |   Income  : dTPR=0.211  dFPR=0.311  EO=0.311  [Nghiem trong]
2026-04-23 20:10:10,348 | INFO | Saved error analysis outputs to C:\Projects\uit\diabetes-xai-agreement\outputs\cdc_brfss_2015_rebuilt\analysis
2026-04-23 20:10:10,348 | INFO | STEP 07 COMPLETED
2026-04-23 20:10:10,348 | INFO | ============================================================
2026-04-23 20:10:10,348 | INFO | STEP 08 - STATISTICAL TEST
2026-04-23 20:10:10,348 | INFO | ============================================================
2026-04-23 20:10:10,362 | INFO | Saved statistical test results to C:\Projects\uit\diabetes-xai-agreement\outputs\cdc_brfss_2015_rebuilt\analysis\statistical_test_results.csv
2026-04-23 20:10:10,362 | INFO | STEP 08 COMPLETED
2026-04-23 20:10:10,362 | INFO | ============================================================
2026-04-23 20:10:10,362 | INFO | STEP 09 - GENERATE RESULT TABLES
2026-04-23 20:10:10,362 | INFO | ============================================================
2026-04-23 20:10:10,365 | INFO | Saved comparison table to C:\Projects\uit\diabetes-xai-agreement\outputs\cdc_brfss_2015_rebuilt\tables\model_comparison_table.csv
2026-04-23 20:10:10,365 | INFO | STEP 09 COMPLETED
2026-04-23 20:10:10,365 | INFO | ============================================================
2026-04-23 20:10:10,365 | INFO | STEP 10 - REPRODUCIBILITY
2026-04-23 20:10:10,365 | INFO | ============================================================
2026-04-23 20:10:10,401 | INFO | Saved experiment summary to C:\Projects\uit\diabetes-xai-agreement\outputs\cdc_brfss_2015_rebuilt\reproducibility\experiment_summary.json
