2026-04-23 21:16:17,101 | INFO | Logging initialized. Log file: C:\Projects\uit\diabetes-xai-agreement\logs\pipeline_20260423211617.log
2026-04-23 21:16:17,101 | INFO | ==============================================================================
2026-04-23 21:16:17,101 | INFO | [BOOTSTRAP] DATASET=cdc_brfss_2023_rebuilt MODEL=xgboost
2026-04-23 21:16:17,101 | INFO | ==============================================================================
2026-04-23 21:16:17,101 | INFO | ============================================================
2026-04-23 21:16:17,102 | INFO | STEP 01 - LOAD AND INSPECT DATASET
2026-04-23 21:16:17,102 | INFO | ============================================================
2026-04-23 21:16:18,087 | INFO | Dataset rows after sampling: 432339
2026-04-23 21:16:18,087 | INFO | Dataset config: {'path': WindowsPath('C:/Projects/uit/diabetes-xai-agreement/data/processed/cdc_brfss_2023_rebuilt.csv'), 'target': 'Diabetes_binary', 'slug': 'cdc_brfss_2023_rebuilt', 'task': 'classification', 'include_columns': None}
2026-04-23 21:16:18,087 | INFO | Active dataset : cdc_brfss_2023_rebuilt
2026-04-23 21:16:18,087 | INFO | Dataset path   : C:\Projects\uit\diabetes-xai-agreement\data\processed\cdc_brfss_2023_rebuilt.csv
2026-04-23 21:16:18,087 | INFO | Target column  : Diabetes_binary
2026-04-23 21:16:18,087 | INFO | Rows    : 432339
2026-04-23 21:16:18,087 | INFO | Columns : 22
2026-04-23 21:16:18,087 | INFO | Columns: ['Diabetes_binary', 'HighBP', 'HighChol', 'CholCheck', 'BMI', 'Smoker', 'Stroke', 'HeartDiseaseorAttack', 'PhysActivity', 'Fruits', 'Veggies', 'HvyAlcoholConsump', 'AnyHealthcare', 'NoDocbcCost', 'GenHlth', 'MentHlth', 'PhysHlth', 'DiffWalk', 'Sex', 'Age', 'Education', 'Income']
2026-04-23 21:16:18,088 | INFO | 
   Diabetes_binary  HighBP  HighChol  CholCheck  ...  Sex  Age  Education  Income
0                1       1         0          0  ...    2   13          5       6
1                0       1         1          0  ...    2   13          5       6
2                0       1         1          0  ...    2   13          4       2
3                0       1         0          0  ...    2   12          5       6
4                1       1         0          0  ...    2   12          5       6

[5 rows x 22 columns]
2026-04-23 21:16:18,113 | INFO | Target distribution:
2026-04-23 21:16:18,116 | INFO | Diabetes_binary
0    361959
1     70380
Name: count, dtype: int64
2026-04-23 21:16:18,117 | INFO | Target ratio:
2026-04-23 21:16:18,120 | INFO | Diabetes_binary
0    0.837211
1    0.162789
Name: proportion, dtype: float64
2026-04-23 21:16:18,136 | INFO | Missing values:
2026-04-23 21:16:18,136 | INFO | No missing values
2026-04-23 21:16:18,136 | INFO | STEP 01 COMPLETED
2026-04-23 21:16:20,649 | INFO | ============================================================
2026-04-23 21:16:20,649 | INFO | STEP 02 - DATA PREPROCESSING
2026-04-23 21:16:20,649 | INFO | ============================================================
2026-04-23 21:16:20,651 | INFO | Dataset shape: (432339, 22)
2026-04-23 21:16:20,651 | INFO | Number of selected features: 21
2026-04-23 21:16:20,651 | INFO | Categorical features (0): []
2026-04-23 21:16:20,651 | INFO | Numerical features (21): ['HighBP', 'HighChol', 'CholCheck', 'BMI', 'Smoker', 'Stroke', 'HeartDiseaseorAttack', 'PhysActivity', 'Fruits', 'Veggies', 'HvyAlcoholConsump', 'AnyHealthcare', 'NoDocbcCost', 'GenHlth', 'MentHlth', 'PhysHlth', 'DiffWalk', 'Sex', 'Age', 'Education', 'Income']
2026-04-23 21:16:20,964 | INFO | Train size: 345871
2026-04-23 21:16:20,964 | INFO | Test size : 86468
2026-04-23 21:16:20,964 | INFO | STEP 02 COMPLETED
2026-04-23 21:16:20,964 | INFO | ============================================================
2026-04-23 21:16:20,965 | INFO | STEP 03 - BASELINE MODELS
2026-04-23 21:16:20,965 | INFO | ============================================================
2026-04-23 21:16:20,965 | INFO | Training baseline model: logistic_regression
2026-04-23 21:16:21,354 | INFO | Training time for logistic_regression: 0.39s
2026-04-23 21:16:21,354 | INFO | Evaluating model: logistic_regression
2026-04-23 21:16:21,546 | INFO | Saved confusion matrix: C:\Projects\uit\diabetes-xai-agreement\outputs\cdc_brfss_2023_rebuilt\confusion_matrix\logistic_regression_confusion_matrix.png
2026-04-23 21:16:21,546 | INFO | Metrics for logistic_regression: {'model': 'logistic_regression', 'accuracy': 0.7128764398390156, 'f1': 0.4581268961302573, 'roc_auc': 0.8005308251409844, 'sensitivity': np.float64(0.7455953395851094), 'specificity': np.float64(0.7065145319924854), 'training_time_s': 0.39}
2026-04-23 21:16:21,546 | INFO | Training baseline model: decision_tree
2026-04-23 21:16:23,500 | INFO | Training time for decision_tree: 1.95s
2026-04-23 21:16:23,500 | INFO | Evaluating model: decision_tree
2026-04-23 21:16:23,791 | INFO | Saved confusion matrix: C:\Projects\uit\diabetes-xai-agreement\outputs\cdc_brfss_2023_rebuilt\confusion_matrix\decision_tree_confusion_matrix.png
2026-04-23 21:16:23,791 | INFO | Metrics for decision_tree: {'model': 'decision_tree', 'accuracy': 0.7630105935143637, 'f1': 0.30123439950896813, 'roc_auc': 0.5822336702073655, 'sensitivity': np.float64(0.31379653310599603), 'specificity': np.float64(0.850356392971599), 'training_time_s': 1.95}
2026-04-23 21:16:23,791 | INFO | Training baseline model: random_forest
2026-04-23 21:17:33,825 | INFO | Training time for random_forest: 70.03s
2026-04-23 21:17:33,825 | INFO | Evaluating model: random_forest
2026-04-23 21:17:44,842 | INFO | Saved confusion matrix: C:\Projects\uit\diabetes-xai-agreement\outputs\cdc_brfss_2023_rebuilt\confusion_matrix\random_forest_confusion_matrix.png
2026-04-23 21:17:44,842 | INFO | Metrics for random_forest: {'model': 'random_forest', 'accuracy': 0.8151570523199334, 'f1': 0.27819175360158965, 'roc_auc': 0.7504695248213045, 'sensitivity': np.float64(0.21881216254617789), 'specificity': np.float64(0.9311111725052492), 'training_time_s': 70.03}
2026-04-23 21:17:44,842 | INFO | Training baseline model: knn
2026-04-23 21:17:45,029 | INFO | Training time for knn: 0.19s
2026-04-23 21:17:45,029 | INFO | Evaluating model: knn
2026-04-23 21:18:50,090 | INFO | Saved confusion matrix: C:\Projects\uit\diabetes-xai-agreement\outputs\cdc_brfss_2023_rebuilt\confusion_matrix\knn_confusion_matrix.png
2026-04-23 21:18:50,090 | INFO | Metrics for knn: {'model': 'knn', 'accuracy': 0.8232872276449091, 'f1': 0.2904244450636203, 'roc_auc': 0.7079070032528845, 'sensitivity': np.float64(0.22215117931230463), 'specificity': np.float64(0.9401729472869931), 'training_time_s': 0.19}
2026-04-23 21:18:50,090 | INFO | STEP 03 COMPLETED
2026-04-23 21:18:50,090 | INFO | ============================================================
2026-04-23 21:18:50,090 | INFO | STEP 04 - PROPOSED MODELS
2026-04-23 21:18:50,090 | INFO | ============================================================
2026-04-23 21:18:50,090 | INFO | Training proposed model: ann
2026-04-23 21:20:07,839 | INFO | Training time for ann: 77.75s
2026-04-23 21:20:07,840 | INFO | Evaluating model: ann
2026-04-23 21:20:08,113 | INFO | Saved confusion matrix: C:\Projects\uit\diabetes-xai-agreement\outputs\cdc_brfss_2023_rebuilt\confusion_matrix\ann_confusion_matrix.png
2026-04-23 21:20:08,113 | INFO | Training proposed model: xgboost
2026-04-23 21:20:12,576 | INFO | Training time for xgboost: 4.46s
2026-04-23 21:20:12,576 | INFO | Evaluating model: xgboost
2026-04-23 21:20:13,005 | INFO | Saved confusion matrix: C:\Projects\uit\diabetes-xai-agreement\outputs\cdc_brfss_2023_rebuilt\confusion_matrix\xgboost_confusion_matrix.png
2026-04-23 21:20:13,006 | INFO | Selecting best model...
2026-04-23 21:20:13,006 | INFO | Best model selected: xgboost
2026-04-23 21:20:13,006 | INFO | ROC-AUC: 0.8082
2026-04-23 21:20:13,006 | INFO | STEP 04 COMPLETED
2026-04-23 21:20:13,006 | INFO | Using ACTIVE_MODEL for XAI: xgboost
2026-04-23 21:20:13,006 | INFO | XAI model: xgboost
2026-04-23 21:20:13,006 | INFO | ============================================================
2026-04-23 21:20:13,006 | INFO | STEP 05 - EXPLAINABILITY (SHAP + PERMUTATION FI)
2026-04-23 21:20:13,006 | INFO | ============================================================
2026-04-23 21:20:13,007 | INFO | Running SHAP analysis for: xgboost
2026-04-23 21:20:13,007 | INFO | Running SHAP analysis for model: xgboost
2026-04-23 21:20:13,126 | INFO | TreeExplainer: OK
2026-04-23 21:20:13,328 | INFO | SHAP computation time: 0.3s
2026-04-23 21:20:14,027 | INFO | Saved: C:\Projects\uit\diabetes-xai-agreement\outputs\cdc_brfss_2023_rebuilt\shap\xgboost_shap_summary.png
2026-04-23 21:20:14,302 | INFO | Saved: C:\Projects\uit\diabetes-xai-agreement\outputs\cdc_brfss_2023_rebuilt\shap\xgboost_shap_bar.png
2026-04-23 21:20:14,307 | INFO | Saved: C:\Projects\uit\diabetes-xai-agreement\outputs\cdc_brfss_2023_rebuilt\shap\xgboost_shap_feature_importance.csv
2026-04-23 21:20:14,307 | INFO | SHAP analysis completed
2026-04-23 21:20:14,309 | INFO | SHAP analysis completed in 0.3s
2026-04-23 21:20:14,310 | INFO | Running Permutation Importance for: xgboost (scoring=roc_auc, n_repeats=10)
2026-04-23 21:20:42,871 | INFO | Permutation FI saved to: C:\Projects\uit\diabetes-xai-agreement\outputs\cdc_brfss_2023_rebuilt\fi\xgboost_feature_importance.csv (28.5567s)
2026-04-23 21:20:42,871 | INFO | Permutation FI completed in 28.5567s
2026-04-23 21:20:42,871 | INFO | STEP 05 COMPLETED
2026-04-23 21:20:42,871 | INFO | ============================================================
2026-04-23 21:20:42,872 | INFO | STEP 06 - RESULT VISUALIZATION
2026-04-23 21:20:42,872 | INFO | ============================================================
2026-04-23 21:20:43,019 | INFO | STEP 06 COMPLETED
2026-04-23 21:20:43,019 | INFO | ============================================================
2026-04-23 21:20:43,019 | INFO | STEP 07 - ERROR ANALYSIS + FAIRNESS (EQUALIZED ODDS)
2026-04-23 21:20:43,019 | INFO | ============================================================
2026-04-23 21:20:43,280 | INFO | Saved error analysis outputs to C:\Projects\uit\diabetes-xai-agreement\outputs\cdc_brfss_2023_rebuilt\analysis
2026-04-23 21:20:43,281 | INFO | Running Equalized Odds fairness analysis for: xgboost
2026-04-23 21:20:43,479 | INFO |   Saved: C:\Projects\uit\diabetes-xai-agreement\outputs\cdc_brfss_2023_rebuilt\analysis\xgboost_fairness_age_detail.csv
2026-04-23 21:20:43,479 | INFO |   Age: dTPR=0.208  dFPR=0.047  EO=0.208  [Nghiem trong]
2026-04-23 21:20:43,497 | INFO |   Saved: C:\Projects\uit\diabetes-xai-agreement\outputs\cdc_brfss_2023_rebuilt\analysis\xgboost_fairness_sex_detail.csv
2026-04-23 21:20:43,497 | INFO |   Sex: dTPR=0.005  dFPR=0.001  EO=0.005  [Tot]
2026-04-23 21:20:43,524 | INFO |   Saved: C:\Projects\uit\diabetes-xai-agreement\outputs\cdc_brfss_2023_rebuilt\analysis\xgboost_fairness_income_detail.csv
2026-04-23 21:20:43,524 | INFO |   Income: dTPR=0.325  dFPR=0.096  EO=0.325  [Nghiem trong]
2026-04-23 21:20:43,526 | INFO |   Saved summary: C:\Projects\uit\diabetes-xai-agreement\outputs\cdc_brfss_2023_rebuilt\analysis\xgboost_fairness_equalized_odds_summary.csv
2026-04-23 21:20:43,526 | INFO | Equalized Odds fairness analysis completed
2026-04-23 21:20:43,528 | INFO | Equalized Odds Summary:
2026-04-23 21:20:43,528 | INFO |   Age     : dTPR=0.208  dFPR=0.047  EO=0.208  [Nghiem trong]
2026-04-23 21:20:43,528 | INFO |   Sex     : dTPR=0.005  dFPR=0.001  EO=0.005  [Tot]
2026-04-23 21:20:43,528 | INFO |   Income  : dTPR=0.325  dFPR=0.096  EO=0.325  [Nghiem trong]
2026-04-23 21:20:43,528 | INFO | Saved error analysis outputs to C:\Projects\uit\diabetes-xai-agreement\outputs\cdc_brfss_2023_rebuilt\analysis
2026-04-23 21:20:43,529 | INFO | STEP 07 COMPLETED
2026-04-23 21:20:43,529 | INFO | ============================================================
2026-04-23 21:20:43,529 | INFO | STEP 08 - STATISTICAL TEST
2026-04-23 21:20:43,529 | INFO | ============================================================
2026-04-23 21:20:43,535 | INFO | Saved statistical test results to C:\Projects\uit\diabetes-xai-agreement\outputs\cdc_brfss_2023_rebuilt\analysis\statistical_test_results.csv
2026-04-23 21:20:43,536 | INFO | STEP 08 COMPLETED
2026-04-23 21:20:43,536 | INFO | ============================================================
2026-04-23 21:20:43,536 | INFO | STEP 09 - GENERATE RESULT TABLES
2026-04-23 21:20:43,536 | INFO | ============================================================
2026-04-23 21:20:43,538 | INFO | Saved comparison table to C:\Projects\uit\diabetes-xai-agreement\outputs\cdc_brfss_2023_rebuilt\tables\model_comparison_table.csv
2026-04-23 21:20:43,538 | INFO | STEP 09 COMPLETED
2026-04-23 21:20:43,538 | INFO | ============================================================
2026-04-23 21:20:43,538 | INFO | STEP 10 - REPRODUCIBILITY
2026-04-23 21:20:43,538 | INFO | ============================================================
2026-04-23 21:20:43,556 | INFO | Saved experiment summary to C:\Projects\uit\diabetes-xai-agreement\outputs\cdc_brfss_2023_rebuilt\reproducibility\experiment_summary.json
