2026-04-23 17:48:43,768 | INFO | Logging initialized. Log file: C:\Projects\uit\diabetes-xai-agreement\logs\pipeline_20260423174843.log
2026-04-23 17:48:43,769 | INFO | ==============================================================================
2026-04-23 17:48:43,769 | INFO | RUN ALL COMBOS (CLEAN VERSION)
2026-04-23 17:48:43,769 | INFO | ==============================================================================
2026-04-23 17:48:43,769 | INFO | ##############################################################################
2026-04-23 17:48:43,770 | INFO | START cdc_brfss_2015_rebuilt x xgboost
2026-04-23 17:48:43,770 | INFO | ##############################################################################
2026-04-23 17:49:00,017 | ERROR | END cdc_brfss_2015_rebuilt x xgboost FAILED
2026-04-23 17:49:00,019 | INFO | ##############################################################################
2026-04-23 17:49:00,019 | INFO | START cdc_brfss_2015_rebuilt x random_forest
2026-04-23 17:49:00,019 | INFO | ##############################################################################
2026-04-23 17:49:19,331 | ERROR | END cdc_brfss_2015_rebuilt x random_forest FAILED
2026-04-23 17:49:19,332 | INFO | ##############################################################################
2026-04-23 17:49:19,332 | INFO | START cdc_brfss_2015_rebuilt x logistic_regression
2026-04-23 17:49:19,332 | INFO | ##############################################################################
2026-04-23 17:49:34,538 | ERROR | END cdc_brfss_2015_rebuilt x logistic_regression FAILED
2026-04-23 17:49:34,539 | INFO | ##############################################################################
2026-04-23 17:49:34,540 | INFO | START cdc_brfss_2021_rebuilt x xgboost
2026-04-23 17:49:34,540 | INFO | ##############################################################################
2026-04-23 17:49:50,449 | ERROR | END cdc_brfss_2021_rebuilt x xgboost FAILED
2026-04-23 17:49:50,450 | INFO | ##############################################################################
2026-04-23 17:49:50,450 | INFO | START cdc_brfss_2021_rebuilt x random_forest
2026-04-23 17:49:50,450 | INFO | ##############################################################################
2026-04-23 17:50:09,866 | ERROR | END cdc_brfss_2021_rebuilt x random_forest FAILED
2026-04-23 17:50:09,867 | INFO | ##############################################################################
2026-04-23 17:50:09,867 | INFO | START cdc_brfss_2021_rebuilt x logistic_regression
2026-04-23 17:50:09,867 | INFO | ##############################################################################
2026-04-23 17:50:25,435 | ERROR | END cdc_brfss_2021_rebuilt x logistic_regression FAILED
2026-04-23 17:50:25,436 | INFO | ##############################################################################
2026-04-23 17:50:25,436 | INFO | START cdc_brfss_2023_rebuilt x xgboost
2026-04-23 17:50:25,436 | INFO | ##############################################################################
2026-04-23 17:50:42,562 | ERROR | END cdc_brfss_2023_rebuilt x xgboost FAILED
2026-04-23 17:50:42,563 | INFO | ##############################################################################
2026-04-23 17:50:42,563 | INFO | START cdc_brfss_2023_rebuilt x random_forest
2026-04-23 17:50:42,563 | INFO | ##############################################################################
2026-04-23 17:51:02,483 | ERROR | END cdc_brfss_2023_rebuilt x random_forest FAILED
2026-04-23 17:51:02,484 | INFO | ##############################################################################
2026-04-23 17:51:02,484 | INFO | START cdc_brfss_2023_rebuilt x logistic_regression
2026-04-23 17:51:02,484 | INFO | ##############################################################################
2026-04-23 17:51:18,362 | ERROR | END cdc_brfss_2023_rebuilt x logistic_regression FAILED
2026-04-23 17:51:18,362 | INFO | ==============================================================================
2026-04-23 17:51:18,362 | INFO | ALL COMBOS DONE
2026-04-23 17:51:18,363 | INFO | ==============================================================================
