2026-04-23 17:49:38,075 | INFO | Logging initialized. Log file: C:\Projects\uit\diabetes-xai-agreement\logs\pipeline_20260423174938.log
2026-04-23 17:49:38,076 | INFO | ==============================================================================
2026-04-23 17:49:38,076 | INFO | [BOOTSTRAP] DATASET=cdc_brfss_2021_rebuilt MODEL=xgboost
2026-04-23 17:49:38,076 | INFO | ==============================================================================
2026-04-23 17:49:38,076 | INFO | ============================================================
2026-04-23 17:49:38,076 | INFO | STEP 01 - LOAD AND INSPECT DATASET
2026-04-23 17:49:38,076 | INFO | ============================================================
2026-04-23 17:49:39,126 | INFO | DEBUG MODE: sampling 1000 rows from 437708
2026-04-23 17:49:39,141 | INFO | Dataset rows after sampling: 1000
2026-04-23 17:49:39,141 | INFO | Dataset config: {'path': WindowsPath('C:/Projects/uit/diabetes-xai-agreement/data/processed/cdc_brfss_2021_rebuilt.csv'), 'target': 'Diabetes_binary', 'slug': 'cdc_brfss_2021_rebuilt', 'task': 'classification', 'include_columns': None}
2026-04-23 17:49:39,141 | INFO | Active dataset : cdc_brfss_2021_rebuilt
2026-04-23 17:49:39,141 | INFO | Dataset path   : C:\Projects\uit\diabetes-xai-agreement\data\processed\cdc_brfss_2021_rebuilt.csv
2026-04-23 17:49:39,141 | INFO | Target column  : Diabetes_binary
2026-04-23 17:49:39,141 | INFO | Rows    : 1000
2026-04-23 17:49:39,141 | INFO | Columns : 22
2026-04-23 17:49:39,141 | INFO | Columns: ['Diabetes_binary', 'HighBP', 'HighChol', 'CholCheck', 'BMI', 'Smoker', 'Stroke', 'HeartDiseaseorAttack', 'PhysActivity', 'Fruits', 'Veggies', 'HvyAlcoholConsump', 'AnyHealthcare', 'NoDocbcCost', 'GenHlth', 'MentHlth', 'PhysHlth', 'DiffWalk', 'Sex', 'Age', 'Education', 'Income']
2026-04-23 17:49:39,142 | INFO | 
   Diabetes_binary  HighBP  HighChol  CholCheck  ...  Sex  Age  Education  Income
0                0       1         0          0  ...    2    1          5       6
1                0       1         0          1  ...    1    1          4       6
2                0       1         1          0  ...    2   11          4       6
3                0       1         0          0  ...    1   10          6       5
4                1       1         1          0  ...    1   10          4       6

[5 rows x 22 columns]
2026-04-23 17:49:39,166 | INFO | Target distribution:
2026-04-23 17:49:39,167 | INFO | Diabetes_binary
0    838
1    162
Name: count, dtype: int64
2026-04-23 17:49:39,167 | INFO | Target ratio:
2026-04-23 17:49:39,167 | INFO | Diabetes_binary
0    0.838
1    0.162
Name: proportion, dtype: float64
2026-04-23 17:49:39,169 | INFO | Missing values:
2026-04-23 17:49:39,169 | INFO | No missing values
2026-04-23 17:49:39,169 | INFO | STEP 01 COMPLETED
2026-04-23 17:49:40,322 | INFO | ============================================================
2026-04-23 17:49:40,322 | INFO | STEP 02 - DATA PREPROCESSING
2026-04-23 17:49:40,322 | INFO | ============================================================
2026-04-23 17:49:40,324 | INFO | Dataset shape: (1000, 22)
2026-04-23 17:49:40,324 | INFO | Number of selected features: 21
2026-04-23 17:49:40,324 | INFO | Categorical features (0): []
2026-04-23 17:49:40,324 | INFO | Numerical features (21): ['HighBP', 'HighChol', 'CholCheck', 'BMI', 'Smoker', 'Stroke', 'HeartDiseaseorAttack', 'PhysActivity', 'Fruits', 'Veggies', 'HvyAlcoholConsump', 'AnyHealthcare', 'NoDocbcCost', 'GenHlth', 'MentHlth', 'PhysHlth', 'DiffWalk', 'Sex', 'Age', 'Education', 'Income']
2026-04-23 17:49:40,327 | INFO | Train size: 800
2026-04-23 17:49:40,328 | INFO | Test size : 200
2026-04-23 17:49:40,328 | INFO | STEP 02 COMPLETED
2026-04-23 17:49:40,328 | INFO | ============================================================
2026-04-23 17:49:40,328 | INFO | STEP 03 - BASELINE MODELS
2026-04-23 17:49:40,328 | INFO | ============================================================
2026-04-23 17:49:40,328 | INFO | Training baseline model: logistic_regression
2026-04-23 17:49:40,342 | INFO | Training time for logistic_regression: 0.01s
2026-04-23 17:49:40,342 | INFO | Evaluating model: logistic_regression
2026-04-23 17:49:40,456 | INFO | Saved confusion matrix: C:\Projects\uit\diabetes-xai-agreement\outputs\cdc_brfss_2021_rebuilt\confusion_matrix\logistic_regression_confusion_matrix.png
2026-04-23 17:49:40,456 | INFO | Metrics for logistic_regression: {'model': 'logistic_regression', 'accuracy': 0.735, 'f1': 0.4854368932038835, 'roc_auc': 0.8002232142857142, 'sensitivity': np.float64(0.78125), 'specificity': np.float64(0.7261904761904762), 'training_time_s': 0.01}
2026-04-23 17:49:40,456 | INFO | Training baseline model: decision_tree
2026-04-23 17:49:40,464 | INFO | Training time for decision_tree: 0.01s
2026-04-23 17:49:40,464 | INFO | Evaluating model: decision_tree
2026-04-23 17:49:40,596 | INFO | Saved confusion matrix: C:\Projects\uit\diabetes-xai-agreement\outputs\cdc_brfss_2021_rebuilt\confusion_matrix\decision_tree_confusion_matrix.png
2026-04-23 17:49:40,596 | INFO | Metrics for decision_tree: {'model': 'decision_tree', 'accuracy': 0.765, 'f1': 0.29850746268656714, 'roc_auc': 0.5827752976190477, 'sensitivity': np.float64(0.3125), 'specificity': np.float64(0.8511904761904762), 'training_time_s': 0.01}
2026-04-23 17:49:40,596 | INFO | Training baseline model: random_forest
2026-04-23 17:49:40,897 | INFO | Training time for random_forest: 0.3s
2026-04-23 17:49:40,897 | INFO | Evaluating model: random_forest
2026-04-23 17:49:41,050 | INFO | Saved confusion matrix: C:\Projects\uit\diabetes-xai-agreement\outputs\cdc_brfss_2021_rebuilt\confusion_matrix\random_forest_confusion_matrix.png
2026-04-23 17:49:41,050 | INFO | Metrics for random_forest: {'model': 'random_forest', 'accuracy': 0.875, 'f1': 0.3902439024390244, 'roc_auc': 0.7902715773809524, 'sensitivity': np.float64(0.25), 'specificity': np.float64(0.9940476190476191), 'training_time_s': 0.3}
2026-04-23 17:49:41,050 | INFO | Training baseline model: knn
2026-04-23 17:49:41,055 | INFO | Training time for knn: 0.0s
2026-04-23 17:49:41,055 | INFO | Evaluating model: knn
2026-04-23 17:49:42,661 | INFO | Saved confusion matrix: C:\Projects\uit\diabetes-xai-agreement\outputs\cdc_brfss_2021_rebuilt\confusion_matrix\knn_confusion_matrix.png
2026-04-23 17:49:42,662 | INFO | Metrics for knn: {'model': 'knn', 'accuracy': 0.81, 'f1': 0.20833333333333334, 'roc_auc': 0.7325148809523809, 'sensitivity': np.float64(0.15625), 'specificity': np.float64(0.9345238095238095), 'training_time_s': 0.0}
2026-04-23 17:49:42,662 | INFO | STEP 03 COMPLETED
2026-04-23 17:49:42,662 | INFO | ============================================================
2026-04-23 17:49:42,662 | INFO | STEP 04 - PROPOSED MODELS
2026-04-23 17:49:42,662 | INFO | ============================================================
2026-04-23 17:49:42,662 | INFO | Training proposed model: ann
2026-04-23 17:49:43,106 | INFO | Training time for ann: 0.44s
2026-04-23 17:49:43,106 | INFO | Evaluating model: ann
2026-04-23 17:49:43,223 | INFO | Saved confusion matrix: C:\Projects\uit\diabetes-xai-agreement\outputs\cdc_brfss_2021_rebuilt\confusion_matrix\ann_confusion_matrix.png
2026-04-23 17:49:43,223 | INFO | Training proposed model: xgboost
2026-04-23 17:49:43,379 | INFO | Training time for xgboost: 0.16s
2026-04-23 17:49:43,379 | INFO | Evaluating model: xgboost
2026-04-23 17:49:43,547 | INFO | Saved confusion matrix: C:\Projects\uit\diabetes-xai-agreement\outputs\cdc_brfss_2021_rebuilt\confusion_matrix\xgboost_confusion_matrix.png
2026-04-23 17:49:43,547 | INFO | Selecting best model...
2026-04-23 17:49:43,547 | INFO | Best model selected: xgboost
2026-04-23 17:49:43,547 | INFO | ROC-AUC: 0.8056
2026-04-23 17:49:43,547 | INFO | STEP 04 COMPLETED
2026-04-23 17:49:43,547 | INFO | Using ACTIVE_MODEL for XAI: xgboost
2026-04-23 17:49:43,547 | INFO | XAI model: xgboost
2026-04-23 17:49:43,547 | INFO | ============================================================
2026-04-23 17:49:43,547 | INFO | STEP 05 - EXPLAINABILITY (SHAP + PERMUTATION FI)
2026-04-23 17:49:43,547 | INFO | ============================================================
2026-04-23 17:49:43,548 | INFO | Running SHAP analysis for: xgboost
2026-04-23 17:49:43,548 | INFO | Running SHAP analysis for model: xgboost
2026-04-23 17:49:43,637 | INFO | TreeExplainer: OK
2026-04-23 17:49:43,689 | INFO | SHAP computation time: 0.14s
2026-04-23 17:49:44,357 | INFO | Saved: C:\Projects\uit\diabetes-xai-agreement\outputs\cdc_brfss_2021_rebuilt\shap\xgboost_shap_summary.png
2026-04-23 17:49:44,650 | INFO | Saved: C:\Projects\uit\diabetes-xai-agreement\outputs\cdc_brfss_2021_rebuilt\shap\xgboost_shap_bar.png
2026-04-23 17:49:44,653 | INFO | Saved: C:\Projects\uit\diabetes-xai-agreement\outputs\cdc_brfss_2021_rebuilt\shap\xgboost_shap_feature_importance.csv
2026-04-23 17:49:44,654 | INFO | SHAP analysis completed
2026-04-23 17:49:44,654 | INFO | SHAP analysis completed in 0.14s
2026-04-23 17:49:44,655 | INFO | Running Permutation Importance for: xgboost (scoring=roc_auc, n_repeats=10)
2026-04-23 17:49:49,387 | INFO | Permutation FI saved to: C:\Projects\uit\diabetes-xai-agreement\outputs\cdc_brfss_2021_rebuilt\fi\xgboost_feature_importance.csv (4.7299s)
2026-04-23 17:49:49,387 | INFO | Permutation FI completed in 4.7299s
2026-04-23 17:49:49,387 | INFO | STEP 05 COMPLETED
2026-04-23 17:49:49,387 | INFO | ============================================================
2026-04-23 17:49:49,387 | INFO | STEP 06 - RESULT VISUALIZATION
2026-04-23 17:49:49,387 | INFO | ============================================================
2026-04-23 17:49:49,595 | INFO | STEP 06 COMPLETED
2026-04-23 17:49:49,595 | INFO | ============================================================
2026-04-23 17:49:49,595 | INFO | STEP 07 - ERROR ANALYSIS + FAIRNESS (EQUALIZED ODDS)
2026-04-23 17:49:49,595 | INFO | ============================================================
2026-04-23 17:49:49,614 | INFO | Saved error analysis outputs to C:\Projects\uit\diabetes-xai-agreement\outputs\cdc_brfss_2021_rebuilt\analysis
2026-04-23 17:49:49,615 | INFO | Running Equalized Odds fairness analysis for: xgboost
2026-04-23 17:49:49,640 | INFO |   Saved: C:\Projects\uit\diabetes-xai-agreement\outputs\cdc_brfss_2021_rebuilt\analysis\xgboost_fairness_age_detail.csv
2026-04-23 17:49:49,640 | INFO |   Age: dTPR=1.000  dFPR=0.167  EO=1.000  [Nghiem trong]
2026-04-23 17:49:49,648 | INFO |   Saved: C:\Projects\uit\diabetes-xai-agreement\outputs\cdc_brfss_2021_rebuilt\analysis\xgboost_fairness_sex_detail.csv
2026-04-23 17:49:49,648 | INFO |   Sex: dTPR=0.067  dFPR=0.035  EO=0.067  [Chap nhan duoc]
2026-04-23 17:49:49,662 | INFO |   Saved: C:\Projects\uit\diabetes-xai-agreement\outputs\cdc_brfss_2021_rebuilt\analysis\xgboost_fairness_income_detail.csv
2026-04-23 17:49:49,662 | INFO |   Income: dTPR=0.750  dFPR=0.214  EO=0.750  [Nghiem trong]
2026-04-23 17:49:49,664 | INFO |   Saved summary: C:\Projects\uit\diabetes-xai-agreement\outputs\cdc_brfss_2021_rebuilt\analysis\xgboost_fairness_equalized_odds_summary.csv
2026-04-23 17:49:49,664 | INFO | Equalized Odds fairness analysis completed
2026-04-23 17:49:49,665 | INFO | Equalized Odds Summary:
2026-04-23 17:49:49,665 | INFO |   Age     : dTPR=1.000  dFPR=0.167  EO=1.000  [Nghiem trong]
2026-04-23 17:49:49,665 | INFO |   Sex     : dTPR=0.067  dFPR=0.035  EO=0.067  [Chap nhan duoc]
2026-04-23 17:49:49,666 | INFO |   Income  : dTPR=0.750  dFPR=0.214  EO=0.750  [Nghiem trong]
2026-04-23 17:49:49,666 | INFO | Saved error analysis outputs to C:\Projects\uit\diabetes-xai-agreement\outputs\cdc_brfss_2021_rebuilt\analysis
2026-04-23 17:49:49,666 | INFO | STEP 07 COMPLETED
2026-04-23 17:49:49,666 | INFO | ============================================================
2026-04-23 17:49:49,666 | INFO | STEP 08 - STATISTICAL TEST
2026-04-23 17:49:49,666 | INFO | ============================================================
2026-04-23 17:49:49,678 | INFO | Saved statistical test results to C:\Projects\uit\diabetes-xai-agreement\outputs\cdc_brfss_2021_rebuilt\analysis\statistical_test_results.csv
2026-04-23 17:49:49,678 | INFO | STEP 08 COMPLETED
2026-04-23 17:49:49,678 | INFO | ============================================================
2026-04-23 17:49:49,678 | INFO | STEP 09 - GENERATE RESULT TABLES
2026-04-23 17:49:49,678 | INFO | ============================================================
2026-04-23 17:49:49,681 | INFO | Saved comparison table to C:\Projects\uit\diabetes-xai-agreement\outputs\cdc_brfss_2021_rebuilt\tables\model_comparison_table.csv
2026-04-23 17:49:49,681 | INFO | STEP 09 COMPLETED
2026-04-23 17:49:49,681 | INFO | ============================================================
2026-04-23 17:49:49,681 | INFO | STEP 10 - REPRODUCIBILITY
2026-04-23 17:49:49,681 | INFO | ============================================================
2026-04-23 17:49:49,715 | INFO | Saved experiment summary to C:\Projects\uit\diabetes-xai-agreement\outputs\cdc_brfss_2021_rebuilt\reproducibility\experiment_summary.json
