2026-04-24 12:25:40,465 | INFO | Logging initialized. Log file: C:\Projects\uit\diabetes-xai-agreement\logs\pipeline_20260424122540.log
2026-04-24 12:25:40,465 | INFO | ==============================================================================
2026-04-24 12:25:40,465 | INFO | [BOOTSTRAP] DATASET=cdc_brfss_2021_rebuilt MODEL=xgboost
2026-04-24 12:25:40,465 | INFO | ==============================================================================
2026-04-24 12:25:40,465 | INFO | ============================================================
2026-04-24 12:25:40,465 | INFO | STEP 01 - LOAD AND INSPECT DATASET
2026-04-24 12:25:40,466 | INFO | ============================================================
2026-04-24 12:25:41,369 | INFO | Dataset rows after sampling: 437708
2026-04-24 12:25:41,369 | INFO | Dataset config: {'path': WindowsPath('C:/Projects/uit/diabetes-xai-agreement/data/processed/cdc_brfss_2021_rebuilt.csv'), 'target': 'Diabetes_binary', 'slug': 'cdc_brfss_2021_rebuilt', 'task': 'classification', 'include_columns': None}
2026-04-24 12:25:41,369 | INFO | Active dataset : cdc_brfss_2021_rebuilt
2026-04-24 12:25:41,369 | INFO | Dataset path   : C:\Projects\uit\diabetes-xai-agreement\data\processed\cdc_brfss_2021_rebuilt.csv
2026-04-24 12:25:41,369 | INFO | Target column  : Diabetes_binary
2026-04-24 12:25:41,369 | INFO | Rows    : 437708
2026-04-24 12:25:41,369 | INFO | Columns : 22
2026-04-24 12:25:41,369 | INFO | Columns: ['Diabetes_binary', 'HighBP', 'HighChol', 'CholCheck', 'BMI', 'Smoker', 'Stroke', 'HeartDiseaseorAttack', 'PhysActivity', 'Fruits', 'Veggies', 'HvyAlcoholConsump', 'AnyHealthcare', 'NoDocbcCost', 'GenHlth', 'MentHlth', 'PhysHlth', 'DiffWalk', 'Sex', 'Age', 'Education', 'Income']
2026-04-24 12:25:41,370 | INFO | 
   Diabetes_binary  HighBP  HighChol  CholCheck  ...  Sex  Age  Education  Income
0                0       1         1          0  ...    2   11          4       5
1                1       1         1          0  ...    2   10          6       6
2                1       1         0          0  ...    2   11          4       3
3                1       1         1          0  ...    2   10          4       6
4                1       1         1          0  ...    1   12          3       4

[5 rows x 22 columns]
2026-04-24 12:25:41,391 | INFO | Target distribution:
2026-04-24 12:25:41,394 | INFO | Diabetes_binary
0    370150
1     67558
Name: count, dtype: int64
2026-04-24 12:25:41,395 | INFO | Target ratio:
2026-04-24 12:25:41,397 | INFO | Diabetes_binary
0    0.845655
1    0.154345
Name: proportion, dtype: float64
2026-04-24 12:25:41,411 | INFO | Missing values:
2026-04-24 12:25:41,411 | INFO | No missing values
2026-04-24 12:25:41,411 | INFO | STEP 01 COMPLETED
2026-04-24 12:25:43,703 | INFO | ============================================================
2026-04-24 12:25:43,703 | INFO | STEP 02 - DATA PREPROCESSING
2026-04-24 12:25:43,703 | INFO | ============================================================
2026-04-24 12:25:43,704 | INFO | Dataset shape: (437708, 22)
2026-04-24 12:25:43,704 | INFO | Number of selected features: 21
2026-04-24 12:25:43,704 | INFO | Categorical features (0): []
2026-04-24 12:25:43,705 | INFO | Numerical features (21): ['HighBP', 'HighChol', 'CholCheck', 'BMI', 'Smoker', 'Stroke', 'HeartDiseaseorAttack', 'PhysActivity', 'Fruits', 'Veggies', 'HvyAlcoholConsump', 'AnyHealthcare', 'NoDocbcCost', 'GenHlth', 'MentHlth', 'PhysHlth', 'DiffWalk', 'Sex', 'Age', 'Education', 'Income']
2026-04-24 12:25:43,899 | INFO | Train size: 350166
2026-04-24 12:25:43,899 | INFO | Test size : 87542
2026-04-24 12:25:43,899 | INFO | STEP 02 COMPLETED
2026-04-24 12:25:43,899 | INFO | ============================================================
2026-04-24 12:25:43,899 | INFO | STEP 03 - BASELINE MODELS
2026-04-24 12:25:43,899 | INFO | ============================================================
2026-04-24 12:25:43,899 | INFO | Training baseline model: logistic_regression
2026-04-24 12:25:44,264 | INFO | Training time for logistic_regression: 0.37s
2026-04-24 12:25:44,265 | INFO | Evaluating model: logistic_regression
2026-04-24 12:25:44,449 | INFO | Saved confusion matrix: C:\Projects\uit\diabetes-xai-agreement\outputs\cdc_brfss_2021_rebuilt\confusion_matrix\logistic_regression_confusion_matrix.png
2026-04-24 12:25:44,449 | INFO | Metrics for logistic_regression: {'model': 'logistic_regression', 'accuracy': 0.7158963697425236, 'f1': 0.4476425255957537, 'roc_auc': 0.8031452203181675, 'sensitivity': np.float64(0.7458555358200119), 'specificity': np.float64(0.7104282047818452), 'training_time_s': 0.37}
2026-04-24 12:25:44,449 | INFO | Training baseline model: decision_tree
2026-04-24 12:25:46,467 | INFO | Training time for decision_tree: 2.02s
2026-04-24 12:25:46,467 | INFO | Evaluating model: decision_tree
2026-04-24 12:25:46,693 | INFO | Saved confusion matrix: C:\Projects\uit\diabetes-xai-agreement\outputs\cdc_brfss_2021_rebuilt\confusion_matrix\decision_tree_confusion_matrix.png
2026-04-24 12:25:46,694 | INFO | Metrics for decision_tree: {'model': 'decision_tree', 'accuracy': 0.7757190834113911, 'f1': 0.29748103621010447, 'roc_auc': 0.5836050616191235, 'sensitivity': np.float64(0.3076524570751924), 'specificity': np.float64(0.861150884776442), 'training_time_s': 2.02}
2026-04-24 12:25:46,694 | INFO | Training baseline model: random_forest
2026-04-24 12:26:59,798 | INFO | Training time for random_forest: 73.1s
2026-04-24 12:26:59,799 | INFO | Evaluating model: random_forest
2026-04-24 12:27:13,990 | INFO | Saved confusion matrix: C:\Projects\uit\diabetes-xai-agreement\outputs\cdc_brfss_2021_rebuilt\confusion_matrix\random_forest_confusion_matrix.png
2026-04-24 12:27:13,991 | INFO | Metrics for random_forest: {'model': 'random_forest', 'accuracy': 0.8295332526101757, 'f1': 0.25641536698390555, 'roc_auc': 0.7617088116030281, 'sensitivity': np.float64(0.1904233274126702), 'specificity': np.float64(0.9461839794677833), 'training_time_s': 73.1}
2026-04-24 12:27:13,991 | INFO | Training baseline model: knn
2026-04-24 12:27:14,161 | INFO | Training time for knn: 0.17s
2026-04-24 12:27:14,162 | INFO | Evaluating model: knn
2026-04-24 12:28:54,866 | INFO | Saved confusion matrix: C:\Projects\uit\diabetes-xai-agreement\outputs\cdc_brfss_2021_rebuilt\confusion_matrix\knn_confusion_matrix.png
2026-04-24 12:28:54,867 | INFO | Metrics for knn: {'model': 'knn', 'accuracy': 0.8290420598112905, 'f1': 0.27073384660364486, 'roc_auc': 0.7057252724340788, 'sensitivity': np.float64(0.205595026642984), 'specificity': np.float64(0.9428339862218019), 'training_time_s': 0.17}
2026-04-24 12:28:54,867 | INFO | STEP 03 COMPLETED
2026-04-24 12:28:54,867 | INFO | ============================================================
2026-04-24 12:28:54,867 | INFO | STEP 04 - PROPOSED MODELS
2026-04-24 12:28:54,867 | INFO | ============================================================
2026-04-24 12:28:54,867 | INFO | Training proposed model: ann
2026-04-24 12:30:01,702 | INFO | Training time for ann: 66.83s
2026-04-24 12:30:01,702 | INFO | Evaluating model: ann
2026-04-24 12:30:01,986 | INFO | Saved confusion matrix: C:\Projects\uit\diabetes-xai-agreement\outputs\cdc_brfss_2021_rebuilt\confusion_matrix\ann_confusion_matrix.png
2026-04-24 12:30:01,986 | INFO | Training proposed model: xgboost
2026-04-24 12:30:06,415 | INFO | Training time for xgboost: 4.43s
2026-04-24 12:30:06,415 | INFO | Evaluating model: xgboost
2026-04-24 12:30:06,881 | INFO | Saved confusion matrix: C:\Projects\uit\diabetes-xai-agreement\outputs\cdc_brfss_2021_rebuilt\confusion_matrix\xgboost_confusion_matrix.png
2026-04-24 12:30:06,881 | INFO | Selecting best model...
2026-04-24 12:30:06,881 | INFO | Best model selected: xgboost
2026-04-24 12:30:06,881 | INFO | ROC-AUC: 0.8120
2026-04-24 12:30:06,881 | INFO | STEP 04 COMPLETED
2026-04-24 12:30:06,881 | INFO | Using ACTIVE_MODEL for XAI: xgboost
2026-04-24 12:30:06,881 | INFO | XAI model: xgboost
2026-04-24 12:30:06,881 | INFO | ============================================================
2026-04-24 12:30:06,882 | INFO | STEP 05 - EXPLAINABILITY (SHAP + PERMUTATION FI)
2026-04-24 12:30:06,882 | INFO | ============================================================
2026-04-24 12:30:06,882 | INFO | Running SHAP analysis for: xgboost
2026-04-24 12:30:06,882 | INFO | Running SHAP analysis for model: xgboost
2026-04-24 12:30:07,007 | INFO | TreeExplainer: OK
2026-04-24 12:30:07,151 | INFO | SHAP computation time: 0.25s
2026-04-24 12:30:07,838 | INFO | Saved: C:\Projects\uit\diabetes-xai-agreement\outputs\cdc_brfss_2021_rebuilt\shap\xgboost_shap_summary.png
2026-04-24 12:30:08,096 | INFO | Saved: C:\Projects\uit\diabetes-xai-agreement\outputs\cdc_brfss_2021_rebuilt\shap\xgboost_shap_bar.png
2026-04-24 12:30:08,101 | INFO | Saved: C:\Projects\uit\diabetes-xai-agreement\outputs\cdc_brfss_2021_rebuilt\shap\xgboost_shap_feature_importance.csv
2026-04-24 12:30:08,101 | INFO | SHAP analysis completed
2026-04-24 12:30:08,102 | INFO | SHAP analysis completed in 0.25s
2026-04-24 12:30:08,103 | INFO | Running Permutation Importance for: xgboost (scoring=roc_auc, n_repeats=10)
2026-04-24 12:30:59,017 | INFO | Permutation FI saved to: C:\Projects\uit\diabetes-xai-agreement\outputs\cdc_brfss_2021_rebuilt\fi\xgboost_feature_importance.csv (50.9109s)
2026-04-24 12:30:59,017 | INFO | Permutation FI completed in 50.9109s
2026-04-24 12:30:59,017 | INFO | STEP 05 COMPLETED
2026-04-24 12:30:59,017 | INFO | ============================================================
2026-04-24 12:30:59,017 | INFO | STEP 06 - RESULT VISUALIZATION
2026-04-24 12:30:59,017 | INFO | ============================================================
2026-04-24 12:30:59,238 | INFO | STEP 06 COMPLETED
2026-04-24 12:30:59,238 | INFO | ============================================================
2026-04-24 12:30:59,238 | INFO | STEP 07 - ERROR ANALYSIS + FAIRNESS (EQUALIZED ODDS)
2026-04-24 12:30:59,238 | INFO | ============================================================
2026-04-24 12:30:59,621 | INFO | Saved error analysis outputs to C:\Projects\uit\diabetes-xai-agreement\outputs\cdc_brfss_2021_rebuilt\analysis
2026-04-24 12:30:59,624 | INFO | Running Equalized Odds fairness analysis for: xgboost
2026-04-24 12:30:59,877 | INFO |   Saved: C:\Projects\uit\diabetes-xai-agreement\outputs\cdc_brfss_2021_rebuilt\analysis\xgboost_fairness_age_detail.csv
2026-04-24 12:30:59,877 | INFO |   Age: dTPR=0.209  dFPR=0.056  EO=0.209  [Nghiem trong]
2026-04-24 12:30:59,905 | INFO |   Saved: C:\Projects\uit\diabetes-xai-agreement\outputs\cdc_brfss_2021_rebuilt\analysis\xgboost_fairness_sex_detail.csv
2026-04-24 12:30:59,905 | INFO |   Sex: dTPR=0.023  dFPR=0.004  EO=0.023  [Tot]
2026-04-24 12:30:59,930 | INFO |   Saved: C:\Projects\uit\diabetes-xai-agreement\outputs\cdc_brfss_2021_rebuilt\analysis\xgboost_fairness_income_detail.csv
2026-04-24 12:30:59,930 | INFO |   Income: dTPR=0.303  dFPR=0.102  EO=0.303  [Nghiem trong]
2026-04-24 12:30:59,932 | INFO |   Saved summary: C:\Projects\uit\diabetes-xai-agreement\outputs\cdc_brfss_2021_rebuilt\analysis\xgboost_fairness_equalized_odds_summary.csv
2026-04-24 12:30:59,932 | INFO | Equalized Odds fairness analysis completed
2026-04-24 12:30:59,934 | INFO | Equalized Odds Summary:
2026-04-24 12:30:59,935 | INFO |   Age     : dTPR=0.209  dFPR=0.056  EO=0.209  [Nghiem trong]
2026-04-24 12:30:59,935 | INFO |   Sex     : dTPR=0.023  dFPR=0.004  EO=0.023  [Tot]
2026-04-24 12:30:59,935 | INFO |   Income  : dTPR=0.303  dFPR=0.102  EO=0.303  [Nghiem trong]
2026-04-24 12:30:59,935 | INFO | Saved error analysis outputs to C:\Projects\uit\diabetes-xai-agreement\outputs\cdc_brfss_2021_rebuilt\analysis
2026-04-24 12:30:59,935 | INFO | STEP 07 COMPLETED
2026-04-24 12:30:59,935 | INFO | ============================================================
2026-04-24 12:30:59,935 | INFO | STEP 08 - STATISTICAL TEST
2026-04-24 12:30:59,935 | INFO | ============================================================
2026-04-24 12:30:59,946 | INFO | Saved statistical test results to C:\Projects\uit\diabetes-xai-agreement\outputs\cdc_brfss_2021_rebuilt\analysis\statistical_test_results.csv
2026-04-24 12:30:59,946 | INFO | STEP 08 COMPLETED
2026-04-24 12:30:59,946 | INFO | ============================================================
2026-04-24 12:30:59,946 | INFO | STEP 09 - GENERATE RESULT TABLES
2026-04-24 12:30:59,946 | INFO | ============================================================
2026-04-24 12:30:59,948 | INFO | Saved comparison table to C:\Projects\uit\diabetes-xai-agreement\outputs\cdc_brfss_2021_rebuilt\tables\model_comparison_table.csv
2026-04-24 12:30:59,948 | INFO | STEP 09 COMPLETED
2026-04-24 12:30:59,949 | INFO | ============================================================
2026-04-24 12:30:59,949 | INFO | STEP 10 - REPRODUCIBILITY
2026-04-24 12:30:59,949 | INFO | ============================================================
2026-04-24 12:30:59,975 | INFO | Saved experiment summary to C:\Projects\uit\diabetes-xai-agreement\outputs\cdc_brfss_2021_rebuilt\reproducibility\experiment_summary.json
2026-04-24 12:31:00,020 | INFO | Saved environment info to C:\Projects\uit\diabetes-xai-agreement\outputs\cdc_brfss_2021_rebuilt\reproducibility\environment.json
2026-04-24 12:31:00,020 | INFO | STEP 10 COMPLETED
2026-04-24 12:31:00,021 | INFO | ============================================================
2026-04-24 12:31:00,021 | INFO | STEP 11 - AUTO REPORT GENERATION
2026-04-24 12:31:00,021 | INFO | ============================================================
2026-04-24 12:31:00,022 | INFO | Report generated at: C:\Projects\uit\diabetes-xai-agreement\outputs\cdc_brfss_2021_rebuilt\auto_report.md
2026-04-24 12:31:00,022 | INFO | STEP 11 COMPLETED
