2026-04-23 18:34:00,312 | INFO | Logging initialized. Log file: C:\Projects\uit\diabetes-xai-agreement\logs\pipeline_20260423183400.log
2026-04-23 18:34:00,313 | INFO | ==============================================================================
2026-04-23 18:34:00,313 | INFO | [BOOTSTRAP] DATASET=cdc_brfss_2023_rebuilt MODEL=random_forest
2026-04-23 18:34:00,313 | INFO | ==============================================================================
2026-04-23 18:34:00,313 | INFO | ============================================================
2026-04-23 18:34:00,313 | INFO | STEP 01 - LOAD AND INSPECT DATASET
2026-04-23 18:34:00,314 | INFO | ============================================================
2026-04-23 18:34:01,343 | INFO | DEBUG MODE: sampling 10000 rows from 432339
2026-04-23 18:34:01,362 | INFO | Dataset rows after sampling: 10000
2026-04-23 18:34:01,362 | INFO | Dataset config: {'path': WindowsPath('C:/Projects/uit/diabetes-xai-agreement/data/processed/cdc_brfss_2023_rebuilt.csv'), 'target': 'Diabetes_binary', 'slug': 'cdc_brfss_2023_rebuilt', 'task': 'classification', 'include_columns': None}
2026-04-23 18:34:01,362 | INFO | Active dataset : cdc_brfss_2023_rebuilt
2026-04-23 18:34:01,362 | INFO | Dataset path   : C:\Projects\uit\diabetes-xai-agreement\data\processed\cdc_brfss_2023_rebuilt.csv
2026-04-23 18:34:01,362 | INFO | Target column  : Diabetes_binary
2026-04-23 18:34:01,362 | INFO | Rows    : 10000
2026-04-23 18:34:01,362 | INFO | Columns : 22
2026-04-23 18:34:01,362 | INFO | Columns: ['Diabetes_binary', 'HighBP', 'HighChol', 'CholCheck', 'BMI', 'Smoker', 'Stroke', 'HeartDiseaseorAttack', 'PhysActivity', 'Fruits', 'Veggies', 'HvyAlcoholConsump', 'AnyHealthcare', 'NoDocbcCost', 'GenHlth', 'MentHlth', 'PhysHlth', 'DiffWalk', 'Sex', 'Age', 'Education', 'Income']
2026-04-23 18:34:01,363 | INFO | 
   Diabetes_binary  HighBP  HighChol  CholCheck  ...  Sex  Age  Education  Income
0                0       1         0          0  ...    2    2          6       6
1                0       1         0          0  ...    2   10          5       6
2                0       1         0          0  ...    2    3          6       6
3                0       1         0          0  ...    1   10          5       6
4                1       1         1          0  ...    1   14          6       3

[5 rows x 22 columns]
2026-04-23 18:34:01,387 | INFO | Target distribution:
2026-04-23 18:34:01,388 | INFO | Diabetes_binary
0    8430
1    1570
Name: count, dtype: int64
2026-04-23 18:34:01,389 | INFO | Target ratio:
2026-04-23 18:34:01,389 | INFO | Diabetes_binary
0    0.843
1    0.157
Name: proportion, dtype: float64
2026-04-23 18:34:01,391 | INFO | Missing values:
2026-04-23 18:34:01,391 | INFO | No missing values
2026-04-23 18:34:01,391 | INFO | STEP 01 COMPLETED
2026-04-23 18:34:02,845 | INFO | ============================================================
2026-04-23 18:34:02,845 | INFO | STEP 02 - DATA PREPROCESSING
2026-04-23 18:34:02,845 | INFO | ============================================================
2026-04-23 18:34:02,847 | INFO | Dataset shape: (10000, 22)
2026-04-23 18:34:02,847 | INFO | Number of selected features: 21
2026-04-23 18:34:02,847 | INFO | Categorical features (0): []
2026-04-23 18:34:02,847 | INFO | Numerical features (21): ['HighBP', 'HighChol', 'CholCheck', 'BMI', 'Smoker', 'Stroke', 'HeartDiseaseorAttack', 'PhysActivity', 'Fruits', 'Veggies', 'HvyAlcoholConsump', 'AnyHealthcare', 'NoDocbcCost', 'GenHlth', 'MentHlth', 'PhysHlth', 'DiffWalk', 'Sex', 'Age', 'Education', 'Income']
2026-04-23 18:34:02,856 | INFO | Train size: 8000
2026-04-23 18:34:02,856 | INFO | Test size : 2000
2026-04-23 18:34:02,856 | INFO | STEP 02 COMPLETED
2026-04-23 18:34:02,856 | INFO | ============================================================
2026-04-23 18:34:02,856 | INFO | STEP 03 - BASELINE MODELS
2026-04-23 18:34:02,856 | INFO | ============================================================
2026-04-23 18:34:02,856 | INFO | Training baseline model: logistic_regression
2026-04-23 18:34:02,881 | INFO | Training time for logistic_regression: 0.02s
2026-04-23 18:34:02,881 | INFO | Evaluating model: logistic_regression
2026-04-23 18:34:03,064 | INFO | Saved confusion matrix: C:\Projects\uit\diabetes-xai-agreement\outputs\cdc_brfss_2023_rebuilt\confusion_matrix\logistic_regression_confusion_matrix.png
2026-04-23 18:34:03,064 | INFO | Metrics for logistic_regression: {'model': 'logistic_regression', 'accuracy': 0.713, 'f1': 0.4305555555555556, 'roc_auc': 0.7937454193772621, 'sensitivity': np.float64(0.6910828025477707), 'specificity': np.float64(0.7170818505338078), 'training_time_s': 0.02}
2026-04-23 18:34:03,064 | INFO | Training baseline model: decision_tree
2026-04-23 18:34:03,115 | INFO | Training time for decision_tree: 0.05s
2026-04-23 18:34:03,116 | INFO | Evaluating model: decision_tree
2026-04-23 18:34:03,296 | INFO | Saved confusion matrix: C:\Projects\uit\diabetes-xai-agreement\outputs\cdc_brfss_2023_rebuilt\confusion_matrix\decision_tree_confusion_matrix.png
2026-04-23 18:34:03,296 | INFO | Metrics for decision_tree: {'model': 'decision_tree', 'accuracy': 0.7695, 'f1': 0.26003210272873195, 'roc_auc': 0.5615182356007888, 'sensitivity': np.float64(0.25796178343949044), 'specificity': np.float64(0.8647686832740213), 'training_time_s': 0.05}
2026-04-23 18:34:03,297 | INFO | Training baseline model: random_forest
2026-04-23 18:34:04,745 | INFO | Training time for random_forest: 1.45s
2026-04-23 18:34:04,746 | INFO | Evaluating model: random_forest
2026-04-23 18:34:05,015 | INFO | Saved confusion matrix: C:\Projects\uit\diabetes-xai-agreement\outputs\cdc_brfss_2023_rebuilt\confusion_matrix\random_forest_confusion_matrix.png
2026-04-23 18:34:05,015 | INFO | Metrics for random_forest: {'model': 'random_forest', 'accuracy': 0.8345, 'f1': 0.22482435597189696, 'roc_auc': 0.7624866831380194, 'sensitivity': np.float64(0.15286624203821655), 'specificity': np.float64(0.961447212336892), 'training_time_s': 1.45}
2026-04-23 18:34:05,015 | INFO | Training baseline model: knn
2026-04-23 18:34:05,024 | INFO | Training time for knn: 0.01s
2026-04-23 18:34:05,025 | INFO | Evaluating model: knn
2026-04-23 18:34:06,640 | INFO | Saved confusion matrix: C:\Projects\uit\diabetes-xai-agreement\outputs\cdc_brfss_2023_rebuilt\confusion_matrix\knn_confusion_matrix.png
2026-04-23 18:34:06,641 | INFO | Metrics for knn: {'model': 'knn', 'accuracy': 0.826, 'f1': 0.26582278481012656, 'roc_auc': 0.7032615922811312, 'sensitivity': np.float64(0.20063694267515925), 'specificity': np.float64(0.9424673784104389), 'training_time_s': 0.01}
2026-04-23 18:34:06,641 | INFO | STEP 03 COMPLETED
2026-04-23 18:34:06,641 | INFO | ============================================================
2026-04-23 18:34:06,641 | INFO | STEP 04 - PROPOSED MODELS
2026-04-23 18:34:06,641 | INFO | ============================================================
2026-04-23 18:34:06,641 | INFO | Training proposed model: ann
2026-04-23 18:34:11,305 | INFO | Training time for ann: 4.66s
2026-04-23 18:34:11,305 | INFO | Evaluating model: ann
2026-04-23 18:34:11,491 | INFO | Saved confusion matrix: C:\Projects\uit\diabetes-xai-agreement\outputs\cdc_brfss_2023_rebuilt\confusion_matrix\ann_confusion_matrix.png
2026-04-23 18:34:11,491 | INFO | Training proposed model: xgboost
2026-04-23 18:34:12,108 | INFO | Training time for xgboost: 0.62s
2026-04-23 18:34:12,109 | INFO | Evaluating model: xgboost
2026-04-23 18:34:12,451 | INFO | Saved confusion matrix: C:\Projects\uit\diabetes-xai-agreement\outputs\cdc_brfss_2023_rebuilt\confusion_matrix\xgboost_confusion_matrix.png
2026-04-23 18:34:12,451 | INFO | Selecting best model...
2026-04-23 18:34:12,451 | INFO | Best model selected: xgboost
2026-04-23 18:34:12,451 | INFO | ROC-AUC: 0.7842
2026-04-23 18:34:12,451 | INFO | STEP 04 COMPLETED
2026-04-23 18:34:12,451 | INFO | Using ACTIVE_MODEL for XAI: random_forest
2026-04-23 18:34:12,451 | INFO | XAI model: random_forest
2026-04-23 18:34:12,451 | INFO | ============================================================
2026-04-23 18:34:12,452 | INFO | STEP 05 - EXPLAINABILITY (SHAP + PERMUTATION FI)
2026-04-23 18:34:12,452 | INFO | ============================================================
2026-04-23 18:34:12,452 | INFO | Running SHAP analysis for: random_forest
2026-04-23 18:34:12,452 | INFO | Running SHAP analysis for model: random_forest
2026-04-23 18:34:12,550 | INFO | TreeExplainer: OK
2026-04-23 18:34:55,671 | INFO | SHAP computation time: 43.21s
2026-04-23 18:34:56,608 | INFO | Saved: C:\Projects\uit\diabetes-xai-agreement\outputs\cdc_brfss_2023_rebuilt\shap\random_forest_shap_summary.png
2026-04-23 18:34:57,107 | INFO | Saved: C:\Projects\uit\diabetes-xai-agreement\outputs\cdc_brfss_2023_rebuilt\shap\random_forest_shap_bar.png
2026-04-23 18:34:57,111 | INFO | Saved: C:\Projects\uit\diabetes-xai-agreement\outputs\cdc_brfss_2023_rebuilt\shap\random_forest_shap_feature_importance.csv
2026-04-23 18:34:57,111 | INFO | SHAP analysis completed
2026-04-23 18:34:57,120 | INFO | SHAP analysis completed in 43.21s
2026-04-23 18:34:57,120 | INFO | Running Permutation Importance for: random_forest (scoring=roc_auc, n_repeats=10)
2026-04-23 18:35:11,643 | INFO | Permutation FI saved to: C:\Projects\uit\diabetes-xai-agreement\outputs\cdc_brfss_2023_rebuilt\fi\random_forest_feature_importance.csv (14.5179s)
2026-04-23 18:35:11,643 | INFO | Permutation FI completed in 14.5179s
2026-04-23 18:35:11,644 | INFO | STEP 05 COMPLETED
2026-04-23 18:35:11,644 | INFO | ============================================================
2026-04-23 18:35:11,644 | INFO | STEP 06 - RESULT VISUALIZATION
2026-04-23 18:35:11,644 | INFO | ============================================================
2026-04-23 18:35:11,908 | INFO | STEP 06 COMPLETED
2026-04-23 18:35:11,909 | INFO | ============================================================
2026-04-23 18:35:11,909 | INFO | STEP 07 - ERROR ANALYSIS + FAIRNESS (EQUALIZED ODDS)
2026-04-23 18:35:11,909 | INFO | ============================================================
2026-04-23 18:35:12,103 | INFO | Saved error analysis outputs to C:\Projects\uit\diabetes-xai-agreement\outputs\cdc_brfss_2023_rebuilt\analysis
2026-04-23 18:35:12,104 | INFO | Running Equalized Odds fairness analysis for: random_forest
2026-04-23 18:35:12,228 | INFO |   Saved: C:\Projects\uit\diabetes-xai-agreement\outputs\cdc_brfss_2023_rebuilt\analysis\random_forest_fairness_age_detail.csv
2026-04-23 18:35:12,228 | INFO |   Age: dTPR=0.261  dFPR=0.082  EO=0.261  [Nghiem trong]
2026-04-23 18:35:12,235 | INFO |   Saved: C:\Projects\uit\diabetes-xai-agreement\outputs\cdc_brfss_2023_rebuilt\analysis\random_forest_fairness_sex_detail.csv
2026-04-23 18:35:12,235 | INFO |   Sex: dTPR=0.022  dFPR=0.014  EO=0.022  [Tot]
2026-04-23 18:35:12,247 | INFO |   Saved: C:\Projects\uit\diabetes-xai-agreement\outputs\cdc_brfss_2023_rebuilt\analysis\random_forest_fairness_income_detail.csv
2026-04-23 18:35:12,247 | INFO |   Income: dTPR=0.321  dFPR=0.079  EO=0.321  [Nghiem trong]
2026-04-23 18:35:12,250 | INFO |   Saved summary: C:\Projects\uit\diabetes-xai-agreement\outputs\cdc_brfss_2023_rebuilt\analysis\random_forest_fairness_equalized_odds_summary.csv
2026-04-23 18:35:12,250 | INFO | Equalized Odds fairness analysis completed
2026-04-23 18:35:12,250 | INFO | Equalized Odds Summary:
2026-04-23 18:35:12,251 | INFO |   Age     : dTPR=0.261  dFPR=0.082  EO=0.261  [Nghiem trong]
2026-04-23 18:35:12,251 | INFO |   Sex     : dTPR=0.022  dFPR=0.014  EO=0.022  [Tot]
2026-04-23 18:35:12,251 | INFO |   Income  : dTPR=0.321  dFPR=0.079  EO=0.321  [Nghiem trong]
2026-04-23 18:35:12,252 | INFO | Saved error analysis outputs to C:\Projects\uit\diabetes-xai-agreement\outputs\cdc_brfss_2023_rebuilt\analysis
2026-04-23 18:35:12,252 | INFO | STEP 07 COMPLETED
2026-04-23 18:35:12,252 | INFO | ============================================================
2026-04-23 18:35:12,252 | INFO | STEP 08 - STATISTICAL TEST
2026-04-23 18:35:12,252 | INFO | ============================================================
2026-04-23 18:35:12,263 | INFO | Saved statistical test results to C:\Projects\uit\diabetes-xai-agreement\outputs\cdc_brfss_2023_rebuilt\analysis\statistical_test_results.csv
2026-04-23 18:35:12,263 | INFO | STEP 08 COMPLETED
2026-04-23 18:35:12,263 | INFO | ============================================================
2026-04-23 18:35:12,263 | INFO | STEP 09 - GENERATE RESULT TABLES
2026-04-23 18:35:12,263 | INFO | ============================================================
2026-04-23 18:35:12,266 | INFO | Saved comparison table to C:\Projects\uit\diabetes-xai-agreement\outputs\cdc_brfss_2023_rebuilt\tables\model_comparison_table.csv
2026-04-23 18:35:12,266 | INFO | STEP 09 COMPLETED
2026-04-23 18:35:12,266 | INFO | ============================================================
2026-04-23 18:35:12,266 | INFO | STEP 10 - REPRODUCIBILITY
2026-04-23 18:35:12,266 | INFO | ============================================================
2026-04-23 18:35:12,305 | INFO | Saved experiment summary to C:\Projects\uit\diabetes-xai-agreement\outputs\cdc_brfss_2023_rebuilt\reproducibility\experiment_summary.json
