2026-04-23 21:11:42,459 | INFO | Logging initialized. Log file: C:\Projects\uit\diabetes-xai-agreement\logs\pipeline_20260423211142.log
2026-04-23 21:11:42,459 | INFO | ==============================================================================
2026-04-23 21:11:42,460 | INFO | [BOOTSTRAP] DATASET=cdc_brfss_2021_rebuilt MODEL=logistic_regression
2026-04-23 21:11:42,460 | INFO | ==============================================================================
2026-04-23 21:11:42,460 | INFO | ============================================================
2026-04-23 21:11:42,460 | INFO | STEP 01 - LOAD AND INSPECT DATASET
2026-04-23 21:11:42,460 | INFO | ============================================================
2026-04-23 21:11:43,464 | INFO | Dataset rows after sampling: 437708
2026-04-23 21:11:43,464 | INFO | Dataset config: {'path': WindowsPath('C:/Projects/uit/diabetes-xai-agreement/data/processed/cdc_brfss_2021_rebuilt.csv'), 'target': 'Diabetes_binary', 'slug': 'cdc_brfss_2021_rebuilt', 'task': 'classification', 'include_columns': None}
2026-04-23 21:11:43,464 | INFO | Active dataset : cdc_brfss_2021_rebuilt
2026-04-23 21:11:43,464 | INFO | Dataset path   : C:\Projects\uit\diabetes-xai-agreement\data\processed\cdc_brfss_2021_rebuilt.csv
2026-04-23 21:11:43,464 | INFO | Target column  : Diabetes_binary
2026-04-23 21:11:43,464 | INFO | Rows    : 437708
2026-04-23 21:11:43,464 | INFO | Columns : 22
2026-04-23 21:11:43,464 | INFO | Columns: ['Diabetes_binary', 'HighBP', 'HighChol', 'CholCheck', 'BMI', 'Smoker', 'Stroke', 'HeartDiseaseorAttack', 'PhysActivity', 'Fruits', 'Veggies', 'HvyAlcoholConsump', 'AnyHealthcare', 'NoDocbcCost', 'GenHlth', 'MentHlth', 'PhysHlth', 'DiffWalk', 'Sex', 'Age', 'Education', 'Income']
2026-04-23 21:11:43,466 | INFO | 
   Diabetes_binary  HighBP  HighChol  CholCheck  ...  Sex  Age  Education  Income
0                0       1         1          0  ...    2   11          4       5
1                1       1         1          0  ...    2   10          6       6
2                1       1         0          0  ...    2   11          4       3
3                1       1         1          0  ...    2   10          4       6
4                1       1         1          0  ...    1   12          3       4

[5 rows x 22 columns]
2026-04-23 21:11:43,491 | INFO | Target distribution:
2026-04-23 21:11:43,494 | INFO | Diabetes_binary
0    370150
1     67558
Name: count, dtype: int64
2026-04-23 21:11:43,495 | INFO | Target ratio:
2026-04-23 21:11:43,498 | INFO | Diabetes_binary
0    0.845655
1    0.154345
Name: proportion, dtype: float64
2026-04-23 21:11:43,515 | INFO | Missing values:
2026-04-23 21:11:43,515 | INFO | No missing values
2026-04-23 21:11:43,515 | INFO | STEP 01 COMPLETED
2026-04-23 21:11:46,079 | INFO | ============================================================
2026-04-23 21:11:46,080 | INFO | STEP 02 - DATA PREPROCESSING
2026-04-23 21:11:46,080 | INFO | ============================================================
2026-04-23 21:11:46,081 | INFO | Dataset shape: (437708, 22)
2026-04-23 21:11:46,081 | INFO | Number of selected features: 21
2026-04-23 21:11:46,081 | INFO | Categorical features (0): []
2026-04-23 21:11:46,081 | INFO | Numerical features (21): ['HighBP', 'HighChol', 'CholCheck', 'BMI', 'Smoker', 'Stroke', 'HeartDiseaseorAttack', 'PhysActivity', 'Fruits', 'Veggies', 'HvyAlcoholConsump', 'AnyHealthcare', 'NoDocbcCost', 'GenHlth', 'MentHlth', 'PhysHlth', 'DiffWalk', 'Sex', 'Age', 'Education', 'Income']
2026-04-23 21:11:46,292 | INFO | Train size: 350166
2026-04-23 21:11:46,292 | INFO | Test size : 87542
2026-04-23 21:11:46,292 | INFO | STEP 02 COMPLETED
2026-04-23 21:11:46,292 | INFO | ============================================================
2026-04-23 21:11:46,293 | INFO | STEP 03 - BASELINE MODELS
2026-04-23 21:11:46,293 | INFO | ============================================================
2026-04-23 21:11:46,293 | INFO | Training baseline model: logistic_regression
2026-04-23 21:11:46,688 | INFO | Training time for logistic_regression: 0.39s
2026-04-23 21:11:46,688 | INFO | Evaluating model: logistic_regression
2026-04-23 21:11:46,898 | INFO | Saved confusion matrix: C:\Projects\uit\diabetes-xai-agreement\outputs\cdc_brfss_2021_rebuilt\confusion_matrix\logistic_regression_confusion_matrix.png
2026-04-23 21:11:46,898 | INFO | Metrics for logistic_regression: {'model': 'logistic_regression', 'accuracy': 0.7158963697425236, 'f1': 0.4476425255957537, 'roc_auc': 0.8031452203181675, 'sensitivity': np.float64(0.7458555358200119), 'specificity': np.float64(0.7104282047818452), 'training_time_s': 0.39}
2026-04-23 21:11:46,898 | INFO | Training baseline model: decision_tree
2026-04-23 21:11:49,054 | INFO | Training time for decision_tree: 2.16s
2026-04-23 21:11:49,054 | INFO | Evaluating model: decision_tree
2026-04-23 21:11:49,290 | INFO | Saved confusion matrix: C:\Projects\uit\diabetes-xai-agreement\outputs\cdc_brfss_2021_rebuilt\confusion_matrix\decision_tree_confusion_matrix.png
2026-04-23 21:11:49,290 | INFO | Metrics for decision_tree: {'model': 'decision_tree', 'accuracy': 0.7757190834113911, 'f1': 0.29748103621010447, 'roc_auc': 0.5836050616191235, 'sensitivity': np.float64(0.3076524570751924), 'specificity': np.float64(0.861150884776442), 'training_time_s': 2.16}
2026-04-23 21:11:49,290 | INFO | Training baseline model: random_forest
2026-04-23 21:13:04,875 | INFO | Training time for random_forest: 75.58s
2026-04-23 21:13:04,875 | INFO | Evaluating model: random_forest
2026-04-23 21:13:16,033 | INFO | Saved confusion matrix: C:\Projects\uit\diabetes-xai-agreement\outputs\cdc_brfss_2021_rebuilt\confusion_matrix\random_forest_confusion_matrix.png
2026-04-23 21:13:16,033 | INFO | Metrics for random_forest: {'model': 'random_forest', 'accuracy': 0.8295332526101757, 'f1': 0.25641536698390555, 'roc_auc': 0.7617088116030281, 'sensitivity': np.float64(0.1904233274126702), 'specificity': np.float64(0.9461839794677833), 'training_time_s': 75.58}
2026-04-23 21:13:16,033 | INFO | Training baseline model: knn
2026-04-23 21:13:16,219 | INFO | Training time for knn: 0.19s
2026-04-23 21:13:16,219 | INFO | Evaluating model: knn
2026-04-23 21:14:25,942 | INFO | Saved confusion matrix: C:\Projects\uit\diabetes-xai-agreement\outputs\cdc_brfss_2021_rebuilt\confusion_matrix\knn_confusion_matrix.png
2026-04-23 21:14:25,943 | INFO | Metrics for knn: {'model': 'knn', 'accuracy': 0.8290420598112905, 'f1': 0.27073384660364486, 'roc_auc': 0.7057252724340788, 'sensitivity': np.float64(0.205595026642984), 'specificity': np.float64(0.9428339862218019), 'training_time_s': 0.19}
2026-04-23 21:14:25,943 | INFO | STEP 03 COMPLETED
2026-04-23 21:14:25,943 | INFO | ============================================================
2026-04-23 21:14:25,943 | INFO | STEP 04 - PROPOSED MODELS
2026-04-23 21:14:25,943 | INFO | ============================================================
2026-04-23 21:14:25,943 | INFO | Training proposed model: ann
2026-04-23 21:15:33,591 | INFO | Training time for ann: 67.65s
2026-04-23 21:15:33,591 | INFO | Evaluating model: ann
2026-04-23 21:15:33,861 | INFO | Saved confusion matrix: C:\Projects\uit\diabetes-xai-agreement\outputs\cdc_brfss_2021_rebuilt\confusion_matrix\ann_confusion_matrix.png
2026-04-23 21:15:33,861 | INFO | Training proposed model: xgboost
2026-04-23 21:15:38,612 | INFO | Training time for xgboost: 4.75s
2026-04-23 21:15:38,613 | INFO | Evaluating model: xgboost
2026-04-23 21:15:39,054 | INFO | Saved confusion matrix: C:\Projects\uit\diabetes-xai-agreement\outputs\cdc_brfss_2021_rebuilt\confusion_matrix\xgboost_confusion_matrix.png
2026-04-23 21:15:39,054 | INFO | Selecting best model...
2026-04-23 21:15:39,054 | INFO | Best model selected: xgboost
2026-04-23 21:15:39,054 | INFO | ROC-AUC: 0.8120
2026-04-23 21:15:39,054 | INFO | STEP 04 COMPLETED
2026-04-23 21:15:39,054 | INFO | Using ACTIVE_MODEL for XAI: logistic_regression
2026-04-23 21:15:39,054 | INFO | XAI model: logistic_regression
2026-04-23 21:15:39,055 | INFO | ============================================================
2026-04-23 21:15:39,055 | INFO | STEP 05 - EXPLAINABILITY (SHAP + PERMUTATION FI)
2026-04-23 21:15:39,055 | INFO | ============================================================
2026-04-23 21:15:39,055 | INFO | Running SHAP analysis for: logistic_regression
2026-04-23 21:15:39,055 | INFO | Running LinearSHAP for model: logistic_regression
2026-04-23 21:15:39,089 | INFO | LinearSHAP computation time: 0.01s
2026-04-23 21:16:05,891 | INFO | Saved: C:\Projects\uit\diabetes-xai-agreement\outputs\cdc_brfss_2021_rebuilt\shap\logistic_regression_shap_feature_importance.csv
2026-04-23 21:16:05,891 | INFO | LinearSHAP analysis completed
2026-04-23 21:16:05,892 | INFO | SHAP analysis completed in 0.01s
2026-04-23 21:16:05,893 | INFO | Running Permutation Importance for: logistic_regression (scoring=roc_auc, n_repeats=10)
2026-04-23 21:16:12,532 | INFO | Permutation FI saved to: C:\Projects\uit\diabetes-xai-agreement\outputs\cdc_brfss_2021_rebuilt\fi\logistic_regression_feature_importance.csv (6.6325s)
2026-04-23 21:16:12,532 | INFO | Permutation FI completed in 6.6325s
2026-04-23 21:16:12,532 | INFO | STEP 05 COMPLETED
2026-04-23 21:16:12,532 | INFO | ============================================================
2026-04-23 21:16:12,532 | INFO | STEP 06 - RESULT VISUALIZATION
2026-04-23 21:16:12,532 | INFO | ============================================================
2026-04-23 21:16:12,702 | INFO | STEP 06 COMPLETED
2026-04-23 21:16:12,702 | INFO | ============================================================
2026-04-23 21:16:12,702 | INFO | STEP 07 - ERROR ANALYSIS + FAIRNESS (EQUALIZED ODDS)
2026-04-23 21:16:12,702 | INFO | ============================================================
2026-04-23 21:16:12,849 | INFO | Saved error analysis outputs to C:\Projects\uit\diabetes-xai-agreement\outputs\cdc_brfss_2021_rebuilt\analysis
2026-04-23 21:16:12,851 | INFO | Running Equalized Odds fairness analysis for: logistic_regression
2026-04-23 21:16:12,908 | INFO |   Saved: C:\Projects\uit\diabetes-xai-agreement\outputs\cdc_brfss_2021_rebuilt\analysis\logistic_regression_fairness_age_detail.csv
2026-04-23 21:16:12,908 | INFO |   Age: dTPR=0.798  dFPR=0.651  EO=0.798  [Nghiem trong]
2026-04-23 21:16:12,923 | INFO |   Saved: C:\Projects\uit\diabetes-xai-agreement\outputs\cdc_brfss_2021_rebuilt\analysis\logistic_regression_fairness_sex_detail.csv
2026-04-23 21:16:12,923 | INFO |   Sex: dTPR=0.036  dFPR=0.036  EO=0.036  [Tot]
2026-04-23 21:16:12,942 | INFO |   Saved: C:\Projects\uit\diabetes-xai-agreement\outputs\cdc_brfss_2021_rebuilt\analysis\logistic_regression_fairness_income_detail.csv
2026-04-23 21:16:12,942 | INFO |   Income: dTPR=0.506  dFPR=0.472  EO=0.506  [Nghiem trong]
2026-04-23 21:16:12,943 | INFO |   Saved summary: C:\Projects\uit\diabetes-xai-agreement\outputs\cdc_brfss_2021_rebuilt\analysis\logistic_regression_fairness_equalized_odds_summary.csv
2026-04-23 21:16:12,943 | INFO | Equalized Odds fairness analysis completed
2026-04-23 21:16:12,945 | INFO | Equalized Odds Summary:
2026-04-23 21:16:12,945 | INFO |   Age     : dTPR=0.798  dFPR=0.651  EO=0.798  [Nghiem trong]
2026-04-23 21:16:12,945 | INFO |   Sex     : dTPR=0.036  dFPR=0.036  EO=0.036  [Tot]
2026-04-23 21:16:12,945 | INFO |   Income  : dTPR=0.506  dFPR=0.472  EO=0.506  [Nghiem trong]
2026-04-23 21:16:12,946 | INFO | Saved error analysis outputs to C:\Projects\uit\diabetes-xai-agreement\outputs\cdc_brfss_2021_rebuilt\analysis
2026-04-23 21:16:12,946 | INFO | STEP 07 COMPLETED
2026-04-23 21:16:12,946 | INFO | ============================================================
2026-04-23 21:16:12,946 | INFO | STEP 08 - STATISTICAL TEST
2026-04-23 21:16:12,946 | INFO | ============================================================
2026-04-23 21:16:12,955 | INFO | Saved statistical test results to C:\Projects\uit\diabetes-xai-agreement\outputs\cdc_brfss_2021_rebuilt\analysis\statistical_test_results.csv
2026-04-23 21:16:12,955 | INFO | STEP 08 COMPLETED
2026-04-23 21:16:12,955 | INFO | ============================================================
2026-04-23 21:16:12,955 | INFO | STEP 09 - GENERATE RESULT TABLES
2026-04-23 21:16:12,955 | INFO | ============================================================
2026-04-23 21:16:12,957 | INFO | Saved comparison table to C:\Projects\uit\diabetes-xai-agreement\outputs\cdc_brfss_2021_rebuilt\tables\model_comparison_table.csv
2026-04-23 21:16:12,957 | INFO | STEP 09 COMPLETED
2026-04-23 21:16:12,957 | INFO | ============================================================
2026-04-23 21:16:12,957 | INFO | STEP 10 - REPRODUCIBILITY
2026-04-23 21:16:12,957 | INFO | ============================================================
2026-04-23 21:16:12,975 | INFO | Saved experiment summary to C:\Projects\uit\diabetes-xai-agreement\outputs\cdc_brfss_2021_rebuilt\reproducibility\experiment_summary.json
