2026-04-23 17:48:47,097 | INFO | Logging initialized. Log file: C:\Projects\uit\diabetes-xai-agreement\logs\pipeline_20260423174847.log
2026-04-23 17:48:47,097 | INFO | ==============================================================================
2026-04-23 17:48:47,097 | INFO | [BOOTSTRAP] DATASET=cdc_brfss_2015_rebuilt MODEL=xgboost
2026-04-23 17:48:47,097 | INFO | ==============================================================================
2026-04-23 17:48:47,097 | INFO | ============================================================
2026-04-23 17:48:47,097 | INFO | STEP 01 - LOAD AND INSPECT DATASET
2026-04-23 17:48:47,098 | INFO | ============================================================
2026-04-23 17:48:48,239 | INFO | DEBUG MODE: sampling 1000 rows from 440658
2026-04-23 17:48:48,258 | INFO | Dataset rows after sampling: 1000
2026-04-23 17:48:48,259 | INFO | Dataset config: {'path': WindowsPath('C:/Projects/uit/diabetes-xai-agreement/data/processed/cdc_brfss_2015_rebuilt.csv'), 'target': 'Diabetes_binary', 'slug': 'cdc_brfss_2015_rebuilt', 'task': 'classification', 'include_columns': None}
2026-04-23 17:48:48,259 | INFO | Active dataset : cdc_brfss_2015_rebuilt
2026-04-23 17:48:48,259 | INFO | Dataset path   : C:\Projects\uit\diabetes-xai-agreement\data\processed\cdc_brfss_2015_rebuilt.csv
2026-04-23 17:48:48,259 | INFO | Target column  : Diabetes_binary
2026-04-23 17:48:48,259 | INFO | Rows    : 1000
2026-04-23 17:48:48,259 | INFO | Columns : 22
2026-04-23 17:48:48,259 | INFO | Columns: ['Diabetes_binary', 'HighBP', 'HighChol', 'CholCheck', 'BMI', 'Smoker', 'Stroke', 'HeartDiseaseorAttack', 'PhysActivity', 'Fruits', 'Veggies', 'HvyAlcoholConsump', 'AnyHealthcare', 'NoDocbcCost', 'GenHlth', 'MentHlth', 'PhysHlth', 'DiffWalk', 'Sex', 'Age', 'Education', 'Income']
2026-04-23 17:48:48,259 | INFO | 
   Diabetes_binary  HighBP  HighChol  CholCheck  ...  Sex  Age  Education  Income
0                0       1         1          1  ...    2   10          5       6
1                0       1         0          1  ...    2    6          6       6
2                0       1         1          1  ...    2   10          5       6
3                0       1         1          1  ...    2   11          5       5
4                0       1         1          1  ...    1   10          5       6

[5 rows x 22 columns]
2026-04-23 17:48:48,286 | INFO | Target distribution:
2026-04-23 17:48:48,287 | INFO | Diabetes_binary
0    876
1    124
Name: count, dtype: int64
2026-04-23 17:48:48,287 | INFO | Target ratio:
2026-04-23 17:48:48,288 | INFO | Diabetes_binary
0    0.876
1    0.124
Name: proportion, dtype: float64
2026-04-23 17:48:48,289 | INFO | Missing values:
2026-04-23 17:48:48,289 | INFO | No missing values
2026-04-23 17:48:48,289 | INFO | STEP 01 COMPLETED
2026-04-23 17:48:49,597 | INFO | ============================================================
2026-04-23 17:48:49,597 | INFO | STEP 02 - DATA PREPROCESSING
2026-04-23 17:48:49,597 | INFO | ============================================================
2026-04-23 17:48:49,598 | INFO | Dataset shape: (1000, 22)
2026-04-23 17:48:49,598 | INFO | Number of selected features: 21
2026-04-23 17:48:49,598 | INFO | Categorical features (0): []
2026-04-23 17:48:49,598 | INFO | Numerical features (21): ['HighBP', 'HighChol', 'CholCheck', 'BMI', 'Smoker', 'Stroke', 'HeartDiseaseorAttack', 'PhysActivity', 'Fruits', 'Veggies', 'HvyAlcoholConsump', 'AnyHealthcare', 'NoDocbcCost', 'GenHlth', 'MentHlth', 'PhysHlth', 'DiffWalk', 'Sex', 'Age', 'Education', 'Income']
2026-04-23 17:48:49,601 | INFO | Train size: 800
2026-04-23 17:48:49,601 | INFO | Test size : 200
2026-04-23 17:48:49,601 | INFO | STEP 02 COMPLETED
2026-04-23 17:48:49,601 | INFO | ============================================================
2026-04-23 17:48:49,601 | INFO | STEP 03 - BASELINE MODELS
2026-04-23 17:48:49,601 | INFO | ============================================================
2026-04-23 17:48:49,601 | INFO | Training baseline model: logistic_regression
2026-04-23 17:48:49,613 | INFO | Training time for logistic_regression: 0.01s
2026-04-23 17:48:49,613 | INFO | Evaluating model: logistic_regression
2026-04-23 17:48:49,751 | INFO | Saved confusion matrix: C:\Projects\uit\diabetes-xai-agreement\outputs\cdc_brfss_2015_rebuilt\confusion_matrix\logistic_regression_confusion_matrix.png
2026-04-23 17:48:49,751 | INFO | Metrics for logistic_regression: {'model': 'logistic_regression', 'accuracy': 0.715, 'f1': 0.4, 'roc_auc': 0.7531428571428571, 'sensitivity': np.float64(0.76), 'specificity': np.float64(0.7085714285714285), 'training_time_s': 0.01}
2026-04-23 17:48:49,751 | INFO | Training baseline model: decision_tree
2026-04-23 17:48:49,758 | INFO | Training time for decision_tree: 0.01s
2026-04-23 17:48:49,758 | INFO | Evaluating model: decision_tree
2026-04-23 17:48:49,917 | INFO | Saved confusion matrix: C:\Projects\uit\diabetes-xai-agreement\outputs\cdc_brfss_2015_rebuilt\confusion_matrix\decision_tree_confusion_matrix.png
2026-04-23 17:48:49,917 | INFO | Metrics for decision_tree: {'model': 'decision_tree', 'accuracy': 0.81, 'f1': 0.20833333333333334, 'roc_auc': 0.5485714285714285, 'sensitivity': np.float64(0.2), 'specificity': np.float64(0.8971428571428571), 'training_time_s': 0.01}
2026-04-23 17:48:49,917 | INFO | Training baseline model: random_forest
2026-04-23 17:48:50,198 | INFO | Training time for random_forest: 0.28s
2026-04-23 17:48:50,198 | INFO | Evaluating model: random_forest
2026-04-23 17:48:50,357 | INFO | Saved confusion matrix: C:\Projects\uit\diabetes-xai-agreement\outputs\cdc_brfss_2015_rebuilt\confusion_matrix\random_forest_confusion_matrix.png
2026-04-23 17:48:50,357 | INFO | Metrics for random_forest: {'model': 'random_forest', 'accuracy': 0.865, 'f1': 0.06896551724137931, 'roc_auc': 0.7, 'sensitivity': np.float64(0.04), 'specificity': np.float64(0.9828571428571429), 'training_time_s': 0.28}
2026-04-23 17:48:50,357 | INFO | Training baseline model: knn
2026-04-23 17:48:50,362 | INFO | Training time for knn: 0.0s
2026-04-23 17:48:50,362 | INFO | Evaluating model: knn
2026-04-23 17:48:51,976 | INFO | Saved confusion matrix: C:\Projects\uit\diabetes-xai-agreement\outputs\cdc_brfss_2015_rebuilt\confusion_matrix\knn_confusion_matrix.png
2026-04-23 17:48:51,976 | INFO | Metrics for knn: {'model': 'knn', 'accuracy': 0.845, 'f1': 0.24390243902439024, 'roc_auc': 0.6085714285714285, 'sensitivity': np.float64(0.2), 'specificity': np.float64(0.9371428571428572), 'training_time_s': 0.0}
2026-04-23 17:48:51,976 | INFO | STEP 03 COMPLETED
2026-04-23 17:48:51,976 | INFO | ============================================================
2026-04-23 17:48:51,976 | INFO | STEP 04 - PROPOSED MODELS
2026-04-23 17:48:51,976 | INFO | ============================================================
2026-04-23 17:48:51,976 | INFO | Training proposed model: ann
2026-04-23 17:48:52,411 | INFO | Training time for ann: 0.43s
2026-04-23 17:48:52,411 | INFO | Evaluating model: ann
2026-04-23 17:48:52,528 | INFO | Saved confusion matrix: C:\Projects\uit\diabetes-xai-agreement\outputs\cdc_brfss_2015_rebuilt\confusion_matrix\ann_confusion_matrix.png
2026-04-23 17:48:52,528 | INFO | Training proposed model: xgboost
2026-04-23 17:48:52,672 | INFO | Training time for xgboost: 0.14s
2026-04-23 17:48:52,672 | INFO | Evaluating model: xgboost
2026-04-23 17:48:52,844 | INFO | Saved confusion matrix: C:\Projects\uit\diabetes-xai-agreement\outputs\cdc_brfss_2015_rebuilt\confusion_matrix\xgboost_confusion_matrix.png
2026-04-23 17:48:52,845 | INFO | Selecting best model...
2026-04-23 17:48:52,845 | INFO | Best model selected: xgboost
2026-04-23 17:48:52,845 | INFO | ROC-AUC: 0.6880
2026-04-23 17:48:52,845 | INFO | STEP 04 COMPLETED
2026-04-23 17:48:52,845 | INFO | Using ACTIVE_MODEL for XAI: xgboost
2026-04-23 17:48:52,845 | INFO | XAI model: xgboost
2026-04-23 17:48:52,845 | INFO | ============================================================
2026-04-23 17:48:52,845 | INFO | STEP 05 - EXPLAINABILITY (SHAP + PERMUTATION FI)
2026-04-23 17:48:52,845 | INFO | ============================================================
2026-04-23 17:48:52,846 | INFO | Running SHAP analysis for: xgboost
2026-04-23 17:48:52,846 | INFO | Running SHAP analysis for model: xgboost
2026-04-23 17:48:52,926 | INFO | TreeExplainer: OK
2026-04-23 17:48:53,232 | INFO | SHAP computation time: 0.38s
2026-04-23 17:48:53,953 | INFO | Saved: C:\Projects\uit\diabetes-xai-agreement\outputs\cdc_brfss_2015_rebuilt\shap\xgboost_shap_summary.png
2026-04-23 17:48:54,289 | INFO | Saved: C:\Projects\uit\diabetes-xai-agreement\outputs\cdc_brfss_2015_rebuilt\shap\xgboost_shap_bar.png
2026-04-23 17:48:54,294 | INFO | Saved: C:\Projects\uit\diabetes-xai-agreement\outputs\cdc_brfss_2015_rebuilt\shap\xgboost_shap_feature_importance.csv
2026-04-23 17:48:54,294 | INFO | SHAP analysis completed
2026-04-23 17:48:54,294 | INFO | SHAP analysis completed in 0.38s
2026-04-23 17:48:54,295 | INFO | Running Permutation Importance for: xgboost (scoring=roc_auc, n_repeats=10)
2026-04-23 17:48:58,961 | INFO | Permutation FI saved to: C:\Projects\uit\diabetes-xai-agreement\outputs\cdc_brfss_2015_rebuilt\fi\xgboost_feature_importance.csv (4.6632s)
2026-04-23 17:48:58,961 | INFO | Permutation FI completed in 4.6632s
2026-04-23 17:48:58,962 | INFO | STEP 05 COMPLETED
2026-04-23 17:48:58,962 | INFO | ============================================================
2026-04-23 17:48:58,962 | INFO | STEP 06 - RESULT VISUALIZATION
2026-04-23 17:48:58,962 | INFO | ============================================================
2026-04-23 17:48:59,117 | INFO | STEP 06 COMPLETED
2026-04-23 17:48:59,118 | INFO | ============================================================
2026-04-23 17:48:59,118 | INFO | STEP 07 - ERROR ANALYSIS + FAIRNESS (EQUALIZED ODDS)
2026-04-23 17:48:59,118 | INFO | ============================================================
2026-04-23 17:48:59,136 | INFO | Saved error analysis outputs to C:\Projects\uit\diabetes-xai-agreement\outputs\cdc_brfss_2015_rebuilt\analysis
2026-04-23 17:48:59,137 | INFO | Running Equalized Odds fairness analysis for: xgboost
2026-04-23 17:48:59,160 | INFO |   Saved: C:\Projects\uit\diabetes-xai-agreement\outputs\cdc_brfss_2015_rebuilt\analysis\xgboost_fairness_age_detail.csv
2026-04-23 17:48:59,160 | INFO |   Age: dTPR=0.250  dFPR=0.125  EO=0.250  [Nghiem trong]
2026-04-23 17:48:59,167 | INFO |   Saved: C:\Projects\uit\diabetes-xai-agreement\outputs\cdc_brfss_2015_rebuilt\analysis\xgboost_fairness_sex_detail.csv
2026-04-23 17:48:59,167 | INFO |   Sex: dTPR=0.188  dFPR=0.011  EO=0.188  [Đang lo ngai]
2026-04-23 17:48:59,178 | INFO |   Saved: C:\Projects\uit\diabetes-xai-agreement\outputs\cdc_brfss_2015_rebuilt\analysis\xgboost_fairness_income_detail.csv
2026-04-23 17:48:59,179 | INFO |   Income: dTPR=1.000  dFPR=0.200  EO=1.000  [Nghiem trong]
2026-04-23 17:48:59,181 | INFO |   Saved summary: C:\Projects\uit\diabetes-xai-agreement\outputs\cdc_brfss_2015_rebuilt\analysis\xgboost_fairness_equalized_odds_summary.csv
2026-04-23 17:48:59,181 | INFO | Equalized Odds fairness analysis completed
2026-04-23 17:48:59,181 | INFO | Equalized Odds Summary:
2026-04-23 17:48:59,182 | INFO |   Age     : dTPR=0.250  dFPR=0.125  EO=0.250  [Nghiem trong]
2026-04-23 17:48:59,182 | INFO |   Sex     : dTPR=0.188  dFPR=0.011  EO=0.188  [Đang lo ngai]
2026-04-23 17:48:59,182 | INFO |   Income  : dTPR=1.000  dFPR=0.200  EO=1.000  [Nghiem trong]
2026-04-23 17:48:59,182 | INFO | Saved error analysis outputs to C:\Projects\uit\diabetes-xai-agreement\outputs\cdc_brfss_2015_rebuilt\analysis
2026-04-23 17:48:59,182 | INFO | STEP 07 COMPLETED
2026-04-23 17:48:59,182 | INFO | ============================================================
2026-04-23 17:48:59,182 | INFO | STEP 08 - STATISTICAL TEST
2026-04-23 17:48:59,182 | INFO | ============================================================
2026-04-23 17:48:59,194 | INFO | Saved statistical test results to C:\Projects\uit\diabetes-xai-agreement\outputs\cdc_brfss_2015_rebuilt\analysis\statistical_test_results.csv
2026-04-23 17:48:59,194 | INFO | STEP 08 COMPLETED
2026-04-23 17:48:59,194 | INFO | ============================================================
2026-04-23 17:48:59,194 | INFO | STEP 09 - GENERATE RESULT TABLES
2026-04-23 17:48:59,194 | INFO | ============================================================
2026-04-23 17:48:59,197 | INFO | Saved comparison table to C:\Projects\uit\diabetes-xai-agreement\outputs\cdc_brfss_2015_rebuilt\tables\model_comparison_table.csv
2026-04-23 17:48:59,197 | INFO | STEP 09 COMPLETED
2026-04-23 17:48:59,197 | INFO | ============================================================
2026-04-23 17:48:59,197 | INFO | STEP 10 - REPRODUCIBILITY
2026-04-23 17:48:59,197 | INFO | ============================================================
2026-04-23 17:48:59,231 | INFO | Saved experiment summary to C:\Projects\uit\diabetes-xai-agreement\outputs\cdc_brfss_2015_rebuilt\reproducibility\experiment_summary.json
