2026-04-24 15:08:41,955 | INFO | Logging initialized. Log file: C:\Projects\uit\diabetes-xai-agreement\logs\pipeline_20260424150841.log
2026-04-24 15:08:41,955 | INFO | ==============================================================================
2026-04-24 15:08:41,955 | INFO | [BOOTSTRAP] DATASET=cdc_brfss_2023_rebuilt MODEL=logistic_regression
2026-04-24 15:08:41,955 | INFO | ==============================================================================
2026-04-24 15:08:41,956 | INFO | ============================================================
2026-04-24 15:08:41,956 | INFO | STEP 01 - LOAD AND INSPECT DATASET
2026-04-24 15:08:41,956 | INFO | ============================================================
2026-04-24 15:08:43,016 | INFO | Dataset rows after sampling: 432339
2026-04-24 15:08:43,016 | INFO | Dataset config: {'path': WindowsPath('C:/Projects/uit/diabetes-xai-agreement/data/processed/cdc_brfss_2023_rebuilt.csv'), 'target': 'Diabetes_binary', 'slug': 'cdc_brfss_2023_rebuilt', 'task': 'classification', 'include_columns': None}
2026-04-24 15:08:43,016 | INFO | Active dataset : cdc_brfss_2023_rebuilt
2026-04-24 15:08:43,016 | INFO | Dataset path   : C:\Projects\uit\diabetes-xai-agreement\data\processed\cdc_brfss_2023_rebuilt.csv
2026-04-24 15:08:43,016 | INFO | Target column  : Diabetes_binary
2026-04-24 15:08:43,016 | INFO | Rows    : 432339
2026-04-24 15:08:43,016 | INFO | Columns : 22
2026-04-24 15:08:43,017 | INFO | Columns: ['Diabetes_binary', 'HighBP', 'HighChol', 'CholCheck', 'BMI', 'Smoker', 'Stroke', 'HeartDiseaseorAttack', 'PhysActivity', 'Fruits', 'Veggies', 'HvyAlcoholConsump', 'AnyHealthcare', 'NoDocbcCost', 'GenHlth', 'MentHlth', 'PhysHlth', 'DiffWalk', 'Sex', 'Age', 'Education', 'Income']
2026-04-24 15:08:43,017 | INFO | 
   Diabetes_binary  HighBP  HighChol  CholCheck  ...  Sex  Age  Education  Income
0                1       1         0          0  ...    2   13          5       6
1                0       1         1          0  ...    2   13          5       6
2                0       1         1          0  ...    2   13          4       2
3                0       1         0          0  ...    2   12          5       6
4                1       1         0          0  ...    2   12          5       6

[5 rows x 22 columns]
2026-04-24 15:08:43,087 | INFO | Target distribution:
2026-04-24 15:08:43,099 | INFO | Diabetes_binary
0    361959
1     70380
Name: count, dtype: int64
2026-04-24 15:08:43,100 | INFO | Target ratio:
2026-04-24 15:08:43,116 | INFO | Diabetes_binary
0    0.837211
1    0.162789
Name: proportion, dtype: float64
2026-04-24 15:08:43,148 | INFO | Missing values:
2026-04-24 15:08:43,148 | INFO | No missing values
2026-04-24 15:08:43,149 | INFO | STEP 01 COMPLETED
2026-04-24 15:08:47,125 | INFO | ============================================================
2026-04-24 15:08:47,125 | INFO | STEP 02 - DATA PREPROCESSING
2026-04-24 15:08:47,125 | INFO | ============================================================
2026-04-24 15:08:47,126 | INFO | Dataset shape: (432339, 22)
2026-04-24 15:08:47,127 | INFO | Number of selected features: 21
2026-04-24 15:08:47,127 | INFO | Categorical features (0): []
2026-04-24 15:08:47,127 | INFO | Numerical features (21): ['HighBP', 'HighChol', 'CholCheck', 'BMI', 'Smoker', 'Stroke', 'HeartDiseaseorAttack', 'PhysActivity', 'Fruits', 'Veggies', 'HvyAlcoholConsump', 'AnyHealthcare', 'NoDocbcCost', 'GenHlth', 'MentHlth', 'PhysHlth', 'DiffWalk', 'Sex', 'Age', 'Education', 'Income']
2026-04-24 15:08:47,353 | INFO | Train size: 345871
2026-04-24 15:08:47,354 | INFO | Test size : 86468
2026-04-24 15:08:47,354 | INFO | STEP 02 COMPLETED
2026-04-24 15:08:47,354 | INFO | ============================================================
2026-04-24 15:08:47,354 | INFO | STEP 03 - BASELINE MODELS
2026-04-24 15:08:47,354 | INFO | ============================================================
2026-04-24 15:08:47,354 | INFO | Training baseline model: logistic_regression
2026-04-24 15:08:47,767 | INFO | Training time for logistic_regression: 0.41s
2026-04-24 15:08:47,767 | INFO | Evaluating model: logistic_regression
2026-04-24 15:08:47,985 | INFO | Saved confusion matrix: C:\Projects\uit\diabetes-xai-agreement\outputs\cdc_brfss_2023_rebuilt\confusion_matrix\logistic_regression_confusion_matrix.png
2026-04-24 15:08:47,985 | INFO | Metrics for logistic_regression: {'model': 'logistic_regression', 'accuracy': 0.7128764398390156, 'f1': 0.4581268961302573, 'roc_auc': 0.8005308251409844, 'sensitivity': np.float64(0.7455953395851094), 'specificity': np.float64(0.7065145319924854), 'training_time_s': 0.41}
2026-04-24 15:08:47,985 | INFO | Training baseline model: decision_tree
2026-04-24 15:08:50,181 | INFO | Training time for decision_tree: 2.2s
2026-04-24 15:08:50,181 | INFO | Evaluating model: decision_tree
2026-04-24 15:08:50,462 | INFO | Saved confusion matrix: C:\Projects\uit\diabetes-xai-agreement\outputs\cdc_brfss_2023_rebuilt\confusion_matrix\decision_tree_confusion_matrix.png
2026-04-24 15:08:50,462 | INFO | Metrics for decision_tree: {'model': 'decision_tree', 'accuracy': 0.7630105935143637, 'f1': 0.30123439950896813, 'roc_auc': 0.5822336702073655, 'sensitivity': np.float64(0.31379653310599603), 'specificity': np.float64(0.850356392971599), 'training_time_s': 2.2}
2026-04-24 15:08:50,462 | INFO | Training baseline model: random_forest
2026-04-24 15:10:15,386 | INFO | Training time for random_forest: 84.92s
2026-04-24 15:10:15,386 | INFO | Evaluating model: random_forest
2026-04-24 15:10:28,112 | INFO | Saved confusion matrix: C:\Projects\uit\diabetes-xai-agreement\outputs\cdc_brfss_2023_rebuilt\confusion_matrix\random_forest_confusion_matrix.png
2026-04-24 15:10:28,112 | INFO | Metrics for random_forest: {'model': 'random_forest', 'accuracy': 0.8151570523199334, 'f1': 0.27819175360158965, 'roc_auc': 0.7504695248213045, 'sensitivity': np.float64(0.21881216254617789), 'specificity': np.float64(0.9311111725052492), 'training_time_s': 84.92}
2026-04-24 15:10:28,112 | INFO | Training baseline model: knn
2026-04-24 15:10:28,308 | INFO | Training time for knn: 0.2s
2026-04-24 15:10:28,309 | INFO | Evaluating model: knn
2026-04-24 15:12:51,966 | INFO | Saved confusion matrix: C:\Projects\uit\diabetes-xai-agreement\outputs\cdc_brfss_2023_rebuilt\confusion_matrix\knn_confusion_matrix.png
2026-04-24 15:12:51,968 | INFO | Metrics for knn: {'model': 'knn', 'accuracy': 0.8232872276449091, 'f1': 0.2904244450636203, 'roc_auc': 0.7079070032528845, 'sensitivity': np.float64(0.22215117931230463), 'specificity': np.float64(0.9401729472869931), 'training_time_s': 0.2}
2026-04-24 15:12:51,968 | INFO | STEP 03 COMPLETED
2026-04-24 15:12:51,968 | INFO | ============================================================
2026-04-24 15:12:51,968 | INFO | STEP 04 - PROPOSED MODELS
2026-04-24 15:12:51,968 | INFO | ============================================================
2026-04-24 15:12:51,968 | INFO | Training proposed model: ann
2026-04-24 15:14:24,263 | INFO | Training time for ann: 92.3s
2026-04-24 15:14:24,263 | INFO | Evaluating model: ann
2026-04-24 15:14:24,664 | INFO | Saved confusion matrix: C:\Projects\uit\diabetes-xai-agreement\outputs\cdc_brfss_2023_rebuilt\confusion_matrix\ann_confusion_matrix.png
2026-04-24 15:14:24,664 | INFO | Training proposed model: xgboost
2026-04-24 15:14:34,217 | INFO | Training time for xgboost: 9.55s
2026-04-24 15:14:34,218 | INFO | Evaluating model: xgboost
2026-04-24 15:14:34,956 | INFO | Saved confusion matrix: C:\Projects\uit\diabetes-xai-agreement\outputs\cdc_brfss_2023_rebuilt\confusion_matrix\xgboost_confusion_matrix.png
2026-04-24 15:14:34,956 | INFO | Selecting best model...
2026-04-24 15:14:34,956 | INFO | Best model selected: xgboost
2026-04-24 15:14:34,956 | INFO | ROC-AUC: 0.8082
2026-04-24 15:14:34,956 | INFO | STEP 04 COMPLETED
2026-04-24 15:14:34,956 | INFO | Using ACTIVE_MODEL for XAI: logistic_regression
2026-04-24 15:14:34,956 | INFO | XAI model: logistic_regression
2026-04-24 15:14:34,956 | INFO | ============================================================
2026-04-24 15:14:34,957 | INFO | STEP 05 - EXPLAINABILITY (SHAP + PERMUTATION FI)
2026-04-24 15:14:34,957 | INFO | ============================================================
2026-04-24 15:14:34,957 | INFO | Running SHAP analysis for: logistic_regression
2026-04-24 15:14:34,957 | INFO | Running LinearSHAP for model: logistic_regression
2026-04-24 15:14:35,004 | INFO | LinearSHAP computation time: 0.02s
2026-04-24 15:15:09,162 | INFO | Saved: C:\Projects\uit\diabetes-xai-agreement\outputs\cdc_brfss_2023_rebuilt\shap\logistic_regression_shap_feature_importance.csv
2026-04-24 15:15:09,162 | INFO | LinearSHAP analysis completed
2026-04-24 15:15:09,163 | INFO | SHAP analysis completed in 0.02s
2026-04-24 15:15:09,164 | INFO | Running Permutation Importance for: logistic_regression (scoring=roc_auc, n_repeats=10)
2026-04-24 15:15:22,042 | INFO | Permutation FI saved to: C:\Projects\uit\diabetes-xai-agreement\outputs\cdc_brfss_2023_rebuilt\fi\logistic_regression_feature_importance.csv (12.8739s)
2026-04-24 15:15:22,042 | INFO | Permutation FI completed in 12.8739s
2026-04-24 15:15:22,042 | INFO | STEP 05 COMPLETED
2026-04-24 15:15:22,042 | INFO | ============================================================
2026-04-24 15:15:22,042 | INFO | STEP 06 - RESULT VISUALIZATION
2026-04-24 15:15:22,042 | INFO | ============================================================
2026-04-24 15:15:22,411 | INFO | STEP 06 COMPLETED
2026-04-24 15:15:22,411 | INFO | ============================================================
2026-04-24 15:15:22,411 | INFO | STEP 07 - ERROR ANALYSIS + FAIRNESS (EQUALIZED ODDS)
2026-04-24 15:15:22,412 | INFO | ============================================================
2026-04-24 15:15:22,696 | INFO | Saved error analysis outputs to C:\Projects\uit\diabetes-xai-agreement\outputs\cdc_brfss_2023_rebuilt\analysis
2026-04-24 15:15:22,699 | INFO | Running Equalized Odds fairness analysis for: logistic_regression
2026-04-24 15:15:22,795 | INFO |   Saved: C:\Projects\uit\diabetes-xai-agreement\outputs\cdc_brfss_2023_rebuilt\analysis\logistic_regression_fairness_age_detail.csv
2026-04-24 15:15:22,796 | INFO |   Age: dTPR=0.823  dFPR=0.637  EO=0.823  [Nghiem trong]
2026-04-24 15:15:22,823 | INFO |   Saved: C:\Projects\uit\diabetes-xai-agreement\outputs\cdc_brfss_2023_rebuilt\analysis\logistic_regression_fairness_sex_detail.csv
2026-04-24 15:15:22,823 | INFO |   Sex: dTPR=0.022  dFPR=0.028  EO=0.028  [Tot]
2026-04-24 15:15:22,856 | INFO |   Saved: C:\Projects\uit\diabetes-xai-agreement\outputs\cdc_brfss_2023_rebuilt\analysis\logistic_regression_fairness_income_detail.csv
2026-04-24 15:15:22,857 | INFO |   Income: dTPR=0.532  dFPR=0.466  EO=0.532  [Nghiem trong]
2026-04-24 15:15:22,860 | INFO |   Saved summary: C:\Projects\uit\diabetes-xai-agreement\outputs\cdc_brfss_2023_rebuilt\analysis\logistic_regression_fairness_equalized_odds_summary.csv
2026-04-24 15:15:22,860 | INFO | Equalized Odds fairness analysis completed
2026-04-24 15:15:22,863 | INFO | Equalized Odds Summary:
2026-04-24 15:15:22,863 | INFO |   Age     : dTPR=0.823  dFPR=0.637  EO=0.823  [Nghiem trong]
2026-04-24 15:15:22,864 | INFO |   Sex     : dTPR=0.022  dFPR=0.028  EO=0.028  [Tot]
2026-04-24 15:15:22,864 | INFO |   Income  : dTPR=0.532  dFPR=0.466  EO=0.532  [Nghiem trong]
2026-04-24 15:15:22,864 | INFO | Saved error analysis outputs to C:\Projects\uit\diabetes-xai-agreement\outputs\cdc_brfss_2023_rebuilt\analysis
2026-04-24 15:15:22,864 | INFO | STEP 07 COMPLETED
2026-04-24 15:15:22,864 | INFO | ============================================================
2026-04-24 15:15:22,864 | INFO | STEP 08 - STATISTICAL TEST
2026-04-24 15:15:22,865 | INFO | ============================================================
2026-04-24 15:15:22,879 | INFO | Saved statistical test results to C:\Projects\uit\diabetes-xai-agreement\outputs\cdc_brfss_2023_rebuilt\analysis\statistical_test_results.csv
2026-04-24 15:15:22,880 | INFO | STEP 08 COMPLETED
2026-04-24 15:15:22,880 | INFO | ============================================================
2026-04-24 15:15:22,880 | INFO | STEP 09 - GENERATE RESULT TABLES
2026-04-24 15:15:22,880 | INFO | ============================================================
2026-04-24 15:15:22,883 | INFO | Saved comparison table to C:\Projects\uit\diabetes-xai-agreement\outputs\cdc_brfss_2023_rebuilt\tables\model_comparison_table.csv
2026-04-24 15:15:22,883 | INFO | STEP 09 COMPLETED
2026-04-24 15:15:22,883 | INFO | ============================================================
2026-04-24 15:15:22,883 | INFO | STEP 10 - REPRODUCIBILITY
2026-04-24 15:15:22,883 | INFO | ============================================================
2026-04-24 15:15:22,927 | INFO | Saved experiment summary to C:\Projects\uit\diabetes-xai-agreement\outputs\cdc_brfss_2023_rebuilt\reproducibility\experiment_summary.json
2026-04-24 15:15:22,996 | INFO | Saved environment info to C:\Projects\uit\diabetes-xai-agreement\outputs\cdc_brfss_2023_rebuilt\reproducibility\environment.json
2026-04-24 15:15:22,996 | INFO | STEP 10 COMPLETED
2026-04-24 15:15:22,997 | INFO | ============================================================
2026-04-24 15:15:22,997 | INFO | STEP 11 - AUTO REPORT GENERATION
2026-04-24 15:15:22,997 | INFO | ============================================================
2026-04-24 15:15:22,999 | INFO | Report generated at: C:\Projects\uit\diabetes-xai-agreement\outputs\cdc_brfss_2023_rebuilt\auto_report.md
2026-04-24 15:15:22,999 | INFO | STEP 11 COMPLETED
