2026-04-23 18:51:39,329 | INFO | Logging initialized. Log file: C:\Projects\uit\diabetes-xai-agreement\logs\pipeline_20260423185139.log
2026-04-23 18:51:39,329 | INFO | ==============================================================================
2026-04-23 18:51:39,329 | INFO | [BOOTSTRAP] DATASET=cdc_brfss_2015_rebuilt MODEL=xgboost
2026-04-23 18:51:39,329 | INFO | ==============================================================================
2026-04-23 18:51:39,329 | INFO | ============================================================
2026-04-23 18:51:39,329 | INFO | STEP 01 - LOAD AND INSPECT DATASET
2026-04-23 18:51:39,330 | INFO | ============================================================
2026-04-23 18:51:40,383 | INFO | Dataset rows after sampling: 440658
2026-04-23 18:51:40,383 | INFO | Dataset config: {'path': WindowsPath('C:/Projects/uit/diabetes-xai-agreement/data/processed/cdc_brfss_2015_rebuilt.csv'), 'target': 'Diabetes_binary', 'slug': 'cdc_brfss_2015_rebuilt', 'task': 'classification', 'include_columns': None}
2026-04-23 18:51:40,383 | INFO | Active dataset : cdc_brfss_2015_rebuilt
2026-04-23 18:51:40,383 | INFO | Dataset path   : C:\Projects\uit\diabetes-xai-agreement\data\processed\cdc_brfss_2015_rebuilt.csv
2026-04-23 18:51:40,384 | INFO | Target column  : Diabetes_binary
2026-04-23 18:51:40,384 | INFO | Rows    : 440658
2026-04-23 18:51:40,384 | INFO | Columns : 22
2026-04-23 18:51:40,384 | INFO | Columns: ['Diabetes_binary', 'HighBP', 'HighChol', 'CholCheck', 'BMI', 'Smoker', 'Stroke', 'HeartDiseaseorAttack', 'PhysActivity', 'Fruits', 'Veggies', 'HvyAlcoholConsump', 'AnyHealthcare', 'NoDocbcCost', 'GenHlth', 'MentHlth', 'PhysHlth', 'DiffWalk', 'Sex', 'Age', 'Education', 'Income']
2026-04-23 18:51:40,384 | INFO | 
   Diabetes_binary  HighBP  HighChol  CholCheck  ...  Sex  Age  Education  Income
0                0       1         1          1  ...    2   10          4       3
1                0       1         0          1  ...    2   10          6       1
2                0       1         1          1  ...    2   11          4       6
3                0       1         1          1  ...    2   10          4       6
4                0       1         0          1  ...    2   10          5       6

[5 rows x 22 columns]
2026-04-23 18:51:40,411 | INFO | Target distribution:
2026-04-23 18:51:40,415 | INFO | Diabetes_binary
0    375712
1     64946
Name: count, dtype: int64
2026-04-23 18:51:40,415 | INFO | Target ratio:
2026-04-23 18:51:40,418 | INFO | Diabetes_binary
0    0.852616
1    0.147384
Name: proportion, dtype: float64
2026-04-23 18:51:40,436 | INFO | Missing values:
2026-04-23 18:51:40,436 | INFO | No missing values
2026-04-23 18:51:40,436 | INFO | STEP 01 COMPLETED
2026-04-23 18:51:43,188 | INFO | ============================================================
2026-04-23 18:51:43,188 | INFO | STEP 02 - DATA PREPROCESSING
2026-04-23 18:51:43,188 | INFO | ============================================================
2026-04-23 18:51:43,189 | INFO | Dataset shape: (440658, 22)
2026-04-23 18:51:43,189 | INFO | Number of selected features: 21
2026-04-23 18:51:43,189 | INFO | Categorical features (0): []
2026-04-23 18:51:43,189 | INFO | Numerical features (21): ['HighBP', 'HighChol', 'CholCheck', 'BMI', 'Smoker', 'Stroke', 'HeartDiseaseorAttack', 'PhysActivity', 'Fruits', 'Veggies', 'HvyAlcoholConsump', 'AnyHealthcare', 'NoDocbcCost', 'GenHlth', 'MentHlth', 'PhysHlth', 'DiffWalk', 'Sex', 'Age', 'Education', 'Income']
2026-04-23 18:51:43,400 | INFO | Train size: 352526
2026-04-23 18:51:43,400 | INFO | Test size : 88132
2026-04-23 18:51:43,400 | INFO | STEP 02 COMPLETED
2026-04-23 18:51:43,400 | INFO | ============================================================
2026-04-23 18:51:43,400 | INFO | STEP 03 - BASELINE MODELS
2026-04-23 18:51:43,400 | INFO | ============================================================
2026-04-23 18:51:43,401 | INFO | Training baseline model: logistic_regression
2026-04-23 18:51:43,827 | INFO | Training time for logistic_regression: 0.43s
2026-04-23 18:51:43,827 | INFO | Evaluating model: logistic_regression
2026-04-23 18:51:44,025 | INFO | Saved confusion matrix: C:\Projects\uit\diabetes-xai-agreement\outputs\cdc_brfss_2015_rebuilt\confusion_matrix\logistic_regression_confusion_matrix.png
2026-04-23 18:51:44,025 | INFO | Metrics for logistic_regression: {'model': 'logistic_regression', 'accuracy': 0.7244133799301048, 'f1': 0.4472210842550867, 'roc_auc': 0.8136813573305594, 'sensitivity': np.float64(0.7564092693817845), 'specificity': np.float64(0.7188826637211716), 'training_time_s': 0.43}
2026-04-23 18:51:44,025 | INFO | Training baseline model: decision_tree
2026-04-23 18:51:46,306 | INFO | Training time for decision_tree: 2.28s
2026-04-23 18:51:46,307 | INFO | Evaluating model: decision_tree
2026-04-23 18:51:46,670 | INFO | Saved confusion matrix: C:\Projects\uit\diabetes-xai-agreement\outputs\cdc_brfss_2015_rebuilt\confusion_matrix\decision_tree_confusion_matrix.png
2026-04-23 18:51:46,670 | INFO | Metrics for decision_tree: {'model': 'decision_tree', 'accuracy': 0.7848454590841011, 'f1': 0.2943059173799777, 'roc_auc': 0.5856122672653786, 'sensitivity': np.float64(0.30441142505196706), 'specificity': np.float64(0.8678918861370986), 'training_time_s': 2.28}
2026-04-23 18:51:46,671 | INFO | Training baseline model: random_forest
2026-04-23 18:53:07,932 | INFO | Training time for random_forest: 81.26s
2026-04-23 18:53:07,932 | INFO | Evaluating model: random_forest
2026-04-23 18:53:20,337 | INFO | Saved confusion matrix: C:\Projects\uit\diabetes-xai-agreement\outputs\cdc_brfss_2015_rebuilt\confusion_matrix\random_forest_confusion_matrix.png
2026-04-23 18:53:20,337 | INFO | Metrics for random_forest: {'model': 'random_forest', 'accuracy': 0.8390142059637816, 'f1': 0.25779451768152334, 'roc_auc': 0.7774183100988303, 'sensitivity': np.float64(0.18969897605666333), 'specificity': np.float64(0.9512529443860372), 'training_time_s': 81.26}
2026-04-23 18:53:20,337 | INFO | Training baseline model: knn
2026-04-23 18:53:20,554 | INFO | Training time for knn: 0.22s
2026-04-23 18:53:20,554 | INFO | Evaluating model: knn
2026-04-23 18:54:48,693 | INFO | Saved confusion matrix: C:\Projects\uit\diabetes-xai-agreement\outputs\cdc_brfss_2015_rebuilt\confusion_matrix\knn_confusion_matrix.png
2026-04-23 18:54:48,693 | INFO | Metrics for knn: {'model': 'knn', 'accuracy': 0.8402736803885081, 'f1': 0.2847416289822672, 'roc_auc': 0.7193738108252421, 'sensitivity': np.float64(0.21572099468781278), 'specificity': np.float64(0.9482320375816776), 'training_time_s': 0.22}
2026-04-23 18:54:48,693 | INFO | STEP 03 COMPLETED
2026-04-23 18:54:48,693 | INFO | ============================================================
2026-04-23 18:54:48,693 | INFO | STEP 04 - PROPOSED MODELS
2026-04-23 18:54:48,693 | INFO | ============================================================
2026-04-23 18:54:48,693 | INFO | Training proposed model: ann
2026-04-23 18:56:39,100 | INFO | Training time for ann: 110.41s
2026-04-23 18:56:39,101 | INFO | Evaluating model: ann
2026-04-23 18:56:39,410 | INFO | Saved confusion matrix: C:\Projects\uit\diabetes-xai-agreement\outputs\cdc_brfss_2015_rebuilt\confusion_matrix\ann_confusion_matrix.png
2026-04-23 18:56:39,410 | INFO | Training proposed model: xgboost
2026-04-23 18:56:46,192 | INFO | Training time for xgboost: 6.78s
2026-04-23 18:56:46,192 | INFO | Evaluating model: xgboost
2026-04-23 18:56:47,023 | INFO | Saved confusion matrix: C:\Projects\uit\diabetes-xai-agreement\outputs\cdc_brfss_2015_rebuilt\confusion_matrix\xgboost_confusion_matrix.png
2026-04-23 18:56:47,024 | INFO | Selecting best model...
2026-04-23 18:56:47,024 | INFO | Best model selected: xgboost
2026-04-23 18:56:47,024 | INFO | ROC-AUC: 0.8244
2026-04-23 18:56:47,024 | INFO | STEP 04 COMPLETED
2026-04-23 18:56:47,024 | INFO | Using ACTIVE_MODEL for XAI: xgboost
2026-04-23 18:56:47,024 | INFO | XAI model: xgboost
2026-04-23 18:56:47,024 | INFO | ============================================================
2026-04-23 18:56:47,024 | INFO | STEP 05 - EXPLAINABILITY (SHAP + PERMUTATION FI)
2026-04-23 18:56:47,024 | INFO | ============================================================
2026-04-23 18:56:47,025 | INFO | Running SHAP analysis for: xgboost
2026-04-23 18:56:47,025 | INFO | Running SHAP analysis for model: xgboost
2026-04-23 18:56:47,221 | INFO | TreeExplainer: OK
2026-04-23 18:56:47,582 | INFO | SHAP computation time: 0.51s
2026-04-23 18:56:49,064 | INFO | Saved: C:\Projects\uit\diabetes-xai-agreement\outputs\cdc_brfss_2015_rebuilt\shap\xgboost_shap_summary.png
2026-04-23 18:56:49,769 | INFO | Saved: C:\Projects\uit\diabetes-xai-agreement\outputs\cdc_brfss_2015_rebuilt\shap\xgboost_shap_bar.png
2026-04-23 18:56:49,776 | INFO | Saved: C:\Projects\uit\diabetes-xai-agreement\outputs\cdc_brfss_2015_rebuilt\shap\xgboost_shap_feature_importance.csv
2026-04-23 18:56:49,776 | INFO | SHAP analysis completed
2026-04-23 18:56:49,778 | INFO | SHAP analysis completed in 0.51s
2026-04-23 18:56:49,779 | INFO | Running Permutation Importance for: xgboost (scoring=roc_auc, n_repeats=10)
2026-04-23 18:57:51,525 | INFO | Permutation FI saved to: C:\Projects\uit\diabetes-xai-agreement\outputs\cdc_brfss_2015_rebuilt\fi\xgboost_feature_importance.csv (61.7425s)
2026-04-23 18:57:51,525 | INFO | Permutation FI completed in 61.7425s
2026-04-23 18:57:51,525 | INFO | STEP 05 COMPLETED
2026-04-23 18:57:51,525 | INFO | ============================================================
2026-04-23 18:57:51,525 | INFO | STEP 06 - RESULT VISUALIZATION
2026-04-23 18:57:51,525 | INFO | ============================================================
2026-04-23 18:57:51,746 | INFO | STEP 06 COMPLETED
2026-04-23 18:57:51,746 | INFO | ============================================================
2026-04-23 18:57:51,746 | INFO | STEP 07 - ERROR ANALYSIS + FAIRNESS (EQUALIZED ODDS)
2026-04-23 18:57:51,746 | INFO | ============================================================
2026-04-23 18:57:52,175 | INFO | Saved error analysis outputs to C:\Projects\uit\diabetes-xai-agreement\outputs\cdc_brfss_2015_rebuilt\analysis
2026-04-23 18:57:52,177 | INFO | Running Equalized Odds fairness analysis for: xgboost
2026-04-23 18:57:52,441 | INFO |   Saved: C:\Projects\uit\diabetes-xai-agreement\outputs\cdc_brfss_2015_rebuilt\analysis\xgboost_fairness_age_detail.csv
2026-04-23 18:57:52,443 | INFO |   Age: dTPR=0.236  dFPR=0.054  EO=0.236  [Nghiem trong]
2026-04-23 18:57:52,464 | INFO |   Saved: C:\Projects\uit\diabetes-xai-agreement\outputs\cdc_brfss_2015_rebuilt\analysis\xgboost_fairness_sex_detail.csv
2026-04-23 18:57:52,464 | INFO |   Sex: dTPR=0.001  dFPR=0.002  EO=0.002  [Tot]
2026-04-23 18:57:52,490 | INFO |   Saved: C:\Projects\uit\diabetes-xai-agreement\outputs\cdc_brfss_2015_rebuilt\analysis\xgboost_fairness_income_detail.csv
2026-04-23 18:57:52,490 | INFO |   Income: dTPR=0.202  dFPR=0.063  EO=0.202  [Nghiem trong]
2026-04-23 18:57:52,492 | INFO |   Saved summary: C:\Projects\uit\diabetes-xai-agreement\outputs\cdc_brfss_2015_rebuilt\analysis\xgboost_fairness_equalized_odds_summary.csv
2026-04-23 18:57:52,492 | INFO | Equalized Odds fairness analysis completed
2026-04-23 18:57:52,494 | INFO | Equalized Odds Summary:
2026-04-23 18:57:52,495 | INFO |   Age     : dTPR=0.236  dFPR=0.054  EO=0.236  [Nghiem trong]
2026-04-23 18:57:52,495 | INFO |   Sex     : dTPR=0.001  dFPR=0.002  EO=0.002  [Tot]
2026-04-23 18:57:52,495 | INFO |   Income  : dTPR=0.202  dFPR=0.063  EO=0.202  [Nghiem trong]
2026-04-23 18:57:52,495 | INFO | Saved error analysis outputs to C:\Projects\uit\diabetes-xai-agreement\outputs\cdc_brfss_2015_rebuilt\analysis
2026-04-23 18:57:52,495 | INFO | STEP 07 COMPLETED
2026-04-23 18:57:52,496 | INFO | ============================================================
2026-04-23 18:57:52,496 | INFO | STEP 08 - STATISTICAL TEST
2026-04-23 18:57:52,496 | INFO | ============================================================
2026-04-23 18:57:52,506 | INFO | Saved statistical test results to C:\Projects\uit\diabetes-xai-agreement\outputs\cdc_brfss_2015_rebuilt\analysis\statistical_test_results.csv
2026-04-23 18:57:52,506 | INFO | STEP 08 COMPLETED
2026-04-23 18:57:52,506 | INFO | ============================================================
2026-04-23 18:57:52,506 | INFO | STEP 09 - GENERATE RESULT TABLES
2026-04-23 18:57:52,506 | INFO | ============================================================
2026-04-23 18:57:52,508 | INFO | Saved comparison table to C:\Projects\uit\diabetes-xai-agreement\outputs\cdc_brfss_2015_rebuilt\tables\model_comparison_table.csv
2026-04-23 18:57:52,508 | INFO | STEP 09 COMPLETED
2026-04-23 18:57:52,508 | INFO | ============================================================
2026-04-23 18:57:52,509 | INFO | STEP 10 - REPRODUCIBILITY
2026-04-23 18:57:52,509 | INFO | ============================================================
2026-04-23 18:57:52,537 | INFO | Saved experiment summary to C:\Projects\uit\diabetes-xai-agreement\outputs\cdc_brfss_2015_rebuilt\reproducibility\experiment_summary.json
