2026-04-23 18:57:57,322 | INFO | Logging initialized. Log file: C:\Projects\uit\diabetes-xai-agreement\logs\pipeline_20260423185757.log
2026-04-23 18:57:57,323 | INFO | ==============================================================================
2026-04-23 18:57:57,323 | INFO | [BOOTSTRAP] DATASET=cdc_brfss_2015_rebuilt MODEL=random_forest
2026-04-23 18:57:57,323 | INFO | ==============================================================================
2026-04-23 18:57:57,323 | INFO | ============================================================
2026-04-23 18:57:57,323 | INFO | STEP 01 - LOAD AND INSPECT DATASET
2026-04-23 18:57:57,324 | INFO | ============================================================
2026-04-23 18:57:58,399 | INFO | Dataset rows after sampling: 440658
2026-04-23 18:57:58,399 | INFO | Dataset config: {'path': WindowsPath('C:/Projects/uit/diabetes-xai-agreement/data/processed/cdc_brfss_2015_rebuilt.csv'), 'target': 'Diabetes_binary', 'slug': 'cdc_brfss_2015_rebuilt', 'task': 'classification', 'include_columns': None}
2026-04-23 18:57:58,399 | INFO | Active dataset : cdc_brfss_2015_rebuilt
2026-04-23 18:57:58,400 | INFO | Dataset path   : C:\Projects\uit\diabetes-xai-agreement\data\processed\cdc_brfss_2015_rebuilt.csv
2026-04-23 18:57:58,400 | INFO | Target column  : Diabetes_binary
2026-04-23 18:57:58,400 | INFO | Rows    : 440658
2026-04-23 18:57:58,400 | INFO | Columns : 22
2026-04-23 18:57:58,400 | INFO | Columns: ['Diabetes_binary', 'HighBP', 'HighChol', 'CholCheck', 'BMI', 'Smoker', 'Stroke', 'HeartDiseaseorAttack', 'PhysActivity', 'Fruits', 'Veggies', 'HvyAlcoholConsump', 'AnyHealthcare', 'NoDocbcCost', 'GenHlth', 'MentHlth', 'PhysHlth', 'DiffWalk', 'Sex', 'Age', 'Education', 'Income']
2026-04-23 18:57:58,400 | INFO | 
   Diabetes_binary  HighBP  HighChol  CholCheck  ...  Sex  Age  Education  Income
0                0       1         1          1  ...    2   10          4       3
1                0       1         0          1  ...    2   10          6       1
2                0       1         1          1  ...    2   11          4       6
3                0       1         1          1  ...    2   10          4       6
4                0       1         0          1  ...    2   10          5       6

[5 rows x 22 columns]
2026-04-23 18:57:58,425 | INFO | Target distribution:
2026-04-23 18:57:58,428 | INFO | Diabetes_binary
0    375712
1     64946
Name: count, dtype: int64
2026-04-23 18:57:58,429 | INFO | Target ratio:
2026-04-23 18:57:58,433 | INFO | Diabetes_binary
0    0.852616
1    0.147384
Name: proportion, dtype: float64
2026-04-23 18:57:58,450 | INFO | Missing values:
2026-04-23 18:57:58,451 | INFO | No missing values
2026-04-23 18:57:58,451 | INFO | STEP 01 COMPLETED
2026-04-23 18:58:01,271 | INFO | ============================================================
2026-04-23 18:58:01,271 | INFO | STEP 02 - DATA PREPROCESSING
2026-04-23 18:58:01,271 | INFO | ============================================================
2026-04-23 18:58:01,273 | INFO | Dataset shape: (440658, 22)
2026-04-23 18:58:01,273 | INFO | Number of selected features: 21
2026-04-23 18:58:01,273 | INFO | Categorical features (0): []
2026-04-23 18:58:01,273 | INFO | Numerical features (21): ['HighBP', 'HighChol', 'CholCheck', 'BMI', 'Smoker', 'Stroke', 'HeartDiseaseorAttack', 'PhysActivity', 'Fruits', 'Veggies', 'HvyAlcoholConsump', 'AnyHealthcare', 'NoDocbcCost', 'GenHlth', 'MentHlth', 'PhysHlth', 'DiffWalk', 'Sex', 'Age', 'Education', 'Income']
2026-04-23 18:58:01,498 | INFO | Train size: 352526
2026-04-23 18:58:01,498 | INFO | Test size : 88132
2026-04-23 18:58:01,498 | INFO | STEP 02 COMPLETED
2026-04-23 18:58:01,498 | INFO | ============================================================
2026-04-23 18:58:01,498 | INFO | STEP 03 - BASELINE MODELS
2026-04-23 18:58:01,498 | INFO | ============================================================
2026-04-23 18:58:01,498 | INFO | Training baseline model: logistic_regression
2026-04-23 18:58:01,943 | INFO | Training time for logistic_regression: 0.45s
2026-04-23 18:58:01,944 | INFO | Evaluating model: logistic_regression
2026-04-23 18:58:02,163 | INFO | Saved confusion matrix: C:\Projects\uit\diabetes-xai-agreement\outputs\cdc_brfss_2015_rebuilt\confusion_matrix\logistic_regression_confusion_matrix.png
2026-04-23 18:58:02,163 | INFO | Metrics for logistic_regression: {'model': 'logistic_regression', 'accuracy': 0.7244133799301048, 'f1': 0.4472210842550867, 'roc_auc': 0.8136813573305594, 'sensitivity': np.float64(0.7564092693817845), 'specificity': np.float64(0.7188826637211716), 'training_time_s': 0.45}
2026-04-23 18:58:02,163 | INFO | Training baseline model: decision_tree
2026-04-23 18:58:04,565 | INFO | Training time for decision_tree: 2.4s
2026-04-23 18:58:04,566 | INFO | Evaluating model: decision_tree
2026-04-23 18:58:04,830 | INFO | Saved confusion matrix: C:\Projects\uit\diabetes-xai-agreement\outputs\cdc_brfss_2015_rebuilt\confusion_matrix\decision_tree_confusion_matrix.png
2026-04-23 18:58:04,830 | INFO | Metrics for decision_tree: {'model': 'decision_tree', 'accuracy': 0.7848454590841011, 'f1': 0.2943059173799777, 'roc_auc': 0.5856122672653786, 'sensitivity': np.float64(0.30441142505196706), 'specificity': np.float64(0.8678918861370986), 'training_time_s': 2.4}
2026-04-23 18:58:04,830 | INFO | Training baseline model: random_forest
2026-04-23 18:59:26,927 | INFO | Training time for random_forest: 82.1s
2026-04-23 18:59:26,927 | INFO | Evaluating model: random_forest
2026-04-23 18:59:40,403 | INFO | Saved confusion matrix: C:\Projects\uit\diabetes-xai-agreement\outputs\cdc_brfss_2015_rebuilt\confusion_matrix\random_forest_confusion_matrix.png
2026-04-23 18:59:40,403 | INFO | Metrics for random_forest: {'model': 'random_forest', 'accuracy': 0.8390142059637816, 'f1': 0.25779451768152334, 'roc_auc': 0.7774183100988303, 'sensitivity': np.float64(0.18969897605666333), 'specificity': np.float64(0.9512529443860372), 'training_time_s': 82.1}
2026-04-23 18:59:40,403 | INFO | Training baseline model: knn
2026-04-23 18:59:40,626 | INFO | Training time for knn: 0.22s
2026-04-23 18:59:40,627 | INFO | Evaluating model: knn
2026-04-23 19:01:41,476 | INFO | Saved confusion matrix: C:\Projects\uit\diabetes-xai-agreement\outputs\cdc_brfss_2015_rebuilt\confusion_matrix\knn_confusion_matrix.png
2026-04-23 19:01:41,477 | INFO | Metrics for knn: {'model': 'knn', 'accuracy': 0.8402736803885081, 'f1': 0.2847416289822672, 'roc_auc': 0.7193738108252421, 'sensitivity': np.float64(0.21572099468781278), 'specificity': np.float64(0.9482320375816776), 'training_time_s': 0.22}
2026-04-23 19:01:41,477 | INFO | STEP 03 COMPLETED
2026-04-23 19:01:41,477 | INFO | ============================================================
2026-04-23 19:01:41,477 | INFO | STEP 04 - PROPOSED MODELS
2026-04-23 19:01:41,477 | INFO | ============================================================
2026-04-23 19:01:41,477 | INFO | Training proposed model: ann
2026-04-23 19:03:38,513 | INFO | Training time for ann: 117.04s
2026-04-23 19:03:38,513 | INFO | Evaluating model: ann
2026-04-23 19:03:38,811 | INFO | Saved confusion matrix: C:\Projects\uit\diabetes-xai-agreement\outputs\cdc_brfss_2015_rebuilt\confusion_matrix\ann_confusion_matrix.png
2026-04-23 19:03:38,811 | INFO | Training proposed model: xgboost
2026-04-23 19:03:45,994 | INFO | Training time for xgboost: 7.18s
2026-04-23 19:03:45,995 | INFO | Evaluating model: xgboost
2026-04-23 19:03:46,779 | INFO | Saved confusion matrix: C:\Projects\uit\diabetes-xai-agreement\outputs\cdc_brfss_2015_rebuilt\confusion_matrix\xgboost_confusion_matrix.png
2026-04-23 19:03:46,779 | INFO | Selecting best model...
2026-04-23 19:03:46,779 | INFO | Best model selected: xgboost
2026-04-23 19:03:46,779 | INFO | ROC-AUC: 0.8244
2026-04-23 19:03:46,779 | INFO | STEP 04 COMPLETED
2026-04-23 19:03:46,779 | INFO | Using ACTIVE_MODEL for XAI: random_forest
2026-04-23 19:03:46,779 | INFO | XAI model: random_forest
2026-04-23 19:03:46,780 | INFO | ============================================================
2026-04-23 19:03:46,780 | INFO | STEP 05 - EXPLAINABILITY (SHAP + PERMUTATION FI)
2026-04-23 19:03:46,780 | INFO | ============================================================
2026-04-23 19:03:46,781 | INFO | Running SHAP analysis for: random_forest
2026-04-23 19:03:46,781 | INFO | Running SHAP analysis for model: random_forest
2026-04-23 19:03:51,069 | INFO | TreeExplainer: OK
2026-04-23 19:52:58,935 | INFO | SHAP computation time: 2952.12s
2026-04-23 19:52:59,546 | INFO | Saved: C:\Projects\uit\diabetes-xai-agreement\outputs\cdc_brfss_2015_rebuilt\shap\random_forest_shap_summary.png
2026-04-23 19:52:59,832 | INFO | Saved: C:\Projects\uit\diabetes-xai-agreement\outputs\cdc_brfss_2015_rebuilt\shap\random_forest_shap_bar.png
2026-04-23 19:52:59,836 | INFO | Saved: C:\Projects\uit\diabetes-xai-agreement\outputs\cdc_brfss_2015_rebuilt\shap\random_forest_shap_feature_importance.csv
2026-04-23 19:52:59,836 | INFO | SHAP analysis completed
2026-04-23 19:53:00,057 | INFO | SHAP analysis completed in 2952.12s
2026-04-23 19:53:00,058 | INFO | Running Permutation Importance for: random_forest (scoring=roc_auc, n_repeats=10)
2026-04-23 19:53:32,116 | WARNING | Permutation FI failed: Could not pickle the task to send it to the workers.
2026-04-23 19:53:32,117 | INFO | STEP 05 COMPLETED
2026-04-23 19:53:32,117 | INFO | ============================================================
2026-04-23 19:53:32,117 | INFO | STEP 06 - RESULT VISUALIZATION
2026-04-23 19:53:32,117 | INFO | ============================================================
2026-04-23 19:53:32,255 | INFO | STEP 06 COMPLETED
2026-04-23 19:53:32,255 | INFO | ============================================================
2026-04-23 19:53:32,255 | INFO | STEP 07 - ERROR ANALYSIS + FAIRNESS (EQUALIZED ODDS)
2026-04-23 19:53:32,255 | INFO | ============================================================
2026-04-23 19:53:37,847 | INFO | Saved error analysis outputs to C:\Projects\uit\diabetes-xai-agreement\outputs\cdc_brfss_2015_rebuilt\analysis
2026-04-23 19:53:37,850 | INFO | Running Equalized Odds fairness analysis for: random_forest
2026-04-23 19:53:43,293 | INFO |   Saved: C:\Projects\uit\diabetes-xai-agreement\outputs\cdc_brfss_2015_rebuilt\analysis\random_forest_fairness_age_detail.csv
2026-04-23 19:53:43,293 | INFO |   Age: dTPR=0.236  dFPR=0.090  EO=0.236  [Nghiem trong]
2026-04-23 19:53:43,306 | INFO |   Saved: C:\Projects\uit\diabetes-xai-agreement\outputs\cdc_brfss_2015_rebuilt\analysis\random_forest_fairness_sex_detail.csv
2026-04-23 19:53:43,306 | INFO |   Sex: dTPR=0.006  dFPR=0.003  EO=0.006  [Tot]
2026-04-23 19:53:43,322 | INFO |   Saved: C:\Projects\uit\diabetes-xai-agreement\outputs\cdc_brfss_2015_rebuilt\analysis\random_forest_fairness_income_detail.csv
2026-04-23 19:53:43,322 | INFO |   Income: dTPR=0.125  dFPR=0.045  EO=0.125  [Đang lo ngai]
2026-04-23 19:53:43,324 | INFO |   Saved summary: C:\Projects\uit\diabetes-xai-agreement\outputs\cdc_brfss_2015_rebuilt\analysis\random_forest_fairness_equalized_odds_summary.csv
2026-04-23 19:53:43,324 | INFO | Equalized Odds fairness analysis completed
2026-04-23 19:53:43,326 | INFO | Equalized Odds Summary:
2026-04-23 19:53:43,327 | INFO |   Age     : dTPR=0.236  dFPR=0.090  EO=0.236  [Nghiem trong]
2026-04-23 19:53:43,327 | INFO |   Sex     : dTPR=0.006  dFPR=0.003  EO=0.006  [Tot]
2026-04-23 19:53:43,327 | INFO |   Income  : dTPR=0.125  dFPR=0.045  EO=0.125  [Đang lo ngai]
2026-04-23 19:53:43,327 | INFO | Saved error analysis outputs to C:\Projects\uit\diabetes-xai-agreement\outputs\cdc_brfss_2015_rebuilt\analysis
2026-04-23 19:53:43,327 | INFO | STEP 07 COMPLETED
2026-04-23 19:53:43,327 | INFO | ============================================================
2026-04-23 19:53:43,328 | INFO | STEP 08 - STATISTICAL TEST
2026-04-23 19:53:43,328 | INFO | ============================================================
2026-04-23 19:53:43,339 | INFO | Saved statistical test results to C:\Projects\uit\diabetes-xai-agreement\outputs\cdc_brfss_2015_rebuilt\analysis\statistical_test_results.csv
2026-04-23 19:53:43,339 | INFO | STEP 08 COMPLETED
2026-04-23 19:53:43,339 | INFO | ============================================================
2026-04-23 19:53:43,339 | INFO | STEP 09 - GENERATE RESULT TABLES
2026-04-23 19:53:43,339 | INFO | ============================================================
2026-04-23 19:53:43,341 | INFO | Saved comparison table to C:\Projects\uit\diabetes-xai-agreement\outputs\cdc_brfss_2015_rebuilt\tables\model_comparison_table.csv
2026-04-23 19:53:43,341 | INFO | STEP 09 COMPLETED
2026-04-23 19:53:43,342 | INFO | ============================================================
2026-04-23 19:53:43,342 | INFO | STEP 10 - REPRODUCIBILITY
2026-04-23 19:53:43,342 | INFO | ============================================================
2026-04-23 19:53:43,361 | INFO | Saved experiment summary to C:\Projects\uit\diabetes-xai-agreement\outputs\cdc_brfss_2015_rebuilt\reproducibility\experiment_summary.json
