2026-04-23 17:49:03,767 | INFO | Logging initialized. Log file: C:\Projects\uit\diabetes-xai-agreement\logs\pipeline_20260423174903.log
2026-04-23 17:49:03,768 | INFO | ==============================================================================
2026-04-23 17:49:03,768 | INFO | [BOOTSTRAP] DATASET=cdc_brfss_2015_rebuilt MODEL=random_forest
2026-04-23 17:49:03,768 | INFO | ==============================================================================
2026-04-23 17:49:03,768 | INFO | ============================================================
2026-04-23 17:49:03,768 | INFO | STEP 01 - LOAD AND INSPECT DATASET
2026-04-23 17:49:03,769 | INFO | ============================================================
2026-04-23 17:49:04,852 | INFO | DEBUG MODE: sampling 1000 rows from 440658
2026-04-23 17:49:04,869 | INFO | Dataset rows after sampling: 1000
2026-04-23 17:49:04,869 | INFO | Dataset config: {'path': WindowsPath('C:/Projects/uit/diabetes-xai-agreement/data/processed/cdc_brfss_2015_rebuilt.csv'), 'target': 'Diabetes_binary', 'slug': 'cdc_brfss_2015_rebuilt', 'task': 'classification', 'include_columns': None}
2026-04-23 17:49:04,869 | INFO | Active dataset : cdc_brfss_2015_rebuilt
2026-04-23 17:49:04,869 | INFO | Dataset path   : C:\Projects\uit\diabetes-xai-agreement\data\processed\cdc_brfss_2015_rebuilt.csv
2026-04-23 17:49:04,869 | INFO | Target column  : Diabetes_binary
2026-04-23 17:49:04,869 | INFO | Rows    : 1000
2026-04-23 17:49:04,869 | INFO | Columns : 22
2026-04-23 17:49:04,869 | INFO | Columns: ['Diabetes_binary', 'HighBP', 'HighChol', 'CholCheck', 'BMI', 'Smoker', 'Stroke', 'HeartDiseaseorAttack', 'PhysActivity', 'Fruits', 'Veggies', 'HvyAlcoholConsump', 'AnyHealthcare', 'NoDocbcCost', 'GenHlth', 'MentHlth', 'PhysHlth', 'DiffWalk', 'Sex', 'Age', 'Education', 'Income']
2026-04-23 17:49:04,870 | INFO | 
   Diabetes_binary  HighBP  HighChol  CholCheck  ...  Sex  Age  Education  Income
0                0       1         1          1  ...    2   10          5       6
1                0       1         0          1  ...    2    6          6       6
2                0       1         1          1  ...    2   10          5       6
3                0       1         1          1  ...    2   11          5       5
4                0       1         1          1  ...    1   10          5       6

[5 rows x 22 columns]
2026-04-23 17:49:04,895 | INFO | Target distribution:
2026-04-23 17:49:04,896 | INFO | Diabetes_binary
0    876
1    124
Name: count, dtype: int64
2026-04-23 17:49:04,896 | INFO | Target ratio:
2026-04-23 17:49:04,897 | INFO | Diabetes_binary
0    0.876
1    0.124
Name: proportion, dtype: float64
2026-04-23 17:49:04,898 | INFO | Missing values:
2026-04-23 17:49:04,898 | INFO | No missing values
2026-04-23 17:49:04,898 | INFO | STEP 01 COMPLETED
2026-04-23 17:49:05,984 | INFO | ============================================================
2026-04-23 17:49:05,984 | INFO | STEP 02 - DATA PREPROCESSING
2026-04-23 17:49:05,984 | INFO | ============================================================
2026-04-23 17:49:05,985 | INFO | Dataset shape: (1000, 22)
2026-04-23 17:49:05,985 | INFO | Number of selected features: 21
2026-04-23 17:49:05,985 | INFO | Categorical features (0): []
2026-04-23 17:49:05,985 | INFO | Numerical features (21): ['HighBP', 'HighChol', 'CholCheck', 'BMI', 'Smoker', 'Stroke', 'HeartDiseaseorAttack', 'PhysActivity', 'Fruits', 'Veggies', 'HvyAlcoholConsump', 'AnyHealthcare', 'NoDocbcCost', 'GenHlth', 'MentHlth', 'PhysHlth', 'DiffWalk', 'Sex', 'Age', 'Education', 'Income']
2026-04-23 17:49:05,989 | INFO | Train size: 800
2026-04-23 17:49:05,989 | INFO | Test size : 200
2026-04-23 17:49:05,989 | INFO | STEP 02 COMPLETED
2026-04-23 17:49:05,989 | INFO | ============================================================
2026-04-23 17:49:05,989 | INFO | STEP 03 - BASELINE MODELS
2026-04-23 17:49:05,989 | INFO | ============================================================
2026-04-23 17:49:05,989 | INFO | Training baseline model: logistic_regression
2026-04-23 17:49:06,001 | INFO | Training time for logistic_regression: 0.01s
2026-04-23 17:49:06,001 | INFO | Evaluating model: logistic_regression
2026-04-23 17:49:06,135 | INFO | Saved confusion matrix: C:\Projects\uit\diabetes-xai-agreement\outputs\cdc_brfss_2015_rebuilt\confusion_matrix\logistic_regression_confusion_matrix.png
2026-04-23 17:49:06,135 | INFO | Metrics for logistic_regression: {'model': 'logistic_regression', 'accuracy': 0.715, 'f1': 0.4, 'roc_auc': 0.7531428571428571, 'sensitivity': np.float64(0.76), 'specificity': np.float64(0.7085714285714285), 'training_time_s': 0.01}
2026-04-23 17:49:06,136 | INFO | Training baseline model: decision_tree
2026-04-23 17:49:06,144 | INFO | Training time for decision_tree: 0.01s
2026-04-23 17:49:06,145 | INFO | Evaluating model: decision_tree
2026-04-23 17:49:06,287 | INFO | Saved confusion matrix: C:\Projects\uit\diabetes-xai-agreement\outputs\cdc_brfss_2015_rebuilt\confusion_matrix\decision_tree_confusion_matrix.png
2026-04-23 17:49:06,287 | INFO | Metrics for decision_tree: {'model': 'decision_tree', 'accuracy': 0.81, 'f1': 0.20833333333333334, 'roc_auc': 0.5485714285714285, 'sensitivity': np.float64(0.2), 'specificity': np.float64(0.8971428571428571), 'training_time_s': 0.01}
2026-04-23 17:49:06,287 | INFO | Training baseline model: random_forest
2026-04-23 17:49:06,607 | INFO | Training time for random_forest: 0.32s
2026-04-23 17:49:06,607 | INFO | Evaluating model: random_forest
2026-04-23 17:49:06,800 | INFO | Saved confusion matrix: C:\Projects\uit\diabetes-xai-agreement\outputs\cdc_brfss_2015_rebuilt\confusion_matrix\random_forest_confusion_matrix.png
2026-04-23 17:49:06,800 | INFO | Metrics for random_forest: {'model': 'random_forest', 'accuracy': 0.865, 'f1': 0.06896551724137931, 'roc_auc': 0.7, 'sensitivity': np.float64(0.04), 'specificity': np.float64(0.9828571428571429), 'training_time_s': 0.32}
2026-04-23 17:49:06,801 | INFO | Training baseline model: knn
2026-04-23 17:49:06,807 | INFO | Training time for knn: 0.01s
2026-04-23 17:49:06,807 | INFO | Evaluating model: knn
2026-04-23 17:49:08,408 | INFO | Saved confusion matrix: C:\Projects\uit\diabetes-xai-agreement\outputs\cdc_brfss_2015_rebuilt\confusion_matrix\knn_confusion_matrix.png
2026-04-23 17:49:08,408 | INFO | Metrics for knn: {'model': 'knn', 'accuracy': 0.845, 'f1': 0.24390243902439024, 'roc_auc': 0.6085714285714285, 'sensitivity': np.float64(0.2), 'specificity': np.float64(0.9371428571428572), 'training_time_s': 0.01}
2026-04-23 17:49:08,408 | INFO | STEP 03 COMPLETED
2026-04-23 17:49:08,408 | INFO | ============================================================
2026-04-23 17:49:08,408 | INFO | STEP 04 - PROPOSED MODELS
2026-04-23 17:49:08,408 | INFO | ============================================================
2026-04-23 17:49:08,409 | INFO | Training proposed model: ann
2026-04-23 17:49:08,907 | INFO | Training time for ann: 0.5s
2026-04-23 17:49:08,907 | INFO | Evaluating model: ann
2026-04-23 17:49:09,040 | INFO | Saved confusion matrix: C:\Projects\uit\diabetes-xai-agreement\outputs\cdc_brfss_2015_rebuilt\confusion_matrix\ann_confusion_matrix.png
2026-04-23 17:49:09,040 | INFO | Training proposed model: xgboost
2026-04-23 17:49:09,191 | INFO | Training time for xgboost: 0.15s
2026-04-23 17:49:09,191 | INFO | Evaluating model: xgboost
2026-04-23 17:49:09,392 | INFO | Saved confusion matrix: C:\Projects\uit\diabetes-xai-agreement\outputs\cdc_brfss_2015_rebuilt\confusion_matrix\xgboost_confusion_matrix.png
2026-04-23 17:49:09,392 | INFO | Selecting best model...
2026-04-23 17:49:09,392 | INFO | Best model selected: xgboost
2026-04-23 17:49:09,392 | INFO | ROC-AUC: 0.6880
2026-04-23 17:49:09,392 | INFO | STEP 04 COMPLETED
2026-04-23 17:49:09,392 | INFO | Using ACTIVE_MODEL for XAI: random_forest
2026-04-23 17:49:09,392 | INFO | XAI model: random_forest
2026-04-23 17:49:09,392 | INFO | ============================================================
2026-04-23 17:49:09,392 | INFO | STEP 05 - EXPLAINABILITY (SHAP + PERMUTATION FI)
2026-04-23 17:49:09,392 | INFO | ============================================================
2026-04-23 17:49:09,393 | INFO | Running SHAP analysis for: random_forest
2026-04-23 17:49:09,393 | INFO | Running SHAP analysis for model: random_forest
2026-04-23 17:49:09,407 | INFO | TreeExplainer: OK
2026-04-23 17:49:11,938 | INFO | SHAP computation time: 2.54s
2026-04-23 17:49:12,586 | INFO | Saved: C:\Projects\uit\diabetes-xai-agreement\outputs\cdc_brfss_2015_rebuilt\shap\random_forest_shap_summary.png
2026-04-23 17:49:12,885 | INFO | Saved: C:\Projects\uit\diabetes-xai-agreement\outputs\cdc_brfss_2015_rebuilt\shap\random_forest_shap_bar.png
2026-04-23 17:49:12,890 | INFO | Saved: C:\Projects\uit\diabetes-xai-agreement\outputs\cdc_brfss_2015_rebuilt\shap\random_forest_shap_feature_importance.csv
2026-04-23 17:49:12,890 | INFO | SHAP analysis completed
2026-04-23 17:49:12,891 | INFO | SHAP analysis completed in 2.54s
2026-04-23 17:49:12,891 | INFO | Running Permutation Importance for: random_forest (scoring=roc_auc, n_repeats=10)
2026-04-23 17:49:18,335 | INFO | Permutation FI saved to: C:\Projects\uit\diabetes-xai-agreement\outputs\cdc_brfss_2015_rebuilt\fi\random_forest_feature_importance.csv (5.442s)
2026-04-23 17:49:18,335 | INFO | Permutation FI completed in 5.442s
2026-04-23 17:49:18,335 | INFO | STEP 05 COMPLETED
2026-04-23 17:49:18,335 | INFO | ============================================================
2026-04-23 17:49:18,335 | INFO | STEP 06 - RESULT VISUALIZATION
2026-04-23 17:49:18,335 | INFO | ============================================================
2026-04-23 17:49:18,467 | INFO | STEP 06 COMPLETED
2026-04-23 17:49:18,467 | INFO | ============================================================
2026-04-23 17:49:18,467 | INFO | STEP 07 - ERROR ANALYSIS + FAIRNESS (EQUALIZED ODDS)
2026-04-23 17:49:18,467 | INFO | ============================================================
2026-04-23 17:49:18,494 | INFO | Saved error analysis outputs to C:\Projects\uit\diabetes-xai-agreement\outputs\cdc_brfss_2015_rebuilt\analysis
2026-04-23 17:49:18,494 | INFO | Running Equalized Odds fairness analysis for: random_forest
2026-04-23 17:49:18,522 | INFO |   Saved: C:\Projects\uit\diabetes-xai-agreement\outputs\cdc_brfss_2015_rebuilt\analysis\random_forest_fairness_age_detail.csv
2026-04-23 17:49:18,523 | INFO |   Age: dTPR=0.083  dFPR=0.125  EO=0.125  [Đang lo ngai]
2026-04-23 17:49:18,527 | INFO |   Saved: C:\Projects\uit\diabetes-xai-agreement\outputs\cdc_brfss_2015_rebuilt\analysis\random_forest_fairness_sex_detail.csv
2026-04-23 17:49:18,528 | INFO |   Sex: dTPR=0.062  dFPR=0.031  EO=0.062  [Chap nhan duoc]
2026-04-23 17:49:18,534 | INFO |   Saved: C:\Projects\uit\diabetes-xai-agreement\outputs\cdc_brfss_2015_rebuilt\analysis\random_forest_fairness_income_detail.csv
2026-04-23 17:49:18,534 | INFO |   Income: dTPR=0.250  dFPR=0.100  EO=0.250  [Nghiem trong]
2026-04-23 17:49:18,536 | INFO |   Saved summary: C:\Projects\uit\diabetes-xai-agreement\outputs\cdc_brfss_2015_rebuilt\analysis\random_forest_fairness_equalized_odds_summary.csv
2026-04-23 17:49:18,536 | INFO | Equalized Odds fairness analysis completed
2026-04-23 17:49:18,536 | INFO | Equalized Odds Summary:
2026-04-23 17:49:18,536 | INFO |   Age     : dTPR=0.083  dFPR=0.125  EO=0.125  [Đang lo ngai]
2026-04-23 17:49:18,536 | INFO |   Sex     : dTPR=0.062  dFPR=0.031  EO=0.062  [Chap nhan duoc]
2026-04-23 17:49:18,537 | INFO |   Income  : dTPR=0.250  dFPR=0.100  EO=0.250  [Nghiem trong]
2026-04-23 17:49:18,537 | INFO | Saved error analysis outputs to C:\Projects\uit\diabetes-xai-agreement\outputs\cdc_brfss_2015_rebuilt\analysis
2026-04-23 17:49:18,537 | INFO | STEP 07 COMPLETED
2026-04-23 17:49:18,537 | INFO | ============================================================
2026-04-23 17:49:18,537 | INFO | STEP 08 - STATISTICAL TEST
2026-04-23 17:49:18,537 | INFO | ============================================================
2026-04-23 17:49:18,546 | INFO | Saved statistical test results to C:\Projects\uit\diabetes-xai-agreement\outputs\cdc_brfss_2015_rebuilt\analysis\statistical_test_results.csv
2026-04-23 17:49:18,546 | INFO | STEP 08 COMPLETED
2026-04-23 17:49:18,546 | INFO | ============================================================
2026-04-23 17:49:18,546 | INFO | STEP 09 - GENERATE RESULT TABLES
2026-04-23 17:49:18,546 | INFO | ============================================================
2026-04-23 17:49:18,548 | INFO | Saved comparison table to C:\Projects\uit\diabetes-xai-agreement\outputs\cdc_brfss_2015_rebuilt\tables\model_comparison_table.csv
2026-04-23 17:49:18,548 | INFO | STEP 09 COMPLETED
2026-04-23 17:49:18,548 | INFO | ============================================================
2026-04-23 17:49:18,548 | INFO | STEP 10 - REPRODUCIBILITY
2026-04-23 17:49:18,548 | INFO | ============================================================
2026-04-23 17:49:18,568 | INFO | Saved experiment summary to C:\Projects\uit\diabetes-xai-agreement\outputs\cdc_brfss_2015_rebuilt\reproducibility\experiment_summary.json
