2026-04-23 18:33:34,099 | INFO | Logging initialized. Log file: C:\Projects\uit\diabetes-xai-agreement\logs\pipeline_20260423183334.log
2026-04-23 18:33:34,099 | INFO | ==============================================================================
2026-04-23 18:33:34,099 | INFO | [BOOTSTRAP] DATASET=cdc_brfss_2023_rebuilt MODEL=xgboost
2026-04-23 18:33:34,100 | INFO | ==============================================================================
2026-04-23 18:33:34,100 | INFO | ============================================================
2026-04-23 18:33:34,100 | INFO | STEP 01 - LOAD AND INSPECT DATASET
2026-04-23 18:33:34,100 | INFO | ============================================================
2026-04-23 18:33:35,120 | INFO | DEBUG MODE: sampling 10000 rows from 432339
2026-04-23 18:33:35,138 | INFO | Dataset rows after sampling: 10000
2026-04-23 18:33:35,138 | INFO | Dataset config: {'path': WindowsPath('C:/Projects/uit/diabetes-xai-agreement/data/processed/cdc_brfss_2023_rebuilt.csv'), 'target': 'Diabetes_binary', 'slug': 'cdc_brfss_2023_rebuilt', 'task': 'classification', 'include_columns': None}
2026-04-23 18:33:35,138 | INFO | Active dataset : cdc_brfss_2023_rebuilt
2026-04-23 18:33:35,139 | INFO | Dataset path   : C:\Projects\uit\diabetes-xai-agreement\data\processed\cdc_brfss_2023_rebuilt.csv
2026-04-23 18:33:35,139 | INFO | Target column  : Diabetes_binary
2026-04-23 18:33:35,139 | INFO | Rows    : 10000
2026-04-23 18:33:35,139 | INFO | Columns : 22
2026-04-23 18:33:35,139 | INFO | Columns: ['Diabetes_binary', 'HighBP', 'HighChol', 'CholCheck', 'BMI', 'Smoker', 'Stroke', 'HeartDiseaseorAttack', 'PhysActivity', 'Fruits', 'Veggies', 'HvyAlcoholConsump', 'AnyHealthcare', 'NoDocbcCost', 'GenHlth', 'MentHlth', 'PhysHlth', 'DiffWalk', 'Sex', 'Age', 'Education', 'Income']
2026-04-23 18:33:35,140 | INFO | 
   Diabetes_binary  HighBP  HighChol  CholCheck  ...  Sex  Age  Education  Income
0                0       1         0          0  ...    2    2          6       6
1                0       1         0          0  ...    2   10          5       6
2                0       1         0          0  ...    2    3          6       6
3                0       1         0          0  ...    1   10          5       6
4                1       1         1          0  ...    1   14          6       3

[5 rows x 22 columns]
2026-04-23 18:33:35,165 | INFO | Target distribution:
2026-04-23 18:33:35,165 | INFO | Diabetes_binary
0    8430
1    1570
Name: count, dtype: int64
2026-04-23 18:33:35,166 | INFO | Target ratio:
2026-04-23 18:33:35,166 | INFO | Diabetes_binary
0    0.843
1    0.157
Name: proportion, dtype: float64
2026-04-23 18:33:35,168 | INFO | Missing values:
2026-04-23 18:33:35,168 | INFO | No missing values
2026-04-23 18:33:35,168 | INFO | STEP 01 COMPLETED
2026-04-23 18:33:36,342 | INFO | ============================================================
2026-04-23 18:33:36,342 | INFO | STEP 02 - DATA PREPROCESSING
2026-04-23 18:33:36,342 | INFO | ============================================================
2026-04-23 18:33:36,343 | INFO | Dataset shape: (10000, 22)
2026-04-23 18:33:36,343 | INFO | Number of selected features: 21
2026-04-23 18:33:36,343 | INFO | Categorical features (0): []
2026-04-23 18:33:36,343 | INFO | Numerical features (21): ['HighBP', 'HighChol', 'CholCheck', 'BMI', 'Smoker', 'Stroke', 'HeartDiseaseorAttack', 'PhysActivity', 'Fruits', 'Veggies', 'HvyAlcoholConsump', 'AnyHealthcare', 'NoDocbcCost', 'GenHlth', 'MentHlth', 'PhysHlth', 'DiffWalk', 'Sex', 'Age', 'Education', 'Income']
2026-04-23 18:33:36,350 | INFO | Train size: 8000
2026-04-23 18:33:36,350 | INFO | Test size : 2000
2026-04-23 18:33:36,350 | INFO | STEP 02 COMPLETED
2026-04-23 18:33:36,350 | INFO | ============================================================
2026-04-23 18:33:36,350 | INFO | STEP 03 - BASELINE MODELS
2026-04-23 18:33:36,350 | INFO | ============================================================
2026-04-23 18:33:36,351 | INFO | Training baseline model: logistic_regression
2026-04-23 18:33:36,370 | INFO | Training time for logistic_regression: 0.02s
2026-04-23 18:33:36,371 | INFO | Evaluating model: logistic_regression
2026-04-23 18:33:36,492 | INFO | Saved confusion matrix: C:\Projects\uit\diabetes-xai-agreement\outputs\cdc_brfss_2023_rebuilt\confusion_matrix\logistic_regression_confusion_matrix.png
2026-04-23 18:33:36,492 | INFO | Metrics for logistic_regression: {'model': 'logistic_regression', 'accuracy': 0.713, 'f1': 0.4305555555555556, 'roc_auc': 0.7937454193772621, 'sensitivity': np.float64(0.6910828025477707), 'specificity': np.float64(0.7170818505338078), 'training_time_s': 0.02}
2026-04-23 18:33:36,492 | INFO | Training baseline model: decision_tree
2026-04-23 18:33:36,526 | INFO | Training time for decision_tree: 0.03s
2026-04-23 18:33:36,526 | INFO | Evaluating model: decision_tree
2026-04-23 18:33:36,650 | INFO | Saved confusion matrix: C:\Projects\uit\diabetes-xai-agreement\outputs\cdc_brfss_2023_rebuilt\confusion_matrix\decision_tree_confusion_matrix.png
2026-04-23 18:33:36,651 | INFO | Metrics for decision_tree: {'model': 'decision_tree', 'accuracy': 0.7695, 'f1': 0.26003210272873195, 'roc_auc': 0.5615182356007888, 'sensitivity': np.float64(0.25796178343949044), 'specificity': np.float64(0.8647686832740213), 'training_time_s': 0.03}
2026-04-23 18:33:36,651 | INFO | Training baseline model: random_forest
2026-04-23 18:33:37,823 | INFO | Training time for random_forest: 1.17s
2026-04-23 18:33:37,823 | INFO | Evaluating model: random_forest
2026-04-23 18:33:38,092 | INFO | Saved confusion matrix: C:\Projects\uit\diabetes-xai-agreement\outputs\cdc_brfss_2023_rebuilt\confusion_matrix\random_forest_confusion_matrix.png
2026-04-23 18:33:38,092 | INFO | Metrics for random_forest: {'model': 'random_forest', 'accuracy': 0.8345, 'f1': 0.22482435597189696, 'roc_auc': 0.7624866831380194, 'sensitivity': np.float64(0.15286624203821655), 'specificity': np.float64(0.961447212336892), 'training_time_s': 1.17}
2026-04-23 18:33:38,092 | INFO | Training baseline model: knn
2026-04-23 18:33:38,101 | INFO | Training time for knn: 0.01s
2026-04-23 18:33:38,102 | INFO | Evaluating model: knn
2026-04-23 18:33:39,727 | INFO | Saved confusion matrix: C:\Projects\uit\diabetes-xai-agreement\outputs\cdc_brfss_2023_rebuilt\confusion_matrix\knn_confusion_matrix.png
2026-04-23 18:33:39,727 | INFO | Metrics for knn: {'model': 'knn', 'accuracy': 0.826, 'f1': 0.26582278481012656, 'roc_auc': 0.7032615922811312, 'sensitivity': np.float64(0.20063694267515925), 'specificity': np.float64(0.9424673784104389), 'training_time_s': 0.01}
2026-04-23 18:33:39,727 | INFO | STEP 03 COMPLETED
2026-04-23 18:33:39,727 | INFO | ============================================================
2026-04-23 18:33:39,727 | INFO | STEP 04 - PROPOSED MODELS
2026-04-23 18:33:39,727 | INFO | ============================================================
2026-04-23 18:33:39,727 | INFO | Training proposed model: ann
2026-04-23 18:33:44,525 | INFO | Training time for ann: 4.8s
2026-04-23 18:33:44,525 | INFO | Evaluating model: ann
2026-04-23 18:33:44,664 | INFO | Saved confusion matrix: C:\Projects\uit\diabetes-xai-agreement\outputs\cdc_brfss_2023_rebuilt\confusion_matrix\ann_confusion_matrix.png
2026-04-23 18:33:44,664 | INFO | Training proposed model: xgboost
2026-04-23 18:33:44,971 | INFO | Training time for xgboost: 0.31s
2026-04-23 18:33:44,971 | INFO | Evaluating model: xgboost
2026-04-23 18:33:45,149 | INFO | Saved confusion matrix: C:\Projects\uit\diabetes-xai-agreement\outputs\cdc_brfss_2023_rebuilt\confusion_matrix\xgboost_confusion_matrix.png
2026-04-23 18:33:45,149 | INFO | Selecting best model...
2026-04-23 18:33:45,149 | INFO | Best model selected: xgboost
2026-04-23 18:33:45,149 | INFO | ROC-AUC: 0.7842
2026-04-23 18:33:45,149 | INFO | STEP 04 COMPLETED
2026-04-23 18:33:45,149 | INFO | Using ACTIVE_MODEL for XAI: xgboost
2026-04-23 18:33:45,149 | INFO | XAI model: xgboost
2026-04-23 18:33:45,149 | INFO | ============================================================
2026-04-23 18:33:45,149 | INFO | STEP 05 - EXPLAINABILITY (SHAP + PERMUTATION FI)
2026-04-23 18:33:45,149 | INFO | ============================================================
2026-04-23 18:33:45,150 | INFO | Running SHAP analysis for: xgboost
2026-04-23 18:33:45,150 | INFO | Running SHAP analysis for model: xgboost
2026-04-23 18:33:45,239 | INFO | TreeExplainer: OK
2026-04-23 18:33:45,346 | INFO | SHAP computation time: 0.19s
2026-04-23 18:33:46,303 | INFO | Saved: C:\Projects\uit\diabetes-xai-agreement\outputs\cdc_brfss_2023_rebuilt\shap\xgboost_shap_summary.png
2026-04-23 18:33:46,817 | INFO | Saved: C:\Projects\uit\diabetes-xai-agreement\outputs\cdc_brfss_2023_rebuilt\shap\xgboost_shap_bar.png
2026-04-23 18:33:46,821 | INFO | Saved: C:\Projects\uit\diabetes-xai-agreement\outputs\cdc_brfss_2023_rebuilt\shap\xgboost_shap_feature_importance.csv
2026-04-23 18:33:46,822 | INFO | SHAP analysis completed
2026-04-23 18:33:46,824 | INFO | SHAP analysis completed in 0.19s
2026-04-23 18:33:46,825 | INFO | Running Permutation Importance for: xgboost (scoring=roc_auc, n_repeats=10)
2026-04-23 18:33:55,002 | INFO | Permutation FI saved to: C:\Projects\uit\diabetes-xai-agreement\outputs\cdc_brfss_2023_rebuilt\fi\xgboost_feature_importance.csv (8.1739s)
2026-04-23 18:33:55,002 | INFO | Permutation FI completed in 8.1739s
2026-04-23 18:33:55,002 | INFO | STEP 05 COMPLETED
2026-04-23 18:33:55,002 | INFO | ============================================================
2026-04-23 18:33:55,002 | INFO | STEP 06 - RESULT VISUALIZATION
2026-04-23 18:33:55,002 | INFO | ============================================================
2026-04-23 18:33:55,238 | INFO | STEP 06 COMPLETED
2026-04-23 18:33:55,238 | INFO | ============================================================
2026-04-23 18:33:55,238 | INFO | STEP 07 - ERROR ANALYSIS + FAIRNESS (EQUALIZED ODDS)
2026-04-23 18:33:55,238 | INFO | ============================================================
2026-04-23 18:33:55,271 | INFO | Saved error analysis outputs to C:\Projects\uit\diabetes-xai-agreement\outputs\cdc_brfss_2023_rebuilt\analysis
2026-04-23 18:33:55,271 | INFO | Running Equalized Odds fairness analysis for: xgboost
2026-04-23 18:33:55,309 | INFO |   Saved: C:\Projects\uit\diabetes-xai-agreement\outputs\cdc_brfss_2023_rebuilt\analysis\xgboost_fairness_age_detail.csv
2026-04-23 18:33:55,309 | INFO |   Age: dTPR=0.264  dFPR=0.075  EO=0.264  [Nghiem trong]
2026-04-23 18:33:55,319 | INFO |   Saved: C:\Projects\uit\diabetes-xai-agreement\outputs\cdc_brfss_2023_rebuilt\analysis\xgboost_fairness_sex_detail.csv
2026-04-23 18:33:55,319 | INFO |   Sex: dTPR=0.013  dFPR=0.003  EO=0.013  [Tot]
2026-04-23 18:33:55,338 | INFO |   Saved: C:\Projects\uit\diabetes-xai-agreement\outputs\cdc_brfss_2023_rebuilt\analysis\xgboost_fairness_income_detail.csv
2026-04-23 18:33:55,338 | INFO |   Income: dTPR=0.505  dFPR=0.212  EO=0.505  [Nghiem trong]
2026-04-23 18:33:55,341 | INFO |   Saved summary: C:\Projects\uit\diabetes-xai-agreement\outputs\cdc_brfss_2023_rebuilt\analysis\xgboost_fairness_equalized_odds_summary.csv
2026-04-23 18:33:55,341 | INFO | Equalized Odds fairness analysis completed
2026-04-23 18:33:55,341 | INFO | Equalized Odds Summary:
2026-04-23 18:33:55,342 | INFO |   Age     : dTPR=0.264  dFPR=0.075  EO=0.264  [Nghiem trong]
2026-04-23 18:33:55,342 | INFO |   Sex     : dTPR=0.013  dFPR=0.003  EO=0.013  [Tot]
2026-04-23 18:33:55,343 | INFO |   Income  : dTPR=0.505  dFPR=0.212  EO=0.505  [Nghiem trong]
2026-04-23 18:33:55,343 | INFO | Saved error analysis outputs to C:\Projects\uit\diabetes-xai-agreement\outputs\cdc_brfss_2023_rebuilt\analysis
2026-04-23 18:33:55,343 | INFO | STEP 07 COMPLETED
2026-04-23 18:33:55,343 | INFO | ============================================================
2026-04-23 18:33:55,343 | INFO | STEP 08 - STATISTICAL TEST
2026-04-23 18:33:55,343 | INFO | ============================================================
2026-04-23 18:33:55,358 | INFO | Saved statistical test results to C:\Projects\uit\diabetes-xai-agreement\outputs\cdc_brfss_2023_rebuilt\analysis\statistical_test_results.csv
2026-04-23 18:33:55,358 | INFO | STEP 08 COMPLETED
2026-04-23 18:33:55,358 | INFO | ============================================================
2026-04-23 18:33:55,358 | INFO | STEP 09 - GENERATE RESULT TABLES
2026-04-23 18:33:55,359 | INFO | ============================================================
2026-04-23 18:33:55,361 | INFO | Saved comparison table to C:\Projects\uit\diabetes-xai-agreement\outputs\cdc_brfss_2023_rebuilt\tables\model_comparison_table.csv
2026-04-23 18:33:55,362 | INFO | STEP 09 COMPLETED
2026-04-23 18:33:55,362 | INFO | ============================================================
2026-04-23 18:33:55,362 | INFO | STEP 10 - REPRODUCIBILITY
2026-04-23 18:33:55,362 | INFO | ============================================================
2026-04-23 18:33:55,408 | INFO | Saved experiment summary to C:\Projects\uit\diabetes-xai-agreement\outputs\cdc_brfss_2023_rebuilt\reproducibility\experiment_summary.json
