2026-04-23 18:30:56,718 | INFO | Logging initialized. Log file: C:\Projects\uit\diabetes-xai-agreement\logs\pipeline_20260423183056.log
2026-04-23 18:30:56,718 | INFO | ==============================================================================
2026-04-23 18:30:56,718 | INFO | [BOOTSTRAP] DATASET=cdc_brfss_2015_rebuilt MODEL=logistic_regression
2026-04-23 18:30:56,719 | INFO | ==============================================================================
2026-04-23 18:30:56,719 | INFO | ============================================================
2026-04-23 18:30:56,719 | INFO | STEP 01 - LOAD AND INSPECT DATASET
2026-04-23 18:30:56,721 | INFO | ============================================================
2026-04-23 18:30:58,198 | INFO | DEBUG MODE: sampling 10000 rows from 440658
2026-04-23 18:30:58,217 | INFO | Dataset rows after sampling: 10000
2026-04-23 18:30:58,217 | INFO | Dataset config: {'path': WindowsPath('C:/Projects/uit/diabetes-xai-agreement/data/processed/cdc_brfss_2015_rebuilt.csv'), 'target': 'Diabetes_binary', 'slug': 'cdc_brfss_2015_rebuilt', 'task': 'classification', 'include_columns': None}
2026-04-23 18:30:58,218 | INFO | Active dataset : cdc_brfss_2015_rebuilt
2026-04-23 18:30:58,218 | INFO | Dataset path   : C:\Projects\uit\diabetes-xai-agreement\data\processed\cdc_brfss_2015_rebuilt.csv
2026-04-23 18:30:58,218 | INFO | Target column  : Diabetes_binary
2026-04-23 18:30:58,218 | INFO | Rows    : 10000
2026-04-23 18:30:58,218 | INFO | Columns : 22
2026-04-23 18:30:58,218 | INFO | Columns: ['Diabetes_binary', 'HighBP', 'HighChol', 'CholCheck', 'BMI', 'Smoker', 'Stroke', 'HeartDiseaseorAttack', 'PhysActivity', 'Fruits', 'Veggies', 'HvyAlcoholConsump', 'AnyHealthcare', 'NoDocbcCost', 'GenHlth', 'MentHlth', 'PhysHlth', 'DiffWalk', 'Sex', 'Age', 'Education', 'Income']
2026-04-23 18:30:58,218 | INFO | 
   Diabetes_binary  HighBP  HighChol  CholCheck  ...  Sex  Age  Education  Income
0                0       1         1          1  ...    2   10          5       6
1                0       1         0          1  ...    2    6          6       6
2                0       1         1          1  ...    2   10          5       6
3                0       1         1          1  ...    2   11          5       5
4                0       1         1          1  ...    1   10          5       6

[5 rows x 22 columns]
2026-04-23 18:30:58,244 | INFO | Target distribution:
2026-04-23 18:30:58,245 | INFO | Diabetes_binary
0    8565
1    1435
Name: count, dtype: int64
2026-04-23 18:30:58,245 | INFO | Target ratio:
2026-04-23 18:30:58,246 | INFO | Diabetes_binary
0    0.8565
1    0.1435
Name: proportion, dtype: float64
2026-04-23 18:30:58,247 | INFO | Missing values:
2026-04-23 18:30:58,247 | INFO | No missing values
2026-04-23 18:30:58,247 | INFO | STEP 01 COMPLETED
2026-04-23 18:30:59,427 | INFO | ============================================================
2026-04-23 18:30:59,427 | INFO | STEP 02 - DATA PREPROCESSING
2026-04-23 18:30:59,427 | INFO | ============================================================
2026-04-23 18:30:59,428 | INFO | Dataset shape: (10000, 22)
2026-04-23 18:30:59,428 | INFO | Number of selected features: 21
2026-04-23 18:30:59,428 | INFO | Categorical features (0): []
2026-04-23 18:30:59,428 | INFO | Numerical features (21): ['HighBP', 'HighChol', 'CholCheck', 'BMI', 'Smoker', 'Stroke', 'HeartDiseaseorAttack', 'PhysActivity', 'Fruits', 'Veggies', 'HvyAlcoholConsump', 'AnyHealthcare', 'NoDocbcCost', 'GenHlth', 'MentHlth', 'PhysHlth', 'DiffWalk', 'Sex', 'Age', 'Education', 'Income']
2026-04-23 18:30:59,435 | INFO | Train size: 8000
2026-04-23 18:30:59,435 | INFO | Test size : 2000
2026-04-23 18:30:59,435 | INFO | STEP 02 COMPLETED
2026-04-23 18:30:59,435 | INFO | ============================================================
2026-04-23 18:30:59,435 | INFO | STEP 03 - BASELINE MODELS
2026-04-23 18:30:59,435 | INFO | ============================================================
2026-04-23 18:30:59,435 | INFO | Training baseline model: logistic_regression
2026-04-23 18:30:59,454 | INFO | Training time for logistic_regression: 0.02s
2026-04-23 18:30:59,454 | INFO | Evaluating model: logistic_regression
2026-04-23 18:30:59,576 | INFO | Saved confusion matrix: C:\Projects\uit\diabetes-xai-agreement\outputs\cdc_brfss_2015_rebuilt\confusion_matrix\logistic_regression_confusion_matrix.png
2026-04-23 18:30:59,576 | INFO | Metrics for logistic_regression: {'model': 'logistic_regression', 'accuracy': 0.7105, 'f1': 0.42502482621648463, 'roc_auc': 0.7929829485935591, 'sensitivity': np.float64(0.7456445993031359), 'specificity': np.float64(0.7046117921774664), 'training_time_s': 0.02}
2026-04-23 18:30:59,576 | INFO | Training baseline model: decision_tree
2026-04-23 18:30:59,612 | INFO | Training time for decision_tree: 0.04s
2026-04-23 18:30:59,612 | INFO | Evaluating model: decision_tree
2026-04-23 18:30:59,745 | INFO | Saved confusion matrix: C:\Projects\uit\diabetes-xai-agreement\outputs\cdc_brfss_2015_rebuilt\confusion_matrix\decision_tree_confusion_matrix.png
2026-04-23 18:30:59,745 | INFO | Metrics for decision_tree: {'model': 'decision_tree', 'accuracy': 0.783, 'f1': 0.23859649122807017, 'roc_auc': 0.5556331883058636, 'sensitivity': np.float64(0.23693379790940766), 'specificity': np.float64(0.8744892002335085), 'training_time_s': 0.04}
2026-04-23 18:30:59,745 | INFO | Training baseline model: random_forest
2026-04-23 18:31:00,930 | INFO | Training time for random_forest: 1.18s
2026-04-23 18:31:00,930 | INFO | Evaluating model: random_forest
2026-04-23 18:31:01,188 | INFO | Saved confusion matrix: C:\Projects\uit\diabetes-xai-agreement\outputs\cdc_brfss_2015_rebuilt\confusion_matrix\random_forest_confusion_matrix.png
2026-04-23 18:31:01,188 | INFO | Metrics for random_forest: {'model': 'random_forest', 'accuracy': 0.8485, 'f1': 0.17886178861788618, 'roc_auc': 0.7638869395949401, 'sensitivity': np.float64(0.11498257839721254), 'specificity': np.float64(0.971395213076474), 'training_time_s': 1.18}
2026-04-23 18:31:01,188 | INFO | Training baseline model: knn
2026-04-23 18:31:01,200 | INFO | Training time for knn: 0.01s
2026-04-23 18:31:01,200 | INFO | Evaluating model: knn
2026-04-23 18:31:02,831 | INFO | Saved confusion matrix: C:\Projects\uit\diabetes-xai-agreement\outputs\cdc_brfss_2015_rebuilt\confusion_matrix\knn_confusion_matrix.png
2026-04-23 18:31:02,832 | INFO | Metrics for knn: {'model': 'knn', 'accuracy': 0.837, 'f1': 0.21256038647342995, 'roc_auc': 0.6668731223214158, 'sensitivity': np.float64(0.15331010452961671), 'specificity': np.float64(0.9515469935785172), 'training_time_s': 0.01}
2026-04-23 18:31:02,832 | INFO | STEP 03 COMPLETED
2026-04-23 18:31:02,832 | INFO | ============================================================
2026-04-23 18:31:02,832 | INFO | STEP 04 - PROPOSED MODELS
2026-04-23 18:31:02,832 | INFO | ============================================================
2026-04-23 18:31:02,832 | INFO | Training proposed model: ann
2026-04-23 18:31:08,236 | INFO | Training time for ann: 5.4s
2026-04-23 18:31:08,236 | INFO | Evaluating model: ann
2026-04-23 18:31:08,436 | INFO | Saved confusion matrix: C:\Projects\uit\diabetes-xai-agreement\outputs\cdc_brfss_2015_rebuilt\confusion_matrix\ann_confusion_matrix.png
2026-04-23 18:31:08,436 | INFO | Training proposed model: xgboost
2026-04-23 18:31:08,923 | INFO | Training time for xgboost: 0.49s
2026-04-23 18:31:08,923 | INFO | Evaluating model: xgboost
2026-04-23 18:31:09,175 | INFO | Saved confusion matrix: C:\Projects\uit\diabetes-xai-agreement\outputs\cdc_brfss_2015_rebuilt\confusion_matrix\xgboost_confusion_matrix.png
2026-04-23 18:31:09,175 | INFO | Selecting best model...
2026-04-23 18:31:09,175 | INFO | Best model selected: xgboost
2026-04-23 18:31:09,175 | INFO | ROC-AUC: 0.7779
2026-04-23 18:31:09,175 | INFO | STEP 04 COMPLETED
2026-04-23 18:31:09,175 | INFO | Using ACTIVE_MODEL for XAI: logistic_regression
2026-04-23 18:31:09,175 | INFO | XAI model: logistic_regression
2026-04-23 18:31:09,175 | INFO | ============================================================
2026-04-23 18:31:09,175 | INFO | STEP 05 - EXPLAINABILITY (SHAP + PERMUTATION FI)
2026-04-23 18:31:09,175 | INFO | ============================================================
2026-04-23 18:31:09,176 | INFO | Running SHAP analysis for: logistic_regression
2026-04-23 18:31:09,176 | INFO | Running LinearSHAP for model: logistic_regression
2026-04-23 18:31:09,181 | INFO | LinearSHAP computation time: 0.0s
2026-04-23 18:31:11,376 | INFO | Saved: C:\Projects\uit\diabetes-xai-agreement\outputs\cdc_brfss_2015_rebuilt\shap\logistic_regression_shap_feature_importance.csv
2026-04-23 18:31:11,376 | INFO | LinearSHAP analysis completed
2026-04-23 18:31:11,376 | INFO | SHAP analysis completed in 0.0s
2026-04-23 18:31:11,377 | INFO | Running Permutation Importance for: logistic_regression (scoring=roc_auc, n_repeats=10)
2026-04-23 18:31:18,261 | INFO | Permutation FI saved to: C:\Projects\uit\diabetes-xai-agreement\outputs\cdc_brfss_2015_rebuilt\fi\logistic_regression_feature_importance.csv (6.8816s)
2026-04-23 18:31:18,262 | INFO | Permutation FI completed in 6.8816s
2026-04-23 18:31:18,262 | INFO | STEP 05 COMPLETED
2026-04-23 18:31:18,262 | INFO | ============================================================
2026-04-23 18:31:18,262 | INFO | STEP 06 - RESULT VISUALIZATION
2026-04-23 18:31:18,262 | INFO | ============================================================
2026-04-23 18:31:18,499 | INFO | STEP 06 COMPLETED
2026-04-23 18:31:18,500 | INFO | ============================================================
2026-04-23 18:31:18,500 | INFO | STEP 07 - ERROR ANALYSIS + FAIRNESS (EQUALIZED ODDS)
2026-04-23 18:31:18,500 | INFO | ============================================================
2026-04-23 18:31:18,519 | INFO | Saved error analysis outputs to C:\Projects\uit\diabetes-xai-agreement\outputs\cdc_brfss_2015_rebuilt\analysis
2026-04-23 18:31:18,519 | INFO | Running Equalized Odds fairness analysis for: logistic_regression
2026-04-23 18:31:18,538 | INFO |   Saved: C:\Projects\uit\diabetes-xai-agreement\outputs\cdc_brfss_2015_rebuilt\analysis\logistic_regression_fairness_age_detail.csv
2026-04-23 18:31:18,539 | INFO |   Age: dTPR=1.000  dFPR=0.609  EO=1.000  [Nghiem trong]
2026-04-23 18:31:18,545 | INFO |   Saved: C:\Projects\uit\diabetes-xai-agreement\outputs\cdc_brfss_2015_rebuilt\analysis\logistic_regression_fairness_sex_detail.csv
2026-04-23 18:31:18,545 | INFO |   Sex: dTPR=0.025  dFPR=0.013  EO=0.025  [Tot]
2026-04-23 18:31:18,555 | INFO |   Saved: C:\Projects\uit\diabetes-xai-agreement\outputs\cdc_brfss_2015_rebuilt\analysis\logistic_regression_fairness_income_detail.csv
2026-04-23 18:31:18,555 | INFO |   Income: dTPR=0.298  dFPR=0.299  EO=0.299  [Nghiem trong]
2026-04-23 18:31:18,557 | INFO |   Saved summary: C:\Projects\uit\diabetes-xai-agreement\outputs\cdc_brfss_2015_rebuilt\analysis\logistic_regression_fairness_equalized_odds_summary.csv
2026-04-23 18:31:18,557 | INFO | Equalized Odds fairness analysis completed
2026-04-23 18:31:18,557 | INFO | Equalized Odds Summary:
2026-04-23 18:31:18,558 | INFO |   Age     : dTPR=1.000  dFPR=0.609  EO=1.000  [Nghiem trong]
2026-04-23 18:31:18,558 | INFO |   Sex     : dTPR=0.025  dFPR=0.013  EO=0.025  [Tot]
2026-04-23 18:31:18,558 | INFO |   Income  : dTPR=0.298  dFPR=0.299  EO=0.299  [Nghiem trong]
2026-04-23 18:31:18,559 | INFO | Saved error analysis outputs to C:\Projects\uit\diabetes-xai-agreement\outputs\cdc_brfss_2015_rebuilt\analysis
2026-04-23 18:31:18,559 | INFO | STEP 07 COMPLETED
2026-04-23 18:31:18,559 | INFO | ============================================================
2026-04-23 18:31:18,559 | INFO | STEP 08 - STATISTICAL TEST
2026-04-23 18:31:18,559 | INFO | ============================================================
2026-04-23 18:31:18,569 | INFO | Saved statistical test results to C:\Projects\uit\diabetes-xai-agreement\outputs\cdc_brfss_2015_rebuilt\analysis\statistical_test_results.csv
2026-04-23 18:31:18,569 | INFO | STEP 08 COMPLETED
2026-04-23 18:31:18,569 | INFO | ============================================================
2026-04-23 18:31:18,569 | INFO | STEP 09 - GENERATE RESULT TABLES
2026-04-23 18:31:18,570 | INFO | ============================================================
2026-04-23 18:31:18,572 | INFO | Saved comparison table to C:\Projects\uit\diabetes-xai-agreement\outputs\cdc_brfss_2015_rebuilt\tables\model_comparison_table.csv
2026-04-23 18:31:18,572 | INFO | STEP 09 COMPLETED
2026-04-23 18:31:18,572 | INFO | ============================================================
2026-04-23 18:31:18,572 | INFO | STEP 10 - REPRODUCIBILITY
2026-04-23 18:31:18,572 | INFO | ============================================================
2026-04-23 18:31:18,600 | INFO | Saved experiment summary to C:\Projects\uit\diabetes-xai-agreement\outputs\cdc_brfss_2015_rebuilt\reproducibility\experiment_summary.json
