2026-04-23 17:50:28,584 | INFO | Logging initialized. Log file: C:\Projects\uit\diabetes-xai-agreement\logs\pipeline_20260423175028.log
2026-04-23 17:50:28,585 | INFO | ==============================================================================
2026-04-23 17:50:28,585 | INFO | [BOOTSTRAP] DATASET=cdc_brfss_2023_rebuilt MODEL=xgboost
2026-04-23 17:50:28,585 | INFO | ==============================================================================
2026-04-23 17:50:28,585 | INFO | ============================================================
2026-04-23 17:50:28,585 | INFO | STEP 01 - LOAD AND INSPECT DATASET
2026-04-23 17:50:28,585 | INFO | ============================================================
2026-04-23 17:50:29,584 | INFO | DEBUG MODE: sampling 1000 rows from 432339
2026-04-23 17:50:29,603 | INFO | Dataset rows after sampling: 1000
2026-04-23 17:50:29,603 | INFO | Dataset config: {'path': WindowsPath('C:/Projects/uit/diabetes-xai-agreement/data/processed/cdc_brfss_2023_rebuilt.csv'), 'target': 'Diabetes_binary', 'slug': 'cdc_brfss_2023_rebuilt', 'task': 'classification', 'include_columns': None}
2026-04-23 17:50:29,603 | INFO | Active dataset : cdc_brfss_2023_rebuilt
2026-04-23 17:50:29,604 | INFO | Dataset path   : C:\Projects\uit\diabetes-xai-agreement\data\processed\cdc_brfss_2023_rebuilt.csv
2026-04-23 17:50:29,604 | INFO | Target column  : Diabetes_binary
2026-04-23 17:50:29,604 | INFO | Rows    : 1000
2026-04-23 17:50:29,604 | INFO | Columns : 22
2026-04-23 17:50:29,604 | INFO | Columns: ['Diabetes_binary', 'HighBP', 'HighChol', 'CholCheck', 'BMI', 'Smoker', 'Stroke', 'HeartDiseaseorAttack', 'PhysActivity', 'Fruits', 'Veggies', 'HvyAlcoholConsump', 'AnyHealthcare', 'NoDocbcCost', 'GenHlth', 'MentHlth', 'PhysHlth', 'DiffWalk', 'Sex', 'Age', 'Education', 'Income']
2026-04-23 17:50:29,604 | INFO | 
   Diabetes_binary  HighBP  HighChol  CholCheck  ...  Sex  Age  Education  Income
0                0       1         0          0  ...    2    2          6       6
1                0       1         0          0  ...    2   10          5       6
2                0       1         0          0  ...    2    3          6       6
3                0       1         0          0  ...    1   10          5       6
4                1       1         1          0  ...    1   14          6       3

[5 rows x 22 columns]
2026-04-23 17:50:29,635 | INFO | Target distribution:
2026-04-23 17:50:29,635 | INFO | Diabetes_binary
0    841
1    159
Name: count, dtype: int64
2026-04-23 17:50:29,636 | INFO | Target ratio:
2026-04-23 17:50:29,636 | INFO | Diabetes_binary
0    0.841
1    0.159
Name: proportion, dtype: float64
2026-04-23 17:50:29,638 | INFO | Missing values:
2026-04-23 17:50:29,638 | INFO | No missing values
2026-04-23 17:50:29,638 | INFO | STEP 01 COMPLETED
2026-04-23 17:50:30,939 | INFO | ============================================================
2026-04-23 17:50:30,939 | INFO | STEP 02 - DATA PREPROCESSING
2026-04-23 17:50:30,939 | INFO | ============================================================
2026-04-23 17:50:30,941 | INFO | Dataset shape: (1000, 22)
2026-04-23 17:50:30,941 | INFO | Number of selected features: 21
2026-04-23 17:50:30,941 | INFO | Categorical features (0): []
2026-04-23 17:50:30,941 | INFO | Numerical features (21): ['HighBP', 'HighChol', 'CholCheck', 'BMI', 'Smoker', 'Stroke', 'HeartDiseaseorAttack', 'PhysActivity', 'Fruits', 'Veggies', 'HvyAlcoholConsump', 'AnyHealthcare', 'NoDocbcCost', 'GenHlth', 'MentHlth', 'PhysHlth', 'DiffWalk', 'Sex', 'Age', 'Education', 'Income']
2026-04-23 17:50:30,943 | INFO | Train size: 800
2026-04-23 17:50:30,944 | INFO | Test size : 200
2026-04-23 17:50:30,944 | INFO | STEP 02 COMPLETED
2026-04-23 17:50:30,944 | INFO | ============================================================
2026-04-23 17:50:30,944 | INFO | STEP 03 - BASELINE MODELS
2026-04-23 17:50:30,944 | INFO | ============================================================
2026-04-23 17:50:30,944 | INFO | Training baseline model: logistic_regression
2026-04-23 17:50:30,956 | INFO | Training time for logistic_regression: 0.01s
2026-04-23 17:50:30,956 | INFO | Evaluating model: logistic_regression
2026-04-23 17:50:31,079 | INFO | Saved confusion matrix: C:\Projects\uit\diabetes-xai-agreement\outputs\cdc_brfss_2023_rebuilt\confusion_matrix\logistic_regression_confusion_matrix.png
2026-04-23 17:50:31,079 | INFO | Metrics for logistic_regression: {'model': 'logistic_regression', 'accuracy': 0.73, 'f1': 0.4489795918367347, 'roc_auc': 0.8067336309523809, 'sensitivity': np.float64(0.6875), 'specificity': np.float64(0.7380952380952381), 'training_time_s': 0.01}
2026-04-23 17:50:31,079 | INFO | Training baseline model: decision_tree
2026-04-23 17:50:31,086 | INFO | Training time for decision_tree: 0.01s
2026-04-23 17:50:31,086 | INFO | Evaluating model: decision_tree
2026-04-23 17:50:31,230 | INFO | Saved confusion matrix: C:\Projects\uit\diabetes-xai-agreement\outputs\cdc_brfss_2023_rebuilt\confusion_matrix\decision_tree_confusion_matrix.png
2026-04-23 17:50:31,230 | INFO | Metrics for decision_tree: {'model': 'decision_tree', 'accuracy': 0.795, 'f1': 0.32786885245901637, 'roc_auc': 0.5997023809523809, 'sensitivity': np.float64(0.3125), 'specificity': np.float64(0.8869047619047619), 'training_time_s': 0.01}
2026-04-23 17:50:31,230 | INFO | Training baseline model: random_forest
2026-04-23 17:50:31,576 | INFO | Training time for random_forest: 0.34s
2026-04-23 17:50:31,576 | INFO | Evaluating model: random_forest
2026-04-23 17:50:31,760 | INFO | Saved confusion matrix: C:\Projects\uit\diabetes-xai-agreement\outputs\cdc_brfss_2023_rebuilt\confusion_matrix\random_forest_confusion_matrix.png
2026-04-23 17:50:31,760 | INFO | Metrics for random_forest: {'model': 'random_forest', 'accuracy': 0.845, 'f1': 0.24390243902439024, 'roc_auc': 0.7589285714285714, 'sensitivity': np.float64(0.15625), 'specificity': np.float64(0.9761904761904762), 'training_time_s': 0.34}
2026-04-23 17:50:31,760 | INFO | Training baseline model: knn
2026-04-23 17:50:31,764 | INFO | Training time for knn: 0.0s
2026-04-23 17:50:31,765 | INFO | Evaluating model: knn
2026-04-23 17:50:33,474 | INFO | Saved confusion matrix: C:\Projects\uit\diabetes-xai-agreement\outputs\cdc_brfss_2023_rebuilt\confusion_matrix\knn_confusion_matrix.png
2026-04-23 17:50:33,474 | INFO | Metrics for knn: {'model': 'knn', 'accuracy': 0.81, 'f1': 0.32142857142857145, 'roc_auc': 0.6977306547619048, 'sensitivity': np.float64(0.28125), 'specificity': np.float64(0.9107142857142857), 'training_time_s': 0.0}
2026-04-23 17:50:33,474 | INFO | STEP 03 COMPLETED
2026-04-23 17:50:33,474 | INFO | ============================================================
2026-04-23 17:50:33,474 | INFO | STEP 04 - PROPOSED MODELS
2026-04-23 17:50:33,474 | INFO | ============================================================
2026-04-23 17:50:33,474 | INFO | Training proposed model: ann
2026-04-23 17:50:33,921 | INFO | Training time for ann: 0.45s
2026-04-23 17:50:33,921 | INFO | Evaluating model: ann
2026-04-23 17:50:34,096 | INFO | Saved confusion matrix: C:\Projects\uit\diabetes-xai-agreement\outputs\cdc_brfss_2023_rebuilt\confusion_matrix\ann_confusion_matrix.png
2026-04-23 17:50:34,097 | INFO | Training proposed model: xgboost
2026-04-23 17:50:34,304 | INFO | Training time for xgboost: 0.21s
2026-04-23 17:50:34,304 | INFO | Evaluating model: xgboost
2026-04-23 17:50:34,479 | INFO | Saved confusion matrix: C:\Projects\uit\diabetes-xai-agreement\outputs\cdc_brfss_2023_rebuilt\confusion_matrix\xgboost_confusion_matrix.png
2026-04-23 17:50:34,479 | INFO | Selecting best model...
2026-04-23 17:50:34,479 | INFO | Best model selected: xgboost
2026-04-23 17:50:34,479 | INFO | ROC-AUC: 0.7807
2026-04-23 17:50:34,479 | INFO | STEP 04 COMPLETED
2026-04-23 17:50:34,479 | INFO | Using ACTIVE_MODEL for XAI: xgboost
2026-04-23 17:50:34,479 | INFO | XAI model: xgboost
2026-04-23 17:50:34,479 | INFO | ============================================================
2026-04-23 17:50:34,479 | INFO | STEP 05 - EXPLAINABILITY (SHAP + PERMUTATION FI)
2026-04-23 17:50:34,479 | INFO | ============================================================
2026-04-23 17:50:34,480 | INFO | Running SHAP analysis for: xgboost
2026-04-23 17:50:34,480 | INFO | Running SHAP analysis for model: xgboost
2026-04-23 17:50:34,560 | INFO | TreeExplainer: OK
2026-04-23 17:50:34,600 | INFO | SHAP computation time: 0.12s
2026-04-23 17:50:35,272 | INFO | Saved: C:\Projects\uit\diabetes-xai-agreement\outputs\cdc_brfss_2023_rebuilt\shap\xgboost_shap_summary.png
2026-04-23 17:50:35,593 | INFO | Saved: C:\Projects\uit\diabetes-xai-agreement\outputs\cdc_brfss_2023_rebuilt\shap\xgboost_shap_bar.png
2026-04-23 17:50:35,599 | INFO | Saved: C:\Projects\uit\diabetes-xai-agreement\outputs\cdc_brfss_2023_rebuilt\shap\xgboost_shap_feature_importance.csv
2026-04-23 17:50:35,599 | INFO | SHAP analysis completed
2026-04-23 17:50:35,600 | INFO | SHAP analysis completed in 0.12s
2026-04-23 17:50:35,600 | INFO | Running Permutation Importance for: xgboost (scoring=roc_auc, n_repeats=10)
2026-04-23 17:50:41,321 | INFO | Permutation FI saved to: C:\Projects\uit\diabetes-xai-agreement\outputs\cdc_brfss_2023_rebuilt\fi\xgboost_feature_importance.csv (5.7188s)
2026-04-23 17:50:41,321 | INFO | Permutation FI completed in 5.7188s
2026-04-23 17:50:41,321 | INFO | STEP 05 COMPLETED
2026-04-23 17:50:41,321 | INFO | ============================================================
2026-04-23 17:50:41,321 | INFO | STEP 06 - RESULT VISUALIZATION
2026-04-23 17:50:41,322 | INFO | ============================================================
2026-04-23 17:50:41,581 | INFO | STEP 06 COMPLETED
2026-04-23 17:50:41,583 | INFO | ============================================================
2026-04-23 17:50:41,583 | INFO | STEP 07 - ERROR ANALYSIS + FAIRNESS (EQUALIZED ODDS)
2026-04-23 17:50:41,583 | INFO | ============================================================
2026-04-23 17:50:41,602 | INFO | Saved error analysis outputs to C:\Projects\uit\diabetes-xai-agreement\outputs\cdc_brfss_2023_rebuilt\analysis
2026-04-23 17:50:41,603 | INFO | Running Equalized Odds fairness analysis for: xgboost
2026-04-23 17:50:41,626 | INFO |   Saved: C:\Projects\uit\diabetes-xai-agreement\outputs\cdc_brfss_2023_rebuilt\analysis\xgboost_fairness_age_detail.csv
2026-04-23 17:50:41,626 | INFO |   Age: dTPR=0.500  dFPR=0.214  EO=0.500  [Nghiem trong]
2026-04-23 17:50:41,633 | INFO |   Saved: C:\Projects\uit\diabetes-xai-agreement\outputs\cdc_brfss_2023_rebuilt\analysis\xgboost_fairness_sex_detail.csv
2026-04-23 17:50:41,633 | INFO |   Sex: dTPR=0.050  dFPR=0.084  EO=0.084  [Chap nhan duoc]
2026-04-23 17:50:41,646 | INFO |   Saved: C:\Projects\uit\diabetes-xai-agreement\outputs\cdc_brfss_2023_rebuilt\analysis\xgboost_fairness_income_detail.csv
2026-04-23 17:50:41,646 | INFO |   Income: dTPR=1.000  dFPR=0.400  EO=1.000  [Nghiem trong]
2026-04-23 17:50:41,649 | INFO |   Saved summary: C:\Projects\uit\diabetes-xai-agreement\outputs\cdc_brfss_2023_rebuilt\analysis\xgboost_fairness_equalized_odds_summary.csv
2026-04-23 17:50:41,649 | INFO | Equalized Odds fairness analysis completed
2026-04-23 17:50:41,649 | INFO | Equalized Odds Summary:
2026-04-23 17:50:41,650 | INFO |   Age     : dTPR=0.500  dFPR=0.214  EO=0.500  [Nghiem trong]
2026-04-23 17:50:41,650 | INFO |   Sex     : dTPR=0.050  dFPR=0.084  EO=0.084  [Chap nhan duoc]
2026-04-23 17:50:41,650 | INFO |   Income  : dTPR=1.000  dFPR=0.400  EO=1.000  [Nghiem trong]
2026-04-23 17:50:41,650 | INFO | Saved error analysis outputs to C:\Projects\uit\diabetes-xai-agreement\outputs\cdc_brfss_2023_rebuilt\analysis
2026-04-23 17:50:41,651 | INFO | STEP 07 COMPLETED
2026-04-23 17:50:41,651 | INFO | ============================================================
2026-04-23 17:50:41,651 | INFO | STEP 08 - STATISTICAL TEST
2026-04-23 17:50:41,651 | INFO | ============================================================
2026-04-23 17:50:41,663 | INFO | Saved statistical test results to C:\Projects\uit\diabetes-xai-agreement\outputs\cdc_brfss_2023_rebuilt\analysis\statistical_test_results.csv
2026-04-23 17:50:41,663 | INFO | STEP 08 COMPLETED
2026-04-23 17:50:41,663 | INFO | ============================================================
2026-04-23 17:50:41,663 | INFO | STEP 09 - GENERATE RESULT TABLES
2026-04-23 17:50:41,663 | INFO | ============================================================
2026-04-23 17:50:41,666 | INFO | Saved comparison table to C:\Projects\uit\diabetes-xai-agreement\outputs\cdc_brfss_2023_rebuilt\tables\model_comparison_table.csv
2026-04-23 17:50:41,666 | INFO | STEP 09 COMPLETED
2026-04-23 17:50:41,666 | INFO | ============================================================
2026-04-23 17:50:41,666 | INFO | STEP 10 - REPRODUCIBILITY
2026-04-23 17:50:41,667 | INFO | ============================================================
2026-04-23 17:50:41,701 | INFO | Saved experiment summary to C:\Projects\uit\diabetes-xai-agreement\outputs\cdc_brfss_2023_rebuilt\reproducibility\experiment_summary.json
