2026-04-23 18:35:17,489 | INFO | Logging initialized. Log file: C:\Projects\uit\diabetes-xai-agreement\logs\pipeline_20260423183517.log
2026-04-23 18:35:17,489 | INFO | ==============================================================================
2026-04-23 18:35:17,489 | INFO | [BOOTSTRAP] DATASET=cdc_brfss_2023_rebuilt MODEL=logistic_regression
2026-04-23 18:35:17,489 | INFO | ==============================================================================
2026-04-23 18:35:17,490 | INFO | ============================================================
2026-04-23 18:35:17,490 | INFO | STEP 01 - LOAD AND INSPECT DATASET
2026-04-23 18:35:17,490 | INFO | ============================================================
2026-04-23 18:35:18,492 | INFO | DEBUG MODE: sampling 10000 rows from 432339
2026-04-23 18:35:18,511 | INFO | Dataset rows after sampling: 10000
2026-04-23 18:35:18,512 | INFO | Dataset config: {'path': WindowsPath('C:/Projects/uit/diabetes-xai-agreement/data/processed/cdc_brfss_2023_rebuilt.csv'), 'target': 'Diabetes_binary', 'slug': 'cdc_brfss_2023_rebuilt', 'task': 'classification', 'include_columns': None}
2026-04-23 18:35:18,512 | INFO | Active dataset : cdc_brfss_2023_rebuilt
2026-04-23 18:35:18,512 | INFO | Dataset path   : C:\Projects\uit\diabetes-xai-agreement\data\processed\cdc_brfss_2023_rebuilt.csv
2026-04-23 18:35:18,512 | INFO | Target column  : Diabetes_binary
2026-04-23 18:35:18,512 | INFO | Rows    : 10000
2026-04-23 18:35:18,512 | INFO | Columns : 22
2026-04-23 18:35:18,512 | INFO | Columns: ['Diabetes_binary', 'HighBP', 'HighChol', 'CholCheck', 'BMI', 'Smoker', 'Stroke', 'HeartDiseaseorAttack', 'PhysActivity', 'Fruits', 'Veggies', 'HvyAlcoholConsump', 'AnyHealthcare', 'NoDocbcCost', 'GenHlth', 'MentHlth', 'PhysHlth', 'DiffWalk', 'Sex', 'Age', 'Education', 'Income']
2026-04-23 18:35:18,513 | INFO | 
   Diabetes_binary  HighBP  HighChol  CholCheck  ...  Sex  Age  Education  Income
0                0       1         0          0  ...    2    2          6       6
1                0       1         0          0  ...    2   10          5       6
2                0       1         0          0  ...    2    3          6       6
3                0       1         0          0  ...    1   10          5       6
4                1       1         1          0  ...    1   14          6       3

[5 rows x 22 columns]
2026-04-23 18:35:18,539 | INFO | Target distribution:
2026-04-23 18:35:18,539 | INFO | Diabetes_binary
0    8430
1    1570
Name: count, dtype: int64
2026-04-23 18:35:18,540 | INFO | Target ratio:
2026-04-23 18:35:18,540 | INFO | Diabetes_binary
0    0.843
1    0.157
Name: proportion, dtype: float64
2026-04-23 18:35:18,542 | INFO | Missing values:
2026-04-23 18:35:18,542 | INFO | No missing values
2026-04-23 18:35:18,542 | INFO | STEP 01 COMPLETED
2026-04-23 18:35:19,711 | INFO | ============================================================
2026-04-23 18:35:19,711 | INFO | STEP 02 - DATA PREPROCESSING
2026-04-23 18:35:19,711 | INFO | ============================================================
2026-04-23 18:35:19,712 | INFO | Dataset shape: (10000, 22)
2026-04-23 18:35:19,712 | INFO | Number of selected features: 21
2026-04-23 18:35:19,712 | INFO | Categorical features (0): []
2026-04-23 18:35:19,712 | INFO | Numerical features (21): ['HighBP', 'HighChol', 'CholCheck', 'BMI', 'Smoker', 'Stroke', 'HeartDiseaseorAttack', 'PhysActivity', 'Fruits', 'Veggies', 'HvyAlcoholConsump', 'AnyHealthcare', 'NoDocbcCost', 'GenHlth', 'MentHlth', 'PhysHlth', 'DiffWalk', 'Sex', 'Age', 'Education', 'Income']
2026-04-23 18:35:19,718 | INFO | Train size: 8000
2026-04-23 18:35:19,719 | INFO | Test size : 2000
2026-04-23 18:35:19,719 | INFO | STEP 02 COMPLETED
2026-04-23 18:35:19,719 | INFO | ============================================================
2026-04-23 18:35:19,719 | INFO | STEP 03 - BASELINE MODELS
2026-04-23 18:35:19,719 | INFO | ============================================================
2026-04-23 18:35:19,719 | INFO | Training baseline model: logistic_regression
2026-04-23 18:35:19,737 | INFO | Training time for logistic_regression: 0.02s
2026-04-23 18:35:19,737 | INFO | Evaluating model: logistic_regression
2026-04-23 18:35:19,860 | INFO | Saved confusion matrix: C:\Projects\uit\diabetes-xai-agreement\outputs\cdc_brfss_2023_rebuilt\confusion_matrix\logistic_regression_confusion_matrix.png
2026-04-23 18:35:19,860 | INFO | Metrics for logistic_regression: {'model': 'logistic_regression', 'accuracy': 0.713, 'f1': 0.4305555555555556, 'roc_auc': 0.7937454193772621, 'sensitivity': np.float64(0.6910828025477707), 'specificity': np.float64(0.7170818505338078), 'training_time_s': 0.02}
2026-04-23 18:35:19,860 | INFO | Training baseline model: decision_tree
2026-04-23 18:35:19,895 | INFO | Training time for decision_tree: 0.03s
2026-04-23 18:35:19,895 | INFO | Evaluating model: decision_tree
2026-04-23 18:35:20,020 | INFO | Saved confusion matrix: C:\Projects\uit\diabetes-xai-agreement\outputs\cdc_brfss_2023_rebuilt\confusion_matrix\decision_tree_confusion_matrix.png
2026-04-23 18:35:20,020 | INFO | Metrics for decision_tree: {'model': 'decision_tree', 'accuracy': 0.7695, 'f1': 0.26003210272873195, 'roc_auc': 0.5615182356007888, 'sensitivity': np.float64(0.25796178343949044), 'specificity': np.float64(0.8647686832740213), 'training_time_s': 0.03}
2026-04-23 18:35:20,021 | INFO | Training baseline model: random_forest
2026-04-23 18:35:21,185 | INFO | Training time for random_forest: 1.16s
2026-04-23 18:35:21,186 | INFO | Evaluating model: random_forest
2026-04-23 18:35:21,451 | INFO | Saved confusion matrix: C:\Projects\uit\diabetes-xai-agreement\outputs\cdc_brfss_2023_rebuilt\confusion_matrix\random_forest_confusion_matrix.png
2026-04-23 18:35:21,451 | INFO | Metrics for random_forest: {'model': 'random_forest', 'accuracy': 0.8345, 'f1': 0.22482435597189696, 'roc_auc': 0.7624866831380194, 'sensitivity': np.float64(0.15286624203821655), 'specificity': np.float64(0.961447212336892), 'training_time_s': 1.16}
2026-04-23 18:35:21,451 | INFO | Training baseline model: knn
2026-04-23 18:35:21,460 | INFO | Training time for knn: 0.01s
2026-04-23 18:35:21,460 | INFO | Evaluating model: knn
2026-04-23 18:35:23,084 | INFO | Saved confusion matrix: C:\Projects\uit\diabetes-xai-agreement\outputs\cdc_brfss_2023_rebuilt\confusion_matrix\knn_confusion_matrix.png
2026-04-23 18:35:23,084 | INFO | Metrics for knn: {'model': 'knn', 'accuracy': 0.826, 'f1': 0.26582278481012656, 'roc_auc': 0.7032615922811312, 'sensitivity': np.float64(0.20063694267515925), 'specificity': np.float64(0.9424673784104389), 'training_time_s': 0.01}
2026-04-23 18:35:23,084 | INFO | STEP 03 COMPLETED
2026-04-23 18:35:23,084 | INFO | ============================================================
2026-04-23 18:35:23,084 | INFO | STEP 04 - PROPOSED MODELS
2026-04-23 18:35:23,085 | INFO | ============================================================
2026-04-23 18:35:23,085 | INFO | Training proposed model: ann
2026-04-23 18:35:28,520 | INFO | Training time for ann: 5.43s
2026-04-23 18:35:28,520 | INFO | Evaluating model: ann
2026-04-23 18:35:28,707 | INFO | Saved confusion matrix: C:\Projects\uit\diabetes-xai-agreement\outputs\cdc_brfss_2023_rebuilt\confusion_matrix\ann_confusion_matrix.png
2026-04-23 18:35:28,707 | INFO | Training proposed model: xgboost
2026-04-23 18:35:29,173 | INFO | Training time for xgboost: 0.47s
2026-04-23 18:35:29,174 | INFO | Evaluating model: xgboost
2026-04-23 18:35:29,423 | INFO | Saved confusion matrix: C:\Projects\uit\diabetes-xai-agreement\outputs\cdc_brfss_2023_rebuilt\confusion_matrix\xgboost_confusion_matrix.png
2026-04-23 18:35:29,424 | INFO | Selecting best model...
2026-04-23 18:35:29,424 | INFO | Best model selected: xgboost
2026-04-23 18:35:29,424 | INFO | ROC-AUC: 0.7842
2026-04-23 18:35:29,424 | INFO | STEP 04 COMPLETED
2026-04-23 18:35:29,424 | INFO | Using ACTIVE_MODEL for XAI: logistic_regression
2026-04-23 18:35:29,424 | INFO | XAI model: logistic_regression
2026-04-23 18:35:29,424 | INFO | ============================================================
2026-04-23 18:35:29,424 | INFO | STEP 05 - EXPLAINABILITY (SHAP + PERMUTATION FI)
2026-04-23 18:35:29,424 | INFO | ============================================================
2026-04-23 18:35:29,425 | INFO | Running SHAP analysis for: logistic_regression
2026-04-23 18:35:29,425 | INFO | Running LinearSHAP for model: logistic_regression
2026-04-23 18:35:29,430 | INFO | LinearSHAP computation time: 0.0s
2026-04-23 18:35:31,475 | INFO | Saved: C:\Projects\uit\diabetes-xai-agreement\outputs\cdc_brfss_2023_rebuilt\shap\logistic_regression_shap_feature_importance.csv
2026-04-23 18:35:31,475 | INFO | LinearSHAP analysis completed
2026-04-23 18:35:31,475 | INFO | SHAP analysis completed in 0.0s
2026-04-23 18:35:31,475 | INFO | Running Permutation Importance for: logistic_regression (scoring=roc_auc, n_repeats=10)
2026-04-23 18:35:37,762 | INFO | Permutation FI saved to: C:\Projects\uit\diabetes-xai-agreement\outputs\cdc_brfss_2023_rebuilt\fi\logistic_regression_feature_importance.csv (6.2833s)
2026-04-23 18:35:37,762 | INFO | Permutation FI completed in 6.2833s
2026-04-23 18:35:37,762 | INFO | STEP 05 COMPLETED
2026-04-23 18:35:37,762 | INFO | ============================================================
2026-04-23 18:35:37,762 | INFO | STEP 06 - RESULT VISUALIZATION
2026-04-23 18:35:37,762 | INFO | ============================================================
2026-04-23 18:35:38,002 | INFO | STEP 06 COMPLETED
2026-04-23 18:35:38,002 | INFO | ============================================================
2026-04-23 18:35:38,002 | INFO | STEP 07 - ERROR ANALYSIS + FAIRNESS (EQUALIZED ODDS)
2026-04-23 18:35:38,002 | INFO | ============================================================
2026-04-23 18:35:38,022 | INFO | Saved error analysis outputs to C:\Projects\uit\diabetes-xai-agreement\outputs\cdc_brfss_2023_rebuilt\analysis
2026-04-23 18:35:38,022 | INFO | Running Equalized Odds fairness analysis for: logistic_regression
2026-04-23 18:35:38,042 | INFO |   Saved: C:\Projects\uit\diabetes-xai-agreement\outputs\cdc_brfss_2023_rebuilt\analysis\logistic_regression_fairness_age_detail.csv
2026-04-23 18:35:38,042 | INFO |   Age: dTPR=0.861  dFPR=0.645  EO=0.861  [Nghiem trong]
2026-04-23 18:35:38,049 | INFO |   Saved: C:\Projects\uit\diabetes-xai-agreement\outputs\cdc_brfss_2023_rebuilt\analysis\logistic_regression_fairness_sex_detail.csv
2026-04-23 18:35:38,049 | INFO |   Sex: dTPR=0.040  dFPR=0.009  EO=0.040  [Tot]
2026-04-23 18:35:38,061 | INFO |   Saved: C:\Projects\uit\diabetes-xai-agreement\outputs\cdc_brfss_2023_rebuilt\analysis\logistic_regression_fairness_income_detail.csv
2026-04-23 18:35:38,061 | INFO |   Income: dTPR=0.667  dFPR=0.429  EO=0.667  [Nghiem trong]
2026-04-23 18:35:38,064 | INFO |   Saved summary: C:\Projects\uit\diabetes-xai-agreement\outputs\cdc_brfss_2023_rebuilt\analysis\logistic_regression_fairness_equalized_odds_summary.csv
2026-04-23 18:35:38,064 | INFO | Equalized Odds fairness analysis completed
2026-04-23 18:35:38,064 | INFO | Equalized Odds Summary:
2026-04-23 18:35:38,064 | INFO |   Age     : dTPR=0.861  dFPR=0.645  EO=0.861  [Nghiem trong]
2026-04-23 18:35:38,065 | INFO |   Sex     : dTPR=0.040  dFPR=0.009  EO=0.040  [Tot]
2026-04-23 18:35:38,065 | INFO |   Income  : dTPR=0.667  dFPR=0.429  EO=0.667  [Nghiem trong]
2026-04-23 18:35:38,065 | INFO | Saved error analysis outputs to C:\Projects\uit\diabetes-xai-agreement\outputs\cdc_brfss_2023_rebuilt\analysis
2026-04-23 18:35:38,065 | INFO | STEP 07 COMPLETED
2026-04-23 18:35:38,065 | INFO | ============================================================
2026-04-23 18:35:38,065 | INFO | STEP 08 - STATISTICAL TEST
2026-04-23 18:35:38,065 | INFO | ============================================================
2026-04-23 18:35:38,076 | INFO | Saved statistical test results to C:\Projects\uit\diabetes-xai-agreement\outputs\cdc_brfss_2023_rebuilt\analysis\statistical_test_results.csv
2026-04-23 18:35:38,076 | INFO | STEP 08 COMPLETED
2026-04-23 18:35:38,076 | INFO | ============================================================
2026-04-23 18:35:38,076 | INFO | STEP 09 - GENERATE RESULT TABLES
2026-04-23 18:35:38,076 | INFO | ============================================================
2026-04-23 18:35:38,079 | INFO | Saved comparison table to C:\Projects\uit\diabetes-xai-agreement\outputs\cdc_brfss_2023_rebuilt\tables\model_comparison_table.csv
2026-04-23 18:35:38,079 | INFO | STEP 09 COMPLETED
2026-04-23 18:35:38,079 | INFO | ============================================================
2026-04-23 18:35:38,079 | INFO | STEP 10 - REPRODUCIBILITY
2026-04-23 18:35:38,079 | INFO | ============================================================
2026-04-23 18:35:38,109 | INFO | Saved experiment summary to C:\Projects\uit\diabetes-xai-agreement\outputs\cdc_brfss_2023_rebuilt\reproducibility\experiment_summary.json
