2026-04-23 17:49:54,122 | INFO | Logging initialized. Log file: C:\Projects\uit\diabetes-xai-agreement\logs\pipeline_20260423174954.log
2026-04-23 17:49:54,123 | INFO | ==============================================================================
2026-04-23 17:49:54,123 | INFO | [BOOTSTRAP] DATASET=cdc_brfss_2021_rebuilt MODEL=random_forest
2026-04-23 17:49:54,123 | INFO | ==============================================================================
2026-04-23 17:49:54,123 | INFO | ============================================================
2026-04-23 17:49:54,123 | INFO | STEP 01 - LOAD AND INSPECT DATASET
2026-04-23 17:49:54,124 | INFO | ============================================================
2026-04-23 17:49:55,128 | INFO | DEBUG MODE: sampling 1000 rows from 437708
2026-04-23 17:49:55,144 | INFO | Dataset rows after sampling: 1000
2026-04-23 17:49:55,145 | INFO | Dataset config: {'path': WindowsPath('C:/Projects/uit/diabetes-xai-agreement/data/processed/cdc_brfss_2021_rebuilt.csv'), 'target': 'Diabetes_binary', 'slug': 'cdc_brfss_2021_rebuilt', 'task': 'classification', 'include_columns': None}
2026-04-23 17:49:55,145 | INFO | Active dataset : cdc_brfss_2021_rebuilt
2026-04-23 17:49:55,145 | INFO | Dataset path   : C:\Projects\uit\diabetes-xai-agreement\data\processed\cdc_brfss_2021_rebuilt.csv
2026-04-23 17:49:55,145 | INFO | Target column  : Diabetes_binary
2026-04-23 17:49:55,145 | INFO | Rows    : 1000
2026-04-23 17:49:55,145 | INFO | Columns : 22
2026-04-23 17:49:55,145 | INFO | Columns: ['Diabetes_binary', 'HighBP', 'HighChol', 'CholCheck', 'BMI', 'Smoker', 'Stroke', 'HeartDiseaseorAttack', 'PhysActivity', 'Fruits', 'Veggies', 'HvyAlcoholConsump', 'AnyHealthcare', 'NoDocbcCost', 'GenHlth', 'MentHlth', 'PhysHlth', 'DiffWalk', 'Sex', 'Age', 'Education', 'Income']
2026-04-23 17:49:55,146 | INFO | 
   Diabetes_binary  HighBP  HighChol  CholCheck  ...  Sex  Age  Education  Income
0                0       1         0          0  ...    2    1          5       6
1                0       1         0          1  ...    1    1          4       6
2                0       1         1          0  ...    2   11          4       6
3                0       1         0          0  ...    1   10          6       5
4                1       1         1          0  ...    1   10          4       6

[5 rows x 22 columns]
2026-04-23 17:49:55,170 | INFO | Target distribution:
2026-04-23 17:49:55,170 | INFO | Diabetes_binary
0    838
1    162
Name: count, dtype: int64
2026-04-23 17:49:55,171 | INFO | Target ratio:
2026-04-23 17:49:55,171 | INFO | Diabetes_binary
0    0.838
1    0.162
Name: proportion, dtype: float64
2026-04-23 17:49:55,173 | INFO | Missing values:
2026-04-23 17:49:55,173 | INFO | No missing values
2026-04-23 17:49:55,173 | INFO | STEP 01 COMPLETED
2026-04-23 17:49:56,322 | INFO | ============================================================
2026-04-23 17:49:56,322 | INFO | STEP 02 - DATA PREPROCESSING
2026-04-23 17:49:56,322 | INFO | ============================================================
2026-04-23 17:49:56,324 | INFO | Dataset shape: (1000, 22)
2026-04-23 17:49:56,324 | INFO | Number of selected features: 21
2026-04-23 17:49:56,324 | INFO | Categorical features (0): []
2026-04-23 17:49:56,324 | INFO | Numerical features (21): ['HighBP', 'HighChol', 'CholCheck', 'BMI', 'Smoker', 'Stroke', 'HeartDiseaseorAttack', 'PhysActivity', 'Fruits', 'Veggies', 'HvyAlcoholConsump', 'AnyHealthcare', 'NoDocbcCost', 'GenHlth', 'MentHlth', 'PhysHlth', 'DiffWalk', 'Sex', 'Age', 'Education', 'Income']
2026-04-23 17:49:56,327 | INFO | Train size: 800
2026-04-23 17:49:56,327 | INFO | Test size : 200
2026-04-23 17:49:56,327 | INFO | STEP 02 COMPLETED
2026-04-23 17:49:56,328 | INFO | ============================================================
2026-04-23 17:49:56,328 | INFO | STEP 03 - BASELINE MODELS
2026-04-23 17:49:56,328 | INFO | ============================================================
2026-04-23 17:49:56,328 | INFO | Training baseline model: logistic_regression
2026-04-23 17:49:56,342 | INFO | Training time for logistic_regression: 0.01s
2026-04-23 17:49:56,343 | INFO | Evaluating model: logistic_regression
2026-04-23 17:49:56,454 | INFO | Saved confusion matrix: C:\Projects\uit\diabetes-xai-agreement\outputs\cdc_brfss_2021_rebuilt\confusion_matrix\logistic_regression_confusion_matrix.png
2026-04-23 17:49:56,455 | INFO | Metrics for logistic_regression: {'model': 'logistic_regression', 'accuracy': 0.735, 'f1': 0.4854368932038835, 'roc_auc': 0.8002232142857142, 'sensitivity': np.float64(0.78125), 'specificity': np.float64(0.7261904761904762), 'training_time_s': 0.01}
2026-04-23 17:49:56,455 | INFO | Training baseline model: decision_tree
2026-04-23 17:49:56,463 | INFO | Training time for decision_tree: 0.01s
2026-04-23 17:49:56,464 | INFO | Evaluating model: decision_tree
2026-04-23 17:49:56,597 | INFO | Saved confusion matrix: C:\Projects\uit\diabetes-xai-agreement\outputs\cdc_brfss_2021_rebuilt\confusion_matrix\decision_tree_confusion_matrix.png
2026-04-23 17:49:56,597 | INFO | Metrics for decision_tree: {'model': 'decision_tree', 'accuracy': 0.765, 'f1': 0.29850746268656714, 'roc_auc': 0.5827752976190477, 'sensitivity': np.float64(0.3125), 'specificity': np.float64(0.8511904761904762), 'training_time_s': 0.01}
2026-04-23 17:49:56,598 | INFO | Training baseline model: random_forest
2026-04-23 17:49:56,886 | INFO | Training time for random_forest: 0.29s
2026-04-23 17:49:56,886 | INFO | Evaluating model: random_forest
2026-04-23 17:49:57,040 | INFO | Saved confusion matrix: C:\Projects\uit\diabetes-xai-agreement\outputs\cdc_brfss_2021_rebuilt\confusion_matrix\random_forest_confusion_matrix.png
2026-04-23 17:49:57,041 | INFO | Metrics for random_forest: {'model': 'random_forest', 'accuracy': 0.875, 'f1': 0.3902439024390244, 'roc_auc': 0.7902715773809524, 'sensitivity': np.float64(0.25), 'specificity': np.float64(0.9940476190476191), 'training_time_s': 0.29}
2026-04-23 17:49:57,041 | INFO | Training baseline model: knn
2026-04-23 17:49:57,045 | INFO | Training time for knn: 0.0s
2026-04-23 17:49:57,045 | INFO | Evaluating model: knn
2026-04-23 17:49:58,600 | INFO | Saved confusion matrix: C:\Projects\uit\diabetes-xai-agreement\outputs\cdc_brfss_2021_rebuilt\confusion_matrix\knn_confusion_matrix.png
2026-04-23 17:49:58,600 | INFO | Metrics for knn: {'model': 'knn', 'accuracy': 0.81, 'f1': 0.20833333333333334, 'roc_auc': 0.7325148809523809, 'sensitivity': np.float64(0.15625), 'specificity': np.float64(0.9345238095238095), 'training_time_s': 0.0}
2026-04-23 17:49:58,600 | INFO | STEP 03 COMPLETED
2026-04-23 17:49:58,600 | INFO | ============================================================
2026-04-23 17:49:58,600 | INFO | STEP 04 - PROPOSED MODELS
2026-04-23 17:49:58,600 | INFO | ============================================================
2026-04-23 17:49:58,600 | INFO | Training proposed model: ann
2026-04-23 17:49:59,036 | INFO | Training time for ann: 0.44s
2026-04-23 17:49:59,036 | INFO | Evaluating model: ann
2026-04-23 17:49:59,156 | INFO | Saved confusion matrix: C:\Projects\uit\diabetes-xai-agreement\outputs\cdc_brfss_2021_rebuilt\confusion_matrix\ann_confusion_matrix.png
2026-04-23 17:49:59,156 | INFO | Training proposed model: xgboost
2026-04-23 17:49:59,339 | INFO | Training time for xgboost: 0.18s
2026-04-23 17:49:59,339 | INFO | Evaluating model: xgboost
2026-04-23 17:49:59,516 | INFO | Saved confusion matrix: C:\Projects\uit\diabetes-xai-agreement\outputs\cdc_brfss_2021_rebuilt\confusion_matrix\xgboost_confusion_matrix.png
2026-04-23 17:49:59,517 | INFO | Selecting best model...
2026-04-23 17:49:59,517 | INFO | Best model selected: xgboost
2026-04-23 17:49:59,517 | INFO | ROC-AUC: 0.8056
2026-04-23 17:49:59,517 | INFO | STEP 04 COMPLETED
2026-04-23 17:49:59,517 | INFO | Using ACTIVE_MODEL for XAI: random_forest
2026-04-23 17:49:59,517 | INFO | XAI model: random_forest
2026-04-23 17:49:59,517 | INFO | ============================================================
2026-04-23 17:49:59,517 | INFO | STEP 05 - EXPLAINABILITY (SHAP + PERMUTATION FI)
2026-04-23 17:49:59,517 | INFO | ============================================================
2026-04-23 17:49:59,518 | INFO | Running SHAP analysis for: random_forest
2026-04-23 17:49:59,518 | INFO | Running SHAP analysis for model: random_forest
2026-04-23 17:49:59,535 | INFO | TreeExplainer: OK
2026-04-23 17:50:02,066 | INFO | SHAP computation time: 2.55s
2026-04-23 17:50:02,741 | INFO | Saved: C:\Projects\uit\diabetes-xai-agreement\outputs\cdc_brfss_2021_rebuilt\shap\random_forest_shap_summary.png
2026-04-23 17:50:03,060 | INFO | Saved: C:\Projects\uit\diabetes-xai-agreement\outputs\cdc_brfss_2021_rebuilt\shap\random_forest_shap_bar.png
2026-04-23 17:50:03,064 | INFO | Saved: C:\Projects\uit\diabetes-xai-agreement\outputs\cdc_brfss_2021_rebuilt\shap\random_forest_shap_feature_importance.csv
2026-04-23 17:50:03,064 | INFO | SHAP analysis completed
2026-04-23 17:50:03,066 | INFO | SHAP analysis completed in 2.55s
2026-04-23 17:50:03,066 | INFO | Running Permutation Importance for: random_forest (scoring=roc_auc, n_repeats=10)
2026-04-23 17:50:08,835 | INFO | Permutation FI saved to: C:\Projects\uit\diabetes-xai-agreement\outputs\cdc_brfss_2021_rebuilt\fi\random_forest_feature_importance.csv (5.7669s)
2026-04-23 17:50:08,835 | INFO | Permutation FI completed in 5.7669s
2026-04-23 17:50:08,835 | INFO | STEP 05 COMPLETED
2026-04-23 17:50:08,835 | INFO | ============================================================
2026-04-23 17:50:08,835 | INFO | STEP 06 - RESULT VISUALIZATION
2026-04-23 17:50:08,835 | INFO | ============================================================
2026-04-23 17:50:08,985 | INFO | STEP 06 COMPLETED
2026-04-23 17:50:08,985 | INFO | ============================================================
2026-04-23 17:50:08,985 | INFO | STEP 07 - ERROR ANALYSIS + FAIRNESS (EQUALIZED ODDS)
2026-04-23 17:50:08,985 | INFO | ============================================================
2026-04-23 17:50:09,013 | INFO | Saved error analysis outputs to C:\Projects\uit\diabetes-xai-agreement\outputs\cdc_brfss_2021_rebuilt\analysis
2026-04-23 17:50:09,013 | INFO | Running Equalized Odds fairness analysis for: random_forest
2026-04-23 17:50:09,044 | INFO |   Saved: C:\Projects\uit\diabetes-xai-agreement\outputs\cdc_brfss_2021_rebuilt\analysis\random_forest_fairness_age_detail.csv
2026-04-23 17:50:09,045 | INFO |   Age: dTPR=0.353  dFPR=0.125  EO=0.353  [Nghiem trong]
2026-04-23 17:50:09,050 | INFO |   Saved: C:\Projects\uit\diabetes-xai-agreement\outputs\cdc_brfss_2021_rebuilt\analysis\random_forest_fairness_sex_detail.csv
2026-04-23 17:50:09,050 | INFO |   Sex: dTPR=0.133  dFPR=0.010  EO=0.133  [Đang lo ngai]
2026-04-23 17:50:09,059 | INFO |   Saved: C:\Projects\uit\diabetes-xai-agreement\outputs\cdc_brfss_2021_rebuilt\analysis\random_forest_fairness_income_detail.csv
2026-04-23 17:50:09,059 | INFO |   Income: dTPR=0.667  dFPR=0.071  EO=0.667  [Nghiem trong]
2026-04-23 17:50:09,061 | INFO |   Saved summary: C:\Projects\uit\diabetes-xai-agreement\outputs\cdc_brfss_2021_rebuilt\analysis\random_forest_fairness_equalized_odds_summary.csv
2026-04-23 17:50:09,062 | INFO | Equalized Odds fairness analysis completed
2026-04-23 17:50:09,062 | INFO | Equalized Odds Summary:
2026-04-23 17:50:09,062 | INFO |   Age     : dTPR=0.353  dFPR=0.125  EO=0.353  [Nghiem trong]
2026-04-23 17:50:09,062 | INFO |   Sex     : dTPR=0.133  dFPR=0.010  EO=0.133  [Đang lo ngai]
2026-04-23 17:50:09,063 | INFO |   Income  : dTPR=0.667  dFPR=0.071  EO=0.667  [Nghiem trong]
2026-04-23 17:50:09,063 | INFO | Saved error analysis outputs to C:\Projects\uit\diabetes-xai-agreement\outputs\cdc_brfss_2021_rebuilt\analysis
2026-04-23 17:50:09,063 | INFO | STEP 07 COMPLETED
2026-04-23 17:50:09,063 | INFO | ============================================================
2026-04-23 17:50:09,063 | INFO | STEP 08 - STATISTICAL TEST
2026-04-23 17:50:09,063 | INFO | ============================================================
2026-04-23 17:50:09,072 | INFO | Saved statistical test results to C:\Projects\uit\diabetes-xai-agreement\outputs\cdc_brfss_2021_rebuilt\analysis\statistical_test_results.csv
2026-04-23 17:50:09,072 | INFO | STEP 08 COMPLETED
2026-04-23 17:50:09,072 | INFO | ============================================================
2026-04-23 17:50:09,072 | INFO | STEP 09 - GENERATE RESULT TABLES
2026-04-23 17:50:09,072 | INFO | ============================================================
2026-04-23 17:50:09,075 | INFO | Saved comparison table to C:\Projects\uit\diabetes-xai-agreement\outputs\cdc_brfss_2021_rebuilt\tables\model_comparison_table.csv
2026-04-23 17:50:09,075 | INFO | STEP 09 COMPLETED
2026-04-23 17:50:09,075 | INFO | ============================================================
2026-04-23 17:50:09,075 | INFO | STEP 10 - REPRODUCIBILITY
2026-04-23 17:50:09,075 | INFO | ============================================================
2026-04-23 17:50:09,098 | INFO | Saved experiment summary to C:\Projects\uit\diabetes-xai-agreement\outputs\cdc_brfss_2021_rebuilt\reproducibility\experiment_summary.json
