2026-04-23 17:13:13,671 | INFO | Logging initialized. Log file: C:\Projects\uit\diabetes-xai-agreement\logs\pipeline_20260423171313.log
2026-04-23 17:13:13,672 | INFO | ============================================================
2026-04-23 17:13:13,672 | INFO | PIPELINE RUN STARTED
2026-04-23 17:13:13,672 | INFO | ============================================================
2026-04-23 17:13:13,672 | INFO | ============================================================
2026-04-23 17:13:13,672 | INFO | STEP 01 - LOAD AND INSPECT DATASET
2026-04-23 17:13:13,672 | INFO | ============================================================
2026-04-23 17:13:14,725 | INFO | Dataset config: {'path': WindowsPath('C:/Projects/uit/diabetes-xai-agreement/data/processed/cdc_brfss_2015_rebuilt.csv'), 'target': 'Diabetes_binary', 'slug': 'cdc_brfss_2015_rebuilt', 'task': 'classification', 'include_columns': None}
2026-04-23 17:13:14,725 | INFO | Active dataset : cdc_brfss_2015_rebuilt
2026-04-23 17:13:14,725 | INFO | Dataset path   : C:\Projects\uit\diabetes-xai-agreement\data\processed\cdc_brfss_2015_rebuilt.csv
2026-04-23 17:13:14,725 | INFO | Target column  : Diabetes_binary
2026-04-23 17:13:14,725 | INFO | Rows    : 440658
2026-04-23 17:13:14,725 | INFO | Columns : 22
2026-04-23 17:13:14,725 | INFO | Columns: ['Diabetes_binary', 'HighBP', 'HighChol', 'CholCheck', 'BMI', 'Smoker', 'Stroke', 'HeartDiseaseorAttack', 'PhysActivity', 'Fruits', 'Veggies', 'HvyAlcoholConsump', 'AnyHealthcare', 'NoDocbcCost', 'GenHlth', 'MentHlth', 'PhysHlth', 'DiffWalk', 'Sex', 'Age', 'Education', 'Income']
2026-04-23 17:13:14,726 | INFO | 
   Diabetes_binary  HighBP  HighChol  CholCheck  ...  Sex  Age  Education  Income
0                0       1         1          1  ...    2   10          4       3
1                0       1         0          1  ...    2   10          6       1
2                0       1         1          1  ...    2   11          4       6
3                0       1         1          1  ...    2   10          4       6
4                0       1         0          1  ...    2   10          5       6

[5 rows x 22 columns]
2026-04-23 17:13:14,754 | INFO | Target distribution:
2026-04-23 17:13:14,758 | INFO | Diabetes_binary
0    375712
1     64946
Name: count, dtype: int64
2026-04-23 17:13:14,759 | INFO | Target ratio:
2026-04-23 17:13:14,762 | INFO | Diabetes_binary
0    0.852616
1    0.147384
Name: proportion, dtype: float64
2026-04-23 17:13:14,779 | INFO | Missing values:
2026-04-23 17:13:14,779 | INFO | No missing values
2026-04-23 17:13:14,779 | INFO | STEP 01 COMPLETED
2026-04-23 17:13:17,484 | INFO | ============================================================
2026-04-23 17:13:17,484 | INFO | STEP 02 - DATA PREPROCESSING
2026-04-23 17:13:17,484 | INFO | ============================================================
2026-04-23 17:13:17,486 | INFO | Dataset shape: (440658, 22)
2026-04-23 17:13:17,486 | INFO | Number of selected features: 21
2026-04-23 17:13:17,486 | INFO | Categorical features (0): []
2026-04-23 17:13:17,486 | INFO | Numerical features (21): ['HighBP', 'HighChol', 'CholCheck', 'BMI', 'Smoker', 'Stroke', 'HeartDiseaseorAttack', 'PhysActivity', 'Fruits', 'Veggies', 'HvyAlcoholConsump', 'AnyHealthcare', 'NoDocbcCost', 'GenHlth', 'MentHlth', 'PhysHlth', 'DiffWalk', 'Sex', 'Age', 'Education', 'Income']
2026-04-23 17:13:17,716 | INFO | Train size: 352526
2026-04-23 17:13:17,716 | INFO | Test size : 88132
2026-04-23 17:13:17,716 | INFO | STEP 02 COMPLETED
2026-04-23 17:13:17,716 | INFO | ============================================================
2026-04-23 17:13:17,716 | INFO | STEP 03 - BASELINE MODELS
2026-04-23 17:13:17,716 | INFO | ============================================================
2026-04-23 17:13:17,716 | INFO | Training baseline model: logistic_regression
2026-04-23 17:13:18,148 | INFO | Training time for logistic_regression: 0.43s
2026-04-23 17:13:18,148 | INFO | Evaluating model: logistic_regression
2026-04-23 17:13:18,367 | INFO | Saved confusion matrix: C:\Projects\uit\diabetes-xai-agreement\outputs\cdc_brfss_2015_rebuilt\confusion_matrix\logistic_regression_confusion_matrix.png
2026-04-23 17:13:18,367 | INFO | Metrics for logistic_regression: {'model': 'logistic_regression', 'accuracy': 0.7244133799301048, 'f1': 0.4472210842550867, 'roc_auc': 0.8136813573305594, 'sensitivity': np.float64(0.7564092693817845), 'specificity': np.float64(0.7188826637211716), 'training_time_s': 0.43}
2026-04-23 17:13:18,367 | INFO | Training baseline model: decision_tree
2026-04-23 17:13:20,717 | INFO | Training time for decision_tree: 2.35s
2026-04-23 17:13:20,718 | INFO | Evaluating model: decision_tree
2026-04-23 17:13:20,998 | INFO | Saved confusion matrix: C:\Projects\uit\diabetes-xai-agreement\outputs\cdc_brfss_2015_rebuilt\confusion_matrix\decision_tree_confusion_matrix.png
2026-04-23 17:13:20,999 | INFO | Metrics for decision_tree: {'model': 'decision_tree', 'accuracy': 0.7848454590841011, 'f1': 0.2943059173799777, 'roc_auc': 0.5856122672653786, 'sensitivity': np.float64(0.30441142505196706), 'specificity': np.float64(0.8678918861370986), 'training_time_s': 2.35}
2026-04-23 17:13:20,999 | INFO | Training baseline model: random_forest
