2026-04-24 10:50:12,926 | INFO | Logging initialized. Log file: C:\Projects\uit\diabetes-xai-agreement\logs\pipeline_20260424105012.log
2026-04-24 10:50:12,927 | INFO | ==============================================================================
2026-04-24 10:50:12,927 | INFO | [BOOTSTRAP] DATASET=cdc_brfss_2015_rebuilt MODEL=xgboost
2026-04-24 10:50:12,927 | INFO | ==============================================================================
2026-04-24 10:50:12,927 | INFO | ============================================================
2026-04-24 10:50:12,927 | INFO | STEP 01 - LOAD AND INSPECT DATASET
2026-04-24 10:50:12,927 | INFO | ============================================================
2026-04-24 10:50:14,047 | INFO | Dataset rows after sampling: 440658
2026-04-24 10:50:14,047 | INFO | Dataset config: {'path': WindowsPath('C:/Projects/uit/diabetes-xai-agreement/data/processed/cdc_brfss_2015_rebuilt.csv'), 'target': 'Diabetes_binary', 'slug': 'cdc_brfss_2015_rebuilt', 'task': 'classification', 'include_columns': None}
2026-04-24 10:50:14,047 | INFO | Active dataset : cdc_brfss_2015_rebuilt
2026-04-24 10:50:14,047 | INFO | Dataset path   : C:\Projects\uit\diabetes-xai-agreement\data\processed\cdc_brfss_2015_rebuilt.csv
2026-04-24 10:50:14,047 | INFO | Target column  : Diabetes_binary
2026-04-24 10:50:14,047 | INFO | Rows    : 440658
2026-04-24 10:50:14,047 | INFO | Columns : 22
2026-04-24 10:50:14,047 | INFO | Columns: ['Diabetes_binary', 'HighBP', 'HighChol', 'CholCheck', 'BMI', 'Smoker', 'Stroke', 'HeartDiseaseorAttack', 'PhysActivity', 'Fruits', 'Veggies', 'HvyAlcoholConsump', 'AnyHealthcare', 'NoDocbcCost', 'GenHlth', 'MentHlth', 'PhysHlth', 'DiffWalk', 'Sex', 'Age', 'Education', 'Income']
2026-04-24 10:50:14,049 | INFO | 
   Diabetes_binary  HighBP  HighChol  CholCheck  ...  Sex  Age  Education  Income
0                0       1         1          1  ...    2   10          4       3
1                0       1         0          1  ...    2   10          6       1
2                0       1         1          1  ...    2   11          4       6
3                0       1         1          1  ...    2   10          4       6
4                0       1         0          1  ...    2   10          5       6

[5 rows x 22 columns]
2026-04-24 10:50:14,086 | INFO | Target distribution:
2026-04-24 10:50:14,093 | INFO | Diabetes_binary
0    375712
1     64946
Name: count, dtype: int64
2026-04-24 10:50:14,093 | INFO | Target ratio:
2026-04-24 10:50:14,096 | INFO | Diabetes_binary
0    0.852616
1    0.147384
Name: proportion, dtype: float64
2026-04-24 10:50:14,115 | INFO | Missing values:
2026-04-24 10:50:14,115 | INFO | No missing values
2026-04-24 10:50:14,115 | INFO | STEP 01 COMPLETED
2026-04-24 10:50:16,715 | INFO | ============================================================
2026-04-24 10:50:16,715 | INFO | STEP 02 - DATA PREPROCESSING
2026-04-24 10:50:16,715 | INFO | ============================================================
2026-04-24 10:50:16,716 | INFO | Dataset shape: (440658, 22)
2026-04-24 10:50:16,716 | INFO | Number of selected features: 21
2026-04-24 10:50:16,716 | INFO | Categorical features (0): []
2026-04-24 10:50:16,716 | INFO | Numerical features (21): ['HighBP', 'HighChol', 'CholCheck', 'BMI', 'Smoker', 'Stroke', 'HeartDiseaseorAttack', 'PhysActivity', 'Fruits', 'Veggies', 'HvyAlcoholConsump', 'AnyHealthcare', 'NoDocbcCost', 'GenHlth', 'MentHlth', 'PhysHlth', 'DiffWalk', 'Sex', 'Age', 'Education', 'Income']
2026-04-24 10:50:16,906 | INFO | Train size: 352526
2026-04-24 10:50:16,907 | INFO | Test size : 88132
2026-04-24 10:50:16,907 | INFO | STEP 02 COMPLETED
2026-04-24 10:50:16,907 | INFO | ============================================================
2026-04-24 10:50:16,907 | INFO | STEP 03 - BASELINE MODELS
2026-04-24 10:50:16,907 | INFO | ============================================================
2026-04-24 10:50:16,907 | INFO | Training baseline model: logistic_regression
2026-04-24 10:50:17,328 | INFO | Training time for logistic_regression: 0.42s
2026-04-24 10:50:17,328 | INFO | Evaluating model: logistic_regression
2026-04-24 10:50:17,525 | INFO | Saved confusion matrix: C:\Projects\uit\diabetes-xai-agreement\outputs\cdc_brfss_2015_rebuilt\confusion_matrix\logistic_regression_confusion_matrix.png
2026-04-24 10:50:17,525 | INFO | Metrics for logistic_regression: {'model': 'logistic_regression', 'accuracy': 0.7244133799301048, 'f1': 0.4472210842550867, 'roc_auc': 0.8136813573305594, 'sensitivity': np.float64(0.7564092693817845), 'specificity': np.float64(0.7188826637211716), 'training_time_s': 0.42}
2026-04-24 10:50:17,525 | INFO | Training baseline model: decision_tree
2026-04-24 10:50:19,628 | INFO | Training time for decision_tree: 2.1s
2026-04-24 10:50:19,628 | INFO | Evaluating model: decision_tree
2026-04-24 10:50:19,855 | INFO | Saved confusion matrix: C:\Projects\uit\diabetes-xai-agreement\outputs\cdc_brfss_2015_rebuilt\confusion_matrix\decision_tree_confusion_matrix.png
2026-04-24 10:50:19,855 | INFO | Metrics for decision_tree: {'model': 'decision_tree', 'accuracy': 0.7848454590841011, 'f1': 0.2943059173799777, 'roc_auc': 0.5856122672653786, 'sensitivity': np.float64(0.30441142505196706), 'specificity': np.float64(0.8678918861370986), 'training_time_s': 2.1}
2026-04-24 10:50:19,855 | INFO | Training baseline model: random_forest
2026-04-24 10:51:30,699 | INFO | Training time for random_forest: 70.84s
2026-04-24 10:51:30,699 | INFO | Evaluating model: random_forest
2026-04-24 10:51:41,136 | INFO | Saved confusion matrix: C:\Projects\uit\diabetes-xai-agreement\outputs\cdc_brfss_2015_rebuilt\confusion_matrix\random_forest_confusion_matrix.png
2026-04-24 10:51:41,136 | INFO | Metrics for random_forest: {'model': 'random_forest', 'accuracy': 0.8390142059637816, 'f1': 0.25779451768152334, 'roc_auc': 0.7774183100988303, 'sensitivity': np.float64(0.18969897605666333), 'specificity': np.float64(0.9512529443860372), 'training_time_s': 70.84}
2026-04-24 10:51:41,136 | INFO | Training baseline model: knn
2026-04-24 10:51:41,325 | INFO | Training time for knn: 0.19s
2026-04-24 10:51:41,326 | INFO | Evaluating model: knn
2026-04-24 10:53:20,780 | INFO | Saved confusion matrix: C:\Projects\uit\diabetes-xai-agreement\outputs\cdc_brfss_2015_rebuilt\confusion_matrix\knn_confusion_matrix.png
2026-04-24 10:53:20,781 | INFO | Metrics for knn: {'model': 'knn', 'accuracy': 0.8402736803885081, 'f1': 0.2847416289822672, 'roc_auc': 0.7193738108252421, 'sensitivity': np.float64(0.21572099468781278), 'specificity': np.float64(0.9482320375816776), 'training_time_s': 0.19}
2026-04-24 10:53:20,781 | INFO | STEP 03 COMPLETED
2026-04-24 10:53:20,781 | INFO | ============================================================
2026-04-24 10:53:20,781 | INFO | STEP 04 - PROPOSED MODELS
2026-04-24 10:53:20,781 | INFO | ============================================================
2026-04-24 10:53:20,781 | INFO | Training proposed model: ann
2026-04-24 10:55:00,843 | INFO | Training time for ann: 100.06s
2026-04-24 10:55:00,843 | INFO | Evaluating model: ann
2026-04-24 10:55:01,104 | INFO | Saved confusion matrix: C:\Projects\uit\diabetes-xai-agreement\outputs\cdc_brfss_2015_rebuilt\confusion_matrix\ann_confusion_matrix.png
2026-04-24 10:55:01,104 | INFO | Training proposed model: xgboost
2026-04-24 10:55:07,677 | INFO | Training time for xgboost: 6.57s
2026-04-24 10:55:07,678 | INFO | Evaluating model: xgboost
2026-04-24 10:55:08,411 | INFO | Saved confusion matrix: C:\Projects\uit\diabetes-xai-agreement\outputs\cdc_brfss_2015_rebuilt\confusion_matrix\xgboost_confusion_matrix.png
2026-04-24 10:55:08,412 | INFO | Selecting best model...
2026-04-24 10:55:08,412 | INFO | Best model selected: xgboost
2026-04-24 10:55:08,412 | INFO | ROC-AUC: 0.8244
2026-04-24 10:55:08,412 | INFO | STEP 04 COMPLETED
2026-04-24 10:55:08,412 | INFO | Using ACTIVE_MODEL for XAI: xgboost
2026-04-24 10:55:08,412 | INFO | XAI model: xgboost
2026-04-24 10:55:08,412 | INFO | ============================================================
2026-04-24 10:55:08,413 | INFO | STEP 05 - EXPLAINABILITY (SHAP + PERMUTATION FI)
2026-04-24 10:55:08,413 | INFO | ============================================================
2026-04-24 10:55:08,414 | INFO | Running SHAP analysis for: xgboost
2026-04-24 10:55:08,414 | INFO | Running SHAP analysis for model: xgboost
2026-04-24 10:55:08,606 | INFO | TreeExplainer: OK
2026-04-24 10:55:08,877 | INFO | SHAP computation time: 0.43s
2026-04-24 10:55:10,072 | INFO | Saved: C:\Projects\uit\diabetes-xai-agreement\outputs\cdc_brfss_2015_rebuilt\shap\xgboost_shap_summary.png
2026-04-24 10:55:10,553 | INFO | Saved: C:\Projects\uit\diabetes-xai-agreement\outputs\cdc_brfss_2015_rebuilt\shap\xgboost_shap_bar.png
2026-04-24 10:55:10,637 | INFO | Saved: C:\Projects\uit\diabetes-xai-agreement\outputs\cdc_brfss_2015_rebuilt\shap\xgboost_shap_feature_importance.csv
2026-04-24 10:55:10,637 | INFO | SHAP analysis completed
2026-04-24 10:55:10,642 | INFO | SHAP analysis completed in 0.43s
2026-04-24 10:55:10,643 | INFO | Running Permutation Importance for: xgboost (scoring=roc_auc, n_repeats=10)
2026-04-24 10:55:58,591 | INFO | Permutation FI saved to: C:\Projects\uit\diabetes-xai-agreement\outputs\cdc_brfss_2015_rebuilt\fi\xgboost_feature_importance.csv (47.9441s)
2026-04-24 10:55:58,591 | INFO | Permutation FI completed in 47.9441s
2026-04-24 10:55:58,591 | INFO | STEP 05 COMPLETED
2026-04-24 10:55:58,591 | INFO | ============================================================
2026-04-24 10:55:58,591 | INFO | STEP 06 - RESULT VISUALIZATION
2026-04-24 10:55:58,592 | INFO | ============================================================
2026-04-24 10:55:58,796 | INFO | STEP 06 COMPLETED
2026-04-24 10:55:58,796 | INFO | ============================================================
2026-04-24 10:55:58,796 | INFO | STEP 07 - ERROR ANALYSIS + FAIRNESS (EQUALIZED ODDS)
2026-04-24 10:55:58,796 | INFO | ============================================================
2026-04-24 10:55:59,161 | INFO | Saved error analysis outputs to C:\Projects\uit\diabetes-xai-agreement\outputs\cdc_brfss_2015_rebuilt\analysis
2026-04-24 10:55:59,162 | INFO | Running Equalized Odds fairness analysis for: xgboost
2026-04-24 10:55:59,412 | INFO |   Saved: C:\Projects\uit\diabetes-xai-agreement\outputs\cdc_brfss_2015_rebuilt\analysis\xgboost_fairness_age_detail.csv
2026-04-24 10:55:59,412 | INFO |   Age: dTPR=0.236  dFPR=0.054  EO=0.236  [Nghiem trong]
2026-04-24 10:55:59,440 | INFO |   Saved: C:\Projects\uit\diabetes-xai-agreement\outputs\cdc_brfss_2015_rebuilt\analysis\xgboost_fairness_sex_detail.csv
2026-04-24 10:55:59,440 | INFO |   Sex: dTPR=0.001  dFPR=0.002  EO=0.002  [Tot]
2026-04-24 10:55:59,465 | INFO |   Saved: C:\Projects\uit\diabetes-xai-agreement\outputs\cdc_brfss_2015_rebuilt\analysis\xgboost_fairness_income_detail.csv
2026-04-24 10:55:59,465 | INFO |   Income: dTPR=0.202  dFPR=0.063  EO=0.202  [Nghiem trong]
2026-04-24 10:55:59,467 | INFO |   Saved summary: C:\Projects\uit\diabetes-xai-agreement\outputs\cdc_brfss_2015_rebuilt\analysis\xgboost_fairness_equalized_odds_summary.csv
2026-04-24 10:55:59,467 | INFO | Equalized Odds fairness analysis completed
2026-04-24 10:55:59,468 | INFO | Equalized Odds Summary:
2026-04-24 10:55:59,470 | INFO |   Age     : dTPR=0.236  dFPR=0.054  EO=0.236  [Nghiem trong]
2026-04-24 10:55:59,470 | INFO |   Sex     : dTPR=0.001  dFPR=0.002  EO=0.002  [Tot]
2026-04-24 10:55:59,470 | INFO |   Income  : dTPR=0.202  dFPR=0.063  EO=0.202  [Nghiem trong]
2026-04-24 10:55:59,470 | INFO | Saved error analysis outputs to C:\Projects\uit\diabetes-xai-agreement\outputs\cdc_brfss_2015_rebuilt\analysis
2026-04-24 10:55:59,471 | INFO | STEP 07 COMPLETED
2026-04-24 10:55:59,471 | INFO | ============================================================
2026-04-24 10:55:59,471 | INFO | STEP 08 - STATISTICAL TEST
2026-04-24 10:55:59,471 | INFO | ============================================================
2026-04-24 10:55:59,483 | INFO | Saved statistical test results to C:\Projects\uit\diabetes-xai-agreement\outputs\cdc_brfss_2015_rebuilt\analysis\statistical_test_results.csv
2026-04-24 10:55:59,483 | INFO | STEP 08 COMPLETED
2026-04-24 10:55:59,483 | INFO | ============================================================
2026-04-24 10:55:59,483 | INFO | STEP 09 - GENERATE RESULT TABLES
2026-04-24 10:55:59,483 | INFO | ============================================================
2026-04-24 10:55:59,485 | INFO | Saved comparison table to C:\Projects\uit\diabetes-xai-agreement\outputs\cdc_brfss_2015_rebuilt\tables\model_comparison_table.csv
2026-04-24 10:55:59,486 | INFO | STEP 09 COMPLETED
2026-04-24 10:55:59,486 | INFO | ============================================================
2026-04-24 10:55:59,486 | INFO | STEP 10 - REPRODUCIBILITY
2026-04-24 10:55:59,486 | INFO | ============================================================
2026-04-24 10:55:59,514 | INFO | Saved experiment summary to C:\Projects\uit\diabetes-xai-agreement\outputs\cdc_brfss_2015_rebuilt\reproducibility\experiment_summary.json
2026-04-24 10:55:59,559 | INFO | Saved environment info to C:\Projects\uit\diabetes-xai-agreement\outputs\cdc_brfss_2015_rebuilt\reproducibility\environment.json
2026-04-24 10:55:59,560 | INFO | STEP 10 COMPLETED
2026-04-24 10:55:59,560 | INFO | ============================================================
2026-04-24 10:55:59,560 | INFO | STEP 11 - AUTO REPORT GENERATION
2026-04-24 10:55:59,560 | INFO | ============================================================
2026-04-24 10:55:59,561 | INFO | Report generated at: C:\Projects\uit\diabetes-xai-agreement\outputs\cdc_brfss_2015_rebuilt\auto_report.md
2026-04-24 10:55:59,561 | INFO | STEP 11 COMPLETED
