2026-04-23 22:09:04,764 | INFO | Logging initialized. Log file: C:\Projects\uit\diabetes-xai-agreement\logs\pipeline_20260423220904.log
2026-04-23 22:09:04,764 | INFO | ==============================================================================
2026-04-23 22:09:04,764 | INFO | [BOOTSTRAP] DATASET=cdc_brfss_2023_rebuilt MODEL=logistic_regression
2026-04-23 22:09:04,764 | INFO | ==============================================================================
2026-04-23 22:09:04,765 | INFO | ============================================================
2026-04-23 22:09:04,765 | INFO | STEP 01 - LOAD AND INSPECT DATASET
2026-04-23 22:09:04,765 | INFO | ============================================================
2026-04-23 22:09:05,765 | INFO | Dataset rows after sampling: 432339
2026-04-23 22:09:05,765 | INFO | Dataset config: {'path': WindowsPath('C:/Projects/uit/diabetes-xai-agreement/data/processed/cdc_brfss_2023_rebuilt.csv'), 'target': 'Diabetes_binary', 'slug': 'cdc_brfss_2023_rebuilt', 'task': 'classification', 'include_columns': None}
2026-04-23 22:09:05,765 | INFO | Active dataset : cdc_brfss_2023_rebuilt
2026-04-23 22:09:05,765 | INFO | Dataset path   : C:\Projects\uit\diabetes-xai-agreement\data\processed\cdc_brfss_2023_rebuilt.csv
2026-04-23 22:09:05,765 | INFO | Target column  : Diabetes_binary
2026-04-23 22:09:05,765 | INFO | Rows    : 432339
2026-04-23 22:09:05,765 | INFO | Columns : 22
2026-04-23 22:09:05,765 | INFO | Columns: ['Diabetes_binary', 'HighBP', 'HighChol', 'CholCheck', 'BMI', 'Smoker', 'Stroke', 'HeartDiseaseorAttack', 'PhysActivity', 'Fruits', 'Veggies', 'HvyAlcoholConsump', 'AnyHealthcare', 'NoDocbcCost', 'GenHlth', 'MentHlth', 'PhysHlth', 'DiffWalk', 'Sex', 'Age', 'Education', 'Income']
2026-04-23 22:09:05,766 | INFO | 
   Diabetes_binary  HighBP  HighChol  CholCheck  ...  Sex  Age  Education  Income
0                1       1         0          0  ...    2   13          5       6
1                0       1         1          0  ...    2   13          5       6
2                0       1         1          0  ...    2   13          4       2
3                0       1         0          0  ...    2   12          5       6
4                1       1         0          0  ...    2   12          5       6

[5 rows x 22 columns]
2026-04-23 22:09:05,792 | INFO | Target distribution:
2026-04-23 22:09:05,795 | INFO | Diabetes_binary
0    361959
1     70380
Name: count, dtype: int64
2026-04-23 22:09:05,796 | INFO | Target ratio:
2026-04-23 22:09:05,799 | INFO | Diabetes_binary
0    0.837211
1    0.162789
Name: proportion, dtype: float64
2026-04-23 22:09:05,815 | INFO | Missing values:
2026-04-23 22:09:05,815 | INFO | No missing values
2026-04-23 22:09:05,815 | INFO | STEP 01 COMPLETED
2026-04-23 22:09:08,299 | INFO | ============================================================
2026-04-23 22:09:08,299 | INFO | STEP 02 - DATA PREPROCESSING
2026-04-23 22:09:08,299 | INFO | ============================================================
2026-04-23 22:09:08,300 | INFO | Dataset shape: (432339, 22)
2026-04-23 22:09:08,300 | INFO | Number of selected features: 21
2026-04-23 22:09:08,300 | INFO | Categorical features (0): []
2026-04-23 22:09:08,300 | INFO | Numerical features (21): ['HighBP', 'HighChol', 'CholCheck', 'BMI', 'Smoker', 'Stroke', 'HeartDiseaseorAttack', 'PhysActivity', 'Fruits', 'Veggies', 'HvyAlcoholConsump', 'AnyHealthcare', 'NoDocbcCost', 'GenHlth', 'MentHlth', 'PhysHlth', 'DiffWalk', 'Sex', 'Age', 'Education', 'Income']
2026-04-23 22:09:08,507 | INFO | Train size: 345871
2026-04-23 22:09:08,508 | INFO | Test size : 86468
2026-04-23 22:09:08,508 | INFO | STEP 02 COMPLETED
2026-04-23 22:09:08,508 | INFO | ============================================================
2026-04-23 22:09:08,508 | INFO | STEP 03 - BASELINE MODELS
2026-04-23 22:09:08,508 | INFO | ============================================================
2026-04-23 22:09:08,508 | INFO | Training baseline model: logistic_regression
2026-04-23 22:09:08,886 | INFO | Training time for logistic_regression: 0.38s
2026-04-23 22:09:08,886 | INFO | Evaluating model: logistic_regression
2026-04-23 22:09:09,079 | INFO | Saved confusion matrix: C:\Projects\uit\diabetes-xai-agreement\outputs\cdc_brfss_2023_rebuilt\confusion_matrix\logistic_regression_confusion_matrix.png
2026-04-23 22:09:09,079 | INFO | Metrics for logistic_regression: {'model': 'logistic_regression', 'accuracy': 0.7128764398390156, 'f1': 0.4581268961302573, 'roc_auc': 0.8005308251409844, 'sensitivity': np.float64(0.7455953395851094), 'specificity': np.float64(0.7065145319924854), 'training_time_s': 0.38}
2026-04-23 22:09:09,079 | INFO | Training baseline model: decision_tree
2026-04-23 22:09:11,037 | INFO | Training time for decision_tree: 1.96s
2026-04-23 22:09:11,037 | INFO | Evaluating model: decision_tree
2026-04-23 22:09:11,262 | INFO | Saved confusion matrix: C:\Projects\uit\diabetes-xai-agreement\outputs\cdc_brfss_2023_rebuilt\confusion_matrix\decision_tree_confusion_matrix.png
2026-04-23 22:09:11,262 | INFO | Metrics for decision_tree: {'model': 'decision_tree', 'accuracy': 0.7630105935143637, 'f1': 0.30123439950896813, 'roc_auc': 0.5822336702073655, 'sensitivity': np.float64(0.31379653310599603), 'specificity': np.float64(0.850356392971599), 'training_time_s': 1.96}
2026-04-23 22:09:11,262 | INFO | Training baseline model: random_forest
2026-04-23 22:10:21,253 | INFO | Training time for random_forest: 69.99s
2026-04-23 22:10:21,253 | INFO | Evaluating model: random_forest
2026-04-23 22:10:32,347 | INFO | Saved confusion matrix: C:\Projects\uit\diabetes-xai-agreement\outputs\cdc_brfss_2023_rebuilt\confusion_matrix\random_forest_confusion_matrix.png
2026-04-23 22:10:32,348 | INFO | Metrics for random_forest: {'model': 'random_forest', 'accuracy': 0.8151570523199334, 'f1': 0.27819175360158965, 'roc_auc': 0.7504695248213045, 'sensitivity': np.float64(0.21881216254617789), 'specificity': np.float64(0.9311111725052492), 'training_time_s': 69.99}
2026-04-23 22:10:32,348 | INFO | Training baseline model: knn
2026-04-23 22:10:32,524 | INFO | Training time for knn: 0.18s
2026-04-23 22:10:32,525 | INFO | Evaluating model: knn
2026-04-23 22:11:39,661 | INFO | Saved confusion matrix: C:\Projects\uit\diabetes-xai-agreement\outputs\cdc_brfss_2023_rebuilt\confusion_matrix\knn_confusion_matrix.png
2026-04-23 22:11:39,661 | INFO | Metrics for knn: {'model': 'knn', 'accuracy': 0.8232872276449091, 'f1': 0.2904244450636203, 'roc_auc': 0.7079070032528845, 'sensitivity': np.float64(0.22215117931230463), 'specificity': np.float64(0.9401729472869931), 'training_time_s': 0.18}
2026-04-23 22:11:39,662 | INFO | STEP 03 COMPLETED
2026-04-23 22:11:39,662 | INFO | ============================================================
2026-04-23 22:11:39,662 | INFO | STEP 04 - PROPOSED MODELS
2026-04-23 22:11:39,662 | INFO | ============================================================
2026-04-23 22:11:39,662 | INFO | Training proposed model: ann
2026-04-23 22:13:13,608 | INFO | Training time for ann: 93.95s
2026-04-23 22:13:13,608 | INFO | Evaluating model: ann
2026-04-23 22:13:13,948 | INFO | Saved confusion matrix: C:\Projects\uit\diabetes-xai-agreement\outputs\cdc_brfss_2023_rebuilt\confusion_matrix\ann_confusion_matrix.png
2026-04-23 22:13:13,948 | INFO | Training proposed model: xgboost
2026-04-23 22:13:21,102 | INFO | Training time for xgboost: 7.15s
2026-04-23 22:13:21,102 | INFO | Evaluating model: xgboost
2026-04-23 22:13:21,865 | INFO | Saved confusion matrix: C:\Projects\uit\diabetes-xai-agreement\outputs\cdc_brfss_2023_rebuilt\confusion_matrix\xgboost_confusion_matrix.png
2026-04-23 22:13:21,866 | INFO | Selecting best model...
2026-04-23 22:13:21,866 | INFO | Best model selected: xgboost
2026-04-23 22:13:21,866 | INFO | ROC-AUC: 0.8082
2026-04-23 22:13:21,866 | INFO | STEP 04 COMPLETED
2026-04-23 22:13:21,866 | INFO | Using ACTIVE_MODEL for XAI: logistic_regression
2026-04-23 22:13:21,866 | INFO | XAI model: logistic_regression
2026-04-23 22:13:21,866 | INFO | ============================================================
2026-04-23 22:13:21,866 | INFO | STEP 05 - EXPLAINABILITY (SHAP + PERMUTATION FI)
2026-04-23 22:13:21,867 | INFO | ============================================================
2026-04-23 22:13:21,867 | INFO | Running SHAP analysis for: logistic_regression
2026-04-23 22:13:21,867 | INFO | Running LinearSHAP for model: logistic_regression
2026-04-23 22:13:21,910 | INFO | LinearSHAP computation time: 0.02s
2026-04-23 22:14:06,195 | INFO | Saved: C:\Projects\uit\diabetes-xai-agreement\outputs\cdc_brfss_2023_rebuilt\shap\logistic_regression_shap_feature_importance.csv
2026-04-23 22:14:06,195 | INFO | LinearSHAP analysis completed
2026-04-23 22:14:06,196 | INFO | SHAP analysis completed in 0.02s
2026-04-23 22:14:06,196 | INFO | Running Permutation Importance for: logistic_regression (scoring=roc_auc, n_repeats=10)
2026-04-23 22:14:18,770 | INFO | Permutation FI saved to: C:\Projects\uit\diabetes-xai-agreement\outputs\cdc_brfss_2023_rebuilt\fi\logistic_regression_feature_importance.csv (12.5678s)
2026-04-23 22:14:18,770 | INFO | Permutation FI completed in 12.5678s
2026-04-23 22:14:18,770 | INFO | STEP 05 COMPLETED
2026-04-23 22:14:18,770 | INFO | ============================================================
2026-04-23 22:14:18,770 | INFO | STEP 06 - RESULT VISUALIZATION
2026-04-23 22:14:18,771 | INFO | ============================================================
2026-04-23 22:14:19,105 | INFO | STEP 06 COMPLETED
2026-04-23 22:14:19,105 | INFO | ============================================================
2026-04-23 22:14:19,105 | INFO | STEP 07 - ERROR ANALYSIS + FAIRNESS (EQUALIZED ODDS)
2026-04-23 22:14:19,105 | INFO | ============================================================
2026-04-23 22:14:19,385 | INFO | Saved error analysis outputs to C:\Projects\uit\diabetes-xai-agreement\outputs\cdc_brfss_2023_rebuilt\analysis
2026-04-23 22:14:19,388 | INFO | Running Equalized Odds fairness analysis for: logistic_regression
2026-04-23 22:14:19,476 | INFO |   Saved: C:\Projects\uit\diabetes-xai-agreement\outputs\cdc_brfss_2023_rebuilt\analysis\logistic_regression_fairness_age_detail.csv
2026-04-23 22:14:19,477 | INFO |   Age: dTPR=0.823  dFPR=0.637  EO=0.823  [Nghiem trong]
2026-04-23 22:14:19,499 | INFO |   Saved: C:\Projects\uit\diabetes-xai-agreement\outputs\cdc_brfss_2023_rebuilt\analysis\logistic_regression_fairness_sex_detail.csv
2026-04-23 22:14:19,499 | INFO |   Sex: dTPR=0.022  dFPR=0.028  EO=0.028  [Tot]
2026-04-23 22:14:19,524 | INFO |   Saved: C:\Projects\uit\diabetes-xai-agreement\outputs\cdc_brfss_2023_rebuilt\analysis\logistic_regression_fairness_income_detail.csv
2026-04-23 22:14:19,525 | INFO |   Income: dTPR=0.532  dFPR=0.466  EO=0.532  [Nghiem trong]
2026-04-23 22:14:19,527 | INFO |   Saved summary: C:\Projects\uit\diabetes-xai-agreement\outputs\cdc_brfss_2023_rebuilt\analysis\logistic_regression_fairness_equalized_odds_summary.csv
2026-04-23 22:14:19,527 | INFO | Equalized Odds fairness analysis completed
2026-04-23 22:14:19,529 | INFO | Equalized Odds Summary:
2026-04-23 22:14:19,530 | INFO |   Age     : dTPR=0.823  dFPR=0.637  EO=0.823  [Nghiem trong]
2026-04-23 22:14:19,530 | INFO |   Sex     : dTPR=0.022  dFPR=0.028  EO=0.028  [Tot]
2026-04-23 22:14:19,530 | INFO |   Income  : dTPR=0.532  dFPR=0.466  EO=0.532  [Nghiem trong]
2026-04-23 22:14:19,530 | INFO | Saved error analysis outputs to C:\Projects\uit\diabetes-xai-agreement\outputs\cdc_brfss_2023_rebuilt\analysis
2026-04-23 22:14:19,530 | INFO | STEP 07 COMPLETED
2026-04-23 22:14:19,530 | INFO | ============================================================
2026-04-23 22:14:19,530 | INFO | STEP 08 - STATISTICAL TEST
2026-04-23 22:14:19,531 | INFO | ============================================================
2026-04-23 22:14:19,541 | INFO | Saved statistical test results to C:\Projects\uit\diabetes-xai-agreement\outputs\cdc_brfss_2023_rebuilt\analysis\statistical_test_results.csv
2026-04-23 22:14:19,541 | INFO | STEP 08 COMPLETED
2026-04-23 22:14:19,541 | INFO | ============================================================
2026-04-23 22:14:19,542 | INFO | STEP 09 - GENERATE RESULT TABLES
2026-04-23 22:14:19,542 | INFO | ============================================================
2026-04-23 22:14:19,544 | INFO | Saved comparison table to C:\Projects\uit\diabetes-xai-agreement\outputs\cdc_brfss_2023_rebuilt\tables\model_comparison_table.csv
2026-04-23 22:14:19,544 | INFO | STEP 09 COMPLETED
2026-04-23 22:14:19,544 | INFO | ============================================================
2026-04-23 22:14:19,544 | INFO | STEP 10 - REPRODUCIBILITY
2026-04-23 22:14:19,544 | INFO | ============================================================
2026-04-23 22:14:19,573 | INFO | Saved experiment summary to C:\Projects\uit\diabetes-xai-agreement\outputs\cdc_brfss_2023_rebuilt\reproducibility\experiment_summary.json
2026-04-23 22:14:19,624 | INFO | Saved environment info to C:\Projects\uit\diabetes-xai-agreement\outputs\cdc_brfss_2023_rebuilt\reproducibility\environment.json
2026-04-23 22:14:19,624 | INFO | STEP 10 COMPLETED
2026-04-23 22:14:19,624 | INFO | ============================================================
2026-04-23 22:14:19,624 | INFO | STEP 11 - AUTO REPORT GENERATION
2026-04-23 22:14:19,624 | INFO | ============================================================
2026-04-23 22:14:19,626 | INFO | Report generated at: C:\Projects\uit\diabetes-xai-agreement\outputs\cdc_brfss_2023_rebuilt\auto_report.md
2026-04-23 22:14:19,627 | INFO | STEP 11 COMPLETED
