2026-04-23 18:29:22,584 | INFO | Logging initialized. Log file: C:\Projects\uit\diabetes-xai-agreement\logs\pipeline_20260423182922.log
2026-04-23 18:29:22,584 | INFO | ==============================================================================
2026-04-23 18:29:22,584 | INFO | RUN ALL COMBOS (CLEAN VERSION)
2026-04-23 18:29:22,584 | INFO | ==============================================================================
2026-04-23 18:29:22,585 | INFO | ##############################################################################
2026-04-23 18:29:22,585 | INFO | START cdc_brfss_2015_rebuilt x xgboost
2026-04-23 18:29:22,585 | INFO | ##############################################################################
2026-04-23 18:29:47,047 | ERROR | END cdc_brfss_2015_rebuilt x xgboost FAILED
2026-04-23 18:29:47,048 | INFO | ##############################################################################
2026-04-23 18:29:47,048 | INFO | START cdc_brfss_2015_rebuilt x random_forest
2026-04-23 18:29:47,048 | INFO | ##############################################################################
2026-04-23 18:30:53,174 | ERROR | END cdc_brfss_2015_rebuilt x random_forest FAILED
2026-04-23 18:30:53,175 | INFO | ##############################################################################
2026-04-23 18:30:53,175 | INFO | START cdc_brfss_2015_rebuilt x logistic_regression
2026-04-23 18:30:53,175 | INFO | ##############################################################################
2026-04-23 18:31:19,466 | ERROR | END cdc_brfss_2015_rebuilt x logistic_regression FAILED
2026-04-23 18:31:19,467 | INFO | ##############################################################################
2026-04-23 18:31:19,467 | INFO | START cdc_brfss_2021_rebuilt x xgboost
2026-04-23 18:31:19,467 | INFO | ##############################################################################
2026-04-23 18:31:46,189 | ERROR | END cdc_brfss_2021_rebuilt x xgboost FAILED
2026-04-23 18:31:46,190 | INFO | ##############################################################################
2026-04-23 18:31:46,191 | INFO | START cdc_brfss_2021_rebuilt x random_forest
2026-04-23 18:31:46,191 | INFO | ##############################################################################
2026-04-23 18:33:05,048 | ERROR | END cdc_brfss_2021_rebuilt x random_forest FAILED
2026-04-23 18:33:05,050 | INFO | ##############################################################################
2026-04-23 18:33:05,050 | INFO | START cdc_brfss_2021_rebuilt x logistic_regression
2026-04-23 18:33:05,050 | INFO | ##############################################################################
2026-04-23 18:33:29,760 | ERROR | END cdc_brfss_2021_rebuilt x logistic_regression FAILED
2026-04-23 18:33:29,762 | INFO | ##############################################################################
2026-04-23 18:33:29,762 | INFO | START cdc_brfss_2023_rebuilt x xgboost
2026-04-23 18:33:29,762 | INFO | ##############################################################################
2026-04-23 18:33:56,316 | ERROR | END cdc_brfss_2023_rebuilt x xgboost FAILED
2026-04-23 18:33:56,318 | INFO | ##############################################################################
2026-04-23 18:33:56,318 | INFO | START cdc_brfss_2023_rebuilt x random_forest
2026-04-23 18:33:56,318 | INFO | ##############################################################################
2026-04-23 18:35:13,283 | ERROR | END cdc_brfss_2023_rebuilt x random_forest FAILED
2026-04-23 18:35:13,285 | INFO | ##############################################################################
2026-04-23 18:35:13,285 | INFO | START cdc_brfss_2023_rebuilt x logistic_regression
2026-04-23 18:35:13,285 | INFO | ##############################################################################
2026-04-23 18:35:39,062 | ERROR | END cdc_brfss_2023_rebuilt x logistic_regression FAILED
2026-04-23 18:35:39,063 | INFO | ==============================================================================
2026-04-23 18:35:39,063 | INFO | ALL COMBOS DONE
2026-04-23 18:35:39,063 | INFO | ==============================================================================
