2026-04-23 18:51:35,536 | INFO | Logging initialized. Log file: C:\Projects\uit\diabetes-xai-agreement\logs\pipeline_20260423185135.log
2026-04-23 18:51:35,536 | INFO | ==============================================================================
2026-04-23 18:51:35,536 | INFO | RUN ALL COMBOS (CLEAN VERSION)
2026-04-23 18:51:35,536 | INFO | ==============================================================================
2026-04-23 18:51:35,537 | INFO | ##############################################################################
2026-04-23 18:51:35,537 | INFO | START cdc_brfss_2015_rebuilt x xgboost
2026-04-23 18:51:35,538 | INFO | ##############################################################################
2026-04-23 18:57:53,610 | ERROR | END cdc_brfss_2015_rebuilt x xgboost FAILED
2026-04-23 18:57:53,611 | INFO | ##############################################################################
2026-04-23 18:57:53,611 | INFO | START cdc_brfss_2015_rebuilt x random_forest
2026-04-23 18:57:53,611 | INFO | ##############################################################################
2026-04-23 19:53:44,040 | ERROR | END cdc_brfss_2015_rebuilt x random_forest FAILED
2026-04-23 19:53:44,043 | INFO | ##############################################################################
2026-04-23 19:53:44,043 | INFO | START cdc_brfss_2015_rebuilt x logistic_regression
2026-04-23 19:53:44,043 | INFO | ##############################################################################
2026-04-23 20:10:11,578 | ERROR | END cdc_brfss_2015_rebuilt x logistic_regression FAILED
2026-04-23 20:10:11,580 | INFO | ##############################################################################
2026-04-23 20:10:11,580 | INFO | START cdc_brfss_2021_rebuilt x xgboost
2026-04-23 20:10:11,580 | INFO | ##############################################################################
2026-04-23 20:16:13,655 | ERROR | END cdc_brfss_2021_rebuilt x xgboost FAILED
2026-04-23 20:16:13,657 | INFO | ##############################################################################
2026-04-23 20:16:13,657 | INFO | START cdc_brfss_2021_rebuilt x random_forest
2026-04-23 20:16:13,657 | INFO | ##############################################################################
2026-04-23 21:11:37,756 | ERROR | END cdc_brfss_2021_rebuilt x random_forest FAILED
2026-04-23 21:11:37,760 | INFO | ##############################################################################
2026-04-23 21:11:37,760 | INFO | START cdc_brfss_2021_rebuilt x logistic_regression
2026-04-23 21:11:37,760 | INFO | ##############################################################################
2026-04-23 21:16:13,821 | ERROR | END cdc_brfss_2021_rebuilt x logistic_regression FAILED
2026-04-23 21:16:13,823 | INFO | ##############################################################################
2026-04-23 21:16:13,823 | INFO | START cdc_brfss_2023_rebuilt x xgboost
2026-04-23 21:16:13,823 | INFO | ##############################################################################
2026-04-23 21:20:44,626 | ERROR | END cdc_brfss_2023_rebuilt x xgboost FAILED
2026-04-23 21:20:44,627 | INFO | ##############################################################################
2026-04-23 21:20:44,627 | INFO | START cdc_brfss_2023_rebuilt x random_forest
2026-04-23 21:20:44,627 | INFO | ##############################################################################
2026-04-23 22:09:00,429 | ERROR | END cdc_brfss_2023_rebuilt x random_forest FAILED
2026-04-23 22:09:00,430 | INFO | ##############################################################################
2026-04-23 22:09:00,430 | INFO | START cdc_brfss_2023_rebuilt x logistic_regression
2026-04-23 22:09:00,430 | INFO | ##############################################################################
2026-04-23 22:14:20,721 | INFO | END cdc_brfss_2023_rebuilt x logistic_regression OK (320.3s)
2026-04-23 22:14:20,723 | INFO | ==============================================================================
2026-04-23 22:14:20,723 | INFO | ALL COMBOS DONE
2026-04-23 22:14:20,723 | INFO | ==============================================================================
