2026-04-23 17:13:47,941 | INFO | Logging initialized. Log file: C:\Projects\uit\diabetes-xai-agreement\logs\pipeline_20260423171347.log
2026-04-23 17:13:47,942 | INFO | ============================================================
2026-04-23 17:13:47,942 | INFO | PIPELINE RUN STARTED
2026-04-23 17:13:47,942 | INFO | ============================================================
2026-04-23 17:13:47,942 | INFO | ============================================================
2026-04-23 17:13:47,942 | INFO | STEP 01 - LOAD AND INSPECT DATASET
2026-04-23 17:13:47,942 | INFO | ============================================================
2026-04-23 17:13:48,985 | INFO | Dataset config: {'path': WindowsPath('C:/Projects/uit/diabetes-xai-agreement/data/processed/cdc_brfss_2015_rebuilt.csv'), 'target': 'Diabetes_binary', 'slug': 'cdc_brfss_2015_rebuilt', 'task': 'classification', 'include_columns': None}
2026-04-23 17:13:48,985 | INFO | Active dataset : cdc_brfss_2015_rebuilt
2026-04-23 17:13:48,985 | INFO | Dataset path   : C:\Projects\uit\diabetes-xai-agreement\data\processed\cdc_brfss_2015_rebuilt.csv
2026-04-23 17:13:48,985 | INFO | Target column  : Diabetes_binary
2026-04-23 17:13:48,985 | INFO | Rows    : 440658
2026-04-23 17:13:48,985 | INFO | Columns : 22
2026-04-23 17:13:48,985 | INFO | Columns: ['Diabetes_binary', 'HighBP', 'HighChol', 'CholCheck', 'BMI', 'Smoker', 'Stroke', 'HeartDiseaseorAttack', 'PhysActivity', 'Fruits', 'Veggies', 'HvyAlcoholConsump', 'AnyHealthcare', 'NoDocbcCost', 'GenHlth', 'MentHlth', 'PhysHlth', 'DiffWalk', 'Sex', 'Age', 'Education', 'Income']
2026-04-23 17:13:48,986 | INFO | 
   Diabetes_binary  HighBP  HighChol  CholCheck  ...  Sex  Age  Education  Income
0                0       1         1          1  ...    2   10          4       3
1                0       1         0          1  ...    2   10          6       1
2                0       1         1          1  ...    2   11          4       6
3                0       1         1          1  ...    2   10          4       6
4                0       1         0          1  ...    2   10          5       6

[5 rows x 22 columns]
2026-04-23 17:13:49,012 | INFO | Target distribution:
2026-04-23 17:13:49,016 | INFO | Diabetes_binary
0    375712
1     64946
Name: count, dtype: int64
2026-04-23 17:13:49,016 | INFO | Target ratio:
2026-04-23 17:13:49,020 | INFO | Diabetes_binary
0    0.852616
1    0.147384
Name: proportion, dtype: float64
2026-04-23 17:13:49,037 | INFO | Missing values:
2026-04-23 17:13:49,037 | INFO | No missing values
2026-04-23 17:13:49,037 | INFO | STEP 01 COMPLETED
2026-04-23 17:13:51,969 | INFO | ============================================================
2026-04-23 17:13:51,970 | INFO | STEP 02 - DATA PREPROCESSING
2026-04-23 17:13:51,970 | INFO | ============================================================
2026-04-23 17:13:51,972 | INFO | Dataset shape: (440658, 22)
2026-04-23 17:13:51,972 | INFO | Number of selected features: 21
2026-04-23 17:13:51,973 | INFO | Categorical features (0): []
2026-04-23 17:13:51,973 | INFO | Numerical features (21): ['HighBP', 'HighChol', 'CholCheck', 'BMI', 'Smoker', 'Stroke', 'HeartDiseaseorAttack', 'PhysActivity', 'Fruits', 'Veggies', 'HvyAlcoholConsump', 'AnyHealthcare', 'NoDocbcCost', 'GenHlth', 'MentHlth', 'PhysHlth', 'DiffWalk', 'Sex', 'Age', 'Education', 'Income']
2026-04-23 17:13:52,190 | INFO | Train size: 352526
2026-04-23 17:13:52,190 | INFO | Test size : 88132
2026-04-23 17:13:52,190 | INFO | STEP 02 COMPLETED
2026-04-23 17:13:52,190 | INFO | ============================================================
2026-04-23 17:13:52,190 | INFO | STEP 03 - BASELINE MODELS
2026-04-23 17:13:52,190 | INFO | ============================================================
2026-04-23 17:13:52,190 | INFO | Training baseline model: logistic_regression
2026-04-23 17:13:52,628 | INFO | Training time for logistic_regression: 0.44s
2026-04-23 17:13:52,628 | INFO | Evaluating model: logistic_regression
2026-04-23 17:13:52,832 | INFO | Saved confusion matrix: C:\Projects\uit\diabetes-xai-agreement\outputs\cdc_brfss_2015_rebuilt\confusion_matrix\logistic_regression_confusion_matrix.png
2026-04-23 17:13:52,832 | INFO | Metrics for logistic_regression: {'model': 'logistic_regression', 'accuracy': 0.7244133799301048, 'f1': 0.4472210842550867, 'roc_auc': 0.8136813573305594, 'sensitivity': np.float64(0.7564092693817845), 'specificity': np.float64(0.7188826637211716), 'training_time_s': 0.44}
2026-04-23 17:13:52,833 | INFO | Training baseline model: decision_tree
2026-04-23 17:13:55,200 | INFO | Training time for decision_tree: 2.37s
2026-04-23 17:13:55,200 | INFO | Evaluating model: decision_tree
2026-04-23 17:13:55,480 | INFO | Saved confusion matrix: C:\Projects\uit\diabetes-xai-agreement\outputs\cdc_brfss_2015_rebuilt\confusion_matrix\decision_tree_confusion_matrix.png
2026-04-23 17:13:55,480 | INFO | Metrics for decision_tree: {'model': 'decision_tree', 'accuracy': 0.7848454590841011, 'f1': 0.2943059173799777, 'roc_auc': 0.5856122672653786, 'sensitivity': np.float64(0.30441142505196706), 'specificity': np.float64(0.8678918861370986), 'training_time_s': 2.37}
2026-04-23 17:13:55,480 | INFO | Training baseline model: random_forest
2026-04-23 17:15:22,310 | INFO | Training time for random_forest: 86.83s
2026-04-23 17:15:22,311 | INFO | Evaluating model: random_forest
2026-04-23 17:15:34,752 | INFO | Saved confusion matrix: C:\Projects\uit\diabetes-xai-agreement\outputs\cdc_brfss_2015_rebuilt\confusion_matrix\random_forest_confusion_matrix.png
2026-04-23 17:15:34,752 | INFO | Metrics for random_forest: {'model': 'random_forest', 'accuracy': 0.8390142059637816, 'f1': 0.25779451768152334, 'roc_auc': 0.7774183100988303, 'sensitivity': np.float64(0.18969897605666333), 'specificity': np.float64(0.9512529443860372), 'training_time_s': 86.83}
2026-04-23 17:15:34,752 | INFO | Training baseline model: knn
2026-04-23 17:15:34,942 | INFO | Training time for knn: 0.19s
2026-04-23 17:15:34,943 | INFO | Evaluating model: knn
2026-04-23 17:17:00,260 | INFO | Saved confusion matrix: C:\Projects\uit\diabetes-xai-agreement\outputs\cdc_brfss_2015_rebuilt\confusion_matrix\knn_confusion_matrix.png
2026-04-23 17:17:00,260 | INFO | Metrics for knn: {'model': 'knn', 'accuracy': 0.8402736803885081, 'f1': 0.2847416289822672, 'roc_auc': 0.7193738108252421, 'sensitivity': np.float64(0.21572099468781278), 'specificity': np.float64(0.9482320375816776), 'training_time_s': 0.19}
2026-04-23 17:17:00,260 | INFO | STEP 03 COMPLETED
2026-04-23 17:17:00,260 | INFO | ============================================================
2026-04-23 17:17:00,260 | INFO | STEP 04 - PROPOSED MODELS
2026-04-23 17:17:00,260 | INFO | ============================================================
2026-04-23 17:17:00,261 | INFO | Training proposed model: ann
2026-04-23 17:18:38,801 | INFO | Training time for ann: 98.54s
2026-04-23 17:18:38,801 | INFO | Evaluating model: ann
2026-04-23 17:18:39,102 | INFO | Saved confusion matrix: C:\Projects\uit\diabetes-xai-agreement\outputs\cdc_brfss_2015_rebuilt\confusion_matrix\ann_confusion_matrix.png
2026-04-23 17:18:39,103 | INFO | Training proposed model: xgboost
2026-04-23 17:18:44,036 | INFO | Training time for xgboost: 4.94s
2026-04-23 17:18:44,036 | INFO | Evaluating model: xgboost
2026-04-23 17:18:44,542 | INFO | Saved confusion matrix: C:\Projects\uit\diabetes-xai-agreement\outputs\cdc_brfss_2015_rebuilt\confusion_matrix\xgboost_confusion_matrix.png
2026-04-23 17:18:44,542 | INFO | Selecting best model...
2026-04-23 17:18:44,542 | INFO | Best model selected: xgboost
2026-04-23 17:18:44,542 | INFO | ROC-AUC: 0.8244
2026-04-23 17:18:44,542 | INFO | STEP 04 COMPLETED
2026-04-23 17:18:44,542 | INFO | Using ACTIVE_MODEL for XAI: xgboost
2026-04-23 17:18:44,542 | INFO | XAI model: xgboost
2026-04-23 17:18:44,543 | INFO | ============================================================
2026-04-23 17:18:44,543 | INFO | STEP 05 - EXPLAINABILITY (SHAP + PERMUTATION FI)
2026-04-23 17:18:44,543 | INFO | ============================================================
2026-04-23 17:18:44,543 | INFO | Running SHAP analysis for: xgboost
2026-04-23 17:18:44,543 | INFO | Running SHAP analysis for model: xgboost
2026-04-23 17:18:44,683 | INFO | TreeExplainer: OK
2026-04-23 17:18:44,904 | INFO | SHAP computation time: 0.33s
2026-04-23 17:18:45,665 | INFO | Saved: C:\Projects\uit\diabetes-xai-agreement\outputs\cdc_brfss_2015_rebuilt\shap\xgboost_shap_summary.png
2026-04-23 17:18:45,949 | INFO | Saved: C:\Projects\uit\diabetes-xai-agreement\outputs\cdc_brfss_2015_rebuilt\shap\xgboost_shap_bar.png
2026-04-23 17:18:45,953 | INFO | Saved: C:\Projects\uit\diabetes-xai-agreement\outputs\cdc_brfss_2015_rebuilt\shap\xgboost_shap_feature_importance.csv
2026-04-23 17:18:45,953 | INFO | SHAP analysis completed
2026-04-23 17:18:45,954 | INFO | SHAP analysis completed in 0.33s
2026-04-23 17:18:45,955 | INFO | Running Permutation Importance for: xgboost (scoring=roc_auc, n_repeats=10)
2026-04-23 17:19:28,271 | INFO | Permutation FI saved to: C:\Projects\uit\diabetes-xai-agreement\outputs\cdc_brfss_2015_rebuilt\fi\xgboost_feature_importance.csv (42.3124s)
2026-04-23 17:19:28,272 | INFO | Permutation FI completed in 42.3124s
2026-04-23 17:19:28,272 | INFO | STEP 05 COMPLETED
2026-04-23 17:19:28,272 | INFO | ============================================================
2026-04-23 17:19:28,272 | INFO | STEP 06 - RESULT VISUALIZATION
2026-04-23 17:19:28,272 | INFO | ============================================================
2026-04-23 17:19:28,529 | INFO | STEP 06 COMPLETED
2026-04-23 17:19:28,529 | INFO | ============================================================
2026-04-23 17:19:28,530 | INFO | STEP 07 - ERROR ANALYSIS + FAIRNESS (EQUALIZED ODDS)
2026-04-23 17:19:28,530 | INFO | ============================================================
2026-04-23 17:19:29,063 | INFO | Saved error analysis outputs to C:\Projects\uit\diabetes-xai-agreement\outputs\cdc_brfss_2015_rebuilt\analysis
2026-04-23 17:19:29,067 | INFO | Running Equalized Odds fairness analysis for: xgboost
2026-04-23 17:19:29,633 | INFO |   Saved: C:\Projects\uit\diabetes-xai-agreement\outputs\cdc_brfss_2015_rebuilt\analysis\xgboost_fairness_age_detail.csv
2026-04-23 17:19:29,703 | INFO |   Saved: C:\Projects\uit\diabetes-xai-agreement\outputs\cdc_brfss_2015_rebuilt\analysis\xgboost_fairness_sex_detail.csv
2026-04-23 17:19:29,750 | INFO |   Saved: C:\Projects\uit\diabetes-xai-agreement\outputs\cdc_brfss_2015_rebuilt\analysis\xgboost_fairness_income_detail.csv
2026-04-23 17:19:29,758 | INFO |   Saved summary: C:\Projects\uit\diabetes-xai-agreement\outputs\cdc_brfss_2015_rebuilt\analysis\xgboost_fairness_equalized_odds_summary.csv
2026-04-23 17:19:29,758 | INFO | Equalized Odds fairness analysis completed
2026-04-23 17:19:29,765 | INFO | Equalized Odds Summary:
2026-04-23 17:19:29,772 | INFO | Saved error analysis outputs to C:\Projects\uit\diabetes-xai-agreement\outputs\cdc_brfss_2015_rebuilt\analysis
2026-04-23 17:19:29,773 | INFO | STEP 07 COMPLETED
2026-04-23 17:19:29,773 | INFO | ============================================================
2026-04-23 17:19:29,773 | INFO | STEP 08 - STATISTICAL TEST
2026-04-23 17:19:29,774 | INFO | ============================================================
2026-04-23 17:19:29,814 | INFO | Saved statistical test results to C:\Projects\uit\diabetes-xai-agreement\outputs\cdc_brfss_2015_rebuilt\analysis\statistical_test_results.csv
2026-04-23 17:19:29,814 | INFO | STEP 08 COMPLETED
2026-04-23 17:19:29,814 | INFO | ============================================================
2026-04-23 17:19:29,815 | INFO | STEP 09 - GENERATE RESULT TABLES
2026-04-23 17:19:29,815 | INFO | ============================================================
2026-04-23 17:19:29,831 | INFO | Saved comparison table to C:\Projects\uit\diabetes-xai-agreement\outputs\cdc_brfss_2015_rebuilt\tables\model_comparison_table.csv
2026-04-23 17:19:29,831 | INFO | STEP 09 COMPLETED
2026-04-23 17:19:29,831 | INFO | ============================================================
2026-04-23 17:19:29,831 | INFO | STEP 10 - REPRODUCIBILITY
2026-04-23 17:19:29,831 | INFO | ============================================================
2026-04-23 17:19:29,944 | INFO | Saved experiment summary to C:\Projects\uit\diabetes-xai-agreement\outputs\cdc_brfss_2015_rebuilt\reproducibility\experiment_summary.json
