2026-04-24 13:29:08,856 | INFO | Logging initialized. Log file: C:\Projects\uit\diabetes-xai-agreement\logs\pipeline_20260424132908.log
2026-04-24 13:29:08,856 | INFO | ==============================================================================
2026-04-24 13:29:08,856 | INFO | [BOOTSTRAP] DATASET=cdc_brfss_2021_rebuilt MODEL=logistic_regression
2026-04-24 13:29:08,856 | INFO | ==============================================================================
2026-04-24 13:29:08,856 | INFO | ============================================================
2026-04-24 13:29:08,856 | INFO | STEP 01 - LOAD AND INSPECT DATASET
2026-04-24 13:29:08,857 | INFO | ============================================================
2026-04-24 13:29:09,779 | INFO | Dataset rows after sampling: 437708
2026-04-24 13:29:09,779 | INFO | Dataset config: {'path': WindowsPath('C:/Projects/uit/diabetes-xai-agreement/data/processed/cdc_brfss_2021_rebuilt.csv'), 'target': 'Diabetes_binary', 'slug': 'cdc_brfss_2021_rebuilt', 'task': 'classification', 'include_columns': None}
2026-04-24 13:29:09,779 | INFO | Active dataset : cdc_brfss_2021_rebuilt
2026-04-24 13:29:09,779 | INFO | Dataset path   : C:\Projects\uit\diabetes-xai-agreement\data\processed\cdc_brfss_2021_rebuilt.csv
2026-04-24 13:29:09,780 | INFO | Target column  : Diabetes_binary
2026-04-24 13:29:09,780 | INFO | Rows    : 437708
2026-04-24 13:29:09,780 | INFO | Columns : 22
2026-04-24 13:29:09,780 | INFO | Columns: ['Diabetes_binary', 'HighBP', 'HighChol', 'CholCheck', 'BMI', 'Smoker', 'Stroke', 'HeartDiseaseorAttack', 'PhysActivity', 'Fruits', 'Veggies', 'HvyAlcoholConsump', 'AnyHealthcare', 'NoDocbcCost', 'GenHlth', 'MentHlth', 'PhysHlth', 'DiffWalk', 'Sex', 'Age', 'Education', 'Income']
2026-04-24 13:29:09,780 | INFO | 
   Diabetes_binary  HighBP  HighChol  CholCheck  ...  Sex  Age  Education  Income
0                0       1         1          0  ...    2   11          4       5
1                1       1         1          0  ...    2   10          6       6
2                1       1         0          0  ...    2   11          4       3
3                1       1         1          0  ...    2   10          4       6
4                1       1         1          0  ...    1   12          3       4

[5 rows x 22 columns]
2026-04-24 13:29:09,803 | INFO | Target distribution:
2026-04-24 13:29:09,808 | INFO | Diabetes_binary
0    370150
1     67558
Name: count, dtype: int64
2026-04-24 13:29:09,808 | INFO | Target ratio:
2026-04-24 13:29:09,811 | INFO | Diabetes_binary
0    0.845655
1    0.154345
Name: proportion, dtype: float64
2026-04-24 13:29:09,825 | INFO | Missing values:
2026-04-24 13:29:09,825 | INFO | No missing values
2026-04-24 13:29:09,825 | INFO | STEP 01 COMPLETED
2026-04-24 13:29:12,134 | INFO | ============================================================
2026-04-24 13:29:12,134 | INFO | STEP 02 - DATA PREPROCESSING
2026-04-24 13:29:12,134 | INFO | ============================================================
2026-04-24 13:29:12,135 | INFO | Dataset shape: (437708, 22)
2026-04-24 13:29:12,135 | INFO | Number of selected features: 21
2026-04-24 13:29:12,135 | INFO | Categorical features (0): []
2026-04-24 13:29:12,135 | INFO | Numerical features (21): ['HighBP', 'HighChol', 'CholCheck', 'BMI', 'Smoker', 'Stroke', 'HeartDiseaseorAttack', 'PhysActivity', 'Fruits', 'Veggies', 'HvyAlcoholConsump', 'AnyHealthcare', 'NoDocbcCost', 'GenHlth', 'MentHlth', 'PhysHlth', 'DiffWalk', 'Sex', 'Age', 'Education', 'Income']
2026-04-24 13:29:12,335 | INFO | Train size: 350166
2026-04-24 13:29:12,335 | INFO | Test size : 87542
2026-04-24 13:29:12,335 | INFO | STEP 02 COMPLETED
2026-04-24 13:29:12,335 | INFO | ============================================================
2026-04-24 13:29:12,335 | INFO | STEP 03 - BASELINE MODELS
2026-04-24 13:29:12,335 | INFO | ============================================================
2026-04-24 13:29:12,335 | INFO | Training baseline model: logistic_regression
2026-04-24 13:29:12,720 | INFO | Training time for logistic_regression: 0.38s
2026-04-24 13:29:12,720 | INFO | Evaluating model: logistic_regression
2026-04-24 13:29:12,908 | INFO | Saved confusion matrix: C:\Projects\uit\diabetes-xai-agreement\outputs\cdc_brfss_2021_rebuilt\confusion_matrix\logistic_regression_confusion_matrix.png
2026-04-24 13:29:12,908 | INFO | Metrics for logistic_regression: {'model': 'logistic_regression', 'accuracy': 0.7158963697425236, 'f1': 0.4476425255957537, 'roc_auc': 0.8031452203181675, 'sensitivity': np.float64(0.7458555358200119), 'specificity': np.float64(0.7104282047818452), 'training_time_s': 0.38}
2026-04-24 13:29:12,908 | INFO | Training baseline model: decision_tree
2026-04-24 13:29:14,923 | INFO | Training time for decision_tree: 2.02s
2026-04-24 13:29:14,924 | INFO | Evaluating model: decision_tree
2026-04-24 13:29:15,135 | INFO | Saved confusion matrix: C:\Projects\uit\diabetes-xai-agreement\outputs\cdc_brfss_2021_rebuilt\confusion_matrix\decision_tree_confusion_matrix.png
2026-04-24 13:29:15,136 | INFO | Metrics for decision_tree: {'model': 'decision_tree', 'accuracy': 0.7757190834113911, 'f1': 0.29748103621010447, 'roc_auc': 0.5836050616191235, 'sensitivity': np.float64(0.3076524570751924), 'specificity': np.float64(0.861150884776442), 'training_time_s': 2.02}
2026-04-24 13:29:15,136 | INFO | Training baseline model: random_forest
2026-04-24 13:30:31,616 | INFO | Training time for random_forest: 76.48s
2026-04-24 13:30:31,616 | INFO | Evaluating model: random_forest
2026-04-24 13:30:42,954 | INFO | Saved confusion matrix: C:\Projects\uit\diabetes-xai-agreement\outputs\cdc_brfss_2021_rebuilt\confusion_matrix\random_forest_confusion_matrix.png
2026-04-24 13:30:42,954 | INFO | Metrics for random_forest: {'model': 'random_forest', 'accuracy': 0.8295332526101757, 'f1': 0.25641536698390555, 'roc_auc': 0.7617088116030281, 'sensitivity': np.float64(0.1904233274126702), 'specificity': np.float64(0.9461839794677833), 'training_time_s': 76.48}
2026-04-24 13:30:42,954 | INFO | Training baseline model: knn
2026-04-24 13:30:43,132 | INFO | Training time for knn: 0.18s
2026-04-24 13:30:43,132 | INFO | Evaluating model: knn
2026-04-24 13:32:41,353 | INFO | Saved confusion matrix: C:\Projects\uit\diabetes-xai-agreement\outputs\cdc_brfss_2021_rebuilt\confusion_matrix\knn_confusion_matrix.png
2026-04-24 13:32:41,353 | INFO | Metrics for knn: {'model': 'knn', 'accuracy': 0.8290420598112905, 'f1': 0.27073384660364486, 'roc_auc': 0.7057252724340788, 'sensitivity': np.float64(0.205595026642984), 'specificity': np.float64(0.9428339862218019), 'training_time_s': 0.18}
2026-04-24 13:32:41,353 | INFO | STEP 03 COMPLETED
2026-04-24 13:32:41,354 | INFO | ============================================================
2026-04-24 13:32:41,354 | INFO | STEP 04 - PROPOSED MODELS
2026-04-24 13:32:41,354 | INFO | ============================================================
2026-04-24 13:32:41,354 | INFO | Training proposed model: ann
2026-04-24 13:33:50,514 | INFO | Training time for ann: 69.16s
2026-04-24 13:33:50,515 | INFO | Evaluating model: ann
2026-04-24 13:33:50,774 | INFO | Saved confusion matrix: C:\Projects\uit\diabetes-xai-agreement\outputs\cdc_brfss_2021_rebuilt\confusion_matrix\ann_confusion_matrix.png
2026-04-24 13:33:50,774 | INFO | Training proposed model: xgboost
2026-04-24 13:33:56,778 | INFO | Training time for xgboost: 6.0s
2026-04-24 13:33:56,778 | INFO | Evaluating model: xgboost
2026-04-24 13:33:57,499 | INFO | Saved confusion matrix: C:\Projects\uit\diabetes-xai-agreement\outputs\cdc_brfss_2021_rebuilt\confusion_matrix\xgboost_confusion_matrix.png
2026-04-24 13:33:57,499 | INFO | Selecting best model...
2026-04-24 13:33:57,499 | INFO | Best model selected: xgboost
2026-04-24 13:33:57,499 | INFO | ROC-AUC: 0.8120
2026-04-24 13:33:57,499 | INFO | STEP 04 COMPLETED
2026-04-24 13:33:57,499 | INFO | Using ACTIVE_MODEL for XAI: logistic_regression
2026-04-24 13:33:57,499 | INFO | XAI model: logistic_regression
2026-04-24 13:33:57,499 | INFO | ============================================================
2026-04-24 13:33:57,499 | INFO | STEP 05 - EXPLAINABILITY (SHAP + PERMUTATION FI)
2026-04-24 13:33:57,500 | INFO | ============================================================
2026-04-24 13:33:57,500 | INFO | Running SHAP analysis for: logistic_regression
2026-04-24 13:33:57,500 | INFO | Running LinearSHAP for model: logistic_regression
2026-04-24 13:33:57,550 | INFO | LinearSHAP computation time: 0.02s
2026-04-24 13:34:29,669 | INFO | Saved: C:\Projects\uit\diabetes-xai-agreement\outputs\cdc_brfss_2021_rebuilt\shap\logistic_regression_shap_feature_importance.csv
2026-04-24 13:34:29,669 | INFO | LinearSHAP analysis completed
2026-04-24 13:34:29,670 | INFO | SHAP analysis completed in 0.02s
2026-04-24 13:34:29,670 | INFO | Running Permutation Importance for: logistic_regression (scoring=roc_auc, n_repeats=10)
2026-04-24 13:34:38,515 | INFO | Permutation FI saved to: C:\Projects\uit\diabetes-xai-agreement\outputs\cdc_brfss_2021_rebuilt\fi\logistic_regression_feature_importance.csv (8.8404s)
2026-04-24 13:34:38,515 | INFO | Permutation FI completed in 8.8404s
2026-04-24 13:34:38,515 | INFO | STEP 05 COMPLETED
2026-04-24 13:34:38,515 | INFO | ============================================================
2026-04-24 13:34:38,515 | INFO | STEP 06 - RESULT VISUALIZATION
2026-04-24 13:34:38,515 | INFO | ============================================================
2026-04-24 13:34:38,828 | INFO | STEP 06 COMPLETED
2026-04-24 13:34:38,828 | INFO | ============================================================
2026-04-24 13:34:38,828 | INFO | STEP 07 - ERROR ANALYSIS + FAIRNESS (EQUALIZED ODDS)
2026-04-24 13:34:38,828 | INFO | ============================================================
2026-04-24 13:34:39,116 | INFO | Saved error analysis outputs to C:\Projects\uit\diabetes-xai-agreement\outputs\cdc_brfss_2021_rebuilt\analysis
2026-04-24 13:34:39,119 | INFO | Running Equalized Odds fairness analysis for: logistic_regression
2026-04-24 13:34:39,223 | INFO |   Saved: C:\Projects\uit\diabetes-xai-agreement\outputs\cdc_brfss_2021_rebuilt\analysis\logistic_regression_fairness_age_detail.csv
2026-04-24 13:34:39,223 | INFO |   Age: dTPR=0.798  dFPR=0.651  EO=0.798  [Nghiem trong]
2026-04-24 13:34:39,250 | INFO |   Saved: C:\Projects\uit\diabetes-xai-agreement\outputs\cdc_brfss_2021_rebuilt\analysis\logistic_regression_fairness_sex_detail.csv
2026-04-24 13:34:39,250 | INFO |   Sex: dTPR=0.036  dFPR=0.036  EO=0.036  [Tot]
2026-04-24 13:34:39,285 | INFO |   Saved: C:\Projects\uit\diabetes-xai-agreement\outputs\cdc_brfss_2021_rebuilt\analysis\logistic_regression_fairness_income_detail.csv
2026-04-24 13:34:39,285 | INFO |   Income: dTPR=0.506  dFPR=0.472  EO=0.506  [Nghiem trong]
2026-04-24 13:34:39,288 | INFO |   Saved summary: C:\Projects\uit\diabetes-xai-agreement\outputs\cdc_brfss_2021_rebuilt\analysis\logistic_regression_fairness_equalized_odds_summary.csv
2026-04-24 13:34:39,288 | INFO | Equalized Odds fairness analysis completed
2026-04-24 13:34:39,289 | INFO | Equalized Odds Summary:
2026-04-24 13:34:39,290 | INFO |   Age     : dTPR=0.798  dFPR=0.651  EO=0.798  [Nghiem trong]
2026-04-24 13:34:39,290 | INFO |   Sex     : dTPR=0.036  dFPR=0.036  EO=0.036  [Tot]
2026-04-24 13:34:39,291 | INFO |   Income  : dTPR=0.506  dFPR=0.472  EO=0.506  [Nghiem trong]
2026-04-24 13:34:39,291 | INFO | Saved error analysis outputs to C:\Projects\uit\diabetes-xai-agreement\outputs\cdc_brfss_2021_rebuilt\analysis
2026-04-24 13:34:39,291 | INFO | STEP 07 COMPLETED
2026-04-24 13:34:39,291 | INFO | ============================================================
2026-04-24 13:34:39,291 | INFO | STEP 08 - STATISTICAL TEST
2026-04-24 13:34:39,291 | INFO | ============================================================
2026-04-24 13:34:39,305 | INFO | Saved statistical test results to C:\Projects\uit\diabetes-xai-agreement\outputs\cdc_brfss_2021_rebuilt\analysis\statistical_test_results.csv
2026-04-24 13:34:39,305 | INFO | STEP 08 COMPLETED
2026-04-24 13:34:39,306 | INFO | ============================================================
2026-04-24 13:34:39,306 | INFO | STEP 09 - GENERATE RESULT TABLES
2026-04-24 13:34:39,306 | INFO | ============================================================
2026-04-24 13:34:39,309 | INFO | Saved comparison table to C:\Projects\uit\diabetes-xai-agreement\outputs\cdc_brfss_2021_rebuilt\tables\model_comparison_table.csv
2026-04-24 13:34:39,309 | INFO | STEP 09 COMPLETED
2026-04-24 13:34:39,309 | INFO | ============================================================
2026-04-24 13:34:39,309 | INFO | STEP 10 - REPRODUCIBILITY
2026-04-24 13:34:39,309 | INFO | ============================================================
2026-04-24 13:34:39,348 | INFO | Saved experiment summary to C:\Projects\uit\diabetes-xai-agreement\outputs\cdc_brfss_2021_rebuilt\reproducibility\experiment_summary.json
2026-04-24 13:34:39,406 | INFO | Saved environment info to C:\Projects\uit\diabetes-xai-agreement\outputs\cdc_brfss_2021_rebuilt\reproducibility\environment.json
2026-04-24 13:34:39,406 | INFO | STEP 10 COMPLETED
2026-04-24 13:34:39,406 | INFO | ============================================================
2026-04-24 13:34:39,406 | INFO | STEP 11 - AUTO REPORT GENERATION
2026-04-24 13:34:39,406 | INFO | ============================================================
2026-04-24 13:34:39,408 | INFO | Report generated at: C:\Projects\uit\diabetes-xai-agreement\outputs\cdc_brfss_2021_rebuilt\auto_report.md
2026-04-24 13:34:39,408 | INFO | STEP 11 COMPLETED
