2026-04-23 17:51:06,403 | INFO | Logging initialized. Log file: C:\Projects\uit\diabetes-xai-agreement\logs\pipeline_20260423175106.log
2026-04-23 17:51:06,403 | INFO | ==============================================================================
2026-04-23 17:51:06,403 | INFO | [BOOTSTRAP] DATASET=cdc_brfss_2023_rebuilt MODEL=logistic_regression
2026-04-23 17:51:06,403 | INFO | ==============================================================================
2026-04-23 17:51:06,403 | INFO | ============================================================
2026-04-23 17:51:06,403 | INFO | STEP 01 - LOAD AND INSPECT DATASET
2026-04-23 17:51:06,404 | INFO | ============================================================
2026-04-23 17:51:07,414 | INFO | DEBUG MODE: sampling 1000 rows from 432339
2026-04-23 17:51:07,430 | INFO | Dataset rows after sampling: 1000
2026-04-23 17:51:07,430 | INFO | Dataset config: {'path': WindowsPath('C:/Projects/uit/diabetes-xai-agreement/data/processed/cdc_brfss_2023_rebuilt.csv'), 'target': 'Diabetes_binary', 'slug': 'cdc_brfss_2023_rebuilt', 'task': 'classification', 'include_columns': None}
2026-04-23 17:51:07,430 | INFO | Active dataset : cdc_brfss_2023_rebuilt
2026-04-23 17:51:07,430 | INFO | Dataset path   : C:\Projects\uit\diabetes-xai-agreement\data\processed\cdc_brfss_2023_rebuilt.csv
2026-04-23 17:51:07,430 | INFO | Target column  : Diabetes_binary
2026-04-23 17:51:07,430 | INFO | Rows    : 1000
2026-04-23 17:51:07,430 | INFO | Columns : 22
2026-04-23 17:51:07,430 | INFO | Columns: ['Diabetes_binary', 'HighBP', 'HighChol', 'CholCheck', 'BMI', 'Smoker', 'Stroke', 'HeartDiseaseorAttack', 'PhysActivity', 'Fruits', 'Veggies', 'HvyAlcoholConsump', 'AnyHealthcare', 'NoDocbcCost', 'GenHlth', 'MentHlth', 'PhysHlth', 'DiffWalk', 'Sex', 'Age', 'Education', 'Income']
2026-04-23 17:51:07,430 | INFO | 
   Diabetes_binary  HighBP  HighChol  CholCheck  ...  Sex  Age  Education  Income
0                0       1         0          0  ...    2    2          6       6
1                0       1         0          0  ...    2   10          5       6
2                0       1         0          0  ...    2    3          6       6
3                0       1         0          0  ...    1   10          5       6
4                1       1         1          0  ...    1   14          6       3

[5 rows x 22 columns]
2026-04-23 17:51:07,455 | INFO | Target distribution:
2026-04-23 17:51:07,456 | INFO | Diabetes_binary
0    841
1    159
Name: count, dtype: int64
2026-04-23 17:51:07,457 | INFO | Target ratio:
2026-04-23 17:51:07,457 | INFO | Diabetes_binary
0    0.841
1    0.159
Name: proportion, dtype: float64
2026-04-23 17:51:07,459 | INFO | Missing values:
2026-04-23 17:51:07,459 | INFO | No missing values
2026-04-23 17:51:07,459 | INFO | STEP 01 COMPLETED
2026-04-23 17:51:08,645 | INFO | ============================================================
2026-04-23 17:51:08,646 | INFO | STEP 02 - DATA PREPROCESSING
2026-04-23 17:51:08,646 | INFO | ============================================================
2026-04-23 17:51:08,647 | INFO | Dataset shape: (1000, 22)
2026-04-23 17:51:08,647 | INFO | Number of selected features: 21
2026-04-23 17:51:08,647 | INFO | Categorical features (0): []
2026-04-23 17:51:08,647 | INFO | Numerical features (21): ['HighBP', 'HighChol', 'CholCheck', 'BMI', 'Smoker', 'Stroke', 'HeartDiseaseorAttack', 'PhysActivity', 'Fruits', 'Veggies', 'HvyAlcoholConsump', 'AnyHealthcare', 'NoDocbcCost', 'GenHlth', 'MentHlth', 'PhysHlth', 'DiffWalk', 'Sex', 'Age', 'Education', 'Income']
2026-04-23 17:51:08,650 | INFO | Train size: 800
2026-04-23 17:51:08,650 | INFO | Test size : 200
2026-04-23 17:51:08,650 | INFO | STEP 02 COMPLETED
2026-04-23 17:51:08,650 | INFO | ============================================================
2026-04-23 17:51:08,650 | INFO | STEP 03 - BASELINE MODELS
2026-04-23 17:51:08,650 | INFO | ============================================================
2026-04-23 17:51:08,650 | INFO | Training baseline model: logistic_regression
2026-04-23 17:51:08,662 | INFO | Training time for logistic_regression: 0.01s
2026-04-23 17:51:08,662 | INFO | Evaluating model: logistic_regression
2026-04-23 17:51:08,787 | INFO | Saved confusion matrix: C:\Projects\uit\diabetes-xai-agreement\outputs\cdc_brfss_2023_rebuilt\confusion_matrix\logistic_regression_confusion_matrix.png
2026-04-23 17:51:08,788 | INFO | Metrics for logistic_regression: {'model': 'logistic_regression', 'accuracy': 0.73, 'f1': 0.4489795918367347, 'roc_auc': 0.8067336309523809, 'sensitivity': np.float64(0.6875), 'specificity': np.float64(0.7380952380952381), 'training_time_s': 0.01}
2026-04-23 17:51:08,788 | INFO | Training baseline model: decision_tree
2026-04-23 17:51:08,796 | INFO | Training time for decision_tree: 0.01s
2026-04-23 17:51:08,796 | INFO | Evaluating model: decision_tree
2026-04-23 17:51:08,942 | INFO | Saved confusion matrix: C:\Projects\uit\diabetes-xai-agreement\outputs\cdc_brfss_2023_rebuilt\confusion_matrix\decision_tree_confusion_matrix.png
2026-04-23 17:51:08,942 | INFO | Metrics for decision_tree: {'model': 'decision_tree', 'accuracy': 0.795, 'f1': 0.32786885245901637, 'roc_auc': 0.5997023809523809, 'sensitivity': np.float64(0.3125), 'specificity': np.float64(0.8869047619047619), 'training_time_s': 0.01}
2026-04-23 17:51:08,942 | INFO | Training baseline model: random_forest
2026-04-23 17:51:09,239 | INFO | Training time for random_forest: 0.3s
2026-04-23 17:51:09,239 | INFO | Evaluating model: random_forest
2026-04-23 17:51:09,400 | INFO | Saved confusion matrix: C:\Projects\uit\diabetes-xai-agreement\outputs\cdc_brfss_2023_rebuilt\confusion_matrix\random_forest_confusion_matrix.png
2026-04-23 17:51:09,400 | INFO | Metrics for random_forest: {'model': 'random_forest', 'accuracy': 0.845, 'f1': 0.24390243902439024, 'roc_auc': 0.7589285714285714, 'sensitivity': np.float64(0.15625), 'specificity': np.float64(0.9761904761904762), 'training_time_s': 0.3}
2026-04-23 17:51:09,400 | INFO | Training baseline model: knn
2026-04-23 17:51:09,405 | INFO | Training time for knn: 0.0s
2026-04-23 17:51:09,405 | INFO | Evaluating model: knn
2026-04-23 17:51:10,989 | INFO | Saved confusion matrix: C:\Projects\uit\diabetes-xai-agreement\outputs\cdc_brfss_2023_rebuilt\confusion_matrix\knn_confusion_matrix.png
2026-04-23 17:51:10,990 | INFO | Metrics for knn: {'model': 'knn', 'accuracy': 0.81, 'f1': 0.32142857142857145, 'roc_auc': 0.6977306547619048, 'sensitivity': np.float64(0.28125), 'specificity': np.float64(0.9107142857142857), 'training_time_s': 0.0}
2026-04-23 17:51:10,990 | INFO | STEP 03 COMPLETED
2026-04-23 17:51:10,990 | INFO | ============================================================
2026-04-23 17:51:10,990 | INFO | STEP 04 - PROPOSED MODELS
2026-04-23 17:51:10,990 | INFO | ============================================================
2026-04-23 17:51:10,990 | INFO | Training proposed model: ann
2026-04-23 17:51:11,453 | INFO | Training time for ann: 0.46s
2026-04-23 17:51:11,453 | INFO | Evaluating model: ann
2026-04-23 17:51:11,588 | INFO | Saved confusion matrix: C:\Projects\uit\diabetes-xai-agreement\outputs\cdc_brfss_2023_rebuilt\confusion_matrix\ann_confusion_matrix.png
2026-04-23 17:51:11,589 | INFO | Training proposed model: xgboost
2026-04-23 17:51:11,760 | INFO | Training time for xgboost: 0.17s
2026-04-23 17:51:11,760 | INFO | Evaluating model: xgboost
2026-04-23 17:51:11,938 | INFO | Saved confusion matrix: C:\Projects\uit\diabetes-xai-agreement\outputs\cdc_brfss_2023_rebuilt\confusion_matrix\xgboost_confusion_matrix.png
2026-04-23 17:51:11,938 | INFO | Selecting best model...
2026-04-23 17:51:11,938 | INFO | Best model selected: xgboost
2026-04-23 17:51:11,938 | INFO | ROC-AUC: 0.7807
2026-04-23 17:51:11,939 | INFO | STEP 04 COMPLETED
2026-04-23 17:51:11,939 | INFO | Using ACTIVE_MODEL for XAI: logistic_regression
2026-04-23 17:51:11,939 | INFO | XAI model: logistic_regression
2026-04-23 17:51:11,939 | INFO | ============================================================
2026-04-23 17:51:11,939 | INFO | STEP 05 - EXPLAINABILITY (SHAP + PERMUTATION FI)
2026-04-23 17:51:11,939 | INFO | ============================================================
2026-04-23 17:51:11,939 | INFO | Running SHAP analysis for: logistic_regression
2026-04-23 17:51:11,940 | INFO | Running LinearSHAP for model: logistic_regression
2026-04-23 17:51:11,943 | INFO | LinearSHAP computation time: 0.0s
2026-04-23 17:51:13,001 | INFO | Saved: C:\Projects\uit\diabetes-xai-agreement\outputs\cdc_brfss_2023_rebuilt\shap\logistic_regression_shap_feature_importance.csv
2026-04-23 17:51:13,001 | INFO | LinearSHAP analysis completed
2026-04-23 17:51:13,001 | INFO | SHAP analysis completed in 0.0s
2026-04-23 17:51:13,002 | INFO | Running Permutation Importance for: logistic_regression (scoring=roc_auc, n_repeats=10)
2026-04-23 17:51:17,349 | INFO | Permutation FI saved to: C:\Projects\uit\diabetes-xai-agreement\outputs\cdc_brfss_2023_rebuilt\fi\logistic_regression_feature_importance.csv (4.3432s)
2026-04-23 17:51:17,349 | INFO | Permutation FI completed in 4.3432s
2026-04-23 17:51:17,349 | INFO | STEP 05 COMPLETED
2026-04-23 17:51:17,349 | INFO | ============================================================
2026-04-23 17:51:17,349 | INFO | STEP 06 - RESULT VISUALIZATION
2026-04-23 17:51:17,349 | INFO | ============================================================
2026-04-23 17:51:17,503 | INFO | STEP 06 COMPLETED
2026-04-23 17:51:17,503 | INFO | ============================================================
2026-04-23 17:51:17,503 | INFO | STEP 07 - ERROR ANALYSIS + FAIRNESS (EQUALIZED ODDS)
2026-04-23 17:51:17,503 | INFO | ============================================================
2026-04-23 17:51:17,513 | INFO | Saved error analysis outputs to C:\Projects\uit\diabetes-xai-agreement\outputs\cdc_brfss_2023_rebuilt\analysis
2026-04-23 17:51:17,514 | INFO | Running Equalized Odds fairness analysis for: logistic_regression
2026-04-23 17:51:17,526 | INFO |   Saved: C:\Projects\uit\diabetes-xai-agreement\outputs\cdc_brfss_2023_rebuilt\analysis\logistic_regression_fairness_age_detail.csv
2026-04-23 17:51:17,526 | INFO |   Age: dTPR=1.000  dFPR=0.533  EO=1.000  [Nghiem trong]
2026-04-23 17:51:17,531 | INFO |   Saved: C:\Projects\uit\diabetes-xai-agreement\outputs\cdc_brfss_2023_rebuilt\analysis\logistic_regression_fairness_sex_detail.csv
2026-04-23 17:51:17,531 | INFO |   Sex: dTPR=0.300  dFPR=0.076  EO=0.300  [Nghiem trong]
2026-04-23 17:51:17,539 | INFO |   Saved: C:\Projects\uit\diabetes-xai-agreement\outputs\cdc_brfss_2023_rebuilt\analysis\logistic_regression_fairness_income_detail.csv
2026-04-23 17:51:17,539 | INFO |   Income: dTPR=0.500  dFPR=0.500  EO=0.500  [Nghiem trong]
2026-04-23 17:51:17,542 | INFO |   Saved summary: C:\Projects\uit\diabetes-xai-agreement\outputs\cdc_brfss_2023_rebuilt\analysis\logistic_regression_fairness_equalized_odds_summary.csv
2026-04-23 17:51:17,542 | INFO | Equalized Odds fairness analysis completed
2026-04-23 17:51:17,542 | INFO | Equalized Odds Summary:
2026-04-23 17:51:17,542 | INFO |   Age     : dTPR=1.000  dFPR=0.533  EO=1.000  [Nghiem trong]
2026-04-23 17:51:17,542 | INFO |   Sex     : dTPR=0.300  dFPR=0.076  EO=0.300  [Nghiem trong]
2026-04-23 17:51:17,542 | INFO |   Income  : dTPR=0.500  dFPR=0.500  EO=0.500  [Nghiem trong]
2026-04-23 17:51:17,543 | INFO | Saved error analysis outputs to C:\Projects\uit\diabetes-xai-agreement\outputs\cdc_brfss_2023_rebuilt\analysis
2026-04-23 17:51:17,543 | INFO | STEP 07 COMPLETED
2026-04-23 17:51:17,543 | INFO | ============================================================
2026-04-23 17:51:17,543 | INFO | STEP 08 - STATISTICAL TEST
2026-04-23 17:51:17,543 | INFO | ============================================================
2026-04-23 17:51:17,550 | INFO | Saved statistical test results to C:\Projects\uit\diabetes-xai-agreement\outputs\cdc_brfss_2023_rebuilt\analysis\statistical_test_results.csv
2026-04-23 17:51:17,550 | INFO | STEP 08 COMPLETED
2026-04-23 17:51:17,550 | INFO | ============================================================
2026-04-23 17:51:17,550 | INFO | STEP 09 - GENERATE RESULT TABLES
2026-04-23 17:51:17,550 | INFO | ============================================================
2026-04-23 17:51:17,552 | INFO | Saved comparison table to C:\Projects\uit\diabetes-xai-agreement\outputs\cdc_brfss_2023_rebuilt\tables\model_comparison_table.csv
2026-04-23 17:51:17,552 | INFO | STEP 09 COMPLETED
2026-04-23 17:51:17,552 | INFO | ============================================================
2026-04-23 17:51:17,552 | INFO | STEP 10 - REPRODUCIBILITY
2026-04-23 17:51:17,552 | INFO | ============================================================
2026-04-23 17:51:17,575 | INFO | Saved experiment summary to C:\Projects\uit\diabetes-xai-agreement\outputs\cdc_brfss_2023_rebuilt\reproducibility\experiment_summary.json
