2026-04-23 17:02:36,871 | INFO | Logging initialized. Log file: C:\Projects\uit\diabetes-xai-agreement\logs\pipeline_20260423170236.log
2026-04-23 17:02:36,871 | INFO | ============================================================
2026-04-23 17:02:36,871 | INFO | PIPELINE RUN STARTED
2026-04-23 17:02:36,871 | INFO | ============================================================
2026-04-23 17:02:36,871 | INFO | ============================================================
2026-04-23 17:02:36,871 | INFO | STEP 01 - LOAD AND INSPECT DATASET
2026-04-23 17:02:36,871 | INFO | ============================================================
2026-04-23 17:02:37,939 | INFO | Dataset config: {'path': WindowsPath('C:/Projects/uit/diabetes-xai-agreement/data/processed/cdc_brfss_2015_rebuilt.csv'), 'target': 'Diabetes_binary', 'slug': 'cdc_brfss_2015_rebuilt', 'task': 'classification', 'include_columns': None}
2026-04-23 17:02:37,939 | INFO | Active dataset : cdc_brfss_2015_rebuilt
2026-04-23 17:02:37,939 | INFO | Dataset path   : C:\Projects\uit\diabetes-xai-agreement\data\processed\cdc_brfss_2015_rebuilt.csv
2026-04-23 17:02:37,939 | INFO | Target column  : Diabetes_binary
2026-04-23 17:02:37,939 | INFO | Rows    : 440658
2026-04-23 17:02:37,939 | INFO | Columns : 22
2026-04-23 17:02:37,939 | INFO | Columns: ['Diabetes_binary', 'HighBP', 'HighChol', 'CholCheck', 'BMI', 'Smoker', 'Stroke', 'HeartDiseaseorAttack', 'PhysActivity', 'Fruits', 'Veggies', 'HvyAlcoholConsump', 'AnyHealthcare', 'NoDocbcCost', 'GenHlth', 'MentHlth', 'PhysHlth', 'DiffWalk', 'Sex', 'Age', 'Education', 'Income']
2026-04-23 17:02:37,940 | INFO | 
   Diabetes_binary  HighBP  HighChol  CholCheck  ...  Sex  Age  Education  Income
0                0       1         1          1  ...    2   10          4       3
1                0       1         0          1  ...    2   10          6       1
2                0       1         1          1  ...    2   11          4       6
3                0       1         1          1  ...    2   10          4       6
4                0       1         0          1  ...    2   10          5       6

[5 rows x 22 columns]
2026-04-23 17:02:37,966 | INFO | Target distribution:
2026-04-23 17:02:37,970 | INFO | Diabetes_binary
0    375712
1     64946
Name: count, dtype: int64
2026-04-23 17:02:37,971 | INFO | Target ratio:
2026-04-23 17:02:37,974 | INFO | Diabetes_binary
0    0.852616
1    0.147384
Name: proportion, dtype: float64
2026-04-23 17:02:37,991 | INFO | Missing values:
2026-04-23 17:02:37,992 | INFO | No missing values
2026-04-23 17:02:37,992 | INFO | STEP 01 COMPLETED
2026-04-23 17:02:40,806 | INFO | ============================================================
2026-04-23 17:02:40,806 | INFO | STEP 02 - DATA PREPROCESSING
2026-04-23 17:02:40,807 | INFO | ============================================================
2026-04-23 17:02:40,808 | INFO | Dataset shape: (440658, 22)
2026-04-23 17:02:40,808 | INFO | Number of selected features: 21
2026-04-23 17:02:40,808 | INFO | Categorical features (0): []
2026-04-23 17:02:40,808 | INFO | Numerical features (21): ['HighBP', 'HighChol', 'CholCheck', 'BMI', 'Smoker', 'Stroke', 'HeartDiseaseorAttack', 'PhysActivity', 'Fruits', 'Veggies', 'HvyAlcoholConsump', 'AnyHealthcare', 'NoDocbcCost', 'GenHlth', 'MentHlth', 'PhysHlth', 'DiffWalk', 'Sex', 'Age', 'Education', 'Income']
2026-04-23 17:02:41,026 | INFO | Train size: 352526
2026-04-23 17:02:41,026 | INFO | Test size : 88132
2026-04-23 17:02:41,027 | INFO | STEP 02 COMPLETED
2026-04-23 17:02:41,027 | INFO | ============================================================
2026-04-23 17:02:41,027 | INFO | STEP 03 - BASELINE MODELS
2026-04-23 17:02:41,027 | INFO | ============================================================
2026-04-23 17:02:41,027 | INFO | Training baseline model: logistic_regression
2026-04-23 17:02:41,522 | INFO | Training time for logistic_regression: 0.5s
2026-04-23 17:02:41,522 | INFO | Evaluating model: logistic_regression
2026-04-23 17:02:41,766 | INFO | Saved confusion matrix: C:\Projects\uit\diabetes-xai-agreement\outputs\cdc_brfss_2015_rebuilt\confusion_matrix\logistic_regression_confusion_matrix.png
2026-04-23 17:02:41,766 | INFO | Metrics for logistic_regression: {'model': 'logistic_regression', 'accuracy': 0.7244133799301048, 'f1': 0.4472210842550867, 'roc_auc': 0.8136813573305594, 'sensitivity': np.float64(0.7564092693817845), 'specificity': np.float64(0.7188826637211716), 'training_time_s': 0.5}
2026-04-23 17:02:41,766 | INFO | Training baseline model: decision_tree
2026-04-23 17:02:43,955 | INFO | Training time for decision_tree: 2.19s
2026-04-23 17:02:43,955 | INFO | Evaluating model: decision_tree
2026-04-23 17:02:44,236 | INFO | Saved confusion matrix: C:\Projects\uit\diabetes-xai-agreement\outputs\cdc_brfss_2015_rebuilt\confusion_matrix\decision_tree_confusion_matrix.png
2026-04-23 17:02:44,236 | INFO | Metrics for decision_tree: {'model': 'decision_tree', 'accuracy': 0.7848454590841011, 'f1': 0.2943059173799777, 'roc_auc': 0.5856122672653786, 'sensitivity': np.float64(0.30441142505196706), 'specificity': np.float64(0.8678918861370986), 'training_time_s': 2.19}
2026-04-23 17:02:44,236 | INFO | Training baseline model: random_forest
2026-04-23 17:04:03,909 | INFO | Training time for random_forest: 79.67s
2026-04-23 17:04:03,909 | INFO | Evaluating model: random_forest
2026-04-23 17:04:15,646 | INFO | Saved confusion matrix: C:\Projects\uit\diabetes-xai-agreement\outputs\cdc_brfss_2015_rebuilt\confusion_matrix\random_forest_confusion_matrix.png
2026-04-23 17:04:15,647 | INFO | Metrics for random_forest: {'model': 'random_forest', 'accuracy': 0.8390142059637816, 'f1': 0.25779451768152334, 'roc_auc': 0.7774183100988303, 'sensitivity': np.float64(0.18969897605666333), 'specificity': np.float64(0.9512529443860372), 'training_time_s': 79.67}
2026-04-23 17:04:15,647 | INFO | Training baseline model: knn
2026-04-23 17:04:15,840 | INFO | Training time for knn: 0.19s
2026-04-23 17:04:15,840 | INFO | Evaluating model: knn
2026-04-23 17:05:36,038 | INFO | Saved confusion matrix: C:\Projects\uit\diabetes-xai-agreement\outputs\cdc_brfss_2015_rebuilt\confusion_matrix\knn_confusion_matrix.png
2026-04-23 17:05:36,039 | INFO | Metrics for knn: {'model': 'knn', 'accuracy': 0.8402736803885081, 'f1': 0.2847416289822672, 'roc_auc': 0.7193738108252421, 'sensitivity': np.float64(0.21572099468781278), 'specificity': np.float64(0.9482320375816776), 'training_time_s': 0.19}
2026-04-23 17:05:36,039 | INFO | STEP 03 COMPLETED
2026-04-23 17:05:36,039 | INFO | ============================================================
2026-04-23 17:05:36,039 | INFO | STEP 04 - PROPOSED MODELS
2026-04-23 17:05:36,039 | INFO | ============================================================
2026-04-23 17:05:36,039 | INFO | Training proposed model: ann
2026-04-23 17:07:17,619 | INFO | Training time for ann: 101.58s
2026-04-23 17:07:17,619 | INFO | Evaluating model: ann
2026-04-23 17:07:17,910 | INFO | Saved confusion matrix: C:\Projects\uit\diabetes-xai-agreement\outputs\cdc_brfss_2015_rebuilt\confusion_matrix\ann_confusion_matrix.png
2026-04-23 17:07:17,910 | INFO | Training proposed model: xgboost
2026-04-23 17:07:23,233 | INFO | Training time for xgboost: 5.32s
2026-04-23 17:07:23,233 | INFO | Evaluating model: xgboost
2026-04-23 17:07:23,707 | INFO | Saved confusion matrix: C:\Projects\uit\diabetes-xai-agreement\outputs\cdc_brfss_2015_rebuilt\confusion_matrix\xgboost_confusion_matrix.png
2026-04-23 17:07:23,707 | INFO | Selecting best model...
2026-04-23 17:07:23,708 | INFO | Best model selected: xgboost
2026-04-23 17:07:23,708 | INFO | ROC-AUC: 0.8244
2026-04-23 17:07:23,708 | INFO | STEP 04 COMPLETED
2026-04-23 17:07:23,708 | INFO | Using ACTIVE_MODEL for XAI: xgboost
2026-04-23 17:07:23,708 | INFO | XAI model: xgboost
2026-04-23 17:07:23,708 | INFO | ============================================================
2026-04-23 17:07:23,708 | INFO | STEP 05 - EXPLAINABILITY (SHAP + PERMUTATION FI)
2026-04-23 17:07:23,708 | INFO | ============================================================
2026-04-23 17:07:23,709 | INFO | Running SHAP analysis for: xgboost
2026-04-23 17:07:23,709 | INFO | Running SHAP analysis for model: xgboost
2026-04-23 17:07:23,844 | INFO | TreeExplainer: OK
2026-04-23 17:07:24,006 | INFO | SHAP computation time: 0.27s
2026-04-23 17:07:24,757 | INFO | Saved: C:\Projects\uit\diabetes-xai-agreement\outputs\cdc_brfss_2015_rebuilt\shap\xgboost_shap_summary.png
2026-04-23 17:07:25,061 | INFO | Saved: C:\Projects\uit\diabetes-xai-agreement\outputs\cdc_brfss_2015_rebuilt\shap\xgboost_shap_bar.png
2026-04-23 17:07:25,065 | INFO | Saved: C:\Projects\uit\diabetes-xai-agreement\outputs\cdc_brfss_2015_rebuilt\shap\xgboost_shap_feature_importance.csv
2026-04-23 17:07:25,065 | INFO | SHAP analysis completed
2026-04-23 17:07:25,067 | INFO | SHAP analysis completed in 0.27s
2026-04-23 17:07:25,068 | INFO | Running Permutation Importance for: xgboost (scoring=roc_auc, n_repeats=10)
2026-04-23 17:08:09,609 | INFO | Permutation FI saved to: C:\Projects\uit\diabetes-xai-agreement\outputs\cdc_brfss_2015_rebuilt\fi\xgboost_feature_importance.csv (44.5384s)
2026-04-23 17:08:09,609 | INFO | Permutation FI completed in 44.5384s
2026-04-23 17:08:09,609 | INFO | STEP 05 COMPLETED
2026-04-23 17:08:09,609 | INFO | ============================================================
2026-04-23 17:08:09,609 | INFO | STEP 06 - RESULT VISUALIZATION
2026-04-23 17:08:09,609 | INFO | ============================================================
2026-04-23 17:08:09,751 | INFO | STEP 06 COMPLETED
2026-04-23 17:08:09,752 | INFO | ============================================================
2026-04-23 17:08:09,752 | INFO | STEP 07 - ERROR ANALYSIS + FAIRNESS (EQUALIZED ODDS)
2026-04-23 17:08:09,752 | INFO | ============================================================
2026-04-23 17:08:10,011 | INFO | Saved error analysis outputs to C:\Projects\uit\diabetes-xai-agreement\outputs\cdc_brfss_2015_rebuilt\analysis
2026-04-23 17:08:10,013 | INFO | Running Equalized Odds fairness analysis for: xgboost
2026-04-23 17:08:10,191 | INFO |   Saved: C:\Projects\uit\diabetes-xai-agreement\outputs\cdc_brfss_2015_rebuilt\analysis\xgboost_fairness_age_detail.csv
2026-04-23 17:08:10,241 | INFO |   Saved: C:\Projects\uit\diabetes-xai-agreement\outputs\cdc_brfss_2015_rebuilt\analysis\xgboost_fairness_sex_detail.csv
2026-04-23 17:08:10,264 | INFO |   Saved: C:\Projects\uit\diabetes-xai-agreement\outputs\cdc_brfss_2015_rebuilt\analysis\xgboost_fairness_income_detail.csv
2026-04-23 17:08:10,266 | INFO |   Saved summary: C:\Projects\uit\diabetes-xai-agreement\outputs\cdc_brfss_2015_rebuilt\analysis\xgboost_fairness_equalized_odds_summary.csv
2026-04-23 17:08:10,266 | INFO | Equalized Odds fairness analysis completed
2026-04-23 17:08:10,269 | INFO | Equalized Odds Summary:
2026-04-23 17:08:10,271 | INFO | Saved error analysis outputs to C:\Projects\uit\diabetes-xai-agreement\outputs\cdc_brfss_2015_rebuilt\analysis
2026-04-23 17:08:10,271 | INFO | STEP 07 COMPLETED
2026-04-23 17:08:10,274 | INFO | ============================================================
2026-04-23 17:08:10,274 | INFO | STEP 08 - STATISTICAL TEST
2026-04-23 17:08:10,274 | INFO | ============================================================
2026-04-23 17:08:10,281 | INFO | Saved statistical test results to C:\Projects\uit\diabetes-xai-agreement\outputs\cdc_brfss_2015_rebuilt\analysis\statistical_test_results.csv
2026-04-23 17:08:10,281 | INFO | STEP 08 COMPLETED
2026-04-23 17:08:10,281 | INFO | ============================================================
2026-04-23 17:08:10,281 | INFO | STEP 09 - GENERATE RESULT TABLES
2026-04-23 17:08:10,282 | INFO | ============================================================
2026-04-23 17:08:10,283 | INFO | Saved comparison table to C:\Projects\uit\diabetes-xai-agreement\outputs\cdc_brfss_2015_rebuilt\tables\model_comparison_table.csv
2026-04-23 17:08:10,283 | INFO | STEP 09 COMPLETED
2026-04-23 17:08:10,283 | INFO | ============================================================
2026-04-23 17:08:10,283 | INFO | STEP 10 - REPRODUCIBILITY
2026-04-23 17:08:10,283 | INFO | ============================================================
2026-04-23 17:08:10,302 | INFO | Saved experiment summary to C:\Projects\uit\diabetes-xai-agreement\outputs\cdc_brfss_2015_rebuilt\reproducibility\experiment_summary.json
