2026-04-23 17:50:13,459 | INFO | Logging initialized. Log file: C:\Projects\uit\diabetes-xai-agreement\logs\pipeline_20260423175013.log
2026-04-23 17:50:13,459 | INFO | ==============================================================================
2026-04-23 17:50:13,459 | INFO | [BOOTSTRAP] DATASET=cdc_brfss_2021_rebuilt MODEL=logistic_regression
2026-04-23 17:50:13,460 | INFO | ==============================================================================
2026-04-23 17:50:13,460 | INFO | ============================================================
2026-04-23 17:50:13,460 | INFO | STEP 01 - LOAD AND INSPECT DATASET
2026-04-23 17:50:13,460 | INFO | ============================================================
2026-04-23 17:50:14,485 | INFO | DEBUG MODE: sampling 1000 rows from 437708
2026-04-23 17:50:14,501 | INFO | Dataset rows after sampling: 1000
2026-04-23 17:50:14,501 | INFO | Dataset config: {'path': WindowsPath('C:/Projects/uit/diabetes-xai-agreement/data/processed/cdc_brfss_2021_rebuilt.csv'), 'target': 'Diabetes_binary', 'slug': 'cdc_brfss_2021_rebuilt', 'task': 'classification', 'include_columns': None}
2026-04-23 17:50:14,501 | INFO | Active dataset : cdc_brfss_2021_rebuilt
2026-04-23 17:50:14,501 | INFO | Dataset path   : C:\Projects\uit\diabetes-xai-agreement\data\processed\cdc_brfss_2021_rebuilt.csv
2026-04-23 17:50:14,501 | INFO | Target column  : Diabetes_binary
2026-04-23 17:50:14,501 | INFO | Rows    : 1000
2026-04-23 17:50:14,501 | INFO | Columns : 22
2026-04-23 17:50:14,501 | INFO | Columns: ['Diabetes_binary', 'HighBP', 'HighChol', 'CholCheck', 'BMI', 'Smoker', 'Stroke', 'HeartDiseaseorAttack', 'PhysActivity', 'Fruits', 'Veggies', 'HvyAlcoholConsump', 'AnyHealthcare', 'NoDocbcCost', 'GenHlth', 'MentHlth', 'PhysHlth', 'DiffWalk', 'Sex', 'Age', 'Education', 'Income']
2026-04-23 17:50:14,502 | INFO | 
   Diabetes_binary  HighBP  HighChol  CholCheck  ...  Sex  Age  Education  Income
0                0       1         0          0  ...    2    1          5       6
1                0       1         0          1  ...    1    1          4       6
2                0       1         1          0  ...    2   11          4       6
3                0       1         0          0  ...    1   10          6       5
4                1       1         1          0  ...    1   10          4       6

[5 rows x 22 columns]
2026-04-23 17:50:14,526 | INFO | Target distribution:
2026-04-23 17:50:14,526 | INFO | Diabetes_binary
0    838
1    162
Name: count, dtype: int64
2026-04-23 17:50:14,527 | INFO | Target ratio:
2026-04-23 17:50:14,527 | INFO | Diabetes_binary
0    0.838
1    0.162
Name: proportion, dtype: float64
2026-04-23 17:50:14,529 | INFO | Missing values:
2026-04-23 17:50:14,529 | INFO | No missing values
2026-04-23 17:50:14,529 | INFO | STEP 01 COMPLETED
2026-04-23 17:50:15,736 | INFO | ============================================================
2026-04-23 17:50:15,736 | INFO | STEP 02 - DATA PREPROCESSING
2026-04-23 17:50:15,736 | INFO | ============================================================
2026-04-23 17:50:15,737 | INFO | Dataset shape: (1000, 22)
2026-04-23 17:50:15,737 | INFO | Number of selected features: 21
2026-04-23 17:50:15,737 | INFO | Categorical features (0): []
2026-04-23 17:50:15,737 | INFO | Numerical features (21): ['HighBP', 'HighChol', 'CholCheck', 'BMI', 'Smoker', 'Stroke', 'HeartDiseaseorAttack', 'PhysActivity', 'Fruits', 'Veggies', 'HvyAlcoholConsump', 'AnyHealthcare', 'NoDocbcCost', 'GenHlth', 'MentHlth', 'PhysHlth', 'DiffWalk', 'Sex', 'Age', 'Education', 'Income']
2026-04-23 17:50:15,740 | INFO | Train size: 800
2026-04-23 17:50:15,740 | INFO | Test size : 200
2026-04-23 17:50:15,740 | INFO | STEP 02 COMPLETED
2026-04-23 17:50:15,740 | INFO | ============================================================
2026-04-23 17:50:15,740 | INFO | STEP 03 - BASELINE MODELS
2026-04-23 17:50:15,740 | INFO | ============================================================
2026-04-23 17:50:15,740 | INFO | Training baseline model: logistic_regression
2026-04-23 17:50:15,755 | INFO | Training time for logistic_regression: 0.01s
2026-04-23 17:50:15,755 | INFO | Evaluating model: logistic_regression
2026-04-23 17:50:15,882 | INFO | Saved confusion matrix: C:\Projects\uit\diabetes-xai-agreement\outputs\cdc_brfss_2021_rebuilt\confusion_matrix\logistic_regression_confusion_matrix.png
2026-04-23 17:50:15,883 | INFO | Metrics for logistic_regression: {'model': 'logistic_regression', 'accuracy': 0.735, 'f1': 0.4854368932038835, 'roc_auc': 0.8002232142857142, 'sensitivity': np.float64(0.78125), 'specificity': np.float64(0.7261904761904762), 'training_time_s': 0.01}
2026-04-23 17:50:15,883 | INFO | Training baseline model: decision_tree
2026-04-23 17:50:15,894 | INFO | Training time for decision_tree: 0.01s
2026-04-23 17:50:15,894 | INFO | Evaluating model: decision_tree
2026-04-23 17:50:16,038 | INFO | Saved confusion matrix: C:\Projects\uit\diabetes-xai-agreement\outputs\cdc_brfss_2021_rebuilt\confusion_matrix\decision_tree_confusion_matrix.png
2026-04-23 17:50:16,038 | INFO | Metrics for decision_tree: {'model': 'decision_tree', 'accuracy': 0.765, 'f1': 0.29850746268656714, 'roc_auc': 0.5827752976190477, 'sensitivity': np.float64(0.3125), 'specificity': np.float64(0.8511904761904762), 'training_time_s': 0.01}
2026-04-23 17:50:16,038 | INFO | Training baseline model: random_forest
2026-04-23 17:50:16,356 | INFO | Training time for random_forest: 0.32s
2026-04-23 17:50:16,356 | INFO | Evaluating model: random_forest
2026-04-23 17:50:16,514 | INFO | Saved confusion matrix: C:\Projects\uit\diabetes-xai-agreement\outputs\cdc_brfss_2021_rebuilt\confusion_matrix\random_forest_confusion_matrix.png
2026-04-23 17:50:16,515 | INFO | Metrics for random_forest: {'model': 'random_forest', 'accuracy': 0.875, 'f1': 0.3902439024390244, 'roc_auc': 0.7902715773809524, 'sensitivity': np.float64(0.25), 'specificity': np.float64(0.9940476190476191), 'training_time_s': 0.32}
2026-04-23 17:50:16,515 | INFO | Training baseline model: knn
2026-04-23 17:50:16,519 | INFO | Training time for knn: 0.0s
2026-04-23 17:50:16,519 | INFO | Evaluating model: knn
2026-04-23 17:50:18,099 | INFO | Saved confusion matrix: C:\Projects\uit\diabetes-xai-agreement\outputs\cdc_brfss_2021_rebuilt\confusion_matrix\knn_confusion_matrix.png
2026-04-23 17:50:18,099 | INFO | Metrics for knn: {'model': 'knn', 'accuracy': 0.81, 'f1': 0.20833333333333334, 'roc_auc': 0.7325148809523809, 'sensitivity': np.float64(0.15625), 'specificity': np.float64(0.9345238095238095), 'training_time_s': 0.0}
2026-04-23 17:50:18,099 | INFO | STEP 03 COMPLETED
2026-04-23 17:50:18,099 | INFO | ============================================================
2026-04-23 17:50:18,099 | INFO | STEP 04 - PROPOSED MODELS
2026-04-23 17:50:18,099 | INFO | ============================================================
2026-04-23 17:50:18,100 | INFO | Training proposed model: ann
2026-04-23 17:50:18,552 | INFO | Training time for ann: 0.45s
2026-04-23 17:50:18,552 | INFO | Evaluating model: ann
2026-04-23 17:50:18,671 | INFO | Saved confusion matrix: C:\Projects\uit\diabetes-xai-agreement\outputs\cdc_brfss_2021_rebuilt\confusion_matrix\ann_confusion_matrix.png
2026-04-23 17:50:18,671 | INFO | Training proposed model: xgboost
2026-04-23 17:50:18,827 | INFO | Training time for xgboost: 0.16s
2026-04-23 17:50:18,827 | INFO | Evaluating model: xgboost
2026-04-23 17:50:18,997 | INFO | Saved confusion matrix: C:\Projects\uit\diabetes-xai-agreement\outputs\cdc_brfss_2021_rebuilt\confusion_matrix\xgboost_confusion_matrix.png
2026-04-23 17:50:18,997 | INFO | Selecting best model...
2026-04-23 17:50:18,997 | INFO | Best model selected: xgboost
2026-04-23 17:50:18,997 | INFO | ROC-AUC: 0.8056
2026-04-23 17:50:18,997 | INFO | STEP 04 COMPLETED
2026-04-23 17:50:18,997 | INFO | Using ACTIVE_MODEL for XAI: logistic_regression
2026-04-23 17:50:18,997 | INFO | XAI model: logistic_regression
2026-04-23 17:50:18,997 | INFO | ============================================================
2026-04-23 17:50:18,997 | INFO | STEP 05 - EXPLAINABILITY (SHAP + PERMUTATION FI)
2026-04-23 17:50:18,997 | INFO | ============================================================
2026-04-23 17:50:18,998 | INFO | Running SHAP analysis for: logistic_regression
2026-04-23 17:50:18,998 | INFO | Running LinearSHAP for model: logistic_regression
2026-04-23 17:50:19,001 | INFO | LinearSHAP computation time: 0.0s
2026-04-23 17:50:19,948 | INFO | Saved: C:\Projects\uit\diabetes-xai-agreement\outputs\cdc_brfss_2021_rebuilt\shap\logistic_regression_shap_feature_importance.csv
2026-04-23 17:50:19,948 | INFO | LinearSHAP analysis completed
2026-04-23 17:50:19,948 | INFO | SHAP analysis completed in 0.0s
2026-04-23 17:50:19,949 | INFO | Running Permutation Importance for: logistic_regression (scoring=roc_auc, n_repeats=10)
2026-04-23 17:50:24,507 | INFO | Permutation FI saved to: C:\Projects\uit\diabetes-xai-agreement\outputs\cdc_brfss_2021_rebuilt\fi\logistic_regression_feature_importance.csv (4.556s)
2026-04-23 17:50:24,508 | INFO | Permutation FI completed in 4.556s
2026-04-23 17:50:24,508 | INFO | STEP 05 COMPLETED
2026-04-23 17:50:24,508 | INFO | ============================================================
2026-04-23 17:50:24,508 | INFO | STEP 06 - RESULT VISUALIZATION
2026-04-23 17:50:24,508 | INFO | ============================================================
2026-04-23 17:50:24,641 | INFO | STEP 06 COMPLETED
2026-04-23 17:50:24,641 | INFO | ============================================================
2026-04-23 17:50:24,641 | INFO | STEP 07 - ERROR ANALYSIS + FAIRNESS (EQUALIZED ODDS)
2026-04-23 17:50:24,641 | INFO | ============================================================
2026-04-23 17:50:24,651 | INFO | Saved error analysis outputs to C:\Projects\uit\diabetes-xai-agreement\outputs\cdc_brfss_2021_rebuilt\analysis
2026-04-23 17:50:24,652 | INFO | Running Equalized Odds fairness analysis for: logistic_regression
2026-04-23 17:50:24,664 | INFO |   Saved: C:\Projects\uit\diabetes-xai-agreement\outputs\cdc_brfss_2021_rebuilt\analysis\logistic_regression_fairness_age_detail.csv
2026-04-23 17:50:24,664 | INFO |   Age: dTPR=1.000  dFPR=0.500  EO=1.000  [Nghiem trong]
2026-04-23 17:50:24,669 | INFO |   Saved: C:\Projects\uit\diabetes-xai-agreement\outputs\cdc_brfss_2021_rebuilt\analysis\logistic_regression_fairness_sex_detail.csv
2026-04-23 17:50:24,669 | INFO |   Sex: dTPR=0.183  dFPR=0.090  EO=0.183  [Đang lo ngai]
2026-04-23 17:50:24,677 | INFO |   Saved: C:\Projects\uit\diabetes-xai-agreement\outputs\cdc_brfss_2021_rebuilt\analysis\logistic_regression_fairness_income_detail.csv
2026-04-23 17:50:24,678 | INFO |   Income: dTPR=1.000  dFPR=1.000  EO=1.000  [Nghiem trong]
2026-04-23 17:50:24,679 | INFO |   Saved summary: C:\Projects\uit\diabetes-xai-agreement\outputs\cdc_brfss_2021_rebuilt\analysis\logistic_regression_fairness_equalized_odds_summary.csv
2026-04-23 17:50:24,679 | INFO | Equalized Odds fairness analysis completed
2026-04-23 17:50:24,680 | INFO | Equalized Odds Summary:
2026-04-23 17:50:24,680 | INFO |   Age     : dTPR=1.000  dFPR=0.500  EO=1.000  [Nghiem trong]
2026-04-23 17:50:24,680 | INFO |   Sex     : dTPR=0.183  dFPR=0.090  EO=0.183  [Đang lo ngai]
2026-04-23 17:50:24,680 | INFO |   Income  : dTPR=1.000  dFPR=1.000  EO=1.000  [Nghiem trong]
2026-04-23 17:50:24,680 | INFO | Saved error analysis outputs to C:\Projects\uit\diabetes-xai-agreement\outputs\cdc_brfss_2021_rebuilt\analysis
2026-04-23 17:50:24,680 | INFO | STEP 07 COMPLETED
2026-04-23 17:50:24,680 | INFO | ============================================================
2026-04-23 17:50:24,680 | INFO | STEP 08 - STATISTICAL TEST
2026-04-23 17:50:24,680 | INFO | ============================================================
2026-04-23 17:50:24,687 | INFO | Saved statistical test results to C:\Projects\uit\diabetes-xai-agreement\outputs\cdc_brfss_2021_rebuilt\analysis\statistical_test_results.csv
2026-04-23 17:50:24,687 | INFO | STEP 08 COMPLETED
2026-04-23 17:50:24,688 | INFO | ============================================================
2026-04-23 17:50:24,688 | INFO | STEP 09 - GENERATE RESULT TABLES
2026-04-23 17:50:24,688 | INFO | ============================================================
2026-04-23 17:50:24,689 | INFO | Saved comparison table to C:\Projects\uit\diabetes-xai-agreement\outputs\cdc_brfss_2021_rebuilt\tables\model_comparison_table.csv
2026-04-23 17:50:24,689 | INFO | STEP 09 COMPLETED
2026-04-23 17:50:24,689 | INFO | ============================================================
2026-04-23 17:50:24,690 | INFO | STEP 10 - REPRODUCIBILITY
2026-04-23 17:50:24,690 | INFO | ============================================================
2026-04-23 17:50:24,708 | INFO | Saved experiment summary to C:\Projects\uit\diabetes-xai-agreement\outputs\cdc_brfss_2021_rebuilt\reproducibility\experiment_summary.json
