2026-04-23 18:33:09,006 | INFO | Logging initialized. Log file: C:\Projects\uit\diabetes-xai-agreement\logs\pipeline_20260423183309.log
2026-04-23 18:33:09,006 | INFO | ==============================================================================
2026-04-23 18:33:09,006 | INFO | [BOOTSTRAP] DATASET=cdc_brfss_2021_rebuilt MODEL=logistic_regression
2026-04-23 18:33:09,006 | INFO | ==============================================================================
2026-04-23 18:33:09,007 | INFO | ============================================================
2026-04-23 18:33:09,007 | INFO | STEP 01 - LOAD AND INSPECT DATASET
2026-04-23 18:33:09,007 | INFO | ============================================================
2026-04-23 18:33:10,042 | INFO | DEBUG MODE: sampling 10000 rows from 437708
2026-04-23 18:33:10,062 | INFO | Dataset rows after sampling: 10000
2026-04-23 18:33:10,063 | INFO | Dataset config: {'path': WindowsPath('C:/Projects/uit/diabetes-xai-agreement/data/processed/cdc_brfss_2021_rebuilt.csv'), 'target': 'Diabetes_binary', 'slug': 'cdc_brfss_2021_rebuilt', 'task': 'classification', 'include_columns': None}
2026-04-23 18:33:10,063 | INFO | Active dataset : cdc_brfss_2021_rebuilt
2026-04-23 18:33:10,063 | INFO | Dataset path   : C:\Projects\uit\diabetes-xai-agreement\data\processed\cdc_brfss_2021_rebuilt.csv
2026-04-23 18:33:10,063 | INFO | Target column  : Diabetes_binary
2026-04-23 18:33:10,063 | INFO | Rows    : 10000
2026-04-23 18:33:10,063 | INFO | Columns : 22
2026-04-23 18:33:10,063 | INFO | Columns: ['Diabetes_binary', 'HighBP', 'HighChol', 'CholCheck', 'BMI', 'Smoker', 'Stroke', 'HeartDiseaseorAttack', 'PhysActivity', 'Fruits', 'Veggies', 'HvyAlcoholConsump', 'AnyHealthcare', 'NoDocbcCost', 'GenHlth', 'MentHlth', 'PhysHlth', 'DiffWalk', 'Sex', 'Age', 'Education', 'Income']
2026-04-23 18:33:10,064 | INFO | 
   Diabetes_binary  HighBP  HighChol  CholCheck  ...  Sex  Age  Education  Income
0                0       1         0          0  ...    2    1          5       6
1                0       1         0          1  ...    1    1          4       6
2                0       1         1          0  ...    2   11          4       6
3                0       1         0          0  ...    1   10          6       5
4                1       1         1          0  ...    1   10          4       6

[5 rows x 22 columns]
2026-04-23 18:33:10,091 | INFO | Target distribution:
2026-04-23 18:33:10,092 | INFO | Diabetes_binary
0    8384
1    1616
Name: count, dtype: int64
2026-04-23 18:33:10,092 | INFO | Target ratio:
2026-04-23 18:33:10,093 | INFO | Diabetes_binary
0    0.8384
1    0.1616
Name: proportion, dtype: float64
2026-04-23 18:33:10,094 | INFO | Missing values:
2026-04-23 18:33:10,094 | INFO | No missing values
2026-04-23 18:33:10,095 | INFO | STEP 01 COMPLETED
2026-04-23 18:33:11,276 | INFO | ============================================================
2026-04-23 18:33:11,276 | INFO | STEP 02 - DATA PREPROCESSING
2026-04-23 18:33:11,276 | INFO | ============================================================
2026-04-23 18:33:11,277 | INFO | Dataset shape: (10000, 22)
2026-04-23 18:33:11,277 | INFO | Number of selected features: 21
2026-04-23 18:33:11,277 | INFO | Categorical features (0): []
2026-04-23 18:33:11,277 | INFO | Numerical features (21): ['HighBP', 'HighChol', 'CholCheck', 'BMI', 'Smoker', 'Stroke', 'HeartDiseaseorAttack', 'PhysActivity', 'Fruits', 'Veggies', 'HvyAlcoholConsump', 'AnyHealthcare', 'NoDocbcCost', 'GenHlth', 'MentHlth', 'PhysHlth', 'DiffWalk', 'Sex', 'Age', 'Education', 'Income']
2026-04-23 18:33:11,284 | INFO | Train size: 8000
2026-04-23 18:33:11,284 | INFO | Test size : 2000
2026-04-23 18:33:11,284 | INFO | STEP 02 COMPLETED
2026-04-23 18:33:11,284 | INFO | ============================================================
2026-04-23 18:33:11,284 | INFO | STEP 03 - BASELINE MODELS
2026-04-23 18:33:11,284 | INFO | ============================================================
2026-04-23 18:33:11,284 | INFO | Training baseline model: logistic_regression
2026-04-23 18:33:11,303 | INFO | Training time for logistic_regression: 0.02s
2026-04-23 18:33:11,303 | INFO | Evaluating model: logistic_regression
2026-04-23 18:33:11,420 | INFO | Saved confusion matrix: C:\Projects\uit\diabetes-xai-agreement\outputs\cdc_brfss_2021_rebuilt\confusion_matrix\logistic_regression_confusion_matrix.png
2026-04-23 18:33:11,421 | INFO | Metrics for logistic_regression: {'model': 'logistic_regression', 'accuracy': 0.705, 'f1': 0.45269016697588127, 'roc_auc': 0.7853983321979578, 'sensitivity': np.float64(0.7554179566563467), 'specificity': np.float64(0.6952892069171139), 'training_time_s': 0.02}
2026-04-23 18:33:11,421 | INFO | Training baseline model: decision_tree
2026-04-23 18:33:11,462 | INFO | Training time for decision_tree: 0.04s
2026-04-23 18:33:11,462 | INFO | Evaluating model: decision_tree
2026-04-23 18:33:11,623 | INFO | Saved confusion matrix: C:\Projects\uit\diabetes-xai-agreement\outputs\cdc_brfss_2021_rebuilt\confusion_matrix\decision_tree_confusion_matrix.png
2026-04-23 18:33:11,623 | INFO | Metrics for decision_tree: {'model': 'decision_tree', 'accuracy': 0.774, 'f1': 0.31722054380664655, 'roc_auc': 0.5931589470361159, 'sensitivity': np.float64(0.32507739938080493), 'specificity': np.float64(0.8604651162790697), 'training_time_s': 0.04}
2026-04-23 18:33:11,623 | INFO | Training baseline model: random_forest
2026-04-23 18:33:13,112 | INFO | Training time for random_forest: 1.49s
2026-04-23 18:33:13,112 | INFO | Evaluating model: random_forest
2026-04-23 18:33:13,380 | INFO | Saved confusion matrix: C:\Projects\uit\diabetes-xai-agreement\outputs\cdc_brfss_2021_rebuilt\confusion_matrix\random_forest_confusion_matrix.png
2026-04-23 18:33:13,380 | INFO | Metrics for random_forest: {'model': 'random_forest', 'accuracy': 0.8355, 'f1': 0.2471395881006865, 'roc_auc': 0.7707759876382527, 'sensitivity': np.float64(0.16718266253869968), 'specificity': np.float64(0.964221824686941), 'training_time_s': 1.49}
2026-04-23 18:33:13,380 | INFO | Training baseline model: knn
2026-04-23 18:33:13,390 | INFO | Training time for knn: 0.01s
2026-04-23 18:33:13,390 | INFO | Evaluating model: knn
2026-04-23 18:33:14,999 | INFO | Saved confusion matrix: C:\Projects\uit\diabetes-xai-agreement\outputs\cdc_brfss_2021_rebuilt\confusion_matrix\knn_confusion_matrix.png
2026-04-23 18:33:14,999 | INFO | Metrics for knn: {'model': 'knn', 'accuracy': 0.8225, 'f1': 0.23655913978494625, 'roc_auc': 0.7028934537754468, 'sensitivity': np.float64(0.17027863777089783), 'specificity': np.float64(0.9481216457960644), 'training_time_s': 0.01}
2026-04-23 18:33:15,000 | INFO | STEP 03 COMPLETED
2026-04-23 18:33:15,000 | INFO | ============================================================
2026-04-23 18:33:15,000 | INFO | STEP 04 - PROPOSED MODELS
2026-04-23 18:33:15,000 | INFO | ============================================================
2026-04-23 18:33:15,000 | INFO | Training proposed model: ann
2026-04-23 18:33:19,474 | INFO | Training time for ann: 4.47s
2026-04-23 18:33:19,474 | INFO | Evaluating model: ann
2026-04-23 18:33:19,601 | INFO | Saved confusion matrix: C:\Projects\uit\diabetes-xai-agreement\outputs\cdc_brfss_2021_rebuilt\confusion_matrix\ann_confusion_matrix.png
2026-04-23 18:33:19,601 | INFO | Training proposed model: xgboost
2026-04-23 18:33:19,910 | INFO | Training time for xgboost: 0.31s
2026-04-23 18:33:19,910 | INFO | Evaluating model: xgboost
2026-04-23 18:33:20,081 | INFO | Saved confusion matrix: C:\Projects\uit\diabetes-xai-agreement\outputs\cdc_brfss_2021_rebuilt\confusion_matrix\xgboost_confusion_matrix.png
2026-04-23 18:33:20,081 | INFO | Selecting best model...
2026-04-23 18:33:20,081 | INFO | Best model selected: xgboost
2026-04-23 18:33:20,081 | INFO | ROC-AUC: 0.7829
2026-04-23 18:33:20,081 | INFO | STEP 04 COMPLETED
2026-04-23 18:33:20,081 | INFO | Using ACTIVE_MODEL for XAI: logistic_regression
2026-04-23 18:33:20,081 | INFO | XAI model: logistic_regression
2026-04-23 18:33:20,081 | INFO | ============================================================
2026-04-23 18:33:20,081 | INFO | STEP 05 - EXPLAINABILITY (SHAP + PERMUTATION FI)
2026-04-23 18:33:20,081 | INFO | ============================================================
2026-04-23 18:33:20,082 | INFO | Running SHAP analysis for: logistic_regression
2026-04-23 18:33:20,082 | INFO | Running LinearSHAP for model: logistic_regression
2026-04-23 18:33:20,086 | INFO | LinearSHAP computation time: 0.0s
2026-04-23 18:33:21,574 | INFO | Saved: C:\Projects\uit\diabetes-xai-agreement\outputs\cdc_brfss_2021_rebuilt\shap\logistic_regression_shap_feature_importance.csv
2026-04-23 18:33:21,574 | INFO | LinearSHAP analysis completed
2026-04-23 18:33:21,574 | INFO | SHAP analysis completed in 0.0s
2026-04-23 18:33:21,575 | INFO | Running Permutation Importance for: logistic_regression (scoring=roc_auc, n_repeats=10)
2026-04-23 18:33:28,348 | INFO | Permutation FI saved to: C:\Projects\uit\diabetes-xai-agreement\outputs\cdc_brfss_2021_rebuilt\fi\logistic_regression_feature_importance.csv (6.7694s)
2026-04-23 18:33:28,349 | INFO | Permutation FI completed in 6.7694s
2026-04-23 18:33:28,349 | INFO | STEP 05 COMPLETED
2026-04-23 18:33:28,349 | INFO | ============================================================
2026-04-23 18:33:28,349 | INFO | STEP 06 - RESULT VISUALIZATION
2026-04-23 18:33:28,349 | INFO | ============================================================
2026-04-23 18:33:28,627 | INFO | STEP 06 COMPLETED
2026-04-23 18:33:28,627 | INFO | ============================================================
2026-04-23 18:33:28,627 | INFO | STEP 07 - ERROR ANALYSIS + FAIRNESS (EQUALIZED ODDS)
2026-04-23 18:33:28,627 | INFO | ============================================================
2026-04-23 18:33:28,648 | INFO | Saved error analysis outputs to C:\Projects\uit\diabetes-xai-agreement\outputs\cdc_brfss_2021_rebuilt\analysis
2026-04-23 18:33:28,649 | INFO | Running Equalized Odds fairness analysis for: logistic_regression
2026-04-23 18:33:28,670 | INFO |   Saved: C:\Projects\uit\diabetes-xai-agreement\outputs\cdc_brfss_2021_rebuilt\analysis\logistic_regression_fairness_age_detail.csv
2026-04-23 18:33:28,670 | INFO |   Age: dTPR=1.000  dFPR=0.667  EO=1.000  [Nghiem trong]
2026-04-23 18:33:28,677 | INFO |   Saved: C:\Projects\uit\diabetes-xai-agreement\outputs\cdc_brfss_2021_rebuilt\analysis\logistic_regression_fairness_sex_detail.csv
2026-04-23 18:33:28,678 | INFO |   Sex: dTPR=0.035  dFPR=0.052  EO=0.052  [Chap nhan duoc]
2026-04-23 18:33:28,690 | INFO |   Saved: C:\Projects\uit\diabetes-xai-agreement\outputs\cdc_brfss_2021_rebuilt\analysis\logistic_regression_fairness_income_detail.csv
2026-04-23 18:33:28,691 | INFO |   Income: dTPR=0.628  dFPR=0.504  EO=0.628  [Nghiem trong]
2026-04-23 18:33:28,693 | INFO |   Saved summary: C:\Projects\uit\diabetes-xai-agreement\outputs\cdc_brfss_2021_rebuilt\analysis\logistic_regression_fairness_equalized_odds_summary.csv
2026-04-23 18:33:28,693 | INFO | Equalized Odds fairness analysis completed
2026-04-23 18:33:28,694 | INFO | Equalized Odds Summary:
2026-04-23 18:33:28,694 | INFO |   Age     : dTPR=1.000  dFPR=0.667  EO=1.000  [Nghiem trong]
2026-04-23 18:33:28,695 | INFO |   Sex     : dTPR=0.035  dFPR=0.052  EO=0.052  [Chap nhan duoc]
2026-04-23 18:33:28,695 | INFO |   Income  : dTPR=0.628  dFPR=0.504  EO=0.628  [Nghiem trong]
2026-04-23 18:33:28,695 | INFO | Saved error analysis outputs to C:\Projects\uit\diabetes-xai-agreement\outputs\cdc_brfss_2021_rebuilt\analysis
2026-04-23 18:33:28,695 | INFO | STEP 07 COMPLETED
2026-04-23 18:33:28,695 | INFO | ============================================================
2026-04-23 18:33:28,695 | INFO | STEP 08 - STATISTICAL TEST
2026-04-23 18:33:28,695 | INFO | ============================================================
2026-04-23 18:33:28,707 | INFO | Saved statistical test results to C:\Projects\uit\diabetes-xai-agreement\outputs\cdc_brfss_2021_rebuilt\analysis\statistical_test_results.csv
2026-04-23 18:33:28,708 | INFO | STEP 08 COMPLETED
2026-04-23 18:33:28,708 | INFO | ============================================================
2026-04-23 18:33:28,708 | INFO | STEP 09 - GENERATE RESULT TABLES
2026-04-23 18:33:28,708 | INFO | ============================================================
2026-04-23 18:33:28,710 | INFO | Saved comparison table to C:\Projects\uit\diabetes-xai-agreement\outputs\cdc_brfss_2021_rebuilt\tables\model_comparison_table.csv
2026-04-23 18:33:28,710 | INFO | STEP 09 COMPLETED
2026-04-23 18:33:28,710 | INFO | ============================================================
2026-04-23 18:33:28,711 | INFO | STEP 10 - REPRODUCIBILITY
2026-04-23 18:33:28,711 | INFO | ============================================================
2026-04-23 18:33:28,743 | INFO | Saved experiment summary to C:\Projects\uit\diabetes-xai-agreement\outputs\cdc_brfss_2021_rebuilt\reproducibility\experiment_summary.json
