2026-04-23 20:10:16,533 | INFO | Logging initialized. Log file: C:\Projects\uit\diabetes-xai-agreement\logs\pipeline_20260423201016.log
2026-04-23 20:10:16,533 | INFO | ==============================================================================
2026-04-23 20:10:16,533 | INFO | [BOOTSTRAP] DATASET=cdc_brfss_2021_rebuilt MODEL=xgboost
2026-04-23 20:10:16,533 | INFO | ==============================================================================
2026-04-23 20:10:16,533 | INFO | ============================================================
2026-04-23 20:10:16,533 | INFO | STEP 01 - LOAD AND INSPECT DATASET
2026-04-23 20:10:16,534 | INFO | ============================================================
2026-04-23 20:10:17,594 | INFO | Dataset rows after sampling: 437708
2026-04-23 20:10:17,594 | INFO | Dataset config: {'path': WindowsPath('C:/Projects/uit/diabetes-xai-agreement/data/processed/cdc_brfss_2021_rebuilt.csv'), 'target': 'Diabetes_binary', 'slug': 'cdc_brfss_2021_rebuilt', 'task': 'classification', 'include_columns': None}
2026-04-23 20:10:17,594 | INFO | Active dataset : cdc_brfss_2021_rebuilt
2026-04-23 20:10:17,594 | INFO | Dataset path   : C:\Projects\uit\diabetes-xai-agreement\data\processed\cdc_brfss_2021_rebuilt.csv
2026-04-23 20:10:17,594 | INFO | Target column  : Diabetes_binary
2026-04-23 20:10:17,594 | INFO | Rows    : 437708
2026-04-23 20:10:17,594 | INFO | Columns : 22
2026-04-23 20:10:17,594 | INFO | Columns: ['Diabetes_binary', 'HighBP', 'HighChol', 'CholCheck', 'BMI', 'Smoker', 'Stroke', 'HeartDiseaseorAttack', 'PhysActivity', 'Fruits', 'Veggies', 'HvyAlcoholConsump', 'AnyHealthcare', 'NoDocbcCost', 'GenHlth', 'MentHlth', 'PhysHlth', 'DiffWalk', 'Sex', 'Age', 'Education', 'Income']
2026-04-23 20:10:17,595 | INFO | 
   Diabetes_binary  HighBP  HighChol  CholCheck  ...  Sex  Age  Education  Income
0                0       1         1          0  ...    2   11          4       5
1                1       1         1          0  ...    2   10          6       6
2                1       1         0          0  ...    2   11          4       3
3                1       1         1          0  ...    2   10          4       6
4                1       1         1          0  ...    1   12          3       4

[5 rows x 22 columns]
2026-04-23 20:10:17,625 | INFO | Target distribution:
2026-04-23 20:10:17,629 | INFO | Diabetes_binary
0    370150
1     67558
Name: count, dtype: int64
2026-04-23 20:10:17,630 | INFO | Target ratio:
2026-04-23 20:10:17,633 | INFO | Diabetes_binary
0    0.845655
1    0.154345
Name: proportion, dtype: float64
2026-04-23 20:10:17,653 | INFO | Missing values:
2026-04-23 20:10:17,653 | INFO | No missing values
2026-04-23 20:10:17,653 | INFO | STEP 01 COMPLETED
2026-04-23 20:10:20,487 | INFO | ============================================================
2026-04-23 20:10:20,487 | INFO | STEP 02 - DATA PREPROCESSING
2026-04-23 20:10:20,487 | INFO | ============================================================
2026-04-23 20:10:20,488 | INFO | Dataset shape: (437708, 22)
2026-04-23 20:10:20,488 | INFO | Number of selected features: 21
2026-04-23 20:10:20,488 | INFO | Categorical features (0): []
2026-04-23 20:10:20,488 | INFO | Numerical features (21): ['HighBP', 'HighChol', 'CholCheck', 'BMI', 'Smoker', 'Stroke', 'HeartDiseaseorAttack', 'PhysActivity', 'Fruits', 'Veggies', 'HvyAlcoholConsump', 'AnyHealthcare', 'NoDocbcCost', 'GenHlth', 'MentHlth', 'PhysHlth', 'DiffWalk', 'Sex', 'Age', 'Education', 'Income']
2026-04-23 20:10:20,763 | INFO | Train size: 350166
2026-04-23 20:10:20,763 | INFO | Test size : 87542
2026-04-23 20:10:20,764 | INFO | STEP 02 COMPLETED
2026-04-23 20:10:20,764 | INFO | ============================================================
2026-04-23 20:10:20,764 | INFO | STEP 03 - BASELINE MODELS
2026-04-23 20:10:20,764 | INFO | ============================================================
2026-04-23 20:10:20,764 | INFO | Training baseline model: logistic_regression
2026-04-23 20:10:21,177 | INFO | Training time for logistic_regression: 0.41s
2026-04-23 20:10:21,177 | INFO | Evaluating model: logistic_regression
2026-04-23 20:10:21,409 | INFO | Saved confusion matrix: C:\Projects\uit\diabetes-xai-agreement\outputs\cdc_brfss_2021_rebuilt\confusion_matrix\logistic_regression_confusion_matrix.png
2026-04-23 20:10:21,410 | INFO | Metrics for logistic_regression: {'model': 'logistic_regression', 'accuracy': 0.7158963697425236, 'f1': 0.4476425255957537, 'roc_auc': 0.8031452203181675, 'sensitivity': np.float64(0.7458555358200119), 'specificity': np.float64(0.7104282047818452), 'training_time_s': 0.41}
2026-04-23 20:10:21,410 | INFO | Training baseline model: decision_tree
2026-04-23 20:10:23,889 | INFO | Training time for decision_tree: 2.48s
2026-04-23 20:10:23,890 | INFO | Evaluating model: decision_tree
2026-04-23 20:10:24,190 | INFO | Saved confusion matrix: C:\Projects\uit\diabetes-xai-agreement\outputs\cdc_brfss_2021_rebuilt\confusion_matrix\decision_tree_confusion_matrix.png
2026-04-23 20:10:24,190 | INFO | Metrics for decision_tree: {'model': 'decision_tree', 'accuracy': 0.7757190834113911, 'f1': 0.29748103621010447, 'roc_auc': 0.5836050616191235, 'sensitivity': np.float64(0.3076524570751924), 'specificity': np.float64(0.861150884776442), 'training_time_s': 2.48}
2026-04-23 20:10:24,190 | INFO | Training baseline model: random_forest
2026-04-23 20:12:01,187 | INFO | Training time for random_forest: 97.0s
2026-04-23 20:12:01,187 | INFO | Evaluating model: random_forest
2026-04-23 20:12:14,825 | INFO | Saved confusion matrix: C:\Projects\uit\diabetes-xai-agreement\outputs\cdc_brfss_2021_rebuilt\confusion_matrix\random_forest_confusion_matrix.png
2026-04-23 20:12:14,826 | INFO | Metrics for random_forest: {'model': 'random_forest', 'accuracy': 0.8295332526101757, 'f1': 0.25641536698390555, 'roc_auc': 0.7617088116030281, 'sensitivity': np.float64(0.1904233274126702), 'specificity': np.float64(0.9461839794677833), 'training_time_s': 97.0}
2026-04-23 20:12:14,826 | INFO | Training baseline model: knn
2026-04-23 20:12:15,054 | INFO | Training time for knn: 0.23s
2026-04-23 20:12:15,055 | INFO | Evaluating model: knn
2026-04-23 20:14:00,689 | INFO | Saved confusion matrix: C:\Projects\uit\diabetes-xai-agreement\outputs\cdc_brfss_2021_rebuilt\confusion_matrix\knn_confusion_matrix.png
2026-04-23 20:14:00,689 | INFO | Metrics for knn: {'model': 'knn', 'accuracy': 0.8290420598112905, 'f1': 0.27073384660364486, 'roc_auc': 0.7057252724340788, 'sensitivity': np.float64(0.205595026642984), 'specificity': np.float64(0.9428339862218019), 'training_time_s': 0.23}
2026-04-23 20:14:00,689 | INFO | STEP 03 COMPLETED
2026-04-23 20:14:00,689 | INFO | ============================================================
2026-04-23 20:14:00,689 | INFO | STEP 04 - PROPOSED MODELS
2026-04-23 20:14:00,689 | INFO | ============================================================
2026-04-23 20:14:00,689 | INFO | Training proposed model: ann
2026-04-23 20:15:18,140 | INFO | Training time for ann: 77.45s
2026-04-23 20:15:18,141 | INFO | Evaluating model: ann
2026-04-23 20:15:18,415 | INFO | Saved confusion matrix: C:\Projects\uit\diabetes-xai-agreement\outputs\cdc_brfss_2021_rebuilt\confusion_matrix\ann_confusion_matrix.png
2026-04-23 20:15:18,415 | INFO | Training proposed model: xgboost
2026-04-23 20:15:22,829 | INFO | Training time for xgboost: 4.41s
2026-04-23 20:15:22,829 | INFO | Evaluating model: xgboost
2026-04-23 20:15:23,386 | INFO | Saved confusion matrix: C:\Projects\uit\diabetes-xai-agreement\outputs\cdc_brfss_2021_rebuilt\confusion_matrix\xgboost_confusion_matrix.png
2026-04-23 20:15:23,386 | INFO | Selecting best model...
2026-04-23 20:15:23,386 | INFO | Best model selected: xgboost
2026-04-23 20:15:23,387 | INFO | ROC-AUC: 0.8120
2026-04-23 20:15:23,387 | INFO | STEP 04 COMPLETED
2026-04-23 20:15:23,387 | INFO | Using ACTIVE_MODEL for XAI: xgboost
2026-04-23 20:15:23,387 | INFO | XAI model: xgboost
2026-04-23 20:15:23,387 | INFO | ============================================================
2026-04-23 20:15:23,387 | INFO | STEP 05 - EXPLAINABILITY (SHAP + PERMUTATION FI)
2026-04-23 20:15:23,387 | INFO | ============================================================
2026-04-23 20:15:23,387 | INFO | Running SHAP analysis for: xgboost
2026-04-23 20:15:23,387 | INFO | Running SHAP analysis for model: xgboost
2026-04-23 20:15:23,520 | INFO | TreeExplainer: OK
2026-04-23 20:15:23,659 | INFO | SHAP computation time: 0.25s
2026-04-23 20:15:24,391 | INFO | Saved: C:\Projects\uit\diabetes-xai-agreement\outputs\cdc_brfss_2021_rebuilt\shap\xgboost_shap_summary.png
2026-04-23 20:15:24,671 | INFO | Saved: C:\Projects\uit\diabetes-xai-agreement\outputs\cdc_brfss_2021_rebuilt\shap\xgboost_shap_bar.png
2026-04-23 20:15:24,676 | INFO | Saved: C:\Projects\uit\diabetes-xai-agreement\outputs\cdc_brfss_2021_rebuilt\shap\xgboost_shap_feature_importance.csv
2026-04-23 20:15:24,676 | INFO | SHAP analysis completed
2026-04-23 20:15:24,677 | INFO | SHAP analysis completed in 0.25s
2026-04-23 20:15:24,678 | INFO | Running Permutation Importance for: xgboost (scoring=roc_auc, n_repeats=10)
2026-04-23 20:16:11,646 | INFO | Permutation FI saved to: C:\Projects\uit\diabetes-xai-agreement\outputs\cdc_brfss_2021_rebuilt\fi\xgboost_feature_importance.csv (46.9657s)
2026-04-23 20:16:11,647 | INFO | Permutation FI completed in 46.9657s
2026-04-23 20:16:11,647 | INFO | STEP 05 COMPLETED
2026-04-23 20:16:11,647 | INFO | ============================================================
2026-04-23 20:16:11,647 | INFO | STEP 06 - RESULT VISUALIZATION
2026-04-23 20:16:11,647 | INFO | ============================================================
2026-04-23 20:16:11,880 | INFO | STEP 06 COMPLETED
2026-04-23 20:16:11,880 | INFO | ============================================================
2026-04-23 20:16:11,880 | INFO | STEP 07 - ERROR ANALYSIS + FAIRNESS (EQUALIZED ODDS)
2026-04-23 20:16:11,880 | INFO | ============================================================
2026-04-23 20:16:12,307 | INFO | Saved error analysis outputs to C:\Projects\uit\diabetes-xai-agreement\outputs\cdc_brfss_2021_rebuilt\analysis
2026-04-23 20:16:12,308 | INFO | Running Equalized Odds fairness analysis for: xgboost
2026-04-23 20:16:12,559 | INFO |   Saved: C:\Projects\uit\diabetes-xai-agreement\outputs\cdc_brfss_2021_rebuilt\analysis\xgboost_fairness_age_detail.csv
2026-04-23 20:16:12,560 | INFO |   Age: dTPR=0.209  dFPR=0.056  EO=0.209  [Nghiem trong]
2026-04-23 20:16:12,588 | INFO |   Saved: C:\Projects\uit\diabetes-xai-agreement\outputs\cdc_brfss_2021_rebuilt\analysis\xgboost_fairness_sex_detail.csv
2026-04-23 20:16:12,588 | INFO |   Sex: dTPR=0.023  dFPR=0.004  EO=0.023  [Tot]
2026-04-23 20:16:12,612 | INFO |   Saved: C:\Projects\uit\diabetes-xai-agreement\outputs\cdc_brfss_2021_rebuilt\analysis\xgboost_fairness_income_detail.csv
2026-04-23 20:16:12,612 | INFO |   Income: dTPR=0.303  dFPR=0.102  EO=0.303  [Nghiem trong]
2026-04-23 20:16:12,615 | INFO |   Saved summary: C:\Projects\uit\diabetes-xai-agreement\outputs\cdc_brfss_2021_rebuilt\analysis\xgboost_fairness_equalized_odds_summary.csv
2026-04-23 20:16:12,615 | INFO | Equalized Odds fairness analysis completed
2026-04-23 20:16:12,617 | INFO | Equalized Odds Summary:
2026-04-23 20:16:12,617 | INFO |   Age     : dTPR=0.209  dFPR=0.056  EO=0.209  [Nghiem trong]
2026-04-23 20:16:12,618 | INFO |   Sex     : dTPR=0.023  dFPR=0.004  EO=0.023  [Tot]
2026-04-23 20:16:12,618 | INFO |   Income  : dTPR=0.303  dFPR=0.102  EO=0.303  [Nghiem trong]
2026-04-23 20:16:12,618 | INFO | Saved error analysis outputs to C:\Projects\uit\diabetes-xai-agreement\outputs\cdc_brfss_2021_rebuilt\analysis
2026-04-23 20:16:12,618 | INFO | STEP 07 COMPLETED
2026-04-23 20:16:12,618 | INFO | ============================================================
2026-04-23 20:16:12,618 | INFO | STEP 08 - STATISTICAL TEST
2026-04-23 20:16:12,618 | INFO | ============================================================
2026-04-23 20:16:12,628 | INFO | Saved statistical test results to C:\Projects\uit\diabetes-xai-agreement\outputs\cdc_brfss_2021_rebuilt\analysis\statistical_test_results.csv
2026-04-23 20:16:12,628 | INFO | STEP 08 COMPLETED
2026-04-23 20:16:12,628 | INFO | ============================================================
2026-04-23 20:16:12,628 | INFO | STEP 09 - GENERATE RESULT TABLES
2026-04-23 20:16:12,628 | INFO | ============================================================
2026-04-23 20:16:12,631 | INFO | Saved comparison table to C:\Projects\uit\diabetes-xai-agreement\outputs\cdc_brfss_2021_rebuilt\tables\model_comparison_table.csv
2026-04-23 20:16:12,631 | INFO | STEP 09 COMPLETED
2026-04-23 20:16:12,631 | INFO | ============================================================
2026-04-23 20:16:12,631 | INFO | STEP 10 - REPRODUCIBILITY
2026-04-23 20:16:12,631 | INFO | ============================================================
2026-04-23 20:16:12,658 | INFO | Saved experiment summary to C:\Projects\uit\diabetes-xai-agreement\outputs\cdc_brfss_2021_rebuilt\reproducibility\experiment_summary.json
