2026-04-23 21:20:48,161 | INFO | Logging initialized. Log file: C:\Projects\uit\diabetes-xai-agreement\logs\pipeline_20260423212048.log
2026-04-23 21:20:48,161 | INFO | ==============================================================================
2026-04-23 21:20:48,161 | INFO | [BOOTSTRAP] DATASET=cdc_brfss_2023_rebuilt MODEL=random_forest
2026-04-23 21:20:48,161 | INFO | ==============================================================================
2026-04-23 21:20:48,161 | INFO | ============================================================
2026-04-23 21:20:48,161 | INFO | STEP 01 - LOAD AND INSPECT DATASET
2026-04-23 21:20:48,162 | INFO | ============================================================
2026-04-23 21:20:49,134 | INFO | Dataset rows after sampling: 432339
2026-04-23 21:20:49,134 | INFO | Dataset config: {'path': WindowsPath('C:/Projects/uit/diabetes-xai-agreement/data/processed/cdc_brfss_2023_rebuilt.csv'), 'target': 'Diabetes_binary', 'slug': 'cdc_brfss_2023_rebuilt', 'task': 'classification', 'include_columns': None}
2026-04-23 21:20:49,134 | INFO | Active dataset : cdc_brfss_2023_rebuilt
2026-04-23 21:20:49,134 | INFO | Dataset path   : C:\Projects\uit\diabetes-xai-agreement\data\processed\cdc_brfss_2023_rebuilt.csv
2026-04-23 21:20:49,134 | INFO | Target column  : Diabetes_binary
2026-04-23 21:20:49,134 | INFO | Rows    : 432339
2026-04-23 21:20:49,135 | INFO | Columns : 22
2026-04-23 21:20:49,135 | INFO | Columns: ['Diabetes_binary', 'HighBP', 'HighChol', 'CholCheck', 'BMI', 'Smoker', 'Stroke', 'HeartDiseaseorAttack', 'PhysActivity', 'Fruits', 'Veggies', 'HvyAlcoholConsump', 'AnyHealthcare', 'NoDocbcCost', 'GenHlth', 'MentHlth', 'PhysHlth', 'DiffWalk', 'Sex', 'Age', 'Education', 'Income']
2026-04-23 21:20:49,135 | INFO | 
   Diabetes_binary  HighBP  HighChol  CholCheck  ...  Sex  Age  Education  Income
0                1       1         0          0  ...    2   13          5       6
1                0       1         1          0  ...    2   13          5       6
2                0       1         1          0  ...    2   13          4       2
3                0       1         0          0  ...    2   12          5       6
4                1       1         0          0  ...    2   12          5       6

[5 rows x 22 columns]
2026-04-23 21:20:49,159 | INFO | Target distribution:
2026-04-23 21:20:49,162 | INFO | Diabetes_binary
0    361959
1     70380
Name: count, dtype: int64
2026-04-23 21:20:49,163 | INFO | Target ratio:
2026-04-23 21:20:49,166 | INFO | Diabetes_binary
0    0.837211
1    0.162789
Name: proportion, dtype: float64
2026-04-23 21:20:49,182 | INFO | Missing values:
2026-04-23 21:20:49,183 | INFO | No missing values
2026-04-23 21:20:49,183 | INFO | STEP 01 COMPLETED
2026-04-23 21:20:51,728 | INFO | ============================================================
2026-04-23 21:20:51,728 | INFO | STEP 02 - DATA PREPROCESSING
2026-04-23 21:20:51,728 | INFO | ============================================================
2026-04-23 21:20:51,729 | INFO | Dataset shape: (432339, 22)
2026-04-23 21:20:51,729 | INFO | Number of selected features: 21
2026-04-23 21:20:51,729 | INFO | Categorical features (0): []
2026-04-23 21:20:51,729 | INFO | Numerical features (21): ['HighBP', 'HighChol', 'CholCheck', 'BMI', 'Smoker', 'Stroke', 'HeartDiseaseorAttack', 'PhysActivity', 'Fruits', 'Veggies', 'HvyAlcoholConsump', 'AnyHealthcare', 'NoDocbcCost', 'GenHlth', 'MentHlth', 'PhysHlth', 'DiffWalk', 'Sex', 'Age', 'Education', 'Income']
2026-04-23 21:20:51,942 | INFO | Train size: 345871
2026-04-23 21:20:51,942 | INFO | Test size : 86468
2026-04-23 21:20:51,942 | INFO | STEP 02 COMPLETED
2026-04-23 21:20:51,942 | INFO | ============================================================
2026-04-23 21:20:51,942 | INFO | STEP 03 - BASELINE MODELS
2026-04-23 21:20:51,943 | INFO | ============================================================
2026-04-23 21:20:51,943 | INFO | Training baseline model: logistic_regression
2026-04-23 21:20:52,344 | INFO | Training time for logistic_regression: 0.4s
2026-04-23 21:20:52,344 | INFO | Evaluating model: logistic_regression
2026-04-23 21:20:52,536 | INFO | Saved confusion matrix: C:\Projects\uit\diabetes-xai-agreement\outputs\cdc_brfss_2023_rebuilt\confusion_matrix\logistic_regression_confusion_matrix.png
2026-04-23 21:20:52,536 | INFO | Metrics for logistic_regression: {'model': 'logistic_regression', 'accuracy': 0.7128764398390156, 'f1': 0.4581268961302573, 'roc_auc': 0.8005308251409844, 'sensitivity': np.float64(0.7455953395851094), 'specificity': np.float64(0.7065145319924854), 'training_time_s': 0.4}
2026-04-23 21:20:52,537 | INFO | Training baseline model: decision_tree
2026-04-23 21:20:54,494 | INFO | Training time for decision_tree: 1.96s
2026-04-23 21:20:54,494 | INFO | Evaluating model: decision_tree
2026-04-23 21:20:54,748 | INFO | Saved confusion matrix: C:\Projects\uit\diabetes-xai-agreement\outputs\cdc_brfss_2023_rebuilt\confusion_matrix\decision_tree_confusion_matrix.png
2026-04-23 21:20:54,748 | INFO | Metrics for decision_tree: {'model': 'decision_tree', 'accuracy': 0.7630105935143637, 'f1': 0.30123439950896813, 'roc_auc': 0.5822336702073655, 'sensitivity': np.float64(0.31379653310599603), 'specificity': np.float64(0.850356392971599), 'training_time_s': 1.96}
2026-04-23 21:20:54,748 | INFO | Training baseline model: random_forest
2026-04-23 21:22:05,465 | INFO | Training time for random_forest: 70.72s
2026-04-23 21:22:05,465 | INFO | Evaluating model: random_forest
2026-04-23 21:22:16,662 | INFO | Saved confusion matrix: C:\Projects\uit\diabetes-xai-agreement\outputs\cdc_brfss_2023_rebuilt\confusion_matrix\random_forest_confusion_matrix.png
2026-04-23 21:22:16,662 | INFO | Metrics for random_forest: {'model': 'random_forest', 'accuracy': 0.8151570523199334, 'f1': 0.27819175360158965, 'roc_auc': 0.7504695248213045, 'sensitivity': np.float64(0.21881216254617789), 'specificity': np.float64(0.9311111725052492), 'training_time_s': 70.72}
2026-04-23 21:22:16,662 | INFO | Training baseline model: knn
2026-04-23 21:22:16,840 | INFO | Training time for knn: 0.18s
2026-04-23 21:22:16,840 | INFO | Evaluating model: knn
2026-04-23 21:23:26,304 | INFO | Saved confusion matrix: C:\Projects\uit\diabetes-xai-agreement\outputs\cdc_brfss_2023_rebuilt\confusion_matrix\knn_confusion_matrix.png
2026-04-23 21:23:26,304 | INFO | Metrics for knn: {'model': 'knn', 'accuracy': 0.8232872276449091, 'f1': 0.2904244450636203, 'roc_auc': 0.7079070032528845, 'sensitivity': np.float64(0.22215117931230463), 'specificity': np.float64(0.9401729472869931), 'training_time_s': 0.18}
2026-04-23 21:23:26,304 | INFO | STEP 03 COMPLETED
2026-04-23 21:23:26,304 | INFO | ============================================================
2026-04-23 21:23:26,304 | INFO | STEP 04 - PROPOSED MODELS
2026-04-23 21:23:26,304 | INFO | ============================================================
2026-04-23 21:23:26,305 | INFO | Training proposed model: ann
2026-04-23 21:24:46,044 | INFO | Training time for ann: 79.74s
2026-04-23 21:24:46,044 | INFO | Evaluating model: ann
2026-04-23 21:24:46,329 | INFO | Saved confusion matrix: C:\Projects\uit\diabetes-xai-agreement\outputs\cdc_brfss_2023_rebuilt\confusion_matrix\ann_confusion_matrix.png
2026-04-23 21:24:46,329 | INFO | Training proposed model: xgboost
2026-04-23 21:24:50,842 | INFO | Training time for xgboost: 4.51s
2026-04-23 21:24:50,842 | INFO | Evaluating model: xgboost
2026-04-23 21:24:51,387 | INFO | Saved confusion matrix: C:\Projects\uit\diabetes-xai-agreement\outputs\cdc_brfss_2023_rebuilt\confusion_matrix\xgboost_confusion_matrix.png
2026-04-23 21:24:51,387 | INFO | Selecting best model...
2026-04-23 21:24:51,387 | INFO | Best model selected: xgboost
2026-04-23 21:24:51,387 | INFO | ROC-AUC: 0.8082
2026-04-23 21:24:51,387 | INFO | STEP 04 COMPLETED
2026-04-23 21:24:51,387 | INFO | Using ACTIVE_MODEL for XAI: random_forest
2026-04-23 21:24:51,387 | INFO | XAI model: random_forest
2026-04-23 21:24:51,387 | INFO | ============================================================
2026-04-23 21:24:51,387 | INFO | STEP 05 - EXPLAINABILITY (SHAP + PERMUTATION FI)
2026-04-23 21:24:51,387 | INFO | ============================================================
2026-04-23 21:24:51,388 | INFO | Running SHAP analysis for: random_forest
2026-04-23 21:24:51,388 | INFO | Running SHAP analysis for model: random_forest
2026-04-23 21:24:54,035 | INFO | TreeExplainer: OK
2026-04-23 22:08:17,819 | INFO | SHAP computation time: 2606.41s
2026-04-23 22:08:18,428 | INFO | Saved: C:\Projects\uit\diabetes-xai-agreement\outputs\cdc_brfss_2023_rebuilt\shap\random_forest_shap_summary.png
2026-04-23 22:08:18,708 | INFO | Saved: C:\Projects\uit\diabetes-xai-agreement\outputs\cdc_brfss_2023_rebuilt\shap\random_forest_shap_bar.png
2026-04-23 22:08:18,712 | INFO | Saved: C:\Projects\uit\diabetes-xai-agreement\outputs\cdc_brfss_2023_rebuilt\shap\random_forest_shap_feature_importance.csv
2026-04-23 22:08:18,712 | INFO | SHAP analysis completed
2026-04-23 22:08:18,831 | INFO | SHAP analysis completed in 2606.41s
2026-04-23 22:08:18,832 | INFO | Running Permutation Importance for: random_forest (scoring=roc_auc, n_repeats=10)
2026-04-23 22:08:48,365 | WARNING | Permutation FI failed: Could not pickle the task to send it to the workers.
2026-04-23 22:08:48,366 | INFO | STEP 05 COMPLETED
2026-04-23 22:08:48,366 | INFO | ============================================================
2026-04-23 22:08:48,366 | INFO | STEP 06 - RESULT VISUALIZATION
2026-04-23 22:08:48,366 | INFO | ============================================================
2026-04-23 22:08:48,514 | INFO | STEP 06 COMPLETED
2026-04-23 22:08:48,514 | INFO | ============================================================
2026-04-23 22:08:48,514 | INFO | STEP 07 - ERROR ANALYSIS + FAIRNESS (EQUALIZED ODDS)
2026-04-23 22:08:48,514 | INFO | ============================================================
2026-04-23 22:08:54,131 | INFO | Saved error analysis outputs to C:\Projects\uit\diabetes-xai-agreement\outputs\cdc_brfss_2023_rebuilt\analysis
2026-04-23 22:08:54,133 | INFO | Running Equalized Odds fairness analysis for: random_forest
2026-04-23 22:08:59,687 | INFO |   Saved: C:\Projects\uit\diabetes-xai-agreement\outputs\cdc_brfss_2023_rebuilt\analysis\random_forest_fairness_age_detail.csv
2026-04-23 22:08:59,687 | INFO |   Age: dTPR=0.270  dFPR=0.120  EO=0.270  [Nghiem trong]
2026-04-23 22:08:59,702 | INFO |   Saved: C:\Projects\uit\diabetes-xai-agreement\outputs\cdc_brfss_2023_rebuilt\analysis\random_forest_fairness_sex_detail.csv
2026-04-23 22:08:59,702 | INFO |   Sex: dTPR=0.016  dFPR=0.009  EO=0.016  [Tot]
2026-04-23 22:08:59,727 | INFO |   Saved: C:\Projects\uit\diabetes-xai-agreement\outputs\cdc_brfss_2023_rebuilt\analysis\random_forest_fairness_income_detail.csv
2026-04-23 22:08:59,727 | INFO |   Income: dTPR=0.234  dFPR=0.088  EO=0.234  [Nghiem trong]
2026-04-23 22:08:59,730 | INFO |   Saved summary: C:\Projects\uit\diabetes-xai-agreement\outputs\cdc_brfss_2023_rebuilt\analysis\random_forest_fairness_equalized_odds_summary.csv
2026-04-23 22:08:59,730 | INFO | Equalized Odds fairness analysis completed
2026-04-23 22:08:59,732 | INFO | Equalized Odds Summary:
2026-04-23 22:08:59,734 | INFO |   Age     : dTPR=0.270  dFPR=0.120  EO=0.270  [Nghiem trong]
2026-04-23 22:08:59,734 | INFO |   Sex     : dTPR=0.016  dFPR=0.009  EO=0.016  [Tot]
2026-04-23 22:08:59,734 | INFO |   Income  : dTPR=0.234  dFPR=0.088  EO=0.234  [Nghiem trong]
2026-04-23 22:08:59,734 | INFO | Saved error analysis outputs to C:\Projects\uit\diabetes-xai-agreement\outputs\cdc_brfss_2023_rebuilt\analysis
2026-04-23 22:08:59,734 | INFO | STEP 07 COMPLETED
2026-04-23 22:08:59,735 | INFO | ============================================================
2026-04-23 22:08:59,735 | INFO | STEP 08 - STATISTICAL TEST
2026-04-23 22:08:59,735 | INFO | ============================================================
2026-04-23 22:08:59,747 | INFO | Saved statistical test results to C:\Projects\uit\diabetes-xai-agreement\outputs\cdc_brfss_2023_rebuilt\analysis\statistical_test_results.csv
2026-04-23 22:08:59,747 | INFO | STEP 08 COMPLETED
2026-04-23 22:08:59,747 | INFO | ============================================================
2026-04-23 22:08:59,747 | INFO | STEP 09 - GENERATE RESULT TABLES
2026-04-23 22:08:59,747 | INFO | ============================================================
2026-04-23 22:08:59,750 | INFO | Saved comparison table to C:\Projects\uit\diabetes-xai-agreement\outputs\cdc_brfss_2023_rebuilt\tables\model_comparison_table.csv
2026-04-23 22:08:59,750 | INFO | STEP 09 COMPLETED
2026-04-23 22:08:59,751 | INFO | ============================================================
2026-04-23 22:08:59,751 | INFO | STEP 10 - REPRODUCIBILITY
2026-04-23 22:08:59,751 | INFO | ============================================================
2026-04-23 22:08:59,775 | INFO | Saved experiment summary to C:\Projects\uit\diabetes-xai-agreement\outputs\cdc_brfss_2023_rebuilt\reproducibility\experiment_summary.json
