2026-04-23 17:49:22,574 | INFO | Logging initialized. Log file: C:\Projects\uit\diabetes-xai-agreement\logs\pipeline_20260423174922.log
2026-04-23 17:49:22,574 | INFO | ==============================================================================
2026-04-23 17:49:22,574 | INFO | [BOOTSTRAP] DATASET=cdc_brfss_2015_rebuilt MODEL=logistic_regression
2026-04-23 17:49:22,574 | INFO | ==============================================================================
2026-04-23 17:49:22,574 | INFO | ============================================================
2026-04-23 17:49:22,574 | INFO | STEP 01 - LOAD AND INSPECT DATASET
2026-04-23 17:49:22,575 | INFO | ============================================================
2026-04-23 17:49:23,579 | INFO | DEBUG MODE: sampling 1000 rows from 440658
2026-04-23 17:49:23,595 | INFO | Dataset rows after sampling: 1000
2026-04-23 17:49:23,595 | INFO | Dataset config: {'path': WindowsPath('C:/Projects/uit/diabetes-xai-agreement/data/processed/cdc_brfss_2015_rebuilt.csv'), 'target': 'Diabetes_binary', 'slug': 'cdc_brfss_2015_rebuilt', 'task': 'classification', 'include_columns': None}
2026-04-23 17:49:23,595 | INFO | Active dataset : cdc_brfss_2015_rebuilt
2026-04-23 17:49:23,595 | INFO | Dataset path   : C:\Projects\uit\diabetes-xai-agreement\data\processed\cdc_brfss_2015_rebuilt.csv
2026-04-23 17:49:23,595 | INFO | Target column  : Diabetes_binary
2026-04-23 17:49:23,595 | INFO | Rows    : 1000
2026-04-23 17:49:23,595 | INFO | Columns : 22
2026-04-23 17:49:23,595 | INFO | Columns: ['Diabetes_binary', 'HighBP', 'HighChol', 'CholCheck', 'BMI', 'Smoker', 'Stroke', 'HeartDiseaseorAttack', 'PhysActivity', 'Fruits', 'Veggies', 'HvyAlcoholConsump', 'AnyHealthcare', 'NoDocbcCost', 'GenHlth', 'MentHlth', 'PhysHlth', 'DiffWalk', 'Sex', 'Age', 'Education', 'Income']
2026-04-23 17:49:23,596 | INFO | 
   Diabetes_binary  HighBP  HighChol  CholCheck  ...  Sex  Age  Education  Income
0                0       1         1          1  ...    2   10          5       6
1                0       1         0          1  ...    2    6          6       6
2                0       1         1          1  ...    2   10          5       6
3                0       1         1          1  ...    2   11          5       5
4                0       1         1          1  ...    1   10          5       6

[5 rows x 22 columns]
2026-04-23 17:49:23,620 | INFO | Target distribution:
2026-04-23 17:49:23,621 | INFO | Diabetes_binary
0    876
1    124
Name: count, dtype: int64
2026-04-23 17:49:23,621 | INFO | Target ratio:
2026-04-23 17:49:23,622 | INFO | Diabetes_binary
0    0.876
1    0.124
Name: proportion, dtype: float64
2026-04-23 17:49:23,623 | INFO | Missing values:
2026-04-23 17:49:23,624 | INFO | No missing values
2026-04-23 17:49:23,624 | INFO | STEP 01 COMPLETED
2026-04-23 17:49:24,725 | INFO | ============================================================
2026-04-23 17:49:24,725 | INFO | STEP 02 - DATA PREPROCESSING
2026-04-23 17:49:24,725 | INFO | ============================================================
2026-04-23 17:49:24,726 | INFO | Dataset shape: (1000, 22)
2026-04-23 17:49:24,726 | INFO | Number of selected features: 21
2026-04-23 17:49:24,726 | INFO | Categorical features (0): []
2026-04-23 17:49:24,727 | INFO | Numerical features (21): ['HighBP', 'HighChol', 'CholCheck', 'BMI', 'Smoker', 'Stroke', 'HeartDiseaseorAttack', 'PhysActivity', 'Fruits', 'Veggies', 'HvyAlcoholConsump', 'AnyHealthcare', 'NoDocbcCost', 'GenHlth', 'MentHlth', 'PhysHlth', 'DiffWalk', 'Sex', 'Age', 'Education', 'Income']
2026-04-23 17:49:24,729 | INFO | Train size: 800
2026-04-23 17:49:24,729 | INFO | Test size : 200
2026-04-23 17:49:24,729 | INFO | STEP 02 COMPLETED
2026-04-23 17:49:24,729 | INFO | ============================================================
2026-04-23 17:49:24,729 | INFO | STEP 03 - BASELINE MODELS
2026-04-23 17:49:24,729 | INFO | ============================================================
2026-04-23 17:49:24,729 | INFO | Training baseline model: logistic_regression
2026-04-23 17:49:24,740 | INFO | Training time for logistic_regression: 0.01s
2026-04-23 17:49:24,740 | INFO | Evaluating model: logistic_regression
2026-04-23 17:49:24,854 | INFO | Saved confusion matrix: C:\Projects\uit\diabetes-xai-agreement\outputs\cdc_brfss_2015_rebuilt\confusion_matrix\logistic_regression_confusion_matrix.png
2026-04-23 17:49:24,854 | INFO | Metrics for logistic_regression: {'model': 'logistic_regression', 'accuracy': 0.715, 'f1': 0.4, 'roc_auc': 0.7531428571428571, 'sensitivity': np.float64(0.76), 'specificity': np.float64(0.7085714285714285), 'training_time_s': 0.01}
2026-04-23 17:49:24,854 | INFO | Training baseline model: decision_tree
2026-04-23 17:49:24,861 | INFO | Training time for decision_tree: 0.01s
2026-04-23 17:49:24,861 | INFO | Evaluating model: decision_tree
2026-04-23 17:49:24,988 | INFO | Saved confusion matrix: C:\Projects\uit\diabetes-xai-agreement\outputs\cdc_brfss_2015_rebuilt\confusion_matrix\decision_tree_confusion_matrix.png
2026-04-23 17:49:24,988 | INFO | Metrics for decision_tree: {'model': 'decision_tree', 'accuracy': 0.81, 'f1': 0.20833333333333334, 'roc_auc': 0.5485714285714285, 'sensitivity': np.float64(0.2), 'specificity': np.float64(0.8971428571428571), 'training_time_s': 0.01}
2026-04-23 17:49:24,988 | INFO | Training baseline model: random_forest
2026-04-23 17:49:25,269 | INFO | Training time for random_forest: 0.28s
2026-04-23 17:49:25,269 | INFO | Evaluating model: random_forest
2026-04-23 17:49:25,422 | INFO | Saved confusion matrix: C:\Projects\uit\diabetes-xai-agreement\outputs\cdc_brfss_2015_rebuilt\confusion_matrix\random_forest_confusion_matrix.png
2026-04-23 17:49:25,423 | INFO | Metrics for random_forest: {'model': 'random_forest', 'accuracy': 0.865, 'f1': 0.06896551724137931, 'roc_auc': 0.7, 'sensitivity': np.float64(0.04), 'specificity': np.float64(0.9828571428571429), 'training_time_s': 0.28}
2026-04-23 17:49:25,423 | INFO | Training baseline model: knn
2026-04-23 17:49:25,427 | INFO | Training time for knn: 0.0s
2026-04-23 17:49:25,427 | INFO | Evaluating model: knn
2026-04-23 17:49:27,005 | INFO | Saved confusion matrix: C:\Projects\uit\diabetes-xai-agreement\outputs\cdc_brfss_2015_rebuilt\confusion_matrix\knn_confusion_matrix.png
2026-04-23 17:49:27,006 | INFO | Metrics for knn: {'model': 'knn', 'accuracy': 0.845, 'f1': 0.24390243902439024, 'roc_auc': 0.6085714285714285, 'sensitivity': np.float64(0.2), 'specificity': np.float64(0.9371428571428572), 'training_time_s': 0.0}
2026-04-23 17:49:27,006 | INFO | STEP 03 COMPLETED
2026-04-23 17:49:27,006 | INFO | ============================================================
2026-04-23 17:49:27,006 | INFO | STEP 04 - PROPOSED MODELS
2026-04-23 17:49:27,006 | INFO | ============================================================
2026-04-23 17:49:27,006 | INFO | Training proposed model: ann
2026-04-23 17:49:27,434 | INFO | Training time for ann: 0.43s
2026-04-23 17:49:27,434 | INFO | Evaluating model: ann
2026-04-23 17:49:27,551 | INFO | Saved confusion matrix: C:\Projects\uit\diabetes-xai-agreement\outputs\cdc_brfss_2015_rebuilt\confusion_matrix\ann_confusion_matrix.png
2026-04-23 17:49:27,552 | INFO | Training proposed model: xgboost
2026-04-23 17:49:27,703 | INFO | Training time for xgboost: 0.15s
2026-04-23 17:49:27,703 | INFO | Evaluating model: xgboost
2026-04-23 17:49:27,874 | INFO | Saved confusion matrix: C:\Projects\uit\diabetes-xai-agreement\outputs\cdc_brfss_2015_rebuilt\confusion_matrix\xgboost_confusion_matrix.png
2026-04-23 17:49:27,874 | INFO | Selecting best model...
2026-04-23 17:49:27,874 | INFO | Best model selected: xgboost
2026-04-23 17:49:27,874 | INFO | ROC-AUC: 0.6880
2026-04-23 17:49:27,874 | INFO | STEP 04 COMPLETED
2026-04-23 17:49:27,874 | INFO | Using ACTIVE_MODEL for XAI: logistic_regression
2026-04-23 17:49:27,874 | INFO | XAI model: logistic_regression
2026-04-23 17:49:27,874 | INFO | ============================================================
2026-04-23 17:49:27,874 | INFO | STEP 05 - EXPLAINABILITY (SHAP + PERMUTATION FI)
2026-04-23 17:49:27,874 | INFO | ============================================================
2026-04-23 17:49:27,875 | INFO | Running SHAP analysis for: logistic_regression
2026-04-23 17:49:27,875 | INFO | Running LinearSHAP for model: logistic_regression
2026-04-23 17:49:27,878 | INFO | LinearSHAP computation time: 0.0s
2026-04-23 17:49:28,813 | INFO | Saved: C:\Projects\uit\diabetes-xai-agreement\outputs\cdc_brfss_2015_rebuilt\shap\logistic_regression_shap_feature_importance.csv
2026-04-23 17:49:28,813 | INFO | LinearSHAP analysis completed
2026-04-23 17:49:28,813 | INFO | SHAP analysis completed in 0.0s
2026-04-23 17:49:28,813 | INFO | Running Permutation Importance for: logistic_regression (scoring=roc_auc, n_repeats=10)
2026-04-23 17:49:33,579 | INFO | Permutation FI saved to: C:\Projects\uit\diabetes-xai-agreement\outputs\cdc_brfss_2015_rebuilt\fi\logistic_regression_feature_importance.csv (4.7632s)
2026-04-23 17:49:33,580 | INFO | Permutation FI completed in 4.7632s
2026-04-23 17:49:33,580 | INFO | STEP 05 COMPLETED
2026-04-23 17:49:33,580 | INFO | ============================================================
2026-04-23 17:49:33,580 | INFO | STEP 06 - RESULT VISUALIZATION
2026-04-23 17:49:33,580 | INFO | ============================================================
2026-04-23 17:49:33,711 | INFO | STEP 06 COMPLETED
2026-04-23 17:49:33,711 | INFO | ============================================================
2026-04-23 17:49:33,711 | INFO | STEP 07 - ERROR ANALYSIS + FAIRNESS (EQUALIZED ODDS)
2026-04-23 17:49:33,711 | INFO | ============================================================
2026-04-23 17:49:33,722 | INFO | Saved error analysis outputs to C:\Projects\uit\diabetes-xai-agreement\outputs\cdc_brfss_2015_rebuilt\analysis
2026-04-23 17:49:33,723 | INFO | Running Equalized Odds fairness analysis for: logistic_regression
2026-04-23 17:49:33,734 | INFO |   Saved: C:\Projects\uit\diabetes-xai-agreement\outputs\cdc_brfss_2015_rebuilt\analysis\logistic_regression_fairness_age_detail.csv
2026-04-23 17:49:33,734 | INFO |   Age: dTPR=1.000  dFPR=0.667  EO=1.000  [Nghiem trong]
2026-04-23 17:49:33,739 | INFO |   Saved: C:\Projects\uit\diabetes-xai-agreement\outputs\cdc_brfss_2015_rebuilt\analysis\logistic_regression_fairness_sex_detail.csv
2026-04-23 17:49:33,739 | INFO |   Sex: dTPR=0.028  dFPR=0.047  EO=0.047  [Tot]
2026-04-23 17:49:33,746 | INFO |   Saved: C:\Projects\uit\diabetes-xai-agreement\outputs\cdc_brfss_2015_rebuilt\analysis\logistic_regression_fairness_income_detail.csv
2026-04-23 17:49:33,746 | INFO |   Income: dTPR=0.500  dFPR=0.325  EO=0.500  [Nghiem trong]
2026-04-23 17:49:33,748 | INFO |   Saved summary: C:\Projects\uit\diabetes-xai-agreement\outputs\cdc_brfss_2015_rebuilt\analysis\logistic_regression_fairness_equalized_odds_summary.csv
2026-04-23 17:49:33,748 | INFO | Equalized Odds fairness analysis completed
2026-04-23 17:49:33,748 | INFO | Equalized Odds Summary:
2026-04-23 17:49:33,749 | INFO |   Age     : dTPR=1.000  dFPR=0.667  EO=1.000  [Nghiem trong]
2026-04-23 17:49:33,749 | INFO |   Sex     : dTPR=0.028  dFPR=0.047  EO=0.047  [Tot]
2026-04-23 17:49:33,749 | INFO |   Income  : dTPR=0.500  dFPR=0.325  EO=0.500  [Nghiem trong]
2026-04-23 17:49:33,749 | INFO | Saved error analysis outputs to C:\Projects\uit\diabetes-xai-agreement\outputs\cdc_brfss_2015_rebuilt\analysis
2026-04-23 17:49:33,749 | INFO | STEP 07 COMPLETED
2026-04-23 17:49:33,749 | INFO | ============================================================
2026-04-23 17:49:33,749 | INFO | STEP 08 - STATISTICAL TEST
2026-04-23 17:49:33,749 | INFO | ============================================================
2026-04-23 17:49:33,756 | INFO | Saved statistical test results to C:\Projects\uit\diabetes-xai-agreement\outputs\cdc_brfss_2015_rebuilt\analysis\statistical_test_results.csv
2026-04-23 17:49:33,756 | INFO | STEP 08 COMPLETED
2026-04-23 17:49:33,756 | INFO | ============================================================
2026-04-23 17:49:33,756 | INFO | STEP 09 - GENERATE RESULT TABLES
2026-04-23 17:49:33,756 | INFO | ============================================================
2026-04-23 17:49:33,758 | INFO | Saved comparison table to C:\Projects\uit\diabetes-xai-agreement\outputs\cdc_brfss_2015_rebuilt\tables\model_comparison_table.csv
2026-04-23 17:49:33,758 | INFO | STEP 09 COMPLETED
2026-04-23 17:49:33,758 | INFO | ============================================================
2026-04-23 17:49:33,758 | INFO | STEP 10 - REPRODUCIBILITY
2026-04-23 17:49:33,758 | INFO | ============================================================
2026-04-23 17:49:33,776 | INFO | Saved experiment summary to C:\Projects\uit\diabetes-xai-agreement\outputs\cdc_brfss_2015_rebuilt\reproducibility\experiment_summary.json
