2026-04-24 10:50:06,522 | INFO | Logging initialized. Log file: C:\Projects\uit\diabetes-xai-agreement\logs\pipeline_20260424105006.log
2026-04-24 10:50:06,522 | INFO | ==============================================================================
2026-04-24 10:50:06,522 | INFO | RUN ALL COMBOS (CLEAN VERSION)
2026-04-24 10:50:06,522 | INFO | ==============================================================================
2026-04-24 10:50:06,523 | INFO | ##############################################################################
2026-04-24 10:50:06,523 | INFO | START cdc_brfss_2015_rebuilt x xgboost
2026-04-24 10:50:06,524 | INFO | ##############################################################################
2026-04-24 10:56:00,458 | INFO | END cdc_brfss_2015_rebuilt x xgboost OK (353.9s)
2026-04-24 10:56:00,459 | INFO | ##############################################################################
2026-04-24 10:56:00,460 | INFO | START cdc_brfss_2015_rebuilt x random_forest
2026-04-24 10:56:00,460 | INFO | ##############################################################################
2026-04-24 12:18:11,590 | INFO | END cdc_brfss_2015_rebuilt x random_forest OK (4931.1s)
2026-04-24 12:18:11,607 | INFO | ##############################################################################
2026-04-24 12:18:11,607 | INFO | START cdc_brfss_2015_rebuilt x logistic_regression
2026-04-24 12:18:11,607 | INFO | ##############################################################################
2026-04-24 12:25:36,754 | INFO | END cdc_brfss_2015_rebuilt x logistic_regression OK (445.1s)
2026-04-24 12:25:36,757 | INFO | ##############################################################################
2026-04-24 12:25:36,757 | INFO | START cdc_brfss_2021_rebuilt x xgboost
2026-04-24 12:25:36,757 | INFO | ##############################################################################
2026-04-24 12:31:00,918 | INFO | END cdc_brfss_2021_rebuilt x xgboost OK (324.2s)
2026-04-24 12:31:00,920 | INFO | ##############################################################################
2026-04-24 12:31:00,921 | INFO | START cdc_brfss_2021_rebuilt x random_forest
2026-04-24 12:31:00,921 | INFO | ##############################################################################
2026-04-24 13:29:04,185 | INFO | END cdc_brfss_2021_rebuilt x random_forest OK (3483.3s)
2026-04-24 13:29:04,192 | INFO | ##############################################################################
2026-04-24 13:29:04,192 | INFO | START cdc_brfss_2021_rebuilt x logistic_regression
2026-04-24 13:29:04,192 | INFO | ##############################################################################
2026-04-24 13:34:40,608 | INFO | END cdc_brfss_2021_rebuilt x logistic_regression OK (336.4s)
2026-04-24 13:34:40,612 | INFO | ##############################################################################
2026-04-24 13:34:40,613 | INFO | START cdc_brfss_2023_rebuilt x xgboost
2026-04-24 13:34:40,613 | INFO | ##############################################################################
2026-04-24 13:40:25,000 | INFO | END cdc_brfss_2023_rebuilt x xgboost OK (344.4s)
2026-04-24 13:40:25,006 | INFO | ##############################################################################
2026-04-24 13:40:25,006 | INFO | START cdc_brfss_2023_rebuilt x random_forest
2026-04-24 13:40:25,006 | INFO | ##############################################################################
2026-04-24 15:08:35,839 | INFO | END cdc_brfss_2023_rebuilt x random_forest OK (5290.8s)
2026-04-24 15:08:35,848 | INFO | ##############################################################################
2026-04-24 15:08:35,849 | INFO | START cdc_brfss_2023_rebuilt x logistic_regression
2026-04-24 15:08:35,849 | INFO | ##############################################################################
2026-04-24 15:15:24,237 | INFO | END cdc_brfss_2023_rebuilt x logistic_regression OK (408.4s)
2026-04-24 15:15:24,242 | INFO | ==============================================================================
2026-04-24 15:15:24,242 | INFO | ALL COMBOS DONE
2026-04-24 15:15:24,243 | INFO | ==============================================================================
