2026-04-23 18:29:26,291 | INFO | Logging initialized. Log file: C:\Projects\uit\diabetes-xai-agreement\logs\pipeline_20260423182926.log
2026-04-23 18:29:26,291 | INFO | ==============================================================================
2026-04-23 18:29:26,291 | INFO | [BOOTSTRAP] DATASET=cdc_brfss_2015_rebuilt MODEL=xgboost
2026-04-23 18:29:26,291 | INFO | ==============================================================================
2026-04-23 18:29:26,291 | INFO | ============================================================
2026-04-23 18:29:26,291 | INFO | STEP 01 - LOAD AND INSPECT DATASET
2026-04-23 18:29:26,292 | INFO | ============================================================
2026-04-23 18:29:27,331 | INFO | DEBUG MODE: sampling 10000 rows from 440658
2026-04-23 18:29:27,350 | INFO | Dataset rows after sampling: 10000
2026-04-23 18:29:27,351 | INFO | Dataset config: {'path': WindowsPath('C:/Projects/uit/diabetes-xai-agreement/data/processed/cdc_brfss_2015_rebuilt.csv'), 'target': 'Diabetes_binary', 'slug': 'cdc_brfss_2015_rebuilt', 'task': 'classification', 'include_columns': None}
2026-04-23 18:29:27,351 | INFO | Active dataset : cdc_brfss_2015_rebuilt
2026-04-23 18:29:27,351 | INFO | Dataset path   : C:\Projects\uit\diabetes-xai-agreement\data\processed\cdc_brfss_2015_rebuilt.csv
2026-04-23 18:29:27,351 | INFO | Target column  : Diabetes_binary
2026-04-23 18:29:27,351 | INFO | Rows    : 10000
2026-04-23 18:29:27,351 | INFO | Columns : 22
2026-04-23 18:29:27,351 | INFO | Columns: ['Diabetes_binary', 'HighBP', 'HighChol', 'CholCheck', 'BMI', 'Smoker', 'Stroke', 'HeartDiseaseorAttack', 'PhysActivity', 'Fruits', 'Veggies', 'HvyAlcoholConsump', 'AnyHealthcare', 'NoDocbcCost', 'GenHlth', 'MentHlth', 'PhysHlth', 'DiffWalk', 'Sex', 'Age', 'Education', 'Income']
2026-04-23 18:29:27,352 | INFO | 
   Diabetes_binary  HighBP  HighChol  CholCheck  ...  Sex  Age  Education  Income
0                0       1         1          1  ...    2   10          5       6
1                0       1         0          1  ...    2    6          6       6
2                0       1         1          1  ...    2   10          5       6
3                0       1         1          1  ...    2   11          5       5
4                0       1         1          1  ...    1   10          5       6

[5 rows x 22 columns]
2026-04-23 18:29:27,377 | INFO | Target distribution:
2026-04-23 18:29:27,377 | INFO | Diabetes_binary
0    8565
1    1435
Name: count, dtype: int64
2026-04-23 18:29:27,378 | INFO | Target ratio:
2026-04-23 18:29:27,378 | INFO | Diabetes_binary
0    0.8565
1    0.1435
Name: proportion, dtype: float64
2026-04-23 18:29:27,380 | INFO | Missing values:
2026-04-23 18:29:27,380 | INFO | No missing values
2026-04-23 18:29:27,380 | INFO | STEP 01 COMPLETED
2026-04-23 18:29:28,567 | INFO | ============================================================
2026-04-23 18:29:28,567 | INFO | STEP 02 - DATA PREPROCESSING
2026-04-23 18:29:28,567 | INFO | ============================================================
2026-04-23 18:29:28,568 | INFO | Dataset shape: (10000, 22)
2026-04-23 18:29:28,569 | INFO | Number of selected features: 21
2026-04-23 18:29:28,569 | INFO | Categorical features (0): []
2026-04-23 18:29:28,569 | INFO | Numerical features (21): ['HighBP', 'HighChol', 'CholCheck', 'BMI', 'Smoker', 'Stroke', 'HeartDiseaseorAttack', 'PhysActivity', 'Fruits', 'Veggies', 'HvyAlcoholConsump', 'AnyHealthcare', 'NoDocbcCost', 'GenHlth', 'MentHlth', 'PhysHlth', 'DiffWalk', 'Sex', 'Age', 'Education', 'Income']
2026-04-23 18:29:28,575 | INFO | Train size: 8000
2026-04-23 18:29:28,575 | INFO | Test size : 2000
2026-04-23 18:29:28,575 | INFO | STEP 02 COMPLETED
2026-04-23 18:29:28,575 | INFO | ============================================================
2026-04-23 18:29:28,575 | INFO | STEP 03 - BASELINE MODELS
2026-04-23 18:29:28,575 | INFO | ============================================================
2026-04-23 18:29:28,575 | INFO | Training baseline model: logistic_regression
2026-04-23 18:29:28,594 | INFO | Training time for logistic_regression: 0.02s
2026-04-23 18:29:28,595 | INFO | Evaluating model: logistic_regression
2026-04-23 18:29:28,714 | INFO | Saved confusion matrix: C:\Projects\uit\diabetes-xai-agreement\outputs\cdc_brfss_2015_rebuilt\confusion_matrix\logistic_regression_confusion_matrix.png
2026-04-23 18:29:28,714 | INFO | Metrics for logistic_regression: {'model': 'logistic_regression', 'accuracy': 0.7105, 'f1': 0.42502482621648463, 'roc_auc': 0.7929829485935591, 'sensitivity': np.float64(0.7456445993031359), 'specificity': np.float64(0.7046117921774664), 'training_time_s': 0.02}
2026-04-23 18:29:28,714 | INFO | Training baseline model: decision_tree
2026-04-23 18:29:28,749 | INFO | Training time for decision_tree: 0.03s
2026-04-23 18:29:28,750 | INFO | Evaluating model: decision_tree
2026-04-23 18:29:28,979 | INFO | Saved confusion matrix: C:\Projects\uit\diabetes-xai-agreement\outputs\cdc_brfss_2015_rebuilt\confusion_matrix\decision_tree_confusion_matrix.png
2026-04-23 18:29:28,980 | INFO | Metrics for decision_tree: {'model': 'decision_tree', 'accuracy': 0.783, 'f1': 0.23859649122807017, 'roc_auc': 0.5556331883058636, 'sensitivity': np.float64(0.23693379790940766), 'specificity': np.float64(0.8744892002335085), 'training_time_s': 0.03}
2026-04-23 18:29:28,980 | INFO | Training baseline model: random_forest
2026-04-23 18:29:30,485 | INFO | Training time for random_forest: 1.51s
2026-04-23 18:29:30,486 | INFO | Evaluating model: random_forest
2026-04-23 18:29:30,749 | INFO | Saved confusion matrix: C:\Projects\uit\diabetes-xai-agreement\outputs\cdc_brfss_2015_rebuilt\confusion_matrix\random_forest_confusion_matrix.png
2026-04-23 18:29:30,749 | INFO | Metrics for random_forest: {'model': 'random_forest', 'accuracy': 0.8485, 'f1': 0.17886178861788618, 'roc_auc': 0.7638869395949401, 'sensitivity': np.float64(0.11498257839721254), 'specificity': np.float64(0.971395213076474), 'training_time_s': 1.51}
2026-04-23 18:29:30,750 | INFO | Training baseline model: knn
2026-04-23 18:29:30,759 | INFO | Training time for knn: 0.01s
2026-04-23 18:29:30,759 | INFO | Evaluating model: knn
2026-04-23 18:29:32,803 | INFO | Saved confusion matrix: C:\Projects\uit\diabetes-xai-agreement\outputs\cdc_brfss_2015_rebuilt\confusion_matrix\knn_confusion_matrix.png
2026-04-23 18:29:32,803 | INFO | Metrics for knn: {'model': 'knn', 'accuracy': 0.837, 'f1': 0.21256038647342995, 'roc_auc': 0.6668731223214158, 'sensitivity': np.float64(0.15331010452961671), 'specificity': np.float64(0.9515469935785172), 'training_time_s': 0.01}
2026-04-23 18:29:32,803 | INFO | STEP 03 COMPLETED
2026-04-23 18:29:32,803 | INFO | ============================================================
2026-04-23 18:29:32,803 | INFO | STEP 04 - PROPOSED MODELS
2026-04-23 18:29:32,803 | INFO | ============================================================
2026-04-23 18:29:32,804 | INFO | Training proposed model: ann
2026-04-23 18:29:37,251 | INFO | Training time for ann: 4.45s
2026-04-23 18:29:37,251 | INFO | Evaluating model: ann
2026-04-23 18:29:37,378 | INFO | Saved confusion matrix: C:\Projects\uit\diabetes-xai-agreement\outputs\cdc_brfss_2015_rebuilt\confusion_matrix\ann_confusion_matrix.png
2026-04-23 18:29:37,379 | INFO | Training proposed model: xgboost
2026-04-23 18:29:37,701 | INFO | Training time for xgboost: 0.32s
2026-04-23 18:29:37,701 | INFO | Evaluating model: xgboost
2026-04-23 18:29:37,878 | INFO | Saved confusion matrix: C:\Projects\uit\diabetes-xai-agreement\outputs\cdc_brfss_2015_rebuilt\confusion_matrix\xgboost_confusion_matrix.png
2026-04-23 18:29:37,878 | INFO | Selecting best model...
2026-04-23 18:29:37,878 | INFO | Best model selected: xgboost
2026-04-23 18:29:37,878 | INFO | ROC-AUC: 0.7779
2026-04-23 18:29:37,878 | INFO | STEP 04 COMPLETED
2026-04-23 18:29:37,878 | INFO | Using ACTIVE_MODEL for XAI: xgboost
2026-04-23 18:29:37,878 | INFO | XAI model: xgboost
2026-04-23 18:29:37,878 | INFO | ============================================================
2026-04-23 18:29:37,878 | INFO | STEP 05 - EXPLAINABILITY (SHAP + PERMUTATION FI)
2026-04-23 18:29:37,878 | INFO | ============================================================
2026-04-23 18:29:37,879 | INFO | Running SHAP analysis for: xgboost
2026-04-23 18:29:37,879 | INFO | Running SHAP analysis for model: xgboost
2026-04-23 18:29:37,981 | INFO | TreeExplainer: OK
2026-04-23 18:29:38,100 | INFO | SHAP computation time: 0.22s
2026-04-23 18:29:39,134 | INFO | Saved: C:\Projects\uit\diabetes-xai-agreement\outputs\cdc_brfss_2015_rebuilt\shap\xgboost_shap_summary.png
2026-04-23 18:29:39,510 | INFO | Saved: C:\Projects\uit\diabetes-xai-agreement\outputs\cdc_brfss_2015_rebuilt\shap\xgboost_shap_bar.png
2026-04-23 18:29:39,513 | INFO | Saved: C:\Projects\uit\diabetes-xai-agreement\outputs\cdc_brfss_2015_rebuilt\shap\xgboost_shap_feature_importance.csv
2026-04-23 18:29:39,513 | INFO | SHAP analysis completed
2026-04-23 18:29:39,515 | INFO | SHAP analysis completed in 0.22s
2026-04-23 18:29:39,516 | INFO | Running Permutation Importance for: xgboost (scoring=roc_auc, n_repeats=10)
2026-04-23 18:29:45,884 | INFO | Permutation FI saved to: C:\Projects\uit\diabetes-xai-agreement\outputs\cdc_brfss_2015_rebuilt\fi\xgboost_feature_importance.csv (6.3662s)
2026-04-23 18:29:45,884 | INFO | Permutation FI completed in 6.3662s
2026-04-23 18:29:45,884 | INFO | STEP 05 COMPLETED
2026-04-23 18:29:45,884 | INFO | ============================================================
2026-04-23 18:29:45,884 | INFO | STEP 06 - RESULT VISUALIZATION
2026-04-23 18:29:45,885 | INFO | ============================================================
2026-04-23 18:29:46,044 | INFO | STEP 06 COMPLETED
2026-04-23 18:29:46,044 | INFO | ============================================================
2026-04-23 18:29:46,044 | INFO | STEP 07 - ERROR ANALYSIS + FAIRNESS (EQUALIZED ODDS)
2026-04-23 18:29:46,044 | INFO | ============================================================
2026-04-23 18:29:46,064 | INFO | Saved error analysis outputs to C:\Projects\uit\diabetes-xai-agreement\outputs\cdc_brfss_2015_rebuilt\analysis
2026-04-23 18:29:46,065 | INFO | Running Equalized Odds fairness analysis for: xgboost
2026-04-23 18:29:46,090 | INFO |   Saved: C:\Projects\uit\diabetes-xai-agreement\outputs\cdc_brfss_2015_rebuilt\analysis\xgboost_fairness_age_detail.csv
2026-04-23 18:29:46,090 | INFO |   Age: dTPR=0.273  dFPR=0.085  EO=0.273  [Nghiem trong]
2026-04-23 18:29:46,098 | INFO |   Saved: C:\Projects\uit\diabetes-xai-agreement\outputs\cdc_brfss_2015_rebuilt\analysis\xgboost_fairness_sex_detail.csv
2026-04-23 18:29:46,098 | INFO |   Sex: dTPR=0.052  dFPR=0.020  EO=0.052  [Chap nhan duoc]
2026-04-23 18:29:46,110 | INFO |   Saved: C:\Projects\uit\diabetes-xai-agreement\outputs\cdc_brfss_2015_rebuilt\analysis\xgboost_fairness_income_detail.csv
2026-04-23 18:29:46,110 | INFO |   Income: dTPR=0.188  dFPR=0.082  EO=0.188  [Đang lo ngai]
2026-04-23 18:29:46,113 | INFO |   Saved summary: C:\Projects\uit\diabetes-xai-agreement\outputs\cdc_brfss_2015_rebuilt\analysis\xgboost_fairness_equalized_odds_summary.csv
2026-04-23 18:29:46,113 | INFO | Equalized Odds fairness analysis completed
2026-04-23 18:29:46,113 | INFO | Equalized Odds Summary:
2026-04-23 18:29:46,114 | INFO |   Age     : dTPR=0.273  dFPR=0.085  EO=0.273  [Nghiem trong]
2026-04-23 18:29:46,114 | INFO |   Sex     : dTPR=0.052  dFPR=0.020  EO=0.052  [Chap nhan duoc]
2026-04-23 18:29:46,114 | INFO |   Income  : dTPR=0.188  dFPR=0.082  EO=0.188  [Đang lo ngai]
2026-04-23 18:29:46,114 | INFO | Saved error analysis outputs to C:\Projects\uit\diabetes-xai-agreement\outputs\cdc_brfss_2015_rebuilt\analysis
2026-04-23 18:29:46,114 | INFO | STEP 07 COMPLETED
2026-04-23 18:29:46,114 | INFO | ============================================================
2026-04-23 18:29:46,115 | INFO | STEP 08 - STATISTICAL TEST
2026-04-23 18:29:46,115 | INFO | ============================================================
2026-04-23 18:29:46,158 | INFO | Saved statistical test results to C:\Projects\uit\diabetes-xai-agreement\outputs\cdc_brfss_2015_rebuilt\analysis\statistical_test_results.csv
2026-04-23 18:29:46,158 | INFO | STEP 08 COMPLETED
2026-04-23 18:29:46,158 | INFO | ============================================================
2026-04-23 18:29:46,158 | INFO | STEP 09 - GENERATE RESULT TABLES
2026-04-23 18:29:46,159 | INFO | ============================================================
2026-04-23 18:29:46,161 | INFO | Saved comparison table to C:\Projects\uit\diabetes-xai-agreement\outputs\cdc_brfss_2015_rebuilt\tables\model_comparison_table.csv
2026-04-23 18:29:46,161 | INFO | STEP 09 COMPLETED
2026-04-23 18:29:46,161 | INFO | ============================================================
2026-04-23 18:29:46,161 | INFO | STEP 10 - REPRODUCIBILITY
2026-04-23 18:29:46,162 | INFO | ============================================================
2026-04-23 18:29:46,191 | INFO | Saved experiment summary to C:\Projects\uit\diabetes-xai-agreement\outputs\cdc_brfss_2015_rebuilt\reproducibility\experiment_summary.json
