2026-04-23 17:44:41,989 | INFO | Logging initialized. Log file: C:\Projects\uit\diabetes-xai-agreement\logs\pipeline_20260423174441.log
2026-04-23 17:44:41,990 | INFO | ==============================================================================
2026-04-23 17:44:41,990 | INFO | RUN ALL COMBOS (CLEAN VERSION)
2026-04-23 17:44:41,990 | INFO | ==============================================================================
2026-04-23 17:44:41,990 | INFO | ##############################################################################
2026-04-23 17:44:41,990 | INFO | START cdc_brfss_2015_rebuilt x xgboost
2026-04-23 17:44:41,991 | INFO | ##############################################################################
2026-04-23 17:44:46,128 | ERROR | END cdc_brfss_2015_rebuilt x xgboost FAILED
2026-04-23 17:44:46,129 | INFO | ##############################################################################
2026-04-23 17:44:46,129 | INFO | START cdc_brfss_2015_rebuilt x random_forest
2026-04-23 17:44:46,129 | INFO | ##############################################################################
2026-04-23 17:44:50,379 | ERROR | END cdc_brfss_2015_rebuilt x random_forest FAILED
2026-04-23 17:44:50,380 | INFO | ##############################################################################
2026-04-23 17:44:50,380 | INFO | START cdc_brfss_2015_rebuilt x logistic_regression
2026-04-23 17:44:50,380 | INFO | ##############################################################################
2026-04-23 17:44:54,552 | ERROR | END cdc_brfss_2015_rebuilt x logistic_regression FAILED
2026-04-23 17:44:54,553 | INFO | ##############################################################################
2026-04-23 17:44:54,553 | INFO | START cdc_brfss_2021_rebuilt x xgboost
2026-04-23 17:44:54,553 | INFO | ##############################################################################
2026-04-23 17:44:58,501 | ERROR | END cdc_brfss_2021_rebuilt x xgboost FAILED
2026-04-23 17:44:58,502 | INFO | ##############################################################################
2026-04-23 17:44:58,503 | INFO | START cdc_brfss_2021_rebuilt x random_forest
2026-04-23 17:44:58,503 | INFO | ##############################################################################
2026-04-23 17:45:02,763 | ERROR | END cdc_brfss_2021_rebuilt x random_forest FAILED
2026-04-23 17:45:02,764 | INFO | ##############################################################################
2026-04-23 17:45:02,764 | INFO | START cdc_brfss_2021_rebuilt x logistic_regression
2026-04-23 17:45:02,764 | INFO | ##############################################################################
2026-04-23 17:45:06,394 | ERROR | END cdc_brfss_2021_rebuilt x logistic_regression FAILED
2026-04-23 17:45:06,395 | INFO | ##############################################################################
2026-04-23 17:45:06,395 | INFO | START cdc_brfss_2023_rebuilt x xgboost
2026-04-23 17:45:06,396 | INFO | ##############################################################################
2026-04-23 17:45:10,059 | ERROR | END cdc_brfss_2023_rebuilt x xgboost FAILED
2026-04-23 17:45:10,061 | INFO | ##############################################################################
2026-04-23 17:45:10,061 | INFO | START cdc_brfss_2023_rebuilt x random_forest
2026-04-23 17:45:10,061 | INFO | ##############################################################################
2026-04-23 17:45:13,718 | ERROR | END cdc_brfss_2023_rebuilt x random_forest FAILED
2026-04-23 17:45:13,720 | INFO | ##############################################################################
2026-04-23 17:45:13,721 | INFO | START cdc_brfss_2023_rebuilt x logistic_regression
2026-04-23 17:45:13,721 | INFO | ##############################################################################
2026-04-23 17:45:17,718 | ERROR | END cdc_brfss_2023_rebuilt x logistic_regression FAILED
2026-04-23 17:45:17,719 | INFO | ==============================================================================
2026-04-23 17:45:17,719 | INFO | ALL COMBOS DONE
2026-04-23 17:45:17,719 | INFO | ==============================================================================
