2026-04-24 13:34:45,329 | INFO | Logging initialized. Log file: C:\Projects\uit\diabetes-xai-agreement\logs\pipeline_20260424133445.log
2026-04-24 13:34:45,329 | INFO | ==============================================================================
2026-04-24 13:34:45,329 | INFO | [BOOTSTRAP] DATASET=cdc_brfss_2023_rebuilt MODEL=xgboost
2026-04-24 13:34:45,330 | INFO | ==============================================================================
2026-04-24 13:34:45,330 | INFO | ============================================================
2026-04-24 13:34:45,330 | INFO | STEP 01 - LOAD AND INSPECT DATASET
2026-04-24 13:34:45,330 | INFO | ============================================================
2026-04-24 13:34:46,790 | INFO | Dataset rows after sampling: 432339
2026-04-24 13:34:46,791 | INFO | Dataset config: {'path': WindowsPath('C:/Projects/uit/diabetes-xai-agreement/data/processed/cdc_brfss_2023_rebuilt.csv'), 'target': 'Diabetes_binary', 'slug': 'cdc_brfss_2023_rebuilt', 'task': 'classification', 'include_columns': None}
2026-04-24 13:34:46,791 | INFO | Active dataset : cdc_brfss_2023_rebuilt
2026-04-24 13:34:46,791 | INFO | Dataset path   : C:\Projects\uit\diabetes-xai-agreement\data\processed\cdc_brfss_2023_rebuilt.csv
2026-04-24 13:34:46,791 | INFO | Target column  : Diabetes_binary
2026-04-24 13:34:46,791 | INFO | Rows    : 432339
2026-04-24 13:34:46,791 | INFO | Columns : 22
2026-04-24 13:34:46,791 | INFO | Columns: ['Diabetes_binary', 'HighBP', 'HighChol', 'CholCheck', 'BMI', 'Smoker', 'Stroke', 'HeartDiseaseorAttack', 'PhysActivity', 'Fruits', 'Veggies', 'HvyAlcoholConsump', 'AnyHealthcare', 'NoDocbcCost', 'GenHlth', 'MentHlth', 'PhysHlth', 'DiffWalk', 'Sex', 'Age', 'Education', 'Income']
2026-04-24 13:34:46,792 | INFO | 
   Diabetes_binary  HighBP  HighChol  CholCheck  ...  Sex  Age  Education  Income
0                1       1         0          0  ...    2   13          5       6
1                0       1         1          0  ...    2   13          5       6
2                0       1         1          0  ...    2   13          4       2
3                0       1         0          0  ...    2   12          5       6
4                1       1         0          0  ...    2   12          5       6

[5 rows x 22 columns]
2026-04-24 13:34:46,828 | INFO | Target distribution:
2026-04-24 13:34:46,833 | INFO | Diabetes_binary
0    361959
1     70380
Name: count, dtype: int64
2026-04-24 13:34:46,833 | INFO | Target ratio:
2026-04-24 13:34:46,838 | INFO | Diabetes_binary
0    0.837211
1    0.162789
Name: proportion, dtype: float64
2026-04-24 13:34:46,861 | INFO | Missing values:
2026-04-24 13:34:46,862 | INFO | No missing values
2026-04-24 13:34:46,862 | INFO | STEP 01 COMPLETED
2026-04-24 13:34:49,196 | INFO | ============================================================
2026-04-24 13:34:49,196 | INFO | STEP 02 - DATA PREPROCESSING
2026-04-24 13:34:49,196 | INFO | ============================================================
2026-04-24 13:34:49,197 | INFO | Dataset shape: (432339, 22)
2026-04-24 13:34:49,197 | INFO | Number of selected features: 21
2026-04-24 13:34:49,197 | INFO | Categorical features (0): []
2026-04-24 13:34:49,197 | INFO | Numerical features (21): ['HighBP', 'HighChol', 'CholCheck', 'BMI', 'Smoker', 'Stroke', 'HeartDiseaseorAttack', 'PhysActivity', 'Fruits', 'Veggies', 'HvyAlcoholConsump', 'AnyHealthcare', 'NoDocbcCost', 'GenHlth', 'MentHlth', 'PhysHlth', 'DiffWalk', 'Sex', 'Age', 'Education', 'Income']
2026-04-24 13:34:49,394 | INFO | Train size: 345871
2026-04-24 13:34:49,395 | INFO | Test size : 86468
2026-04-24 13:34:49,395 | INFO | STEP 02 COMPLETED
2026-04-24 13:34:49,395 | INFO | ============================================================
2026-04-24 13:34:49,395 | INFO | STEP 03 - BASELINE MODELS
2026-04-24 13:34:49,395 | INFO | ============================================================
2026-04-24 13:34:49,395 | INFO | Training baseline model: logistic_regression
2026-04-24 13:34:49,753 | INFO | Training time for logistic_regression: 0.36s
2026-04-24 13:34:49,753 | INFO | Evaluating model: logistic_regression
2026-04-24 13:34:49,933 | INFO | Saved confusion matrix: C:\Projects\uit\diabetes-xai-agreement\outputs\cdc_brfss_2023_rebuilt\confusion_matrix\logistic_regression_confusion_matrix.png
2026-04-24 13:34:49,934 | INFO | Metrics for logistic_regression: {'model': 'logistic_regression', 'accuracy': 0.7128764398390156, 'f1': 0.4581268961302573, 'roc_auc': 0.8005308251409844, 'sensitivity': np.float64(0.7455953395851094), 'specificity': np.float64(0.7065145319924854), 'training_time_s': 0.36}
2026-04-24 13:34:49,934 | INFO | Training baseline model: decision_tree
2026-04-24 13:34:51,737 | INFO | Training time for decision_tree: 1.8s
2026-04-24 13:34:51,738 | INFO | Evaluating model: decision_tree
2026-04-24 13:34:51,949 | INFO | Saved confusion matrix: C:\Projects\uit\diabetes-xai-agreement\outputs\cdc_brfss_2023_rebuilt\confusion_matrix\decision_tree_confusion_matrix.png
2026-04-24 13:34:51,949 | INFO | Metrics for decision_tree: {'model': 'decision_tree', 'accuracy': 0.7630105935143637, 'f1': 0.30123439950896813, 'roc_auc': 0.5822336702073655, 'sensitivity': np.float64(0.31379653310599603), 'specificity': np.float64(0.850356392971599), 'training_time_s': 1.8}
2026-04-24 13:34:51,949 | INFO | Training baseline model: random_forest
2026-04-24 13:36:01,742 | INFO | Training time for random_forest: 69.79s
2026-04-24 13:36:01,742 | INFO | Evaluating model: random_forest
2026-04-24 13:36:13,464 | INFO | Saved confusion matrix: C:\Projects\uit\diabetes-xai-agreement\outputs\cdc_brfss_2023_rebuilt\confusion_matrix\random_forest_confusion_matrix.png
2026-04-24 13:36:13,464 | INFO | Metrics for random_forest: {'model': 'random_forest', 'accuracy': 0.8151570523199334, 'f1': 0.27819175360158965, 'roc_auc': 0.7504695248213045, 'sensitivity': np.float64(0.21881216254617789), 'specificity': np.float64(0.9311111725052492), 'training_time_s': 69.79}
2026-04-24 13:36:13,464 | INFO | Training baseline model: knn
2026-04-24 13:36:13,639 | INFO | Training time for knn: 0.18s
2026-04-24 13:36:13,639 | INFO | Evaluating model: knn
2026-04-24 13:38:11,492 | INFO | Saved confusion matrix: C:\Projects\uit\diabetes-xai-agreement\outputs\cdc_brfss_2023_rebuilt\confusion_matrix\knn_confusion_matrix.png
2026-04-24 13:38:11,493 | INFO | Metrics for knn: {'model': 'knn', 'accuracy': 0.8232872276449091, 'f1': 0.2904244450636203, 'roc_auc': 0.7079070032528845, 'sensitivity': np.float64(0.22215117931230463), 'specificity': np.float64(0.9401729472869931), 'training_time_s': 0.18}
2026-04-24 13:38:11,493 | INFO | STEP 03 COMPLETED
2026-04-24 13:38:11,493 | INFO | ============================================================
2026-04-24 13:38:11,493 | INFO | STEP 04 - PROPOSED MODELS
2026-04-24 13:38:11,493 | INFO | ============================================================
2026-04-24 13:38:11,493 | INFO | Training proposed model: ann
2026-04-24 13:39:29,863 | INFO | Training time for ann: 78.37s
2026-04-24 13:39:29,863 | INFO | Evaluating model: ann
2026-04-24 13:39:30,127 | INFO | Saved confusion matrix: C:\Projects\uit\diabetes-xai-agreement\outputs\cdc_brfss_2023_rebuilt\confusion_matrix\ann_confusion_matrix.png
2026-04-24 13:39:30,127 | INFO | Training proposed model: xgboost
2026-04-24 13:39:35,858 | INFO | Training time for xgboost: 5.73s
2026-04-24 13:39:35,858 | INFO | Evaluating model: xgboost
2026-04-24 13:39:36,624 | INFO | Saved confusion matrix: C:\Projects\uit\diabetes-xai-agreement\outputs\cdc_brfss_2023_rebuilt\confusion_matrix\xgboost_confusion_matrix.png
2026-04-24 13:39:36,624 | INFO | Selecting best model...
2026-04-24 13:39:36,624 | INFO | Best model selected: xgboost
2026-04-24 13:39:36,624 | INFO | ROC-AUC: 0.8082
2026-04-24 13:39:36,624 | INFO | STEP 04 COMPLETED
2026-04-24 13:39:36,624 | INFO | Using ACTIVE_MODEL for XAI: xgboost
2026-04-24 13:39:36,624 | INFO | XAI model: xgboost
2026-04-24 13:39:36,624 | INFO | ============================================================
2026-04-24 13:39:36,624 | INFO | STEP 05 - EXPLAINABILITY (SHAP + PERMUTATION FI)
2026-04-24 13:39:36,624 | INFO | ============================================================
2026-04-24 13:39:36,626 | INFO | Running SHAP analysis for: xgboost
2026-04-24 13:39:36,626 | INFO | Running SHAP analysis for model: xgboost
2026-04-24 13:39:36,822 | INFO | TreeExplainer: OK
2026-04-24 13:39:37,049 | INFO | SHAP computation time: 0.39s
2026-04-24 13:39:38,299 | INFO | Saved: C:\Projects\uit\diabetes-xai-agreement\outputs\cdc_brfss_2023_rebuilt\shap\xgboost_shap_summary.png
2026-04-24 13:39:38,807 | INFO | Saved: C:\Projects\uit\diabetes-xai-agreement\outputs\cdc_brfss_2023_rebuilt\shap\xgboost_shap_bar.png
2026-04-24 13:39:38,814 | INFO | Saved: C:\Projects\uit\diabetes-xai-agreement\outputs\cdc_brfss_2023_rebuilt\shap\xgboost_shap_feature_importance.csv
2026-04-24 13:39:38,814 | INFO | SHAP analysis completed
2026-04-24 13:39:38,817 | INFO | SHAP analysis completed in 0.39s
2026-04-24 13:39:38,818 | INFO | Running Permutation Importance for: xgboost (scoring=roc_auc, n_repeats=10)
2026-04-24 13:40:23,103 | INFO | Permutation FI saved to: C:\Projects\uit\diabetes-xai-agreement\outputs\cdc_brfss_2023_rebuilt\fi\xgboost_feature_importance.csv (44.2807s)
2026-04-24 13:40:23,103 | INFO | Permutation FI completed in 44.2807s
2026-04-24 13:40:23,103 | INFO | STEP 05 COMPLETED
2026-04-24 13:40:23,103 | INFO | ============================================================
2026-04-24 13:40:23,103 | INFO | STEP 06 - RESULT VISUALIZATION
2026-04-24 13:40:23,103 | INFO | ============================================================
2026-04-24 13:40:23,338 | INFO | STEP 06 COMPLETED
2026-04-24 13:40:23,338 | INFO | ============================================================
2026-04-24 13:40:23,338 | INFO | STEP 07 - ERROR ANALYSIS + FAIRNESS (EQUALIZED ODDS)
2026-04-24 13:40:23,338 | INFO | ============================================================
2026-04-24 13:40:23,685 | INFO | Saved error analysis outputs to C:\Projects\uit\diabetes-xai-agreement\outputs\cdc_brfss_2023_rebuilt\analysis
2026-04-24 13:40:23,686 | INFO | Running Equalized Odds fairness analysis for: xgboost
2026-04-24 13:40:23,945 | INFO |   Saved: C:\Projects\uit\diabetes-xai-agreement\outputs\cdc_brfss_2023_rebuilt\analysis\xgboost_fairness_age_detail.csv
2026-04-24 13:40:23,945 | INFO |   Age: dTPR=0.208  dFPR=0.047  EO=0.208  [Nghiem trong]
2026-04-24 13:40:23,973 | INFO |   Saved: C:\Projects\uit\diabetes-xai-agreement\outputs\cdc_brfss_2023_rebuilt\analysis\xgboost_fairness_sex_detail.csv
2026-04-24 13:40:23,973 | INFO |   Sex: dTPR=0.005  dFPR=0.001  EO=0.005  [Tot]
2026-04-24 13:40:24,000 | INFO |   Saved: C:\Projects\uit\diabetes-xai-agreement\outputs\cdc_brfss_2023_rebuilt\analysis\xgboost_fairness_income_detail.csv
2026-04-24 13:40:24,000 | INFO |   Income: dTPR=0.325  dFPR=0.096  EO=0.325  [Nghiem trong]
2026-04-24 13:40:24,002 | INFO |   Saved summary: C:\Projects\uit\diabetes-xai-agreement\outputs\cdc_brfss_2023_rebuilt\analysis\xgboost_fairness_equalized_odds_summary.csv
2026-04-24 13:40:24,002 | INFO | Equalized Odds fairness analysis completed
2026-04-24 13:40:24,004 | INFO | Equalized Odds Summary:
2026-04-24 13:40:24,004 | INFO |   Age     : dTPR=0.208  dFPR=0.047  EO=0.208  [Nghiem trong]
2026-04-24 13:40:24,005 | INFO |   Sex     : dTPR=0.005  dFPR=0.001  EO=0.005  [Tot]
2026-04-24 13:40:24,005 | INFO |   Income  : dTPR=0.325  dFPR=0.096  EO=0.325  [Nghiem trong]
2026-04-24 13:40:24,005 | INFO | Saved error analysis outputs to C:\Projects\uit\diabetes-xai-agreement\outputs\cdc_brfss_2023_rebuilt\analysis
2026-04-24 13:40:24,005 | INFO | STEP 07 COMPLETED
2026-04-24 13:40:24,005 | INFO | ============================================================
2026-04-24 13:40:24,005 | INFO | STEP 08 - STATISTICAL TEST
2026-04-24 13:40:24,005 | INFO | ============================================================
2026-04-24 13:40:24,016 | INFO | Saved statistical test results to C:\Projects\uit\diabetes-xai-agreement\outputs\cdc_brfss_2023_rebuilt\analysis\statistical_test_results.csv
2026-04-24 13:40:24,016 | INFO | STEP 08 COMPLETED
2026-04-24 13:40:24,016 | INFO | ============================================================
2026-04-24 13:40:24,016 | INFO | STEP 09 - GENERATE RESULT TABLES
2026-04-24 13:40:24,016 | INFO | ============================================================
2026-04-24 13:40:24,018 | INFO | Saved comparison table to C:\Projects\uit\diabetes-xai-agreement\outputs\cdc_brfss_2023_rebuilt\tables\model_comparison_table.csv
2026-04-24 13:40:24,019 | INFO | STEP 09 COMPLETED
2026-04-24 13:40:24,019 | INFO | ============================================================
2026-04-24 13:40:24,019 | INFO | STEP 10 - REPRODUCIBILITY
2026-04-24 13:40:24,019 | INFO | ============================================================
2026-04-24 13:40:24,047 | INFO | Saved experiment summary to C:\Projects\uit\diabetes-xai-agreement\outputs\cdc_brfss_2023_rebuilt\reproducibility\experiment_summary.json
2026-04-24 13:40:24,092 | INFO | Saved environment info to C:\Projects\uit\diabetes-xai-agreement\outputs\cdc_brfss_2023_rebuilt\reproducibility\environment.json
2026-04-24 13:40:24,092 | INFO | STEP 10 COMPLETED
2026-04-24 13:40:24,092 | INFO | ============================================================
2026-04-24 13:40:24,092 | INFO | STEP 11 - AUTO REPORT GENERATION
2026-04-24 13:40:24,092 | INFO | ============================================================
2026-04-24 13:40:24,094 | INFO | Report generated at: C:\Projects\uit\diabetes-xai-agreement\outputs\cdc_brfss_2023_rebuilt\auto_report.md
2026-04-24 13:40:24,094 | INFO | STEP 11 COMPLETED
