2026-04-23 18:31:23,040 | INFO | Logging initialized. Log file: C:\Projects\uit\diabetes-xai-agreement\logs\pipeline_20260423183123.log
2026-04-23 18:31:23,040 | INFO | ==============================================================================
2026-04-23 18:31:23,040 | INFO | [BOOTSTRAP] DATASET=cdc_brfss_2021_rebuilt MODEL=xgboost
2026-04-23 18:31:23,040 | INFO | ==============================================================================
2026-04-23 18:31:23,040 | INFO | ============================================================
2026-04-23 18:31:23,040 | INFO | STEP 01 - LOAD AND INSPECT DATASET
2026-04-23 18:31:23,051 | INFO | ============================================================
2026-04-23 18:31:24,089 | INFO | DEBUG MODE: sampling 10000 rows from 437708
2026-04-23 18:31:24,107 | INFO | Dataset rows after sampling: 10000
2026-04-23 18:31:24,107 | INFO | Dataset config: {'path': WindowsPath('C:/Projects/uit/diabetes-xai-agreement/data/processed/cdc_brfss_2021_rebuilt.csv'), 'target': 'Diabetes_binary', 'slug': 'cdc_brfss_2021_rebuilt', 'task': 'classification', 'include_columns': None}
2026-04-23 18:31:24,107 | INFO | Active dataset : cdc_brfss_2021_rebuilt
2026-04-23 18:31:24,107 | INFO | Dataset path   : C:\Projects\uit\diabetes-xai-agreement\data\processed\cdc_brfss_2021_rebuilt.csv
2026-04-23 18:31:24,107 | INFO | Target column  : Diabetes_binary
2026-04-23 18:31:24,107 | INFO | Rows    : 10000
2026-04-23 18:31:24,108 | INFO | Columns : 22
2026-04-23 18:31:24,108 | INFO | Columns: ['Diabetes_binary', 'HighBP', 'HighChol', 'CholCheck', 'BMI', 'Smoker', 'Stroke', 'HeartDiseaseorAttack', 'PhysActivity', 'Fruits', 'Veggies', 'HvyAlcoholConsump', 'AnyHealthcare', 'NoDocbcCost', 'GenHlth', 'MentHlth', 'PhysHlth', 'DiffWalk', 'Sex', 'Age', 'Education', 'Income']
2026-04-23 18:31:24,108 | INFO | 
   Diabetes_binary  HighBP  HighChol  CholCheck  ...  Sex  Age  Education  Income
0                0       1         0          0  ...    2    1          5       6
1                0       1         0          1  ...    1    1          4       6
2                0       1         1          0  ...    2   11          4       6
3                0       1         0          0  ...    1   10          6       5
4                1       1         1          0  ...    1   10          4       6

[5 rows x 22 columns]
2026-04-23 18:31:24,133 | INFO | Target distribution:
2026-04-23 18:31:24,134 | INFO | Diabetes_binary
0    8384
1    1616
Name: count, dtype: int64
2026-04-23 18:31:24,134 | INFO | Target ratio:
2026-04-23 18:31:24,135 | INFO | Diabetes_binary
0    0.8384
1    0.1616
Name: proportion, dtype: float64
2026-04-23 18:31:24,136 | INFO | Missing values:
2026-04-23 18:31:24,137 | INFO | No missing values
2026-04-23 18:31:24,137 | INFO | STEP 01 COMPLETED
2026-04-23 18:31:25,335 | INFO | ============================================================
2026-04-23 18:31:25,335 | INFO | STEP 02 - DATA PREPROCESSING
2026-04-23 18:31:25,335 | INFO | ============================================================
2026-04-23 18:31:25,336 | INFO | Dataset shape: (10000, 22)
2026-04-23 18:31:25,336 | INFO | Number of selected features: 21
2026-04-23 18:31:25,337 | INFO | Categorical features (0): []
2026-04-23 18:31:25,337 | INFO | Numerical features (21): ['HighBP', 'HighChol', 'CholCheck', 'BMI', 'Smoker', 'Stroke', 'HeartDiseaseorAttack', 'PhysActivity', 'Fruits', 'Veggies', 'HvyAlcoholConsump', 'AnyHealthcare', 'NoDocbcCost', 'GenHlth', 'MentHlth', 'PhysHlth', 'DiffWalk', 'Sex', 'Age', 'Education', 'Income']
2026-04-23 18:31:25,343 | INFO | Train size: 8000
2026-04-23 18:31:25,343 | INFO | Test size : 2000
2026-04-23 18:31:25,343 | INFO | STEP 02 COMPLETED
2026-04-23 18:31:25,343 | INFO | ============================================================
2026-04-23 18:31:25,343 | INFO | STEP 03 - BASELINE MODELS
2026-04-23 18:31:25,343 | INFO | ============================================================
2026-04-23 18:31:25,343 | INFO | Training baseline model: logistic_regression
2026-04-23 18:31:25,363 | INFO | Training time for logistic_regression: 0.02s
2026-04-23 18:31:25,363 | INFO | Evaluating model: logistic_regression
2026-04-23 18:31:25,485 | INFO | Saved confusion matrix: C:\Projects\uit\diabetes-xai-agreement\outputs\cdc_brfss_2021_rebuilt\confusion_matrix\logistic_regression_confusion_matrix.png
2026-04-23 18:31:25,486 | INFO | Metrics for logistic_regression: {'model': 'logistic_regression', 'accuracy': 0.705, 'f1': 0.45269016697588127, 'roc_auc': 0.7853983321979578, 'sensitivity': np.float64(0.7554179566563467), 'specificity': np.float64(0.6952892069171139), 'training_time_s': 0.02}
2026-04-23 18:31:25,486 | INFO | Training baseline model: decision_tree
2026-04-23 18:31:25,523 | INFO | Training time for decision_tree: 0.04s
2026-04-23 18:31:25,524 | INFO | Evaluating model: decision_tree
2026-04-23 18:31:25,664 | INFO | Saved confusion matrix: C:\Projects\uit\diabetes-xai-agreement\outputs\cdc_brfss_2021_rebuilt\confusion_matrix\decision_tree_confusion_matrix.png
2026-04-23 18:31:25,665 | INFO | Metrics for decision_tree: {'model': 'decision_tree', 'accuracy': 0.774, 'f1': 0.31722054380664655, 'roc_auc': 0.5931589470361159, 'sensitivity': np.float64(0.32507739938080493), 'specificity': np.float64(0.8604651162790697), 'training_time_s': 0.04}
2026-04-23 18:31:25,665 | INFO | Training baseline model: random_forest
2026-04-23 18:31:27,345 | INFO | Training time for random_forest: 1.68s
2026-04-23 18:31:27,345 | INFO | Evaluating model: random_forest
2026-04-23 18:31:27,609 | INFO | Saved confusion matrix: C:\Projects\uit\diabetes-xai-agreement\outputs\cdc_brfss_2021_rebuilt\confusion_matrix\random_forest_confusion_matrix.png
2026-04-23 18:31:27,610 | INFO | Metrics for random_forest: {'model': 'random_forest', 'accuracy': 0.8355, 'f1': 0.2471395881006865, 'roc_auc': 0.7707759876382527, 'sensitivity': np.float64(0.16718266253869968), 'specificity': np.float64(0.964221824686941), 'training_time_s': 1.68}
2026-04-23 18:31:27,610 | INFO | Training baseline model: knn
2026-04-23 18:31:27,619 | INFO | Training time for knn: 0.01s
2026-04-23 18:31:27,619 | INFO | Evaluating model: knn
2026-04-23 18:31:29,272 | INFO | Saved confusion matrix: C:\Projects\uit\diabetes-xai-agreement\outputs\cdc_brfss_2021_rebuilt\confusion_matrix\knn_confusion_matrix.png
2026-04-23 18:31:29,272 | INFO | Metrics for knn: {'model': 'knn', 'accuracy': 0.8225, 'f1': 0.23655913978494625, 'roc_auc': 0.7028934537754468, 'sensitivity': np.float64(0.17027863777089783), 'specificity': np.float64(0.9481216457960644), 'training_time_s': 0.01}
2026-04-23 18:31:29,272 | INFO | STEP 03 COMPLETED
2026-04-23 18:31:29,272 | INFO | ============================================================
2026-04-23 18:31:29,272 | INFO | STEP 04 - PROPOSED MODELS
2026-04-23 18:31:29,272 | INFO | ============================================================
2026-04-23 18:31:29,272 | INFO | Training proposed model: ann
2026-04-23 18:31:34,460 | INFO | Training time for ann: 5.19s
2026-04-23 18:31:34,461 | INFO | Evaluating model: ann
2026-04-23 18:31:34,588 | INFO | Saved confusion matrix: C:\Projects\uit\diabetes-xai-agreement\outputs\cdc_brfss_2021_rebuilt\confusion_matrix\ann_confusion_matrix.png
2026-04-23 18:31:34,589 | INFO | Training proposed model: xgboost
2026-04-23 18:31:34,911 | INFO | Training time for xgboost: 0.32s
2026-04-23 18:31:34,911 | INFO | Evaluating model: xgboost
2026-04-23 18:31:35,084 | INFO | Saved confusion matrix: C:\Projects\uit\diabetes-xai-agreement\outputs\cdc_brfss_2021_rebuilt\confusion_matrix\xgboost_confusion_matrix.png
2026-04-23 18:31:35,084 | INFO | Selecting best model...
2026-04-23 18:31:35,084 | INFO | Best model selected: xgboost
2026-04-23 18:31:35,084 | INFO | ROC-AUC: 0.7829
2026-04-23 18:31:35,084 | INFO | STEP 04 COMPLETED
2026-04-23 18:31:35,084 | INFO | Using ACTIVE_MODEL for XAI: xgboost
2026-04-23 18:31:35,084 | INFO | XAI model: xgboost
2026-04-23 18:31:35,085 | INFO | ============================================================
2026-04-23 18:31:35,085 | INFO | STEP 05 - EXPLAINABILITY (SHAP + PERMUTATION FI)
2026-04-23 18:31:35,085 | INFO | ============================================================
2026-04-23 18:31:35,085 | INFO | Running SHAP analysis for: xgboost
2026-04-23 18:31:35,085 | INFO | Running SHAP analysis for model: xgboost
2026-04-23 18:31:35,181 | INFO | TreeExplainer: OK
2026-04-23 18:31:35,300 | INFO | SHAP computation time: 0.21s
2026-04-23 18:31:36,083 | INFO | Saved: C:\Projects\uit\diabetes-xai-agreement\outputs\cdc_brfss_2021_rebuilt\shap\xgboost_shap_summary.png
2026-04-23 18:31:36,611 | INFO | Saved: C:\Projects\uit\diabetes-xai-agreement\outputs\cdc_brfss_2021_rebuilt\shap\xgboost_shap_bar.png
2026-04-23 18:31:36,615 | INFO | Saved: C:\Projects\uit\diabetes-xai-agreement\outputs\cdc_brfss_2021_rebuilt\shap\xgboost_shap_feature_importance.csv
2026-04-23 18:31:36,615 | INFO | SHAP analysis completed
2026-04-23 18:31:36,618 | INFO | SHAP analysis completed in 0.21s
2026-04-23 18:31:36,619 | INFO | Running Permutation Importance for: xgboost (scoring=roc_auc, n_repeats=10)
2026-04-23 18:31:44,779 | INFO | Permutation FI saved to: C:\Projects\uit\diabetes-xai-agreement\outputs\cdc_brfss_2021_rebuilt\fi\xgboost_feature_importance.csv (8.1571s)
2026-04-23 18:31:44,779 | INFO | Permutation FI completed in 8.1571s
2026-04-23 18:31:44,779 | INFO | STEP 05 COMPLETED
2026-04-23 18:31:44,780 | INFO | ============================================================
2026-04-23 18:31:44,780 | INFO | STEP 06 - RESULT VISUALIZATION
2026-04-23 18:31:44,780 | INFO | ============================================================
2026-04-23 18:31:45,044 | INFO | STEP 06 COMPLETED
2026-04-23 18:31:45,044 | INFO | ============================================================
2026-04-23 18:31:45,044 | INFO | STEP 07 - ERROR ANALYSIS + FAIRNESS (EQUALIZED ODDS)
2026-04-23 18:31:45,044 | INFO | ============================================================
2026-04-23 18:31:45,076 | INFO | Saved error analysis outputs to C:\Projects\uit\diabetes-xai-agreement\outputs\cdc_brfss_2021_rebuilt\analysis
2026-04-23 18:31:45,077 | INFO | Running Equalized Odds fairness analysis for: xgboost
2026-04-23 18:31:45,114 | INFO |   Saved: C:\Projects\uit\diabetes-xai-agreement\outputs\cdc_brfss_2021_rebuilt\analysis\xgboost_fairness_age_detail.csv
2026-04-23 18:31:45,114 | INFO |   Age: dTPR=0.271  dFPR=0.096  EO=0.271  [Nghiem trong]
2026-04-23 18:31:45,125 | INFO |   Saved: C:\Projects\uit\diabetes-xai-agreement\outputs\cdc_brfss_2021_rebuilt\analysis\xgboost_fairness_sex_detail.csv
2026-04-23 18:31:45,125 | INFO |   Sex: dTPR=0.008  dFPR=0.011  EO=0.011  [Tot]
2026-04-23 18:31:45,144 | INFO |   Saved: C:\Projects\uit\diabetes-xai-agreement\outputs\cdc_brfss_2021_rebuilt\analysis\xgboost_fairness_income_detail.csv
2026-04-23 18:31:45,144 | INFO |   Income: dTPR=0.308  dFPR=0.210  EO=0.308  [Nghiem trong]
2026-04-23 18:31:45,147 | INFO |   Saved summary: C:\Projects\uit\diabetes-xai-agreement\outputs\cdc_brfss_2021_rebuilt\analysis\xgboost_fairness_equalized_odds_summary.csv
2026-04-23 18:31:45,147 | INFO | Equalized Odds fairness analysis completed
2026-04-23 18:31:45,148 | INFO | Equalized Odds Summary:
2026-04-23 18:31:45,148 | INFO |   Age     : dTPR=0.271  dFPR=0.096  EO=0.271  [Nghiem trong]
2026-04-23 18:31:45,149 | INFO |   Sex     : dTPR=0.008  dFPR=0.011  EO=0.011  [Tot]
2026-04-23 18:31:45,149 | INFO |   Income  : dTPR=0.308  dFPR=0.210  EO=0.308  [Nghiem trong]
2026-04-23 18:31:45,149 | INFO | Saved error analysis outputs to C:\Projects\uit\diabetes-xai-agreement\outputs\cdc_brfss_2021_rebuilt\analysis
2026-04-23 18:31:45,149 | INFO | STEP 07 COMPLETED
2026-04-23 18:31:45,150 | INFO | ============================================================
2026-04-23 18:31:45,150 | INFO | STEP 08 - STATISTICAL TEST
2026-04-23 18:31:45,150 | INFO | ============================================================
2026-04-23 18:31:45,166 | INFO | Saved statistical test results to C:\Projects\uit\diabetes-xai-agreement\outputs\cdc_brfss_2021_rebuilt\analysis\statistical_test_results.csv
2026-04-23 18:31:45,166 | INFO | STEP 08 COMPLETED
2026-04-23 18:31:45,167 | INFO | ============================================================
2026-04-23 18:31:45,167 | INFO | STEP 09 - GENERATE RESULT TABLES
2026-04-23 18:31:45,167 | INFO | ============================================================
2026-04-23 18:31:45,171 | INFO | Saved comparison table to C:\Projects\uit\diabetes-xai-agreement\outputs\cdc_brfss_2021_rebuilt\tables\model_comparison_table.csv
2026-04-23 18:31:45,171 | INFO | STEP 09 COMPLETED
2026-04-23 18:31:45,171 | INFO | ============================================================
2026-04-23 18:31:45,171 | INFO | STEP 10 - REPRODUCIBILITY
2026-04-23 18:31:45,171 | INFO | ============================================================
2026-04-23 18:31:45,210 | INFO | Saved experiment summary to C:\Projects\uit\diabetes-xai-agreement\outputs\cdc_brfss_2021_rebuilt\reproducibility\experiment_summary.json
