2026-04-23 18:29:50,803 | INFO | Logging initialized. Log file: C:\Projects\uit\diabetes-xai-agreement\logs\pipeline_20260423182950.log
2026-04-23 18:29:50,803 | INFO | ==============================================================================
2026-04-23 18:29:50,803 | INFO | [BOOTSTRAP] DATASET=cdc_brfss_2015_rebuilt MODEL=random_forest
2026-04-23 18:29:50,803 | INFO | ==============================================================================
2026-04-23 18:29:50,803 | INFO | ============================================================
2026-04-23 18:29:50,803 | INFO | STEP 01 - LOAD AND INSPECT DATASET
2026-04-23 18:29:50,804 | INFO | ============================================================
2026-04-23 18:29:51,847 | INFO | DEBUG MODE: sampling 10000 rows from 440658
2026-04-23 18:29:51,872 | INFO | Dataset rows after sampling: 10000
2026-04-23 18:29:51,873 | INFO | Dataset config: {'path': WindowsPath('C:/Projects/uit/diabetes-xai-agreement/data/processed/cdc_brfss_2015_rebuilt.csv'), 'target': 'Diabetes_binary', 'slug': 'cdc_brfss_2015_rebuilt', 'task': 'classification', 'include_columns': None}
2026-04-23 18:29:51,873 | INFO | Active dataset : cdc_brfss_2015_rebuilt
2026-04-23 18:29:51,873 | INFO | Dataset path   : C:\Projects\uit\diabetes-xai-agreement\data\processed\cdc_brfss_2015_rebuilt.csv
2026-04-23 18:29:51,873 | INFO | Target column  : Diabetes_binary
2026-04-23 18:29:51,873 | INFO | Rows    : 10000
2026-04-23 18:29:51,873 | INFO | Columns : 22
2026-04-23 18:29:51,874 | INFO | Columns: ['Diabetes_binary', 'HighBP', 'HighChol', 'CholCheck', 'BMI', 'Smoker', 'Stroke', 'HeartDiseaseorAttack', 'PhysActivity', 'Fruits', 'Veggies', 'HvyAlcoholConsump', 'AnyHealthcare', 'NoDocbcCost', 'GenHlth', 'MentHlth', 'PhysHlth', 'DiffWalk', 'Sex', 'Age', 'Education', 'Income']
2026-04-23 18:29:51,874 | INFO | 
   Diabetes_binary  HighBP  HighChol  CholCheck  ...  Sex  Age  Education  Income
0                0       1         1          1  ...    2   10          5       6
1                0       1         0          1  ...    2    6          6       6
2                0       1         1          1  ...    2   10          5       6
3                0       1         1          1  ...    2   11          5       5
4                0       1         1          1  ...    1   10          5       6

[5 rows x 22 columns]
2026-04-23 18:29:51,907 | INFO | Target distribution:
2026-04-23 18:29:51,908 | INFO | Diabetes_binary
0    8565
1    1435
Name: count, dtype: int64
2026-04-23 18:29:51,909 | INFO | Target ratio:
2026-04-23 18:29:51,909 | INFO | Diabetes_binary
0    0.8565
1    0.1435
Name: proportion, dtype: float64
2026-04-23 18:29:51,911 | INFO | Missing values:
2026-04-23 18:29:51,911 | INFO | No missing values
2026-04-23 18:29:51,911 | INFO | STEP 01 COMPLETED
2026-04-23 18:29:53,293 | INFO | ============================================================
2026-04-23 18:29:53,293 | INFO | STEP 02 - DATA PREPROCESSING
2026-04-23 18:29:53,293 | INFO | ============================================================
2026-04-23 18:29:53,294 | INFO | Dataset shape: (10000, 22)
2026-04-23 18:29:53,294 | INFO | Number of selected features: 21
2026-04-23 18:29:53,294 | INFO | Categorical features (0): []
2026-04-23 18:29:53,294 | INFO | Numerical features (21): ['HighBP', 'HighChol', 'CholCheck', 'BMI', 'Smoker', 'Stroke', 'HeartDiseaseorAttack', 'PhysActivity', 'Fruits', 'Veggies', 'HvyAlcoholConsump', 'AnyHealthcare', 'NoDocbcCost', 'GenHlth', 'MentHlth', 'PhysHlth', 'DiffWalk', 'Sex', 'Age', 'Education', 'Income']
2026-04-23 18:29:53,301 | INFO | Train size: 8000
2026-04-23 18:29:53,301 | INFO | Test size : 2000
2026-04-23 18:29:53,301 | INFO | STEP 02 COMPLETED
2026-04-23 18:29:53,301 | INFO | ============================================================
2026-04-23 18:29:53,301 | INFO | STEP 03 - BASELINE MODELS
2026-04-23 18:29:53,301 | INFO | ============================================================
2026-04-23 18:29:53,301 | INFO | Training baseline model: logistic_regression
2026-04-23 18:29:53,320 | INFO | Training time for logistic_regression: 0.02s
2026-04-23 18:29:53,321 | INFO | Evaluating model: logistic_regression
2026-04-23 18:29:53,449 | INFO | Saved confusion matrix: C:\Projects\uit\diabetes-xai-agreement\outputs\cdc_brfss_2015_rebuilt\confusion_matrix\logistic_regression_confusion_matrix.png
2026-04-23 18:29:53,450 | INFO | Metrics for logistic_regression: {'model': 'logistic_regression', 'accuracy': 0.7105, 'f1': 0.42502482621648463, 'roc_auc': 0.7929829485935591, 'sensitivity': np.float64(0.7456445993031359), 'specificity': np.float64(0.7046117921774664), 'training_time_s': 0.02}
2026-04-23 18:29:53,450 | INFO | Training baseline model: decision_tree
2026-04-23 18:29:53,486 | INFO | Training time for decision_tree: 0.04s
2026-04-23 18:29:53,486 | INFO | Evaluating model: decision_tree
2026-04-23 18:29:53,631 | INFO | Saved confusion matrix: C:\Projects\uit\diabetes-xai-agreement\outputs\cdc_brfss_2015_rebuilt\confusion_matrix\decision_tree_confusion_matrix.png
2026-04-23 18:29:53,631 | INFO | Metrics for decision_tree: {'model': 'decision_tree', 'accuracy': 0.783, 'f1': 0.23859649122807017, 'roc_auc': 0.5556331883058636, 'sensitivity': np.float64(0.23693379790940766), 'specificity': np.float64(0.8744892002335085), 'training_time_s': 0.04}
2026-04-23 18:29:53,631 | INFO | Training baseline model: random_forest
2026-04-23 18:29:54,883 | INFO | Training time for random_forest: 1.25s
2026-04-23 18:29:54,883 | INFO | Evaluating model: random_forest
2026-04-23 18:29:55,144 | INFO | Saved confusion matrix: C:\Projects\uit\diabetes-xai-agreement\outputs\cdc_brfss_2015_rebuilt\confusion_matrix\random_forest_confusion_matrix.png
2026-04-23 18:29:55,145 | INFO | Metrics for random_forest: {'model': 'random_forest', 'accuracy': 0.8485, 'f1': 0.17886178861788618, 'roc_auc': 0.7638869395949401, 'sensitivity': np.float64(0.11498257839721254), 'specificity': np.float64(0.971395213076474), 'training_time_s': 1.25}
2026-04-23 18:29:55,145 | INFO | Training baseline model: knn
2026-04-23 18:29:55,155 | INFO | Training time for knn: 0.01s
2026-04-23 18:29:55,155 | INFO | Evaluating model: knn
2026-04-23 18:29:56,864 | INFO | Saved confusion matrix: C:\Projects\uit\diabetes-xai-agreement\outputs\cdc_brfss_2015_rebuilt\confusion_matrix\knn_confusion_matrix.png
2026-04-23 18:29:56,864 | INFO | Metrics for knn: {'model': 'knn', 'accuracy': 0.837, 'f1': 0.21256038647342995, 'roc_auc': 0.6668731223214158, 'sensitivity': np.float64(0.15331010452961671), 'specificity': np.float64(0.9515469935785172), 'training_time_s': 0.01}
2026-04-23 18:29:56,864 | INFO | STEP 03 COMPLETED
2026-04-23 18:29:56,864 | INFO | ============================================================
2026-04-23 18:29:56,864 | INFO | STEP 04 - PROPOSED MODELS
2026-04-23 18:29:56,864 | INFO | ============================================================
2026-04-23 18:29:56,865 | INFO | Training proposed model: ann
2026-04-23 18:30:01,337 | INFO | Training time for ann: 4.47s
2026-04-23 18:30:01,337 | INFO | Evaluating model: ann
2026-04-23 18:30:01,757 | INFO | Saved confusion matrix: C:\Projects\uit\diabetes-xai-agreement\outputs\cdc_brfss_2015_rebuilt\confusion_matrix\ann_confusion_matrix.png
2026-04-23 18:30:01,757 | INFO | Training proposed model: xgboost
2026-04-23 18:30:02,077 | INFO | Training time for xgboost: 0.32s
2026-04-23 18:30:02,077 | INFO | Evaluating model: xgboost
2026-04-23 18:30:02,251 | INFO | Saved confusion matrix: C:\Projects\uit\diabetes-xai-agreement\outputs\cdc_brfss_2015_rebuilt\confusion_matrix\xgboost_confusion_matrix.png
2026-04-23 18:30:02,251 | INFO | Selecting best model...
2026-04-23 18:30:02,251 | INFO | Best model selected: xgboost
2026-04-23 18:30:02,251 | INFO | ROC-AUC: 0.7779
2026-04-23 18:30:02,251 | INFO | STEP 04 COMPLETED
2026-04-23 18:30:02,251 | INFO | Using ACTIVE_MODEL for XAI: random_forest
2026-04-23 18:30:02,251 | INFO | XAI model: random_forest
2026-04-23 18:30:02,251 | INFO | ============================================================
2026-04-23 18:30:02,251 | INFO | STEP 05 - EXPLAINABILITY (SHAP + PERMUTATION FI)
2026-04-23 18:30:02,251 | INFO | ============================================================
2026-04-23 18:30:02,252 | INFO | Running SHAP analysis for: random_forest
2026-04-23 18:30:02,252 | INFO | Running SHAP analysis for model: random_forest
2026-04-23 18:30:02,313 | INFO | TreeExplainer: OK
2026-04-23 18:30:40,521 | INFO | SHAP computation time: 38.27s
2026-04-23 18:30:41,155 | INFO | Saved: C:\Projects\uit\diabetes-xai-agreement\outputs\cdc_brfss_2015_rebuilt\shap\random_forest_shap_summary.png
2026-04-23 18:30:41,454 | INFO | Saved: C:\Projects\uit\diabetes-xai-agreement\outputs\cdc_brfss_2015_rebuilt\shap\random_forest_shap_bar.png
2026-04-23 18:30:41,458 | INFO | Saved: C:\Projects\uit\diabetes-xai-agreement\outputs\cdc_brfss_2015_rebuilt\shap\random_forest_shap_feature_importance.csv
2026-04-23 18:30:41,458 | INFO | SHAP analysis completed
2026-04-23 18:30:41,464 | INFO | SHAP analysis completed in 38.27s
2026-04-23 18:30:41,464 | INFO | Running Permutation Importance for: random_forest (scoring=roc_auc, n_repeats=10)
2026-04-23 18:30:52,012 | INFO | Permutation FI saved to: C:\Projects\uit\diabetes-xai-agreement\outputs\cdc_brfss_2015_rebuilt\fi\random_forest_feature_importance.csv (10.5442s)
2026-04-23 18:30:52,012 | INFO | Permutation FI completed in 10.5442s
2026-04-23 18:30:52,012 | INFO | STEP 05 COMPLETED
2026-04-23 18:30:52,012 | INFO | ============================================================
2026-04-23 18:30:52,012 | INFO | STEP 06 - RESULT VISUALIZATION
2026-04-23 18:30:52,012 | INFO | ============================================================
2026-04-23 18:30:52,175 | INFO | STEP 06 COMPLETED
2026-04-23 18:30:52,175 | INFO | ============================================================
2026-04-23 18:30:52,175 | INFO | STEP 07 - ERROR ANALYSIS + FAIRNESS (EQUALIZED ODDS)
2026-04-23 18:30:52,175 | INFO | ============================================================
2026-04-23 18:30:52,253 | INFO | Saved error analysis outputs to C:\Projects\uit\diabetes-xai-agreement\outputs\cdc_brfss_2015_rebuilt\analysis
2026-04-23 18:30:52,253 | INFO | Running Equalized Odds fairness analysis for: random_forest
2026-04-23 18:30:52,330 | INFO |   Saved: C:\Projects\uit\diabetes-xai-agreement\outputs\cdc_brfss_2015_rebuilt\analysis\random_forest_fairness_age_detail.csv
2026-04-23 18:30:52,330 | INFO |   Age: dTPR=0.188  dFPR=0.058  EO=0.188  [Đang lo ngai]
2026-04-23 18:30:52,335 | INFO |   Saved: C:\Projects\uit\diabetes-xai-agreement\outputs\cdc_brfss_2015_rebuilt\analysis\random_forest_fairness_sex_detail.csv
2026-04-23 18:30:52,335 | INFO |   Sex: dTPR=0.051  dFPR=0.014  EO=0.051  [Chap nhan duoc]
2026-04-23 18:30:52,342 | INFO |   Saved: C:\Projects\uit\diabetes-xai-agreement\outputs\cdc_brfss_2015_rebuilt\analysis\random_forest_fairness_income_detail.csv
2026-04-23 18:30:52,342 | INFO |   Income: dTPR=0.148  dFPR=0.051  EO=0.148  [Đang lo ngai]
2026-04-23 18:30:52,344 | INFO |   Saved summary: C:\Projects\uit\diabetes-xai-agreement\outputs\cdc_brfss_2015_rebuilt\analysis\random_forest_fairness_equalized_odds_summary.csv
2026-04-23 18:30:52,344 | INFO | Equalized Odds fairness analysis completed
2026-04-23 18:30:52,344 | INFO | Equalized Odds Summary:
2026-04-23 18:30:52,345 | INFO |   Age     : dTPR=0.188  dFPR=0.058  EO=0.188  [Đang lo ngai]
2026-04-23 18:30:52,345 | INFO |   Sex     : dTPR=0.051  dFPR=0.014  EO=0.051  [Chap nhan duoc]
2026-04-23 18:30:52,345 | INFO |   Income  : dTPR=0.148  dFPR=0.051  EO=0.148  [Đang lo ngai]
2026-04-23 18:30:52,345 | INFO | Saved error analysis outputs to C:\Projects\uit\diabetes-xai-agreement\outputs\cdc_brfss_2015_rebuilt\analysis
2026-04-23 18:30:52,345 | INFO | STEP 07 COMPLETED
2026-04-23 18:30:52,345 | INFO | ============================================================
2026-04-23 18:30:52,345 | INFO | STEP 08 - STATISTICAL TEST
2026-04-23 18:30:52,345 | INFO | ============================================================
2026-04-23 18:30:52,355 | INFO | Saved statistical test results to C:\Projects\uit\diabetes-xai-agreement\outputs\cdc_brfss_2015_rebuilt\analysis\statistical_test_results.csv
2026-04-23 18:30:52,355 | INFO | STEP 08 COMPLETED
2026-04-23 18:30:52,355 | INFO | ============================================================
2026-04-23 18:30:52,355 | INFO | STEP 09 - GENERATE RESULT TABLES
2026-04-23 18:30:52,356 | INFO | ============================================================
2026-04-23 18:30:52,358 | INFO | Saved comparison table to C:\Projects\uit\diabetes-xai-agreement\outputs\cdc_brfss_2015_rebuilt\tables\model_comparison_table.csv
2026-04-23 18:30:52,358 | INFO | STEP 09 COMPLETED
2026-04-23 18:30:52,359 | INFO | ============================================================
2026-04-23 18:30:52,359 | INFO | STEP 10 - REPRODUCIBILITY
2026-04-23 18:30:52,359 | INFO | ============================================================
2026-04-23 18:30:52,379 | INFO | Saved experiment summary to C:\Projects\uit\diabetes-xai-agreement\outputs\cdc_brfss_2015_rebuilt\reproducibility\experiment_summary.json
