2026-04-24 13:40:27,469 | INFO | Logging initialized. Log file: C:\Projects\uit\diabetes-xai-agreement\logs\pipeline_20260424134027.log
2026-04-24 13:40:27,469 | INFO | ==============================================================================
2026-04-24 13:40:27,469 | INFO | [BOOTSTRAP] DATASET=cdc_brfss_2023_rebuilt MODEL=random_forest
2026-04-24 13:40:27,470 | INFO | ==============================================================================
2026-04-24 13:40:27,470 | INFO | ============================================================
2026-04-24 13:40:27,470 | INFO | STEP 01 - LOAD AND INSPECT DATASET
2026-04-24 13:40:27,471 | INFO | ============================================================
2026-04-24 13:40:28,344 | INFO | Dataset rows after sampling: 432339
2026-04-24 13:40:28,344 | INFO | Dataset config: {'path': WindowsPath('C:/Projects/uit/diabetes-xai-agreement/data/processed/cdc_brfss_2023_rebuilt.csv'), 'target': 'Diabetes_binary', 'slug': 'cdc_brfss_2023_rebuilt', 'task': 'classification', 'include_columns': None}
2026-04-24 13:40:28,344 | INFO | Active dataset : cdc_brfss_2023_rebuilt
2026-04-24 13:40:28,345 | INFO | Dataset path   : C:\Projects\uit\diabetes-xai-agreement\data\processed\cdc_brfss_2023_rebuilt.csv
2026-04-24 13:40:28,345 | INFO | Target column  : Diabetes_binary
2026-04-24 13:40:28,345 | INFO | Rows    : 432339
2026-04-24 13:40:28,345 | INFO | Columns : 22
2026-04-24 13:40:28,345 | INFO | Columns: ['Diabetes_binary', 'HighBP', 'HighChol', 'CholCheck', 'BMI', 'Smoker', 'Stroke', 'HeartDiseaseorAttack', 'PhysActivity', 'Fruits', 'Veggies', 'HvyAlcoholConsump', 'AnyHealthcare', 'NoDocbcCost', 'GenHlth', 'MentHlth', 'PhysHlth', 'DiffWalk', 'Sex', 'Age', 'Education', 'Income']
2026-04-24 13:40:28,345 | INFO | 
   Diabetes_binary  HighBP  HighChol  CholCheck  ...  Sex  Age  Education  Income
0                1       1         0          0  ...    2   13          5       6
1                0       1         1          0  ...    2   13          5       6
2                0       1         1          0  ...    2   13          4       2
3                0       1         0          0  ...    2   12          5       6
4                1       1         0          0  ...    2   12          5       6

[5 rows x 22 columns]
2026-04-24 13:40:28,367 | INFO | Target distribution:
2026-04-24 13:40:28,370 | INFO | Diabetes_binary
0    361959
1     70380
Name: count, dtype: int64
2026-04-24 13:40:28,370 | INFO | Target ratio:
2026-04-24 13:40:28,373 | INFO | Diabetes_binary
0    0.837211
1    0.162789
Name: proportion, dtype: float64
2026-04-24 13:40:28,387 | INFO | Missing values:
2026-04-24 13:40:28,388 | INFO | No missing values
2026-04-24 13:40:28,388 | INFO | STEP 01 COMPLETED
2026-04-24 13:40:30,736 | INFO | ============================================================
2026-04-24 13:40:30,736 | INFO | STEP 02 - DATA PREPROCESSING
2026-04-24 13:40:30,736 | INFO | ============================================================
2026-04-24 13:40:30,737 | INFO | Dataset shape: (432339, 22)
2026-04-24 13:40:30,737 | INFO | Number of selected features: 21
2026-04-24 13:40:30,737 | INFO | Categorical features (0): []
2026-04-24 13:40:30,737 | INFO | Numerical features (21): ['HighBP', 'HighChol', 'CholCheck', 'BMI', 'Smoker', 'Stroke', 'HeartDiseaseorAttack', 'PhysActivity', 'Fruits', 'Veggies', 'HvyAlcoholConsump', 'AnyHealthcare', 'NoDocbcCost', 'GenHlth', 'MentHlth', 'PhysHlth', 'DiffWalk', 'Sex', 'Age', 'Education', 'Income']
2026-04-24 13:40:30,935 | INFO | Train size: 345871
2026-04-24 13:40:30,935 | INFO | Test size : 86468
2026-04-24 13:40:30,935 | INFO | STEP 02 COMPLETED
2026-04-24 13:40:30,935 | INFO | ============================================================
2026-04-24 13:40:30,935 | INFO | STEP 03 - BASELINE MODELS
2026-04-24 13:40:30,935 | INFO | ============================================================
2026-04-24 13:40:30,935 | INFO | Training baseline model: logistic_regression
2026-04-24 13:40:31,294 | INFO | Training time for logistic_regression: 0.36s
2026-04-24 13:40:31,294 | INFO | Evaluating model: logistic_regression
2026-04-24 13:40:31,487 | INFO | Saved confusion matrix: C:\Projects\uit\diabetes-xai-agreement\outputs\cdc_brfss_2023_rebuilt\confusion_matrix\logistic_regression_confusion_matrix.png
2026-04-24 13:40:31,487 | INFO | Metrics for logistic_regression: {'model': 'logistic_regression', 'accuracy': 0.7128764398390156, 'f1': 0.4581268961302573, 'roc_auc': 0.8005308251409844, 'sensitivity': np.float64(0.7455953395851094), 'specificity': np.float64(0.7065145319924854), 'training_time_s': 0.36}
2026-04-24 13:40:31,487 | INFO | Training baseline model: decision_tree
2026-04-24 13:40:33,352 | INFO | Training time for decision_tree: 1.87s
2026-04-24 13:40:33,353 | INFO | Evaluating model: decision_tree
2026-04-24 13:40:33,575 | INFO | Saved confusion matrix: C:\Projects\uit\diabetes-xai-agreement\outputs\cdc_brfss_2023_rebuilt\confusion_matrix\decision_tree_confusion_matrix.png
2026-04-24 13:40:33,575 | INFO | Metrics for decision_tree: {'model': 'decision_tree', 'accuracy': 0.7630105935143637, 'f1': 0.30123439950896813, 'roc_auc': 0.5822336702073655, 'sensitivity': np.float64(0.31379653310599603), 'specificity': np.float64(0.850356392971599), 'training_time_s': 1.87}
2026-04-24 13:40:33,575 | INFO | Training baseline model: random_forest
2026-04-24 13:41:40,521 | INFO | Training time for random_forest: 66.95s
2026-04-24 13:41:40,521 | INFO | Evaluating model: random_forest
2026-04-24 13:41:50,939 | INFO | Saved confusion matrix: C:\Projects\uit\diabetes-xai-agreement\outputs\cdc_brfss_2023_rebuilt\confusion_matrix\random_forest_confusion_matrix.png
2026-04-24 13:41:50,939 | INFO | Metrics for random_forest: {'model': 'random_forest', 'accuracy': 0.8151570523199334, 'f1': 0.27819175360158965, 'roc_auc': 0.7504695248213045, 'sensitivity': np.float64(0.21881216254617789), 'specificity': np.float64(0.9311111725052492), 'training_time_s': 66.95}
2026-04-24 13:41:50,939 | INFO | Training baseline model: knn
2026-04-24 13:41:51,108 | INFO | Training time for knn: 0.17s
2026-04-24 13:41:51,108 | INFO | Evaluating model: knn
2026-04-24 13:43:39,386 | INFO | Saved confusion matrix: C:\Projects\uit\diabetes-xai-agreement\outputs\cdc_brfss_2023_rebuilt\confusion_matrix\knn_confusion_matrix.png
2026-04-24 13:43:39,386 | INFO | Metrics for knn: {'model': 'knn', 'accuracy': 0.8232872276449091, 'f1': 0.2904244450636203, 'roc_auc': 0.7079070032528845, 'sensitivity': np.float64(0.22215117931230463), 'specificity': np.float64(0.9401729472869931), 'training_time_s': 0.17}
2026-04-24 13:43:39,386 | INFO | STEP 03 COMPLETED
2026-04-24 13:43:39,386 | INFO | ============================================================
2026-04-24 13:43:39,386 | INFO | STEP 04 - PROPOSED MODELS
2026-04-24 13:43:39,386 | INFO | ============================================================
2026-04-24 13:43:39,387 | INFO | Training proposed model: ann
2026-04-24 13:44:56,031 | INFO | Training time for ann: 76.64s
2026-04-24 13:44:56,032 | INFO | Evaluating model: ann
2026-04-24 13:44:56,284 | INFO | Saved confusion matrix: C:\Projects\uit\diabetes-xai-agreement\outputs\cdc_brfss_2023_rebuilt\confusion_matrix\ann_confusion_matrix.png
2026-04-24 13:44:56,284 | INFO | Training proposed model: xgboost
2026-04-24 13:45:00,561 | INFO | Training time for xgboost: 4.28s
2026-04-24 13:45:00,561 | INFO | Evaluating model: xgboost
2026-04-24 13:45:01,038 | INFO | Saved confusion matrix: C:\Projects\uit\diabetes-xai-agreement\outputs\cdc_brfss_2023_rebuilt\confusion_matrix\xgboost_confusion_matrix.png
2026-04-24 13:45:01,038 | INFO | Selecting best model...
2026-04-24 13:45:01,038 | INFO | Best model selected: xgboost
2026-04-24 13:45:01,038 | INFO | ROC-AUC: 0.8082
2026-04-24 13:45:01,038 | INFO | STEP 04 COMPLETED
2026-04-24 13:45:01,038 | INFO | Using ACTIVE_MODEL for XAI: random_forest
2026-04-24 13:45:01,038 | INFO | XAI model: random_forest
2026-04-24 13:45:01,038 | INFO | ============================================================
2026-04-24 13:45:01,038 | INFO | STEP 05 - EXPLAINABILITY (SHAP + PERMUTATION FI)
2026-04-24 13:45:01,038 | INFO | ============================================================
2026-04-24 13:45:01,039 | INFO | Running SHAP analysis for: random_forest
2026-04-24 13:45:01,039 | INFO | Running SHAP analysis for model: random_forest
2026-04-24 13:45:03,884 | INFO | TreeExplainer: OK
2026-04-24 15:04:07,247 | INFO | SHAP computation time: 4746.18s
2026-04-24 15:04:07,996 | INFO | Saved: C:\Projects\uit\diabetes-xai-agreement\outputs\cdc_brfss_2023_rebuilt\shap\random_forest_shap_summary.png
2026-04-24 15:04:08,283 | INFO | Saved: C:\Projects\uit\diabetes-xai-agreement\outputs\cdc_brfss_2023_rebuilt\shap\random_forest_shap_bar.png
2026-04-24 15:04:08,287 | INFO | Saved: C:\Projects\uit\diabetes-xai-agreement\outputs\cdc_brfss_2023_rebuilt\shap\random_forest_shap_feature_importance.csv
2026-04-24 15:04:08,287 | INFO | SHAP analysis completed
2026-04-24 15:04:08,403 | INFO | SHAP analysis completed in 4746.18s
2026-04-24 15:04:08,404 | INFO | Running Permutation Importance for: random_forest (scoring=roc_auc, n_repeats=10)
2026-04-24 15:08:19,369 | WARNING | Permutation FI failed: Could not pickle the task to send it to the workers.
2026-04-24 15:08:19,371 | INFO | STEP 05 COMPLETED
2026-04-24 15:08:19,376 | INFO | ============================================================
2026-04-24 15:08:19,376 | INFO | STEP 06 - RESULT VISUALIZATION
2026-04-24 15:08:19,376 | INFO | ============================================================
2026-04-24 15:08:19,859 | INFO | STEP 06 COMPLETED
2026-04-24 15:08:19,860 | INFO | ============================================================
2026-04-24 15:08:19,860 | INFO | STEP 07 - ERROR ANALYSIS + FAIRNESS (EQUALIZED ODDS)
2026-04-24 15:08:19,860 | INFO | ============================================================
2026-04-24 15:08:27,227 | INFO | Saved error analysis outputs to C:\Projects\uit\diabetes-xai-agreement\outputs\cdc_brfss_2023_rebuilt\analysis
2026-04-24 15:08:27,229 | INFO | Running Equalized Odds fairness analysis for: random_forest
2026-04-24 15:08:33,909 | INFO |   Saved: C:\Projects\uit\diabetes-xai-agreement\outputs\cdc_brfss_2023_rebuilt\analysis\random_forest_fairness_age_detail.csv
2026-04-24 15:08:33,909 | INFO |   Age: dTPR=0.270  dFPR=0.120  EO=0.270  [Nghiem trong]
2026-04-24 15:08:33,923 | INFO |   Saved: C:\Projects\uit\diabetes-xai-agreement\outputs\cdc_brfss_2023_rebuilt\analysis\random_forest_fairness_sex_detail.csv
2026-04-24 15:08:33,923 | INFO |   Sex: dTPR=0.016  dFPR=0.009  EO=0.016  [Tot]
2026-04-24 15:08:33,944 | INFO |   Saved: C:\Projects\uit\diabetes-xai-agreement\outputs\cdc_brfss_2023_rebuilt\analysis\random_forest_fairness_income_detail.csv
2026-04-24 15:08:33,944 | INFO |   Income: dTPR=0.234  dFPR=0.088  EO=0.234  [Nghiem trong]
2026-04-24 15:08:33,947 | INFO |   Saved summary: C:\Projects\uit\diabetes-xai-agreement\outputs\cdc_brfss_2023_rebuilt\analysis\random_forest_fairness_equalized_odds_summary.csv
2026-04-24 15:08:33,947 | INFO | Equalized Odds fairness analysis completed
2026-04-24 15:08:33,951 | INFO | Equalized Odds Summary:
2026-04-24 15:08:33,954 | INFO |   Age     : dTPR=0.270  dFPR=0.120  EO=0.270  [Nghiem trong]
2026-04-24 15:08:33,955 | INFO |   Sex     : dTPR=0.016  dFPR=0.009  EO=0.016  [Tot]
2026-04-24 15:08:33,955 | INFO |   Income  : dTPR=0.234  dFPR=0.088  EO=0.234  [Nghiem trong]
2026-04-24 15:08:33,955 | INFO | Saved error analysis outputs to C:\Projects\uit\diabetes-xai-agreement\outputs\cdc_brfss_2023_rebuilt\analysis
2026-04-24 15:08:33,955 | INFO | STEP 07 COMPLETED
2026-04-24 15:08:33,955 | INFO | ============================================================
2026-04-24 15:08:33,955 | INFO | STEP 08 - STATISTICAL TEST
2026-04-24 15:08:33,955 | INFO | ============================================================
2026-04-24 15:08:34,010 | INFO | Saved statistical test results to C:\Projects\uit\diabetes-xai-agreement\outputs\cdc_brfss_2023_rebuilt\analysis\statistical_test_results.csv
2026-04-24 15:08:34,010 | INFO | STEP 08 COMPLETED
2026-04-24 15:08:34,010 | INFO | ============================================================
2026-04-24 15:08:34,010 | INFO | STEP 09 - GENERATE RESULT TABLES
2026-04-24 15:08:34,010 | INFO | ============================================================
2026-04-24 15:08:34,014 | INFO | Saved comparison table to C:\Projects\uit\diabetes-xai-agreement\outputs\cdc_brfss_2023_rebuilt\tables\model_comparison_table.csv
2026-04-24 15:08:34,014 | INFO | STEP 09 COMPLETED
2026-04-24 15:08:34,016 | INFO | ============================================================
2026-04-24 15:08:34,016 | INFO | STEP 10 - REPRODUCIBILITY
2026-04-24 15:08:34,016 | INFO | ============================================================
2026-04-24 15:08:34,076 | INFO | Saved experiment summary to C:\Projects\uit\diabetes-xai-agreement\outputs\cdc_brfss_2023_rebuilt\reproducibility\experiment_summary.json
2026-04-24 15:08:34,193 | INFO | Saved environment info to C:\Projects\uit\diabetes-xai-agreement\outputs\cdc_brfss_2023_rebuilt\reproducibility\environment.json
2026-04-24 15:08:34,193 | INFO | STEP 10 COMPLETED
2026-04-24 15:08:34,194 | INFO | ============================================================
2026-04-24 15:08:34,194 | INFO | STEP 11 - AUTO REPORT GENERATION
2026-04-24 15:08:34,194 | INFO | ============================================================
2026-04-24 15:08:34,196 | INFO | Report generated at: C:\Projects\uit\diabetes-xai-agreement\outputs\cdc_brfss_2023_rebuilt\auto_report.md
2026-04-24 15:08:34,196 | INFO | STEP 11 COMPLETED
