2026-04-24 07:16:32 | INFO | ================================================================================
2026-04-24 07:16:32 | INFO | START SCRIPT: run_xai_agreement.py
2026-04-24 07:16:32 | INFO | Project root: C:\Projects\uit\diabetes-xai-agreement
2026-04-24 07:16:32 | INFO | Output dir: C:\Projects\uit\diabetes-xai-agreement\outputs
2026-04-24 07:16:32 | INFO | Agreement output dir: C:\Projects\uit\diabetes-xai-agreement\outputs\xai_agreement
2026-04-24 07:16:32 | INFO | Plots dir: C:\Projects\uit\diabetes-xai-agreement\outputs\xai_agreement\plots
2026-04-24 07:16:32 | INFO | Log file: C:\Projects\uit\diabetes-xai-agreement\logs\run_xai_agreement_20260424_071632.log
2026-04-24 07:16:32 | INFO | ================================================================================
2026-04-24 07:16:32 | INFO | Dataset output folder found: C:\Projects\uit\diabetes-xai-agreement\outputs\cdc_brfss_2015_rebuilt
2026-04-24 07:16:32 | INFO | Dataset output folder found: C:\Projects\uit\diabetes-xai-agreement\outputs\cdc_brfss_2021_rebuilt
2026-04-24 07:16:32 | INFO | Dataset output folder found: C:\Projects\uit\diabetes-xai-agreement\outputs\cdc_brfss_2023_rebuilt
2026-04-24 07:16:32 | INFO | Using datasets: ['cdc_brfss_2015_rebuilt', 'cdc_brfss_2021_rebuilt', 'cdc_brfss_2023_rebuilt']
2026-04-24 07:16:32 | INFO | Using models: ['xgboost', 'random_forest', 'logistic_regression']
2026-04-24 07:16:32 | INFO | Alpha levels: [0.7, 0.8, 0.9]
2026-04-24 07:16:32 | INFO | RBO p: 0.90
2026-04-24 07:16:32 | INFO | STEP 01 | Building cABC groups and per-run plots
2026-04-24 07:16:32 | INFO | Loaded SHAP importance | dataset=cdc_brfss_2015_rebuilt | model=xgboost | rows=21 | path=C:\Projects\uit\diabetes-xai-agreement\outputs\cdc_brfss_2015_rebuilt\shap\xgboost_shap_feature_importance.csv
2026-04-24 07:16:32 | INFO | Saved plot: C:\Projects\uit\diabetes-xai-agreement\outputs\xai_agreement\plots\cabc_per_run\cdc_brfss_2015_rebuilt_xgboost_shap_cabc_both_breakpoints.png
2026-04-24 07:16:33 | INFO | Saved plot: C:\Projects\uit\diabetes-xai-agreement\outputs\xai_agreement\plots\cabc_per_run\cdc_brfss_2015_rebuilt_xgboost_shap_cabc_two_pass.png
2026-04-24 07:16:33 | INFO | Loaded FI importance | dataset=cdc_brfss_2015_rebuilt | model=xgboost | rows=21 | path=C:\Projects\uit\diabetes-xai-agreement\outputs\cdc_brfss_2015_rebuilt\fi\xgboost_feature_importance.csv
2026-04-24 07:16:33 | INFO | Saved plot: C:\Projects\uit\diabetes-xai-agreement\outputs\xai_agreement\plots\cabc_per_run\cdc_brfss_2015_rebuilt_xgboost_fi_cabc_both_breakpoints.png
2026-04-24 07:16:34 | INFO | Saved plot: C:\Projects\uit\diabetes-xai-agreement\outputs\xai_agreement\plots\cabc_per_run\cdc_brfss_2015_rebuilt_xgboost_fi_cabc_two_pass.png
2026-04-24 07:16:34 | INFO | Loaded SHAP importance | dataset=cdc_brfss_2015_rebuilt | model=random_forest | rows=21 | path=C:\Projects\uit\diabetes-xai-agreement\outputs\cdc_brfss_2015_rebuilt\shap\random_forest_shap_feature_importance.csv
2026-04-24 07:16:34 | INFO | Saved plot: C:\Projects\uit\diabetes-xai-agreement\outputs\xai_agreement\plots\cabc_per_run\cdc_brfss_2015_rebuilt_random_forest_shap_cabc_both_breakpoints.png
2026-04-24 07:16:35 | INFO | Saved plot: C:\Projects\uit\diabetes-xai-agreement\outputs\xai_agreement\plots\cabc_per_run\cdc_brfss_2015_rebuilt_random_forest_shap_cabc_two_pass.png
2026-04-24 07:16:35 | INFO | Loaded FI importance | dataset=cdc_brfss_2015_rebuilt | model=random_forest | rows=21 | path=C:\Projects\uit\diabetes-xai-agreement\outputs\cdc_brfss_2015_rebuilt\fi\random_forest_feature_importance.csv
2026-04-24 07:16:36 | INFO | Saved plot: C:\Projects\uit\diabetes-xai-agreement\outputs\xai_agreement\plots\cabc_per_run\cdc_brfss_2015_rebuilt_random_forest_fi_cabc_both_breakpoints.png
2026-04-24 07:16:36 | INFO | Saved plot: C:\Projects\uit\diabetes-xai-agreement\outputs\xai_agreement\plots\cabc_per_run\cdc_brfss_2015_rebuilt_random_forest_fi_cabc_two_pass.png
2026-04-24 07:16:36 | INFO | Loaded SHAP importance | dataset=cdc_brfss_2015_rebuilt | model=logistic_regression | rows=21 | path=C:\Projects\uit\diabetes-xai-agreement\outputs\cdc_brfss_2015_rebuilt\shap\logistic_regression_shap_feature_importance.csv
2026-04-24 07:16:37 | INFO | Saved plot: C:\Projects\uit\diabetes-xai-agreement\outputs\xai_agreement\plots\cabc_per_run\cdc_brfss_2015_rebuilt_logistic_regression_shap_cabc_both_breakpoints.png
2026-04-24 07:16:37 | INFO | Saved plot: C:\Projects\uit\diabetes-xai-agreement\outputs\xai_agreement\plots\cabc_per_run\cdc_brfss_2015_rebuilt_logistic_regression_shap_cabc_two_pass.png
2026-04-24 07:16:37 | INFO | Loaded FI importance | dataset=cdc_brfss_2015_rebuilt | model=logistic_regression | rows=21 | path=C:\Projects\uit\diabetes-xai-agreement\outputs\cdc_brfss_2015_rebuilt\fi\logistic_regression_feature_importance.csv
2026-04-24 07:16:38 | INFO | Saved plot: C:\Projects\uit\diabetes-xai-agreement\outputs\xai_agreement\plots\cabc_per_run\cdc_brfss_2015_rebuilt_logistic_regression_fi_cabc_both_breakpoints.png
2026-04-24 07:16:38 | INFO | Saved plot: C:\Projects\uit\diabetes-xai-agreement\outputs\xai_agreement\plots\cabc_per_run\cdc_brfss_2015_rebuilt_logistic_regression_fi_cabc_two_pass.png
2026-04-24 07:16:38 | INFO | Loaded SHAP importance | dataset=cdc_brfss_2021_rebuilt | model=xgboost | rows=21 | path=C:\Projects\uit\diabetes-xai-agreement\outputs\cdc_brfss_2021_rebuilt\shap\xgboost_shap_feature_importance.csv
2026-04-24 07:16:39 | INFO | Saved plot: C:\Projects\uit\diabetes-xai-agreement\outputs\xai_agreement\plots\cabc_per_run\cdc_brfss_2021_rebuilt_xgboost_shap_cabc_both_breakpoints.png
2026-04-24 07:16:39 | INFO | Saved plot: C:\Projects\uit\diabetes-xai-agreement\outputs\xai_agreement\plots\cabc_per_run\cdc_brfss_2021_rebuilt_xgboost_shap_cabc_two_pass.png
2026-04-24 07:16:39 | INFO | Loaded FI importance | dataset=cdc_brfss_2021_rebuilt | model=xgboost | rows=21 | path=C:\Projects\uit\diabetes-xai-agreement\outputs\cdc_brfss_2021_rebuilt\fi\xgboost_feature_importance.csv
2026-04-24 07:16:40 | INFO | Saved plot: C:\Projects\uit\diabetes-xai-agreement\outputs\xai_agreement\plots\cabc_per_run\cdc_brfss_2021_rebuilt_xgboost_fi_cabc_both_breakpoints.png
2026-04-24 07:16:40 | INFO | Saved plot: C:\Projects\uit\diabetes-xai-agreement\outputs\xai_agreement\plots\cabc_per_run\cdc_brfss_2021_rebuilt_xgboost_fi_cabc_two_pass.png
2026-04-24 07:16:40 | INFO | Loaded SHAP importance | dataset=cdc_brfss_2021_rebuilt | model=random_forest | rows=21 | path=C:\Projects\uit\diabetes-xai-agreement\outputs\cdc_brfss_2021_rebuilt\shap\random_forest_shap_feature_importance.csv
2026-04-24 07:16:41 | INFO | Saved plot: C:\Projects\uit\diabetes-xai-agreement\outputs\xai_agreement\plots\cabc_per_run\cdc_brfss_2021_rebuilt_random_forest_shap_cabc_both_breakpoints.png
2026-04-24 07:16:41 | INFO | Saved plot: C:\Projects\uit\diabetes-xai-agreement\outputs\xai_agreement\plots\cabc_per_run\cdc_brfss_2021_rebuilt_random_forest_shap_cabc_two_pass.png
2026-04-24 07:16:41 | INFO | Loaded FI importance | dataset=cdc_brfss_2021_rebuilt | model=random_forest | rows=21 | path=C:\Projects\uit\diabetes-xai-agreement\outputs\cdc_brfss_2021_rebuilt\fi\random_forest_feature_importance.csv
2026-04-24 07:16:42 | INFO | Saved plot: C:\Projects\uit\diabetes-xai-agreement\outputs\xai_agreement\plots\cabc_per_run\cdc_brfss_2021_rebuilt_random_forest_fi_cabc_both_breakpoints.png
2026-04-24 07:16:43 | INFO | Saved plot: C:\Projects\uit\diabetes-xai-agreement\outputs\xai_agreement\plots\cabc_per_run\cdc_brfss_2021_rebuilt_random_forest_fi_cabc_two_pass.png
2026-04-24 07:16:43 | INFO | Loaded SHAP importance | dataset=cdc_brfss_2021_rebuilt | model=logistic_regression | rows=21 | path=C:\Projects\uit\diabetes-xai-agreement\outputs\cdc_brfss_2021_rebuilt\shap\logistic_regression_shap_feature_importance.csv
2026-04-24 07:16:43 | INFO | Saved plot: C:\Projects\uit\diabetes-xai-agreement\outputs\xai_agreement\plots\cabc_per_run\cdc_brfss_2021_rebuilt_logistic_regression_shap_cabc_both_breakpoints.png
2026-04-24 07:16:44 | INFO | Saved plot: C:\Projects\uit\diabetes-xai-agreement\outputs\xai_agreement\plots\cabc_per_run\cdc_brfss_2021_rebuilt_logistic_regression_shap_cabc_two_pass.png
2026-04-24 07:16:44 | INFO | Loaded FI importance | dataset=cdc_brfss_2021_rebuilt | model=logistic_regression | rows=21 | path=C:\Projects\uit\diabetes-xai-agreement\outputs\cdc_brfss_2021_rebuilt\fi\logistic_regression_feature_importance.csv
2026-04-24 07:16:44 | INFO | Saved plot: C:\Projects\uit\diabetes-xai-agreement\outputs\xai_agreement\plots\cabc_per_run\cdc_brfss_2021_rebuilt_logistic_regression_fi_cabc_both_breakpoints.png
2026-04-24 07:16:45 | INFO | Saved plot: C:\Projects\uit\diabetes-xai-agreement\outputs\xai_agreement\plots\cabc_per_run\cdc_brfss_2021_rebuilt_logistic_regression_fi_cabc_two_pass.png
2026-04-24 07:16:45 | INFO | Loaded SHAP importance | dataset=cdc_brfss_2023_rebuilt | model=xgboost | rows=21 | path=C:\Projects\uit\diabetes-xai-agreement\outputs\cdc_brfss_2023_rebuilt\shap\xgboost_shap_feature_importance.csv
2026-04-24 07:16:45 | INFO | Saved plot: C:\Projects\uit\diabetes-xai-agreement\outputs\xai_agreement\plots\cabc_per_run\cdc_brfss_2023_rebuilt_xgboost_shap_cabc_both_breakpoints.png
2026-04-24 07:16:46 | INFO | Saved plot: C:\Projects\uit\diabetes-xai-agreement\outputs\xai_agreement\plots\cabc_per_run\cdc_brfss_2023_rebuilt_xgboost_shap_cabc_two_pass.png
2026-04-24 07:16:46 | INFO | Loaded FI importance | dataset=cdc_brfss_2023_rebuilt | model=xgboost | rows=21 | path=C:\Projects\uit\diabetes-xai-agreement\outputs\cdc_brfss_2023_rebuilt\fi\xgboost_feature_importance.csv
2026-04-24 07:16:46 | INFO | Saved plot: C:\Projects\uit\diabetes-xai-agreement\outputs\xai_agreement\plots\cabc_per_run\cdc_brfss_2023_rebuilt_xgboost_fi_cabc_both_breakpoints.png
2026-04-24 07:16:47 | INFO | Saved plot: C:\Projects\uit\diabetes-xai-agreement\outputs\xai_agreement\plots\cabc_per_run\cdc_brfss_2023_rebuilt_xgboost_fi_cabc_two_pass.png
2026-04-24 07:16:47 | INFO | Loaded SHAP importance | dataset=cdc_brfss_2023_rebuilt | model=random_forest | rows=21 | path=C:\Projects\uit\diabetes-xai-agreement\outputs\cdc_brfss_2023_rebuilt\shap\random_forest_shap_feature_importance.csv
2026-04-24 07:16:47 | INFO | Saved plot: C:\Projects\uit\diabetes-xai-agreement\outputs\xai_agreement\plots\cabc_per_run\cdc_brfss_2023_rebuilt_random_forest_shap_cabc_both_breakpoints.png
2026-04-24 07:16:48 | INFO | Saved plot: C:\Projects\uit\diabetes-xai-agreement\outputs\xai_agreement\plots\cabc_per_run\cdc_brfss_2023_rebuilt_random_forest_shap_cabc_two_pass.png
2026-04-24 07:16:48 | INFO | Loaded FI importance | dataset=cdc_brfss_2023_rebuilt | model=random_forest | rows=21 | path=C:\Projects\uit\diabetes-xai-agreement\outputs\cdc_brfss_2023_rebuilt\fi\random_forest_feature_importance.csv
2026-04-24 07:16:49 | INFO | Saved plot: C:\Projects\uit\diabetes-xai-agreement\outputs\xai_agreement\plots\cabc_per_run\cdc_brfss_2023_rebuilt_random_forest_fi_cabc_both_breakpoints.png
2026-04-24 07:16:49 | INFO | Saved plot: C:\Projects\uit\diabetes-xai-agreement\outputs\xai_agreement\plots\cabc_per_run\cdc_brfss_2023_rebuilt_random_forest_fi_cabc_two_pass.png
2026-04-24 07:16:49 | INFO | Loaded SHAP importance | dataset=cdc_brfss_2023_rebuilt | model=logistic_regression | rows=21 | path=C:\Projects\uit\diabetes-xai-agreement\outputs\cdc_brfss_2023_rebuilt\shap\logistic_regression_shap_feature_importance.csv
2026-04-24 07:16:50 | INFO | Saved plot: C:\Projects\uit\diabetes-xai-agreement\outputs\xai_agreement\plots\cabc_per_run\cdc_brfss_2023_rebuilt_logistic_regression_shap_cabc_both_breakpoints.png
2026-04-24 07:16:51 | INFO | Saved plot: C:\Projects\uit\diabetes-xai-agreement\outputs\xai_agreement\plots\cabc_per_run\cdc_brfss_2023_rebuilt_logistic_regression_shap_cabc_two_pass.png
2026-04-24 07:16:51 | INFO | Loaded FI importance | dataset=cdc_brfss_2023_rebuilt | model=logistic_regression | rows=21 | path=C:\Projects\uit\diabetes-xai-agreement\outputs\cdc_brfss_2023_rebuilt\fi\logistic_regression_feature_importance.csv
2026-04-24 07:16:54 | INFO | Saved plot: C:\Projects\uit\diabetes-xai-agreement\outputs\xai_agreement\plots\cabc_per_run\cdc_brfss_2023_rebuilt_logistic_regression_fi_cabc_both_breakpoints.png
2026-04-24 07:16:55 | INFO | Saved plot: C:\Projects\uit\diabetes-xai-agreement\outputs\xai_agreement\plots\cabc_per_run\cdc_brfss_2023_rebuilt_logistic_regression_fi_cabc_two_pass.png
2026-04-24 07:16:55 | INFO | Saved CSV: C:\Projects\uit\diabetes-xai-agreement\outputs\xai_agreement\cabc_groups.csv | rows=18 | columns=15
2026-04-24 07:16:55 | INFO | Saved cabc_groups.csv
2026-04-24 07:16:55 | INFO | STEP 02 | Building cABC lookup
2026-04-24 07:16:55 | INFO | Loaded SHAP importance | dataset=cdc_brfss_2015_rebuilt | model=xgboost | rows=21 | path=C:\Projects\uit\diabetes-xai-agreement\outputs\cdc_brfss_2015_rebuilt\shap\xgboost_shap_feature_importance.csv
2026-04-24 07:16:55 | INFO | Loaded FI importance | dataset=cdc_brfss_2015_rebuilt | model=xgboost | rows=21 | path=C:\Projects\uit\diabetes-xai-agreement\outputs\cdc_brfss_2015_rebuilt\fi\xgboost_feature_importance.csv
2026-04-24 07:16:55 | INFO | Loaded SHAP importance | dataset=cdc_brfss_2015_rebuilt | model=random_forest | rows=21 | path=C:\Projects\uit\diabetes-xai-agreement\outputs\cdc_brfss_2015_rebuilt\shap\random_forest_shap_feature_importance.csv
2026-04-24 07:16:55 | INFO | Loaded FI importance | dataset=cdc_brfss_2015_rebuilt | model=random_forest | rows=21 | path=C:\Projects\uit\diabetes-xai-agreement\outputs\cdc_brfss_2015_rebuilt\fi\random_forest_feature_importance.csv
2026-04-24 07:16:55 | INFO | Loaded SHAP importance | dataset=cdc_brfss_2015_rebuilt | model=logistic_regression | rows=21 | path=C:\Projects\uit\diabetes-xai-agreement\outputs\cdc_brfss_2015_rebuilt\shap\logistic_regression_shap_feature_importance.csv
2026-04-24 07:16:55 | INFO | Loaded FI importance | dataset=cdc_brfss_2015_rebuilt | model=logistic_regression | rows=21 | path=C:\Projects\uit\diabetes-xai-agreement\outputs\cdc_brfss_2015_rebuilt\fi\logistic_regression_feature_importance.csv
2026-04-24 07:16:55 | INFO | Loaded SHAP importance | dataset=cdc_brfss_2021_rebuilt | model=xgboost | rows=21 | path=C:\Projects\uit\diabetes-xai-agreement\outputs\cdc_brfss_2021_rebuilt\shap\xgboost_shap_feature_importance.csv
2026-04-24 07:16:55 | INFO | Loaded FI importance | dataset=cdc_brfss_2021_rebuilt | model=xgboost | rows=21 | path=C:\Projects\uit\diabetes-xai-agreement\outputs\cdc_brfss_2021_rebuilt\fi\xgboost_feature_importance.csv
2026-04-24 07:16:55 | INFO | Loaded SHAP importance | dataset=cdc_brfss_2021_rebuilt | model=random_forest | rows=21 | path=C:\Projects\uit\diabetes-xai-agreement\outputs\cdc_brfss_2021_rebuilt\shap\random_forest_shap_feature_importance.csv
2026-04-24 07:16:55 | INFO | Loaded FI importance | dataset=cdc_brfss_2021_rebuilt | model=random_forest | rows=21 | path=C:\Projects\uit\diabetes-xai-agreement\outputs\cdc_brfss_2021_rebuilt\fi\random_forest_feature_importance.csv
2026-04-24 07:16:55 | INFO | Loaded SHAP importance | dataset=cdc_brfss_2021_rebuilt | model=logistic_regression | rows=21 | path=C:\Projects\uit\diabetes-xai-agreement\outputs\cdc_brfss_2021_rebuilt\shap\logistic_regression_shap_feature_importance.csv
2026-04-24 07:16:55 | INFO | Loaded FI importance | dataset=cdc_brfss_2021_rebuilt | model=logistic_regression | rows=21 | path=C:\Projects\uit\diabetes-xai-agreement\outputs\cdc_brfss_2021_rebuilt\fi\logistic_regression_feature_importance.csv
2026-04-24 07:16:55 | INFO | Loaded SHAP importance | dataset=cdc_brfss_2023_rebuilt | model=xgboost | rows=21 | path=C:\Projects\uit\diabetes-xai-agreement\outputs\cdc_brfss_2023_rebuilt\shap\xgboost_shap_feature_importance.csv
2026-04-24 07:16:55 | INFO | Loaded FI importance | dataset=cdc_brfss_2023_rebuilt | model=xgboost | rows=21 | path=C:\Projects\uit\diabetes-xai-agreement\outputs\cdc_brfss_2023_rebuilt\fi\xgboost_feature_importance.csv
2026-04-24 07:16:55 | INFO | Loaded SHAP importance | dataset=cdc_brfss_2023_rebuilt | model=random_forest | rows=21 | path=C:\Projects\uit\diabetes-xai-agreement\outputs\cdc_brfss_2023_rebuilt\shap\random_forest_shap_feature_importance.csv
2026-04-24 07:16:55 | INFO | Loaded FI importance | dataset=cdc_brfss_2023_rebuilt | model=random_forest | rows=21 | path=C:\Projects\uit\diabetes-xai-agreement\outputs\cdc_brfss_2023_rebuilt\fi\random_forest_feature_importance.csv
2026-04-24 07:16:55 | INFO | Loaded SHAP importance | dataset=cdc_brfss_2023_rebuilt | model=logistic_regression | rows=21 | path=C:\Projects\uit\diabetes-xai-agreement\outputs\cdc_brfss_2023_rebuilt\shap\logistic_regression_shap_feature_importance.csv
2026-04-24 07:16:55 | INFO | Loaded FI importance | dataset=cdc_brfss_2023_rebuilt | model=logistic_regression | rows=21 | path=C:\Projects\uit\diabetes-xai-agreement\outputs\cdc_brfss_2023_rebuilt\fi\logistic_regression_feature_importance.csv
2026-04-24 07:16:55 | INFO | Built cABC lookup entries: 18
2026-04-24 07:16:55 | INFO | STEP 03 | Building within-model agreement CSVs
2026-04-24 07:16:55 | INFO | Loaded SHAP importance | dataset=cdc_brfss_2015_rebuilt | model=xgboost | rows=21 | path=C:\Projects\uit\diabetes-xai-agreement\outputs\cdc_brfss_2015_rebuilt\shap\xgboost_shap_feature_importance.csv
2026-04-24 07:16:55 | INFO | Loaded FI importance | dataset=cdc_brfss_2015_rebuilt | model=xgboost | rows=21 | path=C:\Projects\uit\diabetes-xai-agreement\outputs\cdc_brfss_2015_rebuilt\fi\xgboost_feature_importance.csv
2026-04-24 07:16:55 | INFO | Loaded SHAP importance | dataset=cdc_brfss_2015_rebuilt | model=random_forest | rows=21 | path=C:\Projects\uit\diabetes-xai-agreement\outputs\cdc_brfss_2015_rebuilt\shap\random_forest_shap_feature_importance.csv
2026-04-24 07:16:55 | INFO | Loaded FI importance | dataset=cdc_brfss_2015_rebuilt | model=random_forest | rows=21 | path=C:\Projects\uit\diabetes-xai-agreement\outputs\cdc_brfss_2015_rebuilt\fi\random_forest_feature_importance.csv
2026-04-24 07:16:55 | INFO | Loaded SHAP importance | dataset=cdc_brfss_2015_rebuilt | model=logistic_regression | rows=21 | path=C:\Projects\uit\diabetes-xai-agreement\outputs\cdc_brfss_2015_rebuilt\shap\logistic_regression_shap_feature_importance.csv
2026-04-24 07:16:55 | INFO | Loaded FI importance | dataset=cdc_brfss_2015_rebuilt | model=logistic_regression | rows=21 | path=C:\Projects\uit\diabetes-xai-agreement\outputs\cdc_brfss_2015_rebuilt\fi\logistic_regression_feature_importance.csv
2026-04-24 07:16:55 | INFO | Loaded SHAP importance | dataset=cdc_brfss_2021_rebuilt | model=xgboost | rows=21 | path=C:\Projects\uit\diabetes-xai-agreement\outputs\cdc_brfss_2021_rebuilt\shap\xgboost_shap_feature_importance.csv
2026-04-24 07:16:55 | INFO | Loaded FI importance | dataset=cdc_brfss_2021_rebuilt | model=xgboost | rows=21 | path=C:\Projects\uit\diabetes-xai-agreement\outputs\cdc_brfss_2021_rebuilt\fi\xgboost_feature_importance.csv
2026-04-24 07:16:55 | INFO | Loaded SHAP importance | dataset=cdc_brfss_2021_rebuilt | model=random_forest | rows=21 | path=C:\Projects\uit\diabetes-xai-agreement\outputs\cdc_brfss_2021_rebuilt\shap\random_forest_shap_feature_importance.csv
2026-04-24 07:16:55 | INFO | Loaded FI importance | dataset=cdc_brfss_2021_rebuilt | model=random_forest | rows=21 | path=C:\Projects\uit\diabetes-xai-agreement\outputs\cdc_brfss_2021_rebuilt\fi\random_forest_feature_importance.csv
2026-04-24 07:16:55 | INFO | Loaded SHAP importance | dataset=cdc_brfss_2021_rebuilt | model=logistic_regression | rows=21 | path=C:\Projects\uit\diabetes-xai-agreement\outputs\cdc_brfss_2021_rebuilt\shap\logistic_regression_shap_feature_importance.csv
2026-04-24 07:16:55 | INFO | Loaded FI importance | dataset=cdc_brfss_2021_rebuilt | model=logistic_regression | rows=21 | path=C:\Projects\uit\diabetes-xai-agreement\outputs\cdc_brfss_2021_rebuilt\fi\logistic_regression_feature_importance.csv
2026-04-24 07:16:55 | INFO | Loaded SHAP importance | dataset=cdc_brfss_2023_rebuilt | model=xgboost | rows=21 | path=C:\Projects\uit\diabetes-xai-agreement\outputs\cdc_brfss_2023_rebuilt\shap\xgboost_shap_feature_importance.csv
2026-04-24 07:16:55 | INFO | Loaded FI importance | dataset=cdc_brfss_2023_rebuilt | model=xgboost | rows=21 | path=C:\Projects\uit\diabetes-xai-agreement\outputs\cdc_brfss_2023_rebuilt\fi\xgboost_feature_importance.csv
2026-04-24 07:16:55 | INFO | Loaded SHAP importance | dataset=cdc_brfss_2023_rebuilt | model=random_forest | rows=21 | path=C:\Projects\uit\diabetes-xai-agreement\outputs\cdc_brfss_2023_rebuilt\shap\random_forest_shap_feature_importance.csv
2026-04-24 07:16:55 | INFO | Loaded FI importance | dataset=cdc_brfss_2023_rebuilt | model=random_forest | rows=21 | path=C:\Projects\uit\diabetes-xai-agreement\outputs\cdc_brfss_2023_rebuilt\fi\random_forest_feature_importance.csv
2026-04-24 07:16:55 | INFO | Loaded SHAP importance | dataset=cdc_brfss_2023_rebuilt | model=logistic_regression | rows=21 | path=C:\Projects\uit\diabetes-xai-agreement\outputs\cdc_brfss_2023_rebuilt\shap\logistic_regression_shap_feature_importance.csv
2026-04-24 07:16:55 | INFO | Loaded FI importance | dataset=cdc_brfss_2023_rebuilt | model=logistic_regression | rows=21 | path=C:\Projects\uit\diabetes-xai-agreement\outputs\cdc_brfss_2023_rebuilt\fi\logistic_regression_feature_importance.csv
2026-04-24 07:16:55 | INFO | Saved CSV: C:\Projects\uit\diabetes-xai-agreement\outputs\xai_agreement\within_model_agreement.csv | rows=9 | columns=19
2026-04-24 07:16:55 | INFO | Saved CSV: C:\Projects\uit\diabetes-xai-agreement\outputs\xai_agreement\within_model_cabc.csv | rows=9 | columns=20
2026-04-24 07:16:55 | INFO | Saved within-model agreement CSVs
2026-04-24 07:16:55 | INFO | STEP 04 | Building cross-model SHAP agreement CSVs
2026-04-24 07:16:55 | INFO | Loaded SHAP importance | dataset=cdc_brfss_2015_rebuilt | model=xgboost | rows=21 | path=C:\Projects\uit\diabetes-xai-agreement\outputs\cdc_brfss_2015_rebuilt\shap\xgboost_shap_feature_importance.csv
2026-04-24 07:16:55 | INFO | Loaded SHAP importance | dataset=cdc_brfss_2015_rebuilt | model=random_forest | rows=21 | path=C:\Projects\uit\diabetes-xai-agreement\outputs\cdc_brfss_2015_rebuilt\shap\random_forest_shap_feature_importance.csv
2026-04-24 07:16:55 | INFO | Loaded SHAP importance | dataset=cdc_brfss_2015_rebuilt | model=xgboost | rows=21 | path=C:\Projects\uit\diabetes-xai-agreement\outputs\cdc_brfss_2015_rebuilt\shap\xgboost_shap_feature_importance.csv
2026-04-24 07:16:55 | INFO | Loaded SHAP importance | dataset=cdc_brfss_2015_rebuilt | model=logistic_regression | rows=21 | path=C:\Projects\uit\diabetes-xai-agreement\outputs\cdc_brfss_2015_rebuilt\shap\logistic_regression_shap_feature_importance.csv
2026-04-24 07:16:55 | INFO | Loaded SHAP importance | dataset=cdc_brfss_2015_rebuilt | model=random_forest | rows=21 | path=C:\Projects\uit\diabetes-xai-agreement\outputs\cdc_brfss_2015_rebuilt\shap\random_forest_shap_feature_importance.csv
2026-04-24 07:16:55 | INFO | Loaded SHAP importance | dataset=cdc_brfss_2015_rebuilt | model=logistic_regression | rows=21 | path=C:\Projects\uit\diabetes-xai-agreement\outputs\cdc_brfss_2015_rebuilt\shap\logistic_regression_shap_feature_importance.csv
2026-04-24 07:16:55 | INFO | Loaded SHAP importance | dataset=cdc_brfss_2021_rebuilt | model=xgboost | rows=21 | path=C:\Projects\uit\diabetes-xai-agreement\outputs\cdc_brfss_2021_rebuilt\shap\xgboost_shap_feature_importance.csv
2026-04-24 07:16:55 | INFO | Loaded SHAP importance | dataset=cdc_brfss_2021_rebuilt | model=random_forest | rows=21 | path=C:\Projects\uit\diabetes-xai-agreement\outputs\cdc_brfss_2021_rebuilt\shap\random_forest_shap_feature_importance.csv
2026-04-24 07:16:55 | INFO | Loaded SHAP importance | dataset=cdc_brfss_2021_rebuilt | model=xgboost | rows=21 | path=C:\Projects\uit\diabetes-xai-agreement\outputs\cdc_brfss_2021_rebuilt\shap\xgboost_shap_feature_importance.csv
2026-04-24 07:16:55 | INFO | Loaded SHAP importance | dataset=cdc_brfss_2021_rebuilt | model=logistic_regression | rows=21 | path=C:\Projects\uit\diabetes-xai-agreement\outputs\cdc_brfss_2021_rebuilt\shap\logistic_regression_shap_feature_importance.csv
2026-04-24 07:16:55 | INFO | Loaded SHAP importance | dataset=cdc_brfss_2021_rebuilt | model=random_forest | rows=21 | path=C:\Projects\uit\diabetes-xai-agreement\outputs\cdc_brfss_2021_rebuilt\shap\random_forest_shap_feature_importance.csv
2026-04-24 07:16:55 | INFO | Loaded SHAP importance | dataset=cdc_brfss_2021_rebuilt | model=logistic_regression | rows=21 | path=C:\Projects\uit\diabetes-xai-agreement\outputs\cdc_brfss_2021_rebuilt\shap\logistic_regression_shap_feature_importance.csv
2026-04-24 07:16:55 | INFO | Loaded SHAP importance | dataset=cdc_brfss_2023_rebuilt | model=xgboost | rows=21 | path=C:\Projects\uit\diabetes-xai-agreement\outputs\cdc_brfss_2023_rebuilt\shap\xgboost_shap_feature_importance.csv
2026-04-24 07:16:55 | INFO | Loaded SHAP importance | dataset=cdc_brfss_2023_rebuilt | model=random_forest | rows=21 | path=C:\Projects\uit\diabetes-xai-agreement\outputs\cdc_brfss_2023_rebuilt\shap\random_forest_shap_feature_importance.csv
2026-04-24 07:16:55 | INFO | Loaded SHAP importance | dataset=cdc_brfss_2023_rebuilt | model=xgboost | rows=21 | path=C:\Projects\uit\diabetes-xai-agreement\outputs\cdc_brfss_2023_rebuilt\shap\xgboost_shap_feature_importance.csv
2026-04-24 07:16:55 | INFO | Loaded SHAP importance | dataset=cdc_brfss_2023_rebuilt | model=logistic_regression | rows=21 | path=C:\Projects\uit\diabetes-xai-agreement\outputs\cdc_brfss_2023_rebuilt\shap\logistic_regression_shap_feature_importance.csv
2026-04-24 07:16:55 | INFO | Loaded SHAP importance | dataset=cdc_brfss_2023_rebuilt | model=random_forest | rows=21 | path=C:\Projects\uit\diabetes-xai-agreement\outputs\cdc_brfss_2023_rebuilt\shap\random_forest_shap_feature_importance.csv
2026-04-24 07:16:55 | INFO | Loaded SHAP importance | dataset=cdc_brfss_2023_rebuilt | model=logistic_regression | rows=21 | path=C:\Projects\uit\diabetes-xai-agreement\outputs\cdc_brfss_2023_rebuilt\shap\logistic_regression_shap_feature_importance.csv
2026-04-24 07:16:55 | INFO | Saved CSV: C:\Projects\uit\diabetes-xai-agreement\outputs\xai_agreement\cross_model_shap_agreement.csv | rows=9 | columns=16
2026-04-24 07:16:55 | INFO | Saved CSV: C:\Projects\uit\diabetes-xai-agreement\outputs\xai_agreement\cross_model_shap_cabc.csv | rows=9 | columns=20
2026-04-24 07:16:55 | INFO | Saved cross-model SHAP agreement CSVs
2026-04-24 07:16:55 | INFO | STEP 05 | Building temporal stability CSVs
2026-04-24 07:16:55 | INFO | Loaded SHAP importance | dataset=cdc_brfss_2015_rebuilt | model=xgboost | rows=21 | path=C:\Projects\uit\diabetes-xai-agreement\outputs\cdc_brfss_2015_rebuilt\shap\xgboost_shap_feature_importance.csv
2026-04-24 07:16:55 | INFO | Loaded SHAP importance | dataset=cdc_brfss_2021_rebuilt | model=xgboost | rows=21 | path=C:\Projects\uit\diabetes-xai-agreement\outputs\cdc_brfss_2021_rebuilt\shap\xgboost_shap_feature_importance.csv
2026-04-24 07:16:55 | INFO | Loaded SHAP importance | dataset=cdc_brfss_2015_rebuilt | model=xgboost | rows=21 | path=C:\Projects\uit\diabetes-xai-agreement\outputs\cdc_brfss_2015_rebuilt\shap\xgboost_shap_feature_importance.csv
2026-04-24 07:16:55 | INFO | Loaded SHAP importance | dataset=cdc_brfss_2023_rebuilt | model=xgboost | rows=21 | path=C:\Projects\uit\diabetes-xai-agreement\outputs\cdc_brfss_2023_rebuilt\shap\xgboost_shap_feature_importance.csv
2026-04-24 07:16:55 | INFO | Loaded SHAP importance | dataset=cdc_brfss_2021_rebuilt | model=xgboost | rows=21 | path=C:\Projects\uit\diabetes-xai-agreement\outputs\cdc_brfss_2021_rebuilt\shap\xgboost_shap_feature_importance.csv
2026-04-24 07:16:55 | INFO | Loaded SHAP importance | dataset=cdc_brfss_2023_rebuilt | model=xgboost | rows=21 | path=C:\Projects\uit\diabetes-xai-agreement\outputs\cdc_brfss_2023_rebuilt\shap\xgboost_shap_feature_importance.csv
2026-04-24 07:16:55 | INFO | Loaded FI importance | dataset=cdc_brfss_2015_rebuilt | model=xgboost | rows=21 | path=C:\Projects\uit\diabetes-xai-agreement\outputs\cdc_brfss_2015_rebuilt\fi\xgboost_feature_importance.csv
2026-04-24 07:16:55 | INFO | Loaded FI importance | dataset=cdc_brfss_2021_rebuilt | model=xgboost | rows=21 | path=C:\Projects\uit\diabetes-xai-agreement\outputs\cdc_brfss_2021_rebuilt\fi\xgboost_feature_importance.csv
2026-04-24 07:16:55 | INFO | Loaded FI importance | dataset=cdc_brfss_2015_rebuilt | model=xgboost | rows=21 | path=C:\Projects\uit\diabetes-xai-agreement\outputs\cdc_brfss_2015_rebuilt\fi\xgboost_feature_importance.csv
2026-04-24 07:16:55 | INFO | Loaded FI importance | dataset=cdc_brfss_2023_rebuilt | model=xgboost | rows=21 | path=C:\Projects\uit\diabetes-xai-agreement\outputs\cdc_brfss_2023_rebuilt\fi\xgboost_feature_importance.csv
2026-04-24 07:16:55 | INFO | Loaded FI importance | dataset=cdc_brfss_2021_rebuilt | model=xgboost | rows=21 | path=C:\Projects\uit\diabetes-xai-agreement\outputs\cdc_brfss_2021_rebuilt\fi\xgboost_feature_importance.csv
2026-04-24 07:16:55 | INFO | Loaded FI importance | dataset=cdc_brfss_2023_rebuilt | model=xgboost | rows=21 | path=C:\Projects\uit\diabetes-xai-agreement\outputs\cdc_brfss_2023_rebuilt\fi\xgboost_feature_importance.csv
2026-04-24 07:16:55 | INFO | Loaded SHAP importance | dataset=cdc_brfss_2015_rebuilt | model=random_forest | rows=21 | path=C:\Projects\uit\diabetes-xai-agreement\outputs\cdc_brfss_2015_rebuilt\shap\random_forest_shap_feature_importance.csv
2026-04-24 07:16:55 | INFO | Loaded SHAP importance | dataset=cdc_brfss_2021_rebuilt | model=random_forest | rows=21 | path=C:\Projects\uit\diabetes-xai-agreement\outputs\cdc_brfss_2021_rebuilt\shap\random_forest_shap_feature_importance.csv
2026-04-24 07:16:55 | INFO | Loaded SHAP importance | dataset=cdc_brfss_2015_rebuilt | model=random_forest | rows=21 | path=C:\Projects\uit\diabetes-xai-agreement\outputs\cdc_brfss_2015_rebuilt\shap\random_forest_shap_feature_importance.csv
2026-04-24 07:16:55 | INFO | Loaded SHAP importance | dataset=cdc_brfss_2023_rebuilt | model=random_forest | rows=21 | path=C:\Projects\uit\diabetes-xai-agreement\outputs\cdc_brfss_2023_rebuilt\shap\random_forest_shap_feature_importance.csv
2026-04-24 07:16:55 | INFO | Loaded SHAP importance | dataset=cdc_brfss_2021_rebuilt | model=random_forest | rows=21 | path=C:\Projects\uit\diabetes-xai-agreement\outputs\cdc_brfss_2021_rebuilt\shap\random_forest_shap_feature_importance.csv
2026-04-24 07:16:55 | INFO | Loaded SHAP importance | dataset=cdc_brfss_2023_rebuilt | model=random_forest | rows=21 | path=C:\Projects\uit\diabetes-xai-agreement\outputs\cdc_brfss_2023_rebuilt\shap\random_forest_shap_feature_importance.csv
2026-04-24 07:16:55 | INFO | Loaded FI importance | dataset=cdc_brfss_2015_rebuilt | model=random_forest | rows=21 | path=C:\Projects\uit\diabetes-xai-agreement\outputs\cdc_brfss_2015_rebuilt\fi\random_forest_feature_importance.csv
2026-04-24 07:16:55 | INFO | Loaded FI importance | dataset=cdc_brfss_2021_rebuilt | model=random_forest | rows=21 | path=C:\Projects\uit\diabetes-xai-agreement\outputs\cdc_brfss_2021_rebuilt\fi\random_forest_feature_importance.csv
2026-04-24 07:16:55 | INFO | Loaded FI importance | dataset=cdc_brfss_2015_rebuilt | model=random_forest | rows=21 | path=C:\Projects\uit\diabetes-xai-agreement\outputs\cdc_brfss_2015_rebuilt\fi\random_forest_feature_importance.csv
2026-04-24 07:16:55 | INFO | Loaded FI importance | dataset=cdc_brfss_2023_rebuilt | model=random_forest | rows=21 | path=C:\Projects\uit\diabetes-xai-agreement\outputs\cdc_brfss_2023_rebuilt\fi\random_forest_feature_importance.csv
2026-04-24 07:16:55 | INFO | Loaded FI importance | dataset=cdc_brfss_2021_rebuilt | model=random_forest | rows=21 | path=C:\Projects\uit\diabetes-xai-agreement\outputs\cdc_brfss_2021_rebuilt\fi\random_forest_feature_importance.csv
2026-04-24 07:16:55 | INFO | Loaded FI importance | dataset=cdc_brfss_2023_rebuilt | model=random_forest | rows=21 | path=C:\Projects\uit\diabetes-xai-agreement\outputs\cdc_brfss_2023_rebuilt\fi\random_forest_feature_importance.csv
2026-04-24 07:16:55 | INFO | Loaded SHAP importance | dataset=cdc_brfss_2015_rebuilt | model=logistic_regression | rows=21 | path=C:\Projects\uit\diabetes-xai-agreement\outputs\cdc_brfss_2015_rebuilt\shap\logistic_regression_shap_feature_importance.csv
2026-04-24 07:16:55 | INFO | Loaded SHAP importance | dataset=cdc_brfss_2021_rebuilt | model=logistic_regression | rows=21 | path=C:\Projects\uit\diabetes-xai-agreement\outputs\cdc_brfss_2021_rebuilt\shap\logistic_regression_shap_feature_importance.csv
2026-04-24 07:16:55 | INFO | Loaded SHAP importance | dataset=cdc_brfss_2015_rebuilt | model=logistic_regression | rows=21 | path=C:\Projects\uit\diabetes-xai-agreement\outputs\cdc_brfss_2015_rebuilt\shap\logistic_regression_shap_feature_importance.csv
2026-04-24 07:16:55 | INFO | Loaded SHAP importance | dataset=cdc_brfss_2023_rebuilt | model=logistic_regression | rows=21 | path=C:\Projects\uit\diabetes-xai-agreement\outputs\cdc_brfss_2023_rebuilt\shap\logistic_regression_shap_feature_importance.csv
2026-04-24 07:16:55 | INFO | Loaded SHAP importance | dataset=cdc_brfss_2021_rebuilt | model=logistic_regression | rows=21 | path=C:\Projects\uit\diabetes-xai-agreement\outputs\cdc_brfss_2021_rebuilt\shap\logistic_regression_shap_feature_importance.csv
2026-04-24 07:16:55 | INFO | Loaded SHAP importance | dataset=cdc_brfss_2023_rebuilt | model=logistic_regression | rows=21 | path=C:\Projects\uit\diabetes-xai-agreement\outputs\cdc_brfss_2023_rebuilt\shap\logistic_regression_shap_feature_importance.csv
2026-04-24 07:16:55 | INFO | Loaded FI importance | dataset=cdc_brfss_2015_rebuilt | model=logistic_regression | rows=21 | path=C:\Projects\uit\diabetes-xai-agreement\outputs\cdc_brfss_2015_rebuilt\fi\logistic_regression_feature_importance.csv
2026-04-24 07:16:55 | INFO | Loaded FI importance | dataset=cdc_brfss_2021_rebuilt | model=logistic_regression | rows=21 | path=C:\Projects\uit\diabetes-xai-agreement\outputs\cdc_brfss_2021_rebuilt\fi\logistic_regression_feature_importance.csv
2026-04-24 07:16:55 | INFO | Loaded FI importance | dataset=cdc_brfss_2015_rebuilt | model=logistic_regression | rows=21 | path=C:\Projects\uit\diabetes-xai-agreement\outputs\cdc_brfss_2015_rebuilt\fi\logistic_regression_feature_importance.csv
2026-04-24 07:16:55 | INFO | Loaded FI importance | dataset=cdc_brfss_2023_rebuilt | model=logistic_regression | rows=21 | path=C:\Projects\uit\diabetes-xai-agreement\outputs\cdc_brfss_2023_rebuilt\fi\logistic_regression_feature_importance.csv
2026-04-24 07:16:55 | INFO | Loaded FI importance | dataset=cdc_brfss_2021_rebuilt | model=logistic_regression | rows=21 | path=C:\Projects\uit\diabetes-xai-agreement\outputs\cdc_brfss_2021_rebuilt\fi\logistic_regression_feature_importance.csv
2026-04-24 07:16:55 | INFO | Loaded FI importance | dataset=cdc_brfss_2023_rebuilt | model=logistic_regression | rows=21 | path=C:\Projects\uit\diabetes-xai-agreement\outputs\cdc_brfss_2023_rebuilt\fi\logistic_regression_feature_importance.csv
2026-04-24 07:16:55 | INFO | Saved CSV: C:\Projects\uit\diabetes-xai-agreement\outputs\xai_agreement\temporal_stability.csv | rows=18 | columns=15
2026-04-24 07:16:55 | INFO | Saved CSV: C:\Projects\uit\diabetes-xai-agreement\outputs\xai_agreement\temporal_stability_cabc.csv | rows=18 | columns=19
2026-04-24 07:16:55 | INFO | Saved temporal stability CSVs
2026-04-24 07:16:55 | INFO | STEP 06 | Building summary plots
2026-04-24 07:16:56 | INFO | Saved plot: C:\Projects\uit\diabetes-xai-agreement\outputs\xai_agreement\plots\summaries\cabc_breakpoint_summary.png
2026-04-24 07:16:56 | INFO | Saved cABC breakpoint summary plot: C:\Projects\uit\diabetes-xai-agreement\outputs\xai_agreement\plots\summaries\cabc_breakpoint_summary.png
2026-04-24 07:16:56 | INFO | Saved plot: C:\Projects\uit\diabetes-xai-agreement\outputs\xai_agreement\plots\summaries\three_methods_2015_xgboost.png
2026-04-24 07:16:57 | INFO | Saved plot: C:\Projects\uit\diabetes-xai-agreement\outputs\xai_agreement\plots\summaries\three_methods_2015_random_forest.png
2026-04-24 07:16:57 | INFO | Saved plot: C:\Projects\uit\diabetes-xai-agreement\outputs\xai_agreement\plots\summaries\three_methods_2015_logistic_regression.png
2026-04-24 07:16:57 | INFO | Saved plot: C:\Projects\uit\diabetes-xai-agreement\outputs\xai_agreement\plots\summaries\three_methods_2021_xgboost.png
2026-04-24 07:16:58 | INFO | Saved plot: C:\Projects\uit\diabetes-xai-agreement\outputs\xai_agreement\plots\summaries\three_methods_2021_random_forest.png
2026-04-24 07:16:58 | INFO | Saved plot: C:\Projects\uit\diabetes-xai-agreement\outputs\xai_agreement\plots\summaries\three_methods_2021_logistic_regression.png
2026-04-24 07:16:58 | INFO | Saved plot: C:\Projects\uit\diabetes-xai-agreement\outputs\xai_agreement\plots\summaries\three_methods_2023_xgboost.png
2026-04-24 07:16:59 | INFO | Saved plot: C:\Projects\uit\diabetes-xai-agreement\outputs\xai_agreement\plots\summaries\three_methods_2023_random_forest.png
2026-04-24 07:16:59 | INFO | Saved plot: C:\Projects\uit\diabetes-xai-agreement\outputs\xai_agreement\plots\summaries\three_methods_2023_logistic_regression.png
2026-04-24 07:16:59 | INFO | Saved 9 three-methods summary plots
2026-04-24 07:17:00 | INFO | Saved plot: C:\Projects\uit\diabetes-xai-agreement\outputs\xai_agreement\plots\summaries\core_groupA_heatmap.png
2026-04-24 07:17:00 | INFO | Saved core Group A heatmap: C:\Projects\uit\diabetes-xai-agreement\outputs\xai_agreement\plots\summaries\core_groupA_heatmap.png
2026-04-24 07:17:00 | INFO | Saved plot: C:\Projects\uit\diabetes-xai-agreement\outputs\xai_agreement\plots\summaries\fairness_drift.png
2026-04-24 07:17:00 | INFO | Saved fairness drift plot: C:\Projects\uit\diabetes-xai-agreement\outputs\xai_agreement\plots\summaries\fairness_drift.png
2026-04-24 07:17:00 | INFO | Saved cABC summary plots
2026-04-24 07:17:00 | INFO | ================================================================================
2026-04-24 07:17:00 | INFO | END SCRIPT: run_xai_agreement.py
2026-04-24 07:17:00 | INFO | Status: SUCCESS
2026-04-24 07:17:00 | INFO | Elapsed time: 28.20 seconds
2026-04-24 07:17:00 | INFO | All XAI agreement outputs saved to: C:\Projects\uit\diabetes-xai-agreement\outputs\xai_agreement
2026-04-24 07:17:00 | INFO | Execution log saved to: C:\Projects\uit\diabetes-xai-agreement\logs\run_xai_agreement_20260424_071632.log
2026-04-24 07:17:00 | INFO | ================================================================================
